******************************************************************************
                  TI ARM Linker PC v18.1.2                     
******************************************************************************
>> Linked Wed Nov 14 20:54:26 2018

OUTPUT FILE NAME:   <accel.out>
ENTRY POINT SYMBOL: "_c_int00_noargs"  address: 00001dbd


MEMORY CONFIGURATION

         name            origin    length      used     unused   attr    fill
----------------------  --------  ---------  --------  --------  ----  --------
  MAIN                  00000000   00040000  00002b1a  0003d4e6  R  X
  INFO                  00200000   00004000  00000000  00004000  R  X
  SRAM_CODE             01000000   00010000  0000024b  0000fdb5  RW X
  SRAM_DATA             20000000   00010000  0000024b  0000fdb5  RW  


SEGMENT ALLOCATION MAP

run origin  load origin   length   init length attrs members
----------  ----------- ---------- ----------- ----- -------
00000000    00000000    00002b20   00002b20    r-x
  00000000    00000000    000000e4   000000e4    r-- .intvecs
  000000e4    000000e4    00002316   00002316    r-x .text
  000023fc    000023fc    000006e8   000006e8    r-- .const
  00002ae8    00002ae8    00000038   00000038    r-- .cinit
20000000    20000000    0000004d   00000000    rw-
  20000000    20000000    0000003a   00000000    rw- .bss
  2000003c    2000003c    00000011   00000000    rw- .data
2000fe00    2000fe00    00000200   00000000    rw-
  2000fe00    2000fe00    00000200   00000000    rw- .stack


SECTION ALLOCATION MAP

 output                                  attributes/
section   page    origin      length       input sections
--------  ----  ----------  ----------   ----------------
.intvecs   0    00000000    000000e4     
                  00000000    000000e4     startup_msp432p401r_ccs.obj (.intvecs:retain)

.text      0    000000e4    00002316     
                  000000e4    0000047e     grlib.a : string.obj (.text:Graphics_drawString)
                  00000562    000001d8     Crystalfontz128x128_ST7735.obj (.text:Crystalfontz128x128_PixelDrawMultiple)
                  0000073a    00000002     startup_msp432p401r_ccs.obj (.text:Default_Handler)
                  0000073c    00000160     msp432p4xx_driverlib.lib : adc14.o (.text:_getIndexForMemRegister)
                  0000089c    00000134     Crystalfontz128x128_ST7735.obj (.text:Crystalfontz128x128_SetDrawFrame)
                  000009d0    0000012c     Crystalfontz128x128_ST7735.obj (.text:Crystalfontz128x128_Init)
                  00000afc    000000fa     grlib.a : string.obj (.text:Graphics_getStringWidth)
                  00000bf6    00000002     --HOLE-- [fill = 0]
                  00000bf8    000000f0     playground_main.obj (.text:ModifyLEDColor)
                  00000ce8    000000ce     ButtonLED_HAL.obj (.text:Debounce)
                  00000db6    00000002     --HOLE-- [fill = 0]
                  00000db8    000000bc     system_msp432p401r.obj (.text:SystemInit)
                  00000e74    000000b0     msp432p4xx_driverlib.lib : spi.o (.text:SPI_initMaster)
                  00000f24    000000a8                              : adc14.o (.text:ADC14_configureMultiSequenceMode)
                  00000fcc    000000a8     Timer32_HAL.obj (.text:OneShotSWTimerExpired)
                  00001074    000000a4     msp432p4xx_driverlib.lib : adc14.o (.text:ADC14_configureConversionMemory)
                  00001118    000000a0     playground_main.obj (.text:main)
                  000011b8    0000009c     Crystalfontz128x128_ST7735.obj (.text:Crystalfontz128x128_RectFill)
                  00001254    0000009c     grlib.a : line.obj (.text:Graphics_drawLineH)
                  000012f0    0000009c     rtsv7M4_T_le_v4SPD16_eabi.lib : memcpy_t2.asm.obj (.text)
                  0000138c    00000088     msp432p4xx_driverlib.lib : gpio.o (.text:GPIO_setAsPeripheralModuleFunctionInputPin)
                  00001414    00000088                              : gpio.o (.text:GPIO_setAsPeripheralModuleFunctionOutputPin)
                  0000149c    00000082     graphics_HAL.obj (.text:make_5digit_NumString)
                  0000151e    00000002     --HOLE-- [fill = 0]
                  00001520    00000080     msp432p4xx_driverlib.lib : interrupt.o (.text:Interrupt_enableInterrupt)
                  000015a0    00000068                              : timer32.o (.text:Timer32_initModule)
                  00001608    00000068     rtsv7M4_T_le_v4SPD16_eabi.lib : copy_decompress_lzss.c.obj (.text:decompress:lzss:__TI_decompress_lzss)
                  00001670    00000068     graphics_HAL.obj (.text:drawAccelData)
                  000016d8    00000064     Timer32_HAL.obj (.text:initHWTimer0)
                  0000173c    00000064     Timer32_HAL.obj (.text:initHWTimer1)
                  000017a0    00000060     Crystalfontz128x128_ST7735.obj (.text:Crystalfontz128x128_LineDrawH)
                  00001800    00000060     Crystalfontz128x128_ST7735.obj (.text:Crystalfontz128x128_LineDrawV)
                  00001860    00000058     msp432p4xx_driverlib.lib : gpio.o (.text:GPIO_setAsInputPinWithPullUpResistor)
                  000018b8    00000056     Timer32_HAL.obj (.text:startHWTimer)
                  0000190e    00000002     --HOLE-- [fill = 0]
                  00001910    00000054     msp432p4xx_driverlib.lib : adc14.o (.text:ADC14_initModule)
                  00001964    00000054     Crystalfontz128x128_ST7735.obj (.text:Crystalfontz128x128_SetOrientation)
                  000019b8    00000054     playground_main.obj (.text:initialize)
                  00001a0c    00000052     grlib.a : context.obj (.text:Graphics_initContext)
                  00001a5e    0000004c     ButtonLED_HAL.obj (.text:ButtonPushed)
                  00001aaa    00000048     grlib.a : string.obj (.text:Graphics_drawStringCentered)
                  00001af2    00000002     --HOLE-- [fill = 0]
                  00001af4    00000048     ButtonLED_HAL.obj (.text:initButton)
                  00001b3c    00000046     ADC_HAL.obj (.text:initAccelerometer)
                  00001b82    00000002     --HOLE-- [fill = 0]
                  00001b84    00000044     graphics_HAL.obj (.text:InitGraphics)
                  00001bc8    00000044     rtsv7M4_T_le_v4SPD16_eabi.lib : autoinit.c.obj (.text:__TI_auto_init_nobinit_nopinit:__TI_auto_init_nobinit_nopinit)
                  00001c0c    00000040     Crystalfontz128x128_ST7735.obj (.text:Crystalfontz128x128_PixelDraw)
                  00001c4c    00000040     msp432p4xx_driverlib.lib : gpio.o (.text:GPIO_setAsOutputPin)
                  00001c8c    00000040     grlib.a : string.obj (.text:Graphics_getNumberOfLeadingZeros)
                  00001ccc    00000040     HAL_MSP_EXP432P401R_Crystalfontz128x128_ST7735.obj (.text:HAL_LCD_SpiInit)
                  00001d0c    00000040     msp432p4xx_driverlib.lib : spi.o (.text:is_A_Module)
                  00001d4c    00000038     HAL_MSP_EXP432P401R_Crystalfontz128x128_ST7735.obj (.text:HAL_LCD_writeCommand)
                  00001d84    00000038     msp432p4xx_driverlib.lib : timer32.o (.text:Timer32_startTimer)
                  00001dbc    00000038     rtsv7M4_T_le_v4SPD16_eabi.lib : boot_cortex_m.c.obj (.text:_c_int00_noargs:_c_int00_noargs)
                  00001df4    00000036     grlib.a : display.obj (.text:Graphics_drawHorizontalLineOnDisplay)
                  00001e2a    00000002     --HOLE-- [fill = 0]
                  00001e2c    00000034     msp432p4xx_driverlib.lib : adc14.o (.text:ADC14_enableSampleTimer)
                  00001e60    00000034                              : timer32.o (.text:Timer32_setCount)
                  00001e94    00000030                              : gpio.o (.text:GPIO_getInputPinValue)
                  00001ec4    00000030     HAL_MSP_EXP432P401R_Crystalfontz128x128_ST7735.obj (.text:HAL_LCD_PortInit)
                  00001ef4    0000002c     msp432p4xx_driverlib.lib : adc14.o (.text:ADC14_toggleConversionTrigger)
                  00001f20    0000002c     Crystalfontz128x128_ST7735.obj (.text:Crystalfontz128x128_ClearScreen)
                  00001f4c    0000002c     grlib.a : display.obj (.text:Graphics_drawPixelOnDisplay)
                  00001f78    0000002c     HAL_MSP_EXP432P401R_Crystalfontz128x128_ST7735.obj (.text:HAL_LCD_writeData)
                  00001fa4    00000028     msp432p4xx_driverlib.lib : adc14.o (.text:ADC14_enableConversion)
                  00001fcc    00000028     Crystalfontz128x128_ST7735.obj (.text:Crystalfontz128x128_ColorTranslate)
                  00001ff4    00000028     msp432p4xx_driverlib.lib : gpio.o (.text:GPIO_setOutputHighOnPin)
                  0000201c    00000028                              : gpio.o (.text:GPIO_setOutputLowOnPin)
                  00002044    00000028                              : gpio.o (.text:GPIO_toggleOutputOnPin)
                  0000206c    00000026     Timer32_HAL.obj (.text:WaitCycles)
                  00002092    00000002     --HOLE-- [fill = 0]
                  00002094    00000024     msp432p4xx_driverlib.lib : wdt_a.o (.text:WDT_A_holdTimer)
                  000020b8    00000024     ADC_HAL.obj (.text:getSampleAccelerometer)
                  000020dc    0000001e     Timer32_HAL.obj (.text:InitOneShotSWTimer)
                  000020fa    0000001e     Timer32_HAL.obj (.text:StartOneShotSWTimer)
                  00002118    0000001c     msp432p4xx_driverlib.lib : adc14.o (.text:ADC14_getResult)
                  00002134    0000001c                              : spi.o (.text:SPI_enableModule)
                  00002150    0000001c     Timer32_HAL.obj (.text:T32_INT1_IRQHandler)
                  0000216c    0000001a     grlib.a : display.obj (.text:Graphics_clearDisplayOnDisplay)
                  00002186    0000001a             : context.obj (.text:Graphics_setBackgroundColor)
                  000021a0    0000001a             : context.obj (.text:Graphics_setFont)
                  000021ba    0000001a     ADC_HAL.obj (.text:initADC)
                  000021d4    00000018     rtsv7M4_T_le_v4SPD16_eabi.lib : ll_mul_t2.asm.obj (.text)
                  000021ec    00000016     msp432p4xx_driverlib.lib : spi.o (.text:EUSCI_A_SPI_enable)
                  00002202    00000016                              : spi.o (.text:EUSCI_B_SPI_enable)
                  00002218    00000016     grlib.a : context.obj (.text:Graphics_setForegroundColor)
                  0000222e    00000016             : display.obj (.text:Graphics_translateColorOnDisplay)
                  00002244    00000014     ButtonLED_HAL.obj (.text:LaunchpadLeftButton_pressed)
                  00002258    00000014     ButtonLED_HAL.obj (.text:LaunchpadRightButton_pressed)
                  0000226c    00000014     msp432p4xx_driverlib.lib : timer32.o (.text:Timer32_clearInterruptFlag)
                  00002280    00000012     grlib.a : context.obj (.text:Graphics_clearDisplay)
                  00002292    00000012     rtsv7M4_T_le_v4SPD16_eabi.lib : copy_zero_init.c.obj (.text:decompress:ZI:__TI_zero_init_nomemset:__TI_zero_init_nomemset)
                  000022a4    00000010     msp432p4xx_driverlib.lib : adc14.o (.text:ADCIsConversionRunning)
                  000022b4    0000000e     graphics_HAL.obj (.text:InitFonts)
                  000022c2    0000000e     msp432p4xx_driverlib.lib : timer32.o (.text:Timer32_getValue)
                  000022d0    0000000e     rtsv7M4_T_le_v4SPD16_eabi.lib : copy_decompress_none.c.obj (.text:decompress:none:__TI_decompress_none)
                  000022de    00000002     --HOLE-- [fill = 0]
                  000022e0    0000000c     msp432p4xx_driverlib.lib : adc14.o (.text:ADC14_enableModule)
                  000022ec    0000000c     startup_msp432p401r_ccs.obj (.text:Reset_Handler)
                  000022f8    0000000c     ButtonLED_HAL.obj (.text:initialize_BoosterpackLED_blue)
                  00002304    0000000c     ButtonLED_HAL.obj (.text:initialize_BoosterpackLED_green)
                  00002310    0000000c     ButtonLED_HAL.obj (.text:initialize_BoosterpackLED_red)
                  0000231c    0000000c     ButtonLED_HAL.obj (.text:initialize_LaunchpadLED1)
                  00002328    0000000c     ButtonLED_HAL.obj (.text:initialize_LaunchpadLED2_blue)
                  00002334    0000000c     ButtonLED_HAL.obj (.text:initialize_LaunchpadLED2_green)
                  00002340    0000000c     ButtonLED_HAL.obj (.text:initialize_LaunchpadLED2_red)
                  0000234c    0000000c     ADC_HAL.obj (.text:startADC)
                  00002358    0000000c     ButtonLED_HAL.obj (.text:toggle_BoosterpackLED_blue)
                  00002364    0000000c     ButtonLED_HAL.obj (.text:toggle_BoosterpackLED_green)
                  00002370    0000000c     ButtonLED_HAL.obj (.text:toggle_BoosterpackLED_red)
                  0000237c    0000000c     ButtonLED_HAL.obj (.text:turnOff_BoosterpackLED_blue)
                  00002388    0000000c     ButtonLED_HAL.obj (.text:turnOff_BoosterpackLED_green)
                  00002394    0000000c     ButtonLED_HAL.obj (.text:turnOff_LaunchpadLED1)
                  000023a0    0000000c     ButtonLED_HAL.obj (.text:turnOff_LaunchpadLED2_blue)
                  000023ac    0000000c     ButtonLED_HAL.obj (.text:turnOff_LaunchpadLED2_green)
                  000023b8    0000000c     ButtonLED_HAL.obj (.text:turnOff_LaunchpadLED2_red)
                  000023c4    0000000c     ButtonLED_HAL.obj (.text:turnOn_BoosterpackLED_red)
                  000023d0    0000000c     ButtonLED_HAL.obj (.text:turnOn_LaunchpadLED1)
                  000023dc    0000000c     ButtonLED_HAL.obj (.text:turnOn_LaunchpadLED2_red)
                  000023e8    0000000a     Crystalfontz128x128_ST7735.obj (.text:Crystalfontz128x128_Flush)
                  000023f2    00000004     rtsv7M4_T_le_v4SPD16_eabi.lib : pre_init.c.obj (.text:_system_pre_init)
                  000023f6    00000004                                   : exit.c.obj (.text:abort:abort)

.const     0    000023fc    000006e8     
                  000023fc    00000521     grlib.a : fontcmtt12.obj (.const:.string:g_pucCmtt12Data)
                  0000291d    00000003     --HOLE-- [fill = 0]
                  00002920    000000c8             : fontcmtt12.obj (.const:g_sFontCmtt12)
                  000029e8    00000080     msp432p4xx_driverlib.lib : adc14.o (.const:_ctlRegs)
                  00002a68    00000030                              : gpio.o (.const:GPIO_PORT_TO_BASE)
                  00002a98    00000020     Crystalfontz128x128_ST7735.obj (.const:g_sCrystalfontz128x128_funcs)
                  00002ab8    0000001c     HAL_MSP_EXP432P401R_Crystalfontz128x128_ST7735.obj (.const:$P$T0$1)
                  00002ad4    00000008     Crystalfontz128x128_ST7735.obj (.const:$P$T0$1)
                  00002adc    00000008     msp432p4xx_driverlib.lib : interrupt.o (.const:g_pulEnRegs)

.cinit     0    00002ae8    00000038     
                  00002ae8    0000000d     (.cinit..data.load) [load image, compression = lzss]
                  00002af5    00000003     --HOLE-- [fill = 0]
                  00002af8    0000000c     (__TI_handler_table)
                  00002b04    00000004     --HOLE-- [fill = 0]
                  00002b08    00000008     (.cinit..bss.load) [load image, compression = zero_init]
                  00002b10    00000010     (__TI_cinit_table)

.init_array 
*          0    00000000    00000000     UNINITIALIZED

.binit     0    00000000    00000000     

.bss       0    20000000    0000003a     UNINITIALIZED
                  20000000    00000018     (.common:timer0)
                  20000018    00000018     (.common:timer1)
                  20000030    00000002     (.common:Lcd_ScreenHeigth)
                  20000032    00000002     (.common:Lcd_ScreenWidth)
                  20000034    00000002     (.common:Lcd_TouchTrim)
                  20000036    00000001     (.common:Lcd_FlagRead)
                  20000037    00000001     (.common:Lcd_FontSolid)
                  20000038    00000001     (.common:Lcd_Orientation)
                  20000039    00000001     (.common:Lcd_PenSolid)

.data      0    2000003c    00000011     UNINITIALIZED
                  2000003c    00000010     Crystalfontz128x128_ST7735.obj (.data:g_sCrystalfontz128x128)
                  2000004c    00000001     playground_main.obj (.data)

.stack     0    2000fe00    00000200     UNINITIALIZED
                  2000fe00    00000004     rtsv7M4_T_le_v4SPD16_eabi.lib : boot_cortex_m.c.obj (.stack)
                  2000fe04    000001fc     --HOLE--

MODULE SUMMARY

       Module                                               code   ro data   rw data
       ------                                               ----   -------   -------
    .\
       Timer32_HAL.obj                                      580    0         96     
       ButtonLED_HAL.obj                                    622    0         0      
       playground_main.obj                                  484    0         2      
       graphics_HAL.obj                                     316    0         0      
       system_msp432p401r.obj                               188    0         0      
       ADC_HAL.obj                                          144    0         0      
    +--+----------------------------------------------------+------+---------+---------+
       Total:                                               2334   0         98     
                                                                                    
    .\LcdDriver\
       Crystalfontz128x128_ST7735.obj                       1670   40        52     
       HAL_MSP_EXP432P401R_Crystalfontz128x128_ST7735.obj   212    28        0      
    +--+----------------------------------------------------+------+---------+---------+
       Total:                                               1882   68        52     
                                                                                    
    .\ccs\
       startup_msp432p401r_ccs.obj                          14     228       0      
    +--+----------------------------------------------------+------+---------+---------+
       Total:                                               14     228       0      
                                                                                    
    C:/ti/simplelink_msp432p4_sdk_2_20_00_12/source/ti/devices/msp432p4xx/driverlib/ccs/msp432p4xx_driverlib.lib
       adc14.o                                              960    128       0      
       gpio.o                                               592    48        0      
       spi.o                                                312    0         0      
       timer32.o                                            246    0         0      
       interrupt.o                                          128    8         0      
       wdt_a.o                                              36     0         0      
    +--+----------------------------------------------------+------+---------+---------+
       Total:                                               2274   184       0      
                                                                                    
    C:/ti/simplelink_msp432p4_sdk_2_20_00_12/source/ti/grlib/lib/ccs/m4f/grlib.a
       string.obj                                           1536   0         0      
       fontcmtt12.obj                                       0      1513      0      
       context.obj                                          174    0         0      
       line.obj                                             156    0         0      
       display.obj                                          146    0         0      
    +--+----------------------------------------------------+------+---------+---------+
       Total:                                               2012   1513      0      
                                                                                    
    C:\ti\ccsv8\tools\compiler\ti-cgt-arm_18.1.2.LTS\lib\rtsv7M4_T_le_v4SPD16_eabi.lib
       memcpy_t2.asm.obj                                    156    0         0      
       copy_decompress_lzss.c.obj                           104    0         0      
       autoinit.c.obj                                       68     0         0      
       boot_cortex_m.c.obj                                  56     0         0      
       ll_mul_t2.asm.obj                                    24     0         0      
       copy_zero_init.c.obj                                 18     0         0      
       copy_decompress_none.c.obj                           14     0         0      
       exit.c.obj                                           4      0         0      
       pre_init.c.obj                                       4      0         0      
    +--+----------------------------------------------------+------+---------+---------+
       Total:                                               448    0         0      
                                                                                    
       Stack:                                               0      0         1024   
       Linker Generated:                                    0      49        0      
    +--+----------------------------------------------------+------+---------+---------+
       Grand Total:                                         8964   2042      1174   


LINKER GENERATED COPY TABLES

__TI_cinit_table @ 00002b10 records: 2, size/record: 8, table size: 16
	.data: load addr=00002ae8, load size=0000000d bytes, run addr=2000003c, run size=00000011 bytes, compression=lzss
	.bss: load addr=00002b08, load size=00000008 bytes, run addr=20000000, run size=0000003a bytes, compression=zero_init


LINKER GENERATED HANDLER TABLE

__TI_handler_table @ 00002af8 records: 3, size/record: 4, table size: 12
	index: 0, handler: __TI_decompress_lzss
	index: 1, handler: __TI_decompress_none
	index: 2, handler: __TI_zero_init


GLOBAL SYMBOLS: SORTED ALPHABETICALLY BY Name 

address   name                                       
-------   ----                                       
0000073b  ADC14_IRQHandler                           
00001075  ADC14_configureConversionMemory            
00000f25  ADC14_configureMultiSequenceMode           
00001fa5  ADC14_enableConversion                     
000022e1  ADC14_enableModule                         
00001e2d  ADC14_enableSampleTimer                    
00002119  ADC14_getResult                            
00001911  ADC14_initModule                           
00001ef5  ADC14_toggleConversionTrigger              
0000073b  AES256_IRQHandler                          
0000073b  BusFault_Handler                           
00001a5f  ButtonPushed                               
000023f7  C$$EXIT                                    
0000073b  COMP_E0_IRQHandler                         
0000073b  COMP_E1_IRQHandler                         
0000073b  CS_IRQHandler                              
000009d1  Crystalfontz128x128_Init                   
0000089d  Crystalfontz128x128_SetDrawFrame           
00001965  Crystalfontz128x128_SetOrientation         
0000073b  DMA_ERR_IRQHandler                         
0000073b  DMA_INT0_IRQHandler                        
0000073b  DMA_INT1_IRQHandler                        
0000073b  DMA_INT2_IRQHandler                        
0000073b  DMA_INT3_IRQHandler                        
00000ce9  Debounce                                   
0000073b  DebugMon_Handler                           
0000073b  Default_Handler                            
0000073b  EUSCIA0_IRQHandler                         
0000073b  EUSCIA1_IRQHandler                         
0000073b  EUSCIA2_IRQHandler                         
0000073b  EUSCIA3_IRQHandler                         
0000073b  EUSCIB0_IRQHandler                         
0000073b  EUSCIB1_IRQHandler                         
0000073b  EUSCIB2_IRQHandler                         
0000073b  EUSCIB3_IRQHandler                         
000021ed  EUSCI_A_SPI_enable                         
00002203  EUSCI_B_SPI_enable                         
0000073b  FLCTL_IRQHandler                           
0000073b  FPU_IRQHandler                             
00001e95  GPIO_getInputPinValue                      
00001861  GPIO_setAsInputPinWithPullUpResistor       
00001c4d  GPIO_setAsOutputPin                        
0000138d  GPIO_setAsPeripheralModuleFunctionInputPin 
00001415  GPIO_setAsPeripheralModuleFunctionOutputPin
00001ff5  GPIO_setOutputHighOnPin                    
0000201d  GPIO_setOutputLowOnPin                     
00002045  GPIO_toggleOutputOnPin                     
00002281  Graphics_clearDisplay                      
0000216d  Graphics_clearDisplayOnDisplay             
00001df5  Graphics_drawHorizontalLineOnDisplay       
00001255  Graphics_drawLineH                         
00001f4d  Graphics_drawPixelOnDisplay                
000000e5  Graphics_drawString                        
00001aab  Graphics_drawStringCentered                
00000afd  Graphics_getStringWidth                    
00001a0d  Graphics_initContext                       
00002187  Graphics_setBackgroundColor                
000021a1  Graphics_setFont                           
00002219  Graphics_setForegroundColor                
0000222f  Graphics_translateColorOnDisplay           
00001ec5  HAL_LCD_PortInit                           
00001ccd  HAL_LCD_SpiInit                            
00001d4d  HAL_LCD_writeCommand                       
00001f79  HAL_LCD_writeData                          
0000073b  HardFault_Handler                          
000022b5  InitFonts                                  
00001b85  InitGraphics                               
000020dd  InitOneShotSWTimer                         
00001521  Interrupt_enableInterrupt                  
00002245  LaunchpadLeftButton_pressed                
00002259  LaunchpadRightButton_pressed               
20000036  Lcd_FlagRead                               
20000037  Lcd_FontSolid                              
20000038  Lcd_Orientation                            
20000039  Lcd_PenSolid                               
20000030  Lcd_ScreenHeigth                           
20000032  Lcd_ScreenWidth                            
20000034  Lcd_TouchTrim                              
0000073b  MemManage_Handler                          
00000bf9  ModifyLEDColor                             
0000073b  NMI_Handler                                
00000fcd  OneShotSWTimerExpired                      
0000073b  PCM_IRQHandler                             
0000073b  PORT1_IRQHandler                           
0000073b  PORT2_IRQHandler                           
0000073b  PORT3_IRQHandler                           
0000073b  PORT4_IRQHandler                           
0000073b  PORT5_IRQHandler                           
0000073b  PORT6_IRQHandler                           
0000073b  PSS_IRQHandler                             
0000073b  PendSV_Handler                             
0000073b  RTC_C_IRQHandler                           
000022ed  Reset_Handler                              
00002135  SPI_enableModule                           
00000e75  SPI_initMaster                             
0000073b  SVC_Handler                                
000020fb  StartOneShotSWTimer                        
0000073b  SysTick_Handler                            
00000db9  SystemInit                                 
00002151  T32_INT1_IRQHandler                        
00002151  T32_INT1_IRQHandler                        
0000073b  T32_INT2_IRQHandler                        
0000073b  T32_INTC_IRQHandler                        
0000073b  TA0_0_IRQHandler                           
0000073b  TA0_N_IRQHandler                           
0000073b  TA1_0_IRQHandler                           
0000073b  TA1_N_IRQHandler                           
0000073b  TA2_0_IRQHandler                           
0000073b  TA2_N_IRQHandler                           
0000073b  TA3_0_IRQHandler                           
0000073b  TA3_N_IRQHandler                           
0000226d  Timer32_clearInterruptFlag                 
000022c3  Timer32_getValue                           
000015a1  Timer32_initModule                         
00001e61  Timer32_setCount                           
00001d85  Timer32_startTimer                         
0000073b  UsageFault_Handler                         
4000480c  WDTCTL_SYM                                 
0000073b  WDT_A_IRQHandler                           
00002095  WDT_A_holdTimer                            
0000206d  WaitCycles                                 
20010000  __STACK_END                                
00000200  __STACK_SIZE                               
00002b10  __TI_CINIT_Base                            
00002b20  __TI_CINIT_Limit                           
00002af8  __TI_Handler_Table_Base                    
00002b04  __TI_Handler_Table_Limit                   
00001bc9  __TI_auto_init_nobinit_nopinit             
00001609  __TI_decompress_lzss                       
000022d1  __TI_decompress_none                       
ffffffff  __TI_pprof_out_hndl                        
ffffffff  __TI_prof_data_size                        
ffffffff  __TI_prof_data_start                       
00000000  __TI_static_base__                         
00002293  __TI_zero_init_nomemset                    
000021d5  __aeabi_lmul                               
000012f1  __aeabi_memcpy                             
000012f1  __aeabi_memcpy4                            
000012f1  __aeabi_memcpy8                            
ffffffff  __binit__                                  
ffffffff  __c_args__                                 
UNDEFED   __mpu_init                                 
2000fe00  __stack                                    
00001dbd  _c_int00_noargs                            
UNDEFED   _system_post_cinit                         
000023f3  _system_pre_init                           
000023f7  abort                                      
ffffffff  binit                                      
00001671  drawAccelData                              
2000003c  g_sCrystalfontz128x128                     
00002a98  g_sCrystalfontz128x128_funcs               
00002920  g_sFontCmtt12                              
000020b9  getSampleAccelerometer                     
000021bb  initADC                                    
00001b3d  initAccelerometer                          
00001af5  initButton                                 
000016d9  initHWTimer0                               
0000173d  initHWTimer1                               
000019b9  initialize                                 
000022f9  initialize_BoosterpackLED_blue             
00002305  initialize_BoosterpackLED_green            
00002311  initialize_BoosterpackLED_red              
0000231d  initialize_LaunchpadLED1                   
00002329  initialize_LaunchpadLED2_blue              
00002335  initialize_LaunchpadLED2_green             
00002341  initialize_LaunchpadLED2_red               
00000000  interruptVectors                           
00001119  main                                       
0000149d  make_5digit_NumString                      
000012f1  memcpy                                     
0000234d  startADC                                   
000018b9  startHWTimer                               
20000000  timer0                                     
20000018  timer1                                     
00002359  toggle_BoosterpackLED_blue                 
00002365  toggle_BoosterpackLED_green                
00002371  toggle_BoosterpackLED_red                  
0000237d  turnOff_BoosterpackLED_blue                
00002389  turnOff_BoosterpackLED_green               
00002395  turnOff_LaunchpadLED1                      
000023a1  turnOff_LaunchpadLED2_blue                 
000023ad  turnOff_LaunchpadLED2_green                
000023b9  turnOff_LaunchpadLED2_red                  
000023c5  turnOn_BoosterpackLED_red                  
000023d1  turnOn_LaunchpadLED1                       
000023dd  turnOn_LaunchpadLED2_red                   


GLOBAL SYMBOLS: SORTED BY Symbol Address 

address   name                                       
-------   ----                                       
00000000  __TI_static_base__                         
00000000  interruptVectors                           
000000e5  Graphics_drawString                        
00000200  __STACK_SIZE                               
0000073b  ADC14_IRQHandler                           
0000073b  AES256_IRQHandler                          
0000073b  BusFault_Handler                           
0000073b  COMP_E0_IRQHandler                         
0000073b  COMP_E1_IRQHandler                         
0000073b  CS_IRQHandler                              
0000073b  DMA_ERR_IRQHandler                         
0000073b  DMA_INT0_IRQHandler                        
0000073b  DMA_INT1_IRQHandler                        
0000073b  DMA_INT2_IRQHandler                        
0000073b  DMA_INT3_IRQHandler                        
0000073b  DebugMon_Handler                           
0000073b  Default_Handler                            
0000073b  EUSCIA0_IRQHandler                         
0000073b  EUSCIA1_IRQHandler                         
0000073b  EUSCIA2_IRQHandler                         
0000073b  EUSCIA3_IRQHandler                         
0000073b  EUSCIB0_IRQHandler                         
0000073b  EUSCIB1_IRQHandler                         
0000073b  EUSCIB2_IRQHandler                         
0000073b  EUSCIB3_IRQHandler                         
0000073b  FLCTL_IRQHandler                           
0000073b  FPU_IRQHandler                             
0000073b  HardFault_Handler                          
0000073b  MemManage_Handler                          
0000073b  NMI_Handler                                
0000073b  PCM_IRQHandler                             
0000073b  PORT1_IRQHandler                           
0000073b  PORT2_IRQHandler                           
0000073b  PORT3_IRQHandler                           
0000073b  PORT4_IRQHandler                           
0000073b  PORT5_IRQHandler                           
0000073b  PORT6_IRQHandler                           
0000073b  PSS_IRQHandler                             
0000073b  PendSV_Handler                             
0000073b  RTC_C_IRQHandler                           
0000073b  SVC_Handler                                
0000073b  SysTick_Handler                            
0000073b  T32_INT2_IRQHandler                        
0000073b  T32_INTC_IRQHandler                        
0000073b  TA0_0_IRQHandler                           
0000073b  TA0_N_IRQHandler                           
0000073b  TA1_0_IRQHandler                           
0000073b  TA1_N_IRQHandler                           
0000073b  TA2_0_IRQHandler                           
0000073b  TA2_N_IRQHandler                           
0000073b  TA3_0_IRQHandler                           
0000073b  TA3_N_IRQHandler                           
0000073b  UsageFault_Handler                         
0000073b  WDT_A_IRQHandler                           
0000089d  Crystalfontz128x128_SetDrawFrame           
000009d1  Crystalfontz128x128_Init                   
00000afd  Graphics_getStringWidth                    
00000bf9  ModifyLEDColor                             
00000ce9  Debounce                                   
00000db9  SystemInit                                 
00000e75  SPI_initMaster                             
00000f25  ADC14_configureMultiSequenceMode           
00000fcd  OneShotSWTimerExpired                      
00001075  ADC14_configureConversionMemory            
00001119  main                                       
00001255  Graphics_drawLineH                         
000012f1  __aeabi_memcpy                             
000012f1  __aeabi_memcpy4                            
000012f1  __aeabi_memcpy8                            
000012f1  memcpy                                     
0000138d  GPIO_setAsPeripheralModuleFunctionInputPin 
00001415  GPIO_setAsPeripheralModuleFunctionOutputPin
0000149d  make_5digit_NumString                      
00001521  Interrupt_enableInterrupt                  
000015a1  Timer32_initModule                         
00001609  __TI_decompress_lzss                       
00001671  drawAccelData                              
000016d9  initHWTimer0                               
0000173d  initHWTimer1                               
00001861  GPIO_setAsInputPinWithPullUpResistor       
000018b9  startHWTimer                               
00001911  ADC14_initModule                           
00001965  Crystalfontz128x128_SetOrientation         
000019b9  initialize                                 
00001a0d  Graphics_initContext                       
00001a5f  ButtonPushed                               
00001aab  Graphics_drawStringCentered                
00001af5  initButton                                 
00001b3d  initAccelerometer                          
00001b85  InitGraphics                               
00001bc9  __TI_auto_init_nobinit_nopinit             
00001c4d  GPIO_setAsOutputPin                        
00001ccd  HAL_LCD_SpiInit                            
00001d4d  HAL_LCD_writeCommand                       
00001d85  Timer32_startTimer                         
00001dbd  _c_int00_noargs                            
00001df5  Graphics_drawHorizontalLineOnDisplay       
00001e2d  ADC14_enableSampleTimer                    
00001e61  Timer32_setCount                           
00001e95  GPIO_getInputPinValue                      
00001ec5  HAL_LCD_PortInit                           
00001ef5  ADC14_toggleConversionTrigger              
00001f4d  Graphics_drawPixelOnDisplay                
00001f79  HAL_LCD_writeData                          
00001fa5  ADC14_enableConversion                     
00001ff5  GPIO_setOutputHighOnPin                    
0000201d  GPIO_setOutputLowOnPin                     
00002045  GPIO_toggleOutputOnPin                     
0000206d  WaitCycles                                 
00002095  WDT_A_holdTimer                            
000020b9  getSampleAccelerometer                     
000020dd  InitOneShotSWTimer                         
000020fb  StartOneShotSWTimer                        
00002119  ADC14_getResult                            
00002135  SPI_enableModule                           
00002151  T32_INT1_IRQHandler                        
00002151  T32_INT1_IRQHandler                        
0000216d  Graphics_clearDisplayOnDisplay             
00002187  Graphics_setBackgroundColor                
000021a1  Graphics_setFont                           
000021bb  initADC                                    
000021d5  __aeabi_lmul                               
000021ed  EUSCI_A_SPI_enable                         
00002203  EUSCI_B_SPI_enable                         
00002219  Graphics_setForegroundColor                
0000222f  Graphics_translateColorOnDisplay           
00002245  LaunchpadLeftButton_pressed                
00002259  LaunchpadRightButton_pressed               
0000226d  Timer32_clearInterruptFlag                 
00002281  Graphics_clearDisplay                      
00002293  __TI_zero_init_nomemset                    
000022b5  InitFonts                                  
000022c3  Timer32_getValue                           
000022d1  __TI_decompress_none                       
000022e1  ADC14_enableModule                         
000022ed  Reset_Handler                              
000022f9  initialize_BoosterpackLED_blue             
00002305  initialize_BoosterpackLED_green            
00002311  initialize_BoosterpackLED_red              
0000231d  initialize_LaunchpadLED1                   
00002329  initialize_LaunchpadLED2_blue              
00002335  initialize_LaunchpadLED2_green             
00002341  initialize_LaunchpadLED2_red               
0000234d  startADC                                   
00002359  toggle_BoosterpackLED_blue                 
00002365  toggle_BoosterpackLED_green                
00002371  toggle_BoosterpackLED_red                  
0000237d  turnOff_BoosterpackLED_blue                
00002389  turnOff_BoosterpackLED_green               
00002395  turnOff_LaunchpadLED1                      
000023a1  turnOff_LaunchpadLED2_blue                 
000023ad  turnOff_LaunchpadLED2_green                
000023b9  turnOff_LaunchpadLED2_red                  
000023c5  turnOn_BoosterpackLED_red                  
000023d1  turnOn_LaunchpadLED1                       
000023dd  turnOn_LaunchpadLED2_red                   
000023f3  _system_pre_init                           
000023f7  C$$EXIT                                    
000023f7  abort                                      
00002920  g_sFontCmtt12                              
00002a98  g_sCrystalfontz128x128_funcs               
00002af8  __TI_Handler_Table_Base                    
00002b04  __TI_Handler_Table_Limit                   
00002b10  __TI_CINIT_Base                            
00002b20  __TI_CINIT_Limit                           
20000000  timer0                                     
20000018  timer1                                     
20000030  Lcd_ScreenHeigth                           
20000032  Lcd_ScreenWidth                            
20000034  Lcd_TouchTrim                              
20000036  Lcd_FlagRead                               
20000037  Lcd_FontSolid                              
20000038  Lcd_Orientation                            
20000039  Lcd_PenSolid                               
2000003c  g_sCrystalfontz128x128                     
2000fe00  __stack                                    
20010000  __STACK_END                                
4000480c  WDTCTL_SYM                                 
ffffffff  __TI_pprof_out_hndl                        
ffffffff  __TI_prof_data_size                        
ffffffff  __TI_prof_data_start                       
ffffffff  __binit__                                  
ffffffff  __c_args__                                 
ffffffff  binit                                      
UNDEFED   __mpu_init                                 
UNDEFED   _system_post_cinit                         

[186 symbols]
