<?xml version="1.0" encoding="ISO-8859-1" ?>
<link_info>
   <banner>TI ARM Linker PC v18.1.2.LTS</banner>
   <copyright>Copyright (c) 1996-2017 Texas Instruments Incorporated</copyright>
   <link_time>0x5c0601a7</link_time>
   <link_errors>0x0</link_errors>
   <output_file>Lab4_final.out</output_file>
   <entry_point>
      <name>_c_int00_noargs</name>
      <address>0x50ad</address>
   </entry_point>
   <input_file_list>
      <input_file id="fl-2">
         <path>.\</path>
         <kind>object</kind>
         <file>ADC_HAL.obj</file>
         <name>ADC_HAL.obj</name>
      </input_file>
      <input_file id="fl-3">
         <path>.\</path>
         <kind>object</kind>
         <file>ButtonLED_HAL.obj</file>
         <name>ButtonLED_HAL.obj</name>
      </input_file>
      <input_file id="fl-4">
         <path>.\</path>
         <kind>object</kind>
         <file>HAL_I2C.obj</file>
         <name>HAL_I2C.obj</name>
      </input_file>
      <input_file id="fl-5">
         <path>.\</path>
         <kind>object</kind>
         <file>HAL_OPT3001.obj</file>
         <name>HAL_OPT3001.obj</name>
      </input_file>
      <input_file id="fl-6">
         <path>.\</path>
         <kind>object</kind>
         <file>Lab4_final_main.obj</file>
         <name>Lab4_final_main.obj</name>
      </input_file>
      <input_file id="fl-7">
         <path>.\</path>
         <kind>object</kind>
         <file>Timer32_HAL.obj</file>
         <name>Timer32_HAL.obj</name>
      </input_file>
      <input_file id="fl-8">
         <path>.\</path>
         <kind>object</kind>
         <file>graphics_HAL.obj</file>
         <name>graphics_HAL.obj</name>
      </input_file>
      <input_file id="fl-9">
         <path>.\</path>
         <kind>object</kind>
         <file>labyrinth.obj</file>
         <name>labyrinth.obj</name>
      </input_file>
      <input_file id="fl-a">
         <path>.\</path>
         <kind>object</kind>
         <file>system_msp432p401r.obj</file>
         <name>system_msp432p401r.obj</name>
      </input_file>
      <input_file id="fl-b">
         <path>.\LcdDriver\</path>
         <kind>object</kind>
         <file>Crystalfontz128x128_ST7735.obj</file>
         <name>Crystalfontz128x128_ST7735.obj</name>
      </input_file>
      <input_file id="fl-c">
         <path>.\LcdDriver\</path>
         <kind>object</kind>
         <file>HAL_MSP_EXP432P401R_Crystalfontz128x128_ST7735.obj</file>
         <name>HAL_MSP_EXP432P401R_Crystalfontz128x128_ST7735.obj</name>
      </input_file>
      <input_file id="fl-d">
         <path>.\ccs\</path>
         <kind>object</kind>
         <file>startup_msp432p401r_ccs.obj</file>
         <name>startup_msp432p401r_ccs.obj</name>
      </input_file>
      <input_file id="fl-e">
         <path>.\fonts\</path>
         <kind>object</kind>
         <file>fontcmtt16.obj</file>
         <name>fontcmtt16.obj</name>
      </input_file>
      <input_file id="fl-17">
         <kind>object</kind>
         <file>&lt;internal&gt;</file>
         <name>&lt;internal&gt;</name>
      </input_file>
      <input_file id="fl-18">
         <path>C:\ti\simplelink_msp432p4_sdk_2_20_00_12\source\ti\grlib\lib\ccs\m4f\</path>
         <kind>archive</kind>
         <file>grlib.a</file>
         <name>circle.obj</name>
      </input_file>
      <input_file id="fl-19">
         <path>C:\ti\simplelink_msp432p4_sdk_2_20_00_12\source\ti\grlib\lib\ccs\m4f\</path>
         <kind>archive</kind>
         <file>grlib.a</file>
         <name>context.obj</name>
      </input_file>
      <input_file id="fl-1a">
         <path>C:\ti\simplelink_msp432p4_sdk_2_20_00_12\source\ti\grlib\lib\ccs\m4f\</path>
         <kind>archive</kind>
         <file>grlib.a</file>
         <name>display.obj</name>
      </input_file>
      <input_file id="fl-1b">
         <path>C:\ti\simplelink_msp432p4_sdk_2_20_00_12\source\ti\grlib\lib\ccs\m4f\</path>
         <kind>archive</kind>
         <file>grlib.a</file>
         <name>fontcmtt12.obj</name>
      </input_file>
      <input_file id="fl-1c">
         <path>C:\ti\simplelink_msp432p4_sdk_2_20_00_12\source\ti\grlib\lib\ccs\m4f\</path>
         <kind>archive</kind>
         <file>grlib.a</file>
         <name>line.obj</name>
      </input_file>
      <input_file id="fl-1d">
         <path>C:\ti\simplelink_msp432p4_sdk_2_20_00_12\source\ti\grlib\lib\ccs\m4f\</path>
         <kind>archive</kind>
         <file>grlib.a</file>
         <name>rectangle.obj</name>
      </input_file>
      <input_file id="fl-1e">
         <path>C:\ti\simplelink_msp432p4_sdk_2_20_00_12\source\ti\grlib\lib\ccs\m4f\</path>
         <kind>archive</kind>
         <file>grlib.a</file>
         <name>string.obj</name>
      </input_file>
      <input_file id="fl-1f">
         <path>C:\ti\simplelink_msp432p4_sdk_2_20_00_12\source\ti\devices\msp432p4xx\driverlib\ccs\</path>
         <kind>archive</kind>
         <file>msp432p4xx_driverlib.lib</file>
         <name>adc14.o</name>
      </input_file>
      <input_file id="fl-20">
         <path>C:\ti\simplelink_msp432p4_sdk_2_20_00_12\source\ti\devices\msp432p4xx\driverlib\ccs\</path>
         <kind>archive</kind>
         <file>msp432p4xx_driverlib.lib</file>
         <name>gpio.o</name>
      </input_file>
      <input_file id="fl-21">
         <path>C:\ti\simplelink_msp432p4_sdk_2_20_00_12\source\ti\devices\msp432p4xx\driverlib\ccs\</path>
         <kind>archive</kind>
         <file>msp432p4xx_driverlib.lib</file>
         <name>i2c.o</name>
      </input_file>
      <input_file id="fl-22">
         <path>C:\ti\simplelink_msp432p4_sdk_2_20_00_12\source\ti\devices\msp432p4xx\driverlib\ccs\</path>
         <kind>archive</kind>
         <file>msp432p4xx_driverlib.lib</file>
         <name>interrupt.o</name>
      </input_file>
      <input_file id="fl-23">
         <path>C:\ti\simplelink_msp432p4_sdk_2_20_00_12\source\ti\devices\msp432p4xx\driverlib\ccs\</path>
         <kind>archive</kind>
         <file>msp432p4xx_driverlib.lib</file>
         <name>spi.o</name>
      </input_file>
      <input_file id="fl-24">
         <path>C:\ti\simplelink_msp432p4_sdk_2_20_00_12\source\ti\devices\msp432p4xx\driverlib\ccs\</path>
         <kind>archive</kind>
         <file>msp432p4xx_driverlib.lib</file>
         <name>timer32.o</name>
      </input_file>
      <input_file id="fl-25">
         <path>C:\ti\simplelink_msp432p4_sdk_2_20_00_12\source\ti\devices\msp432p4xx\driverlib\ccs\</path>
         <kind>archive</kind>
         <file>msp432p4xx_driverlib.lib</file>
         <name>wdt_a.o</name>
      </input_file>
      <input_file id="fl-26">
         <path>C:\ti\simplelink_msp432p4_sdk_2_20_00_12\source\ti\devices\msp432p4xx\driverlib\ccs\</path>
         <kind>archive</kind>
         <file>msp432p4xx_driverlib.lib</file>
         <name>cpu.o</name>
      </input_file>
      <input_file id="fl-27">
         <path>C:\ti\simplelink_msp432p4_sdk_2_20_00_12\source\ti\devices\msp432p4xx\driverlib\ccs\</path>
         <kind>archive</kind>
         <file>msp432p4xx_driverlib.lib</file>
         <name>sysctl_a.o</name>
      </input_file>
      <input_file id="fl-dd">
         <path>C:\ti\ccv8\ccsv8\tools\compiler\ti-cgt-arm_18.1.2.LTS\lib\</path>
         <kind>archive</kind>
         <file>rtsv7M4_T_le_v4SPD16_eabi.lib</file>
         <name>memset_t2.asm.obj</name>
      </input_file>
      <input_file id="fl-de">
         <path>C:\ti\ccv8\ccsv8\tools\compiler\ti-cgt-arm_18.1.2.LTS\lib\</path>
         <kind>archive</kind>
         <file>rtsv7M4_T_le_v4SPD16_eabi.lib</file>
         <name>ll_mul_t2.asm.obj</name>
      </input_file>
      <input_file id="fl-df">
         <path>C:\ti\ccv8\ccsv8\tools\compiler\ti-cgt-arm_18.1.2.LTS\lib\</path>
         <kind>archive</kind>
         <file>rtsv7M4_T_le_v4SPD16_eabi.lib</file>
         <name>memcpy_t2.asm.obj</name>
      </input_file>
      <input_file id="fl-e0">
         <path>C:\ti\ccv8\ccsv8\tools\compiler\ti-cgt-arm_18.1.2.LTS\lib\</path>
         <kind>archive</kind>
         <file>rtsv7M4_T_le_v4SPD16_eabi.lib</file>
         <name>copy_zero_init.c.obj</name>
      </input_file>
      <input_file id="fl-e1">
         <path>C:\ti\ccv8\ccsv8\tools\compiler\ti-cgt-arm_18.1.2.LTS\lib\</path>
         <kind>archive</kind>
         <file>rtsv7M4_T_le_v4SPD16_eabi.lib</file>
         <name>copy_decompress_none.c.obj</name>
      </input_file>
      <input_file id="fl-e2">
         <path>C:\ti\ccv8\ccsv8\tools\compiler\ti-cgt-arm_18.1.2.LTS\lib\</path>
         <kind>archive</kind>
         <file>rtsv7M4_T_le_v4SPD16_eabi.lib</file>
         <name>copy_decompress_lzss.c.obj</name>
      </input_file>
      <input_file id="fl-e3">
         <path>C:\ti\ccv8\ccsv8\tools\compiler\ti-cgt-arm_18.1.2.LTS\lib\</path>
         <kind>archive</kind>
         <file>rtsv7M4_T_le_v4SPD16_eabi.lib</file>
         <name>boot_cortex_m.c.obj</name>
      </input_file>
      <input_file id="fl-e4">
         <path>C:\ti\ccv8\ccsv8\tools\compiler\ti-cgt-arm_18.1.2.LTS\lib\</path>
         <kind>archive</kind>
         <file>rtsv7M4_T_le_v4SPD16_eabi.lib</file>
         <name>exit.c.obj</name>
      </input_file>
      <input_file id="fl-e5">
         <path>C:\ti\ccv8\ccsv8\tools\compiler\ti-cgt-arm_18.1.2.LTS\lib\</path>
         <kind>archive</kind>
         <file>rtsv7M4_T_le_v4SPD16_eabi.lib</file>
         <name>_lock.c.obj</name>
      </input_file>
      <input_file id="fl-e6">
         <path>C:\ti\ccv8\ccsv8\tools\compiler\ti-cgt-arm_18.1.2.LTS\lib\</path>
         <kind>archive</kind>
         <file>rtsv7M4_T_le_v4SPD16_eabi.lib</file>
         <name>args_main.c.obj</name>
      </input_file>
      <input_file id="fl-e7">
         <path>C:\ti\ccv8\ccsv8\tools\compiler\ti-cgt-arm_18.1.2.LTS\lib\</path>
         <kind>archive</kind>
         <file>rtsv7M4_T_le_v4SPD16_eabi.lib</file>
         <name>sprintf.c.obj</name>
      </input_file>
      <input_file id="fl-e8">
         <path>C:\ti\ccv8\ccsv8\tools\compiler\ti-cgt-arm_18.1.2.LTS\lib\</path>
         <kind>archive</kind>
         <file>rtsv7M4_T_le_v4SPD16_eabi.lib</file>
         <name>autoinit.c.obj</name>
      </input_file>
      <input_file id="fl-e9">
         <path>C:\ti\ccv8\ccsv8\tools\compiler\ti-cgt-arm_18.1.2.LTS\lib\</path>
         <kind>archive</kind>
         <file>rtsv7M4_T_le_v4SPD16_eabi.lib</file>
         <name>pre_init.c.obj</name>
      </input_file>
      <input_file id="fl-ea">
         <path>C:\ti\ccv8\ccsv8\tools\compiler\ti-cgt-arm_18.1.2.LTS\lib\</path>
         <kind>archive</kind>
         <file>rtsv7M4_T_le_v4SPD16_eabi.lib</file>
         <name>cpy_tbl.c.obj</name>
      </input_file>
      <input_file id="fl-eb">
         <path>C:\ti\ccv8\ccsv8\tools\compiler\ti-cgt-arm_18.1.2.LTS\lib\</path>
         <kind>archive</kind>
         <file>rtsv7M4_T_le_v4SPD16_eabi.lib</file>
         <name>_printfi.c.obj</name>
      </input_file>
      <input_file id="fl-ec">
         <path>C:\ti\ccv8\ccsv8\tools\compiler\ti-cgt-arm_18.1.2.LTS\lib\</path>
         <kind>archive</kind>
         <file>rtsv7M4_T_le_v4SPD16_eabi.lib</file>
         <name>atoi.c.obj</name>
      </input_file>
      <input_file id="fl-ed">
         <path>C:\ti\ccv8\ccsv8\tools\compiler\ti-cgt-arm_18.1.2.LTS\lib\</path>
         <kind>archive</kind>
         <file>rtsv7M4_T_le_v4SPD16_eabi.lib</file>
         <name>ctype.c.obj</name>
      </input_file>
      <input_file id="fl-ee">
         <path>C:\ti\ccv8\ccsv8\tools\compiler\ti-cgt-arm_18.1.2.LTS\lib\</path>
         <kind>archive</kind>
         <file>rtsv7M4_T_le_v4SPD16_eabi.lib</file>
         <name>ltoa.c.obj</name>
      </input_file>
      <input_file id="fl-ef">
         <path>C:\ti\ccv8\ccsv8\tools\compiler\ti-cgt-arm_18.1.2.LTS\lib\</path>
         <kind>archive</kind>
         <file>rtsv7M4_T_le_v4SPD16_eabi.lib</file>
         <name>memccpy.c.obj</name>
      </input_file>
      <input_file id="fl-f0">
         <path>C:\ti\ccv8\ccsv8\tools\compiler\ti-cgt-arm_18.1.2.LTS\lib\</path>
         <kind>archive</kind>
         <file>rtsv7M4_T_le_v4SPD16_eabi.lib</file>
         <name>strchr.c.obj</name>
      </input_file>
      <input_file id="fl-f1">
         <path>C:\ti\ccv8\ccsv8\tools\compiler\ti-cgt-arm_18.1.2.LTS\lib\</path>
         <kind>archive</kind>
         <file>rtsv7M4_T_le_v4SPD16_eabi.lib</file>
         <name>strlen.c.obj</name>
      </input_file>
      <input_file id="fl-f2">
         <path>C:\ti\ccv8\ccsv8\tools\compiler\ti-cgt-arm_18.1.2.LTS\lib\</path>
         <kind>archive</kind>
         <file>rtsv7M4_T_le_v4SPD16_eabi.lib</file>
         <name>s_frexp.c.obj</name>
      </input_file>
      <input_file id="fl-f3">
         <path>C:\ti\ccv8\ccsv8\tools\compiler\ti-cgt-arm_18.1.2.LTS\lib\</path>
         <kind>archive</kind>
         <file>rtsv7M4_T_le_v4SPD16_eabi.lib</file>
         <name>s_scalbn.c.obj</name>
      </input_file>
      <input_file id="fl-f4">
         <path>C:\ti\ccv8\ccsv8\tools\compiler\ti-cgt-arm_18.1.2.LTS\lib\</path>
         <kind>archive</kind>
         <file>rtsv7M4_T_le_v4SPD16_eabi.lib</file>
         <name>s_copysign.c.obj</name>
      </input_file>
      <input_file id="fl-f5">
         <path>C:\ti\ccv8\ccsv8\tools\compiler\ti-cgt-arm_18.1.2.LTS\lib\</path>
         <kind>archive</kind>
         <file>rtsv7M4_T_le_v4SPD16_eabi.lib</file>
         <name>wcslen.c.obj</name>
      </input_file>
      <input_file id="fl-f6">
         <path>C:\ti\ccv8\ccsv8\tools\compiler\ti-cgt-arm_18.1.2.LTS\lib\</path>
         <kind>archive</kind>
         <file>rtsv7M4_T_le_v4SPD16_eabi.lib</file>
         <name>fd_add_t2.asm.obj</name>
      </input_file>
      <input_file id="fl-f7">
         <path>C:\ti\ccv8\ccsv8\tools\compiler\ti-cgt-arm_18.1.2.LTS\lib\</path>
         <kind>archive</kind>
         <file>rtsv7M4_T_le_v4SPD16_eabi.lib</file>
         <name>fd_cmp_t2.asm.obj</name>
      </input_file>
      <input_file id="fl-f8">
         <path>C:\ti\ccv8\ccsv8\tools\compiler\ti-cgt-arm_18.1.2.LTS\lib\</path>
         <kind>archive</kind>
         <file>rtsv7M4_T_le_v4SPD16_eabi.lib</file>
         <name>fd_div_t2.asm.obj</name>
      </input_file>
      <input_file id="fl-f9">
         <path>C:\ti\ccv8\ccsv8\tools\compiler\ti-cgt-arm_18.1.2.LTS\lib\</path>
         <kind>archive</kind>
         <file>rtsv7M4_T_le_v4SPD16_eabi.lib</file>
         <name>fd_mul_t2.asm.obj</name>
      </input_file>
      <input_file id="fl-fa">
         <path>C:\ti\ccv8\ccsv8\tools\compiler\ti-cgt-arm_18.1.2.LTS\lib\</path>
         <kind>archive</kind>
         <file>rtsv7M4_T_le_v4SPD16_eabi.lib</file>
         <name>fd_toi_t2.asm.obj</name>
      </input_file>
      <input_file id="fl-fb">
         <path>C:\ti\ccv8\ccsv8\tools\compiler\ti-cgt-arm_18.1.2.LTS\lib\</path>
         <kind>archive</kind>
         <file>rtsv7M4_T_le_v4SPD16_eabi.lib</file>
         <name>i_tofd_t2.asm.obj</name>
      </input_file>
      <input_file id="fl-fc">
         <path>C:\ti\ccv8\ccsv8\tools\compiler\ti-cgt-arm_18.1.2.LTS\lib\</path>
         <kind>archive</kind>
         <file>rtsv7M4_T_le_v4SPD16_eabi.lib</file>
         <name>ull_div_t2.asm.obj</name>
      </input_file>
      <input_file id="fl-fd">
         <path>C:\ti\ccv8\ccsv8\tools\compiler\ti-cgt-arm_18.1.2.LTS\lib\</path>
         <kind>archive</kind>
         <file>rtsv7M4_T_le_v4SPD16_eabi.lib</file>
         <name>errno.c.obj</name>
      </input_file>
      <input_file id="fl-fe">
         <path>C:\ti\ccv8\ccsv8\tools\compiler\ti-cgt-arm_18.1.2.LTS\lib\</path>
         <kind>archive</kind>
         <file>rtsv7M4_T_le_v4SPD16_eabi.lib</file>
         <name>div0.asm.obj</name>
      </input_file>
   </input_file_list>
   <object_component_list>
      <object_component id="oc-23">
         <name>.intvecs:retain</name>
         <load_address>0x0</load_address>
         <run_address>0x0</run_address>
         <size>0xe4</size>
         <input_file_ref idref="fl-d"/>
      </object_component>
      <object_component id="oc-46c">
         <name>.text:__TI_printfi</name>
         <load_address>0xe4</load_address>
         <run_address>0xe4</run_address>
         <size>0xa5e</size>
         <input_file_ref idref="fl-eb"/>
      </object_component>
      <object_component id="oc-2bc">
         <name>.text:Graphics_drawString</name>
         <load_address>0xb42</load_address>
         <run_address>0xb42</run_address>
         <size>0x47e</size>
         <input_file_ref idref="fl-1e"/>
      </object_component>
      <object_component id="oc-14f">
         <name>.text:GameOver</name>
         <load_address>0xfc0</load_address>
         <run_address>0xfc0</run_address>
         <size>0x460</size>
         <input_file_ref idref="fl-8"/>
      </object_component>
      <object_component id="oc-113">
         <name>.text:MoveBall</name>
         <load_address>0x1420</load_address>
         <run_address>0x1420</run_address>
         <size>0x386</size>
         <input_file_ref idref="fl-8"/>
      </object_component>
      <object_component id="oc-6a">
         <name>.text:Default_Handler</name>
         <load_address>0x17a6</load_address>
         <run_address>0x17a6</run_address>
         <size>0x2</size>
         <input_file_ref idref="fl-d"/>
      </object_component>
      <object_component id="oc-10d">
         <name>.text:WriteSpeed</name>
         <load_address>0x17a8</load_address>
         <run_address>0x17a8</run_address>
         <size>0x344</size>
         <input_file_ref idref="fl-8"/>
      </object_component>
      <object_component id="oc-155">
         <name>.text:DrawEasyStage</name>
         <load_address>0x1aec</load_address>
         <run_address>0x1aec</run_address>
         <size>0x318</size>
         <input_file_ref idref="fl-8"/>
      </object_component>
      <object_component id="oc-9c">
         <name>.text:main</name>
         <load_address>0x1e04</load_address>
         <run_address>0x1e04</run_address>
         <size>0x29c</size>
         <input_file_ref idref="fl-6"/>
      </object_component>
      <object_component id="oc-59f">
         <name>.text:_pconv_a</name>
         <load_address>0x20a0</load_address>
         <run_address>0x20a0</run_address>
         <size>0x270</size>
         <input_file_ref idref="fl-eb"/>
      </object_component>
      <object_component id="oc-295">
         <name>.text:Graphics_fillCircle</name>
         <load_address>0x2310</load_address>
         <run_address>0x2310</run_address>
         <size>0x22a</size>
         <input_file_ref idref="fl-18"/>
      </object_component>
      <object_component id="oc-3b8">
         <name>.text:Crystalfontz128x128_PixelDrawMultiple</name>
         <load_address>0x253a</load_address>
         <run_address>0x253a</run_address>
         <size>0x1d8</size>
         <input_file_ref idref="fl-b"/>
      </object_component>
      <object_component id="oc-6b5">
         <name>.text</name>
         <load_address>0x2712</load_address>
         <run_address>0x2712</run_address>
         <size>0x2</size>
         <input_file_ref idref="fl-fe"/>
      </object_component>
      <object_component id="oc-58d">
         <name>.text:_pconv_g</name>
         <load_address>0x2714</load_address>
         <run_address>0x2714</run_address>
         <size>0x1d0</size>
         <input_file_ref idref="fl-eb"/>
      </object_component>
      <object_component id="oc-640">
         <name>.text</name>
         <load_address>0x28e4</load_address>
         <run_address>0x28e4</run_address>
         <size>0x1b6</size>
         <input_file_ref idref="fl-f6"/>
      </object_component>
      <object_component id="oc-462">
         <name>.text:_getIndexForMemRegister</name>
         <load_address>0x2a9c</load_address>
         <run_address>0x2a9c</run_address>
         <size>0x160</size>
         <input_file_ref idref="fl-1f"/>
      </object_component>
      <object_component id="oc-599">
         <name>.text:_pconv_e</name>
         <load_address>0x2bfc</load_address>
         <run_address>0x2bfc</run_address>
         <size>0x13c</size>
         <input_file_ref idref="fl-eb"/>
      </object_component>
      <object_component id="oc-626">
         <name>.text</name>
         <load_address>0x2d38</load_address>
         <run_address>0x2d38</run_address>
         <size>0x136</size>
         <input_file_ref idref="fl-f8"/>
      </object_component>
      <object_component id="oc-50d">
         <name>.text:Crystalfontz128x128_SetDrawFrame</name>
         <load_address>0x2e70</load_address>
         <run_address>0x2e70</run_address>
         <size>0x134</size>
         <input_file_ref idref="fl-b"/>
      </object_component>
      <object_component id="oc-39c">
         <name>.text:Crystalfontz128x128_Init</name>
         <load_address>0x2fa4</load_address>
         <run_address>0x2fa4</run_address>
         <size>0x12c</size>
         <input_file_ref idref="fl-b"/>
      </object_component>
      <object_component id="oc-652">
         <name>.text:fcvt</name>
         <load_address>0x30d0</load_address>
         <run_address>0x30d0</run_address>
         <size>0x120</size>
         <input_file_ref idref="fl-eb"/>
      </object_component>
      <object_component id="oc-2a2">
         <name>.text:Graphics_fillRectangle</name>
         <load_address>0x31f0</load_address>
         <run_address>0x31f0</run_address>
         <size>0x112</size>
         <input_file_ref idref="fl-1d"/>
      </object_component>
      <object_component id="oc-666">
         <name>.text:scalbn</name>
         <load_address>0x3304</load_address>
         <run_address>0x3304</run_address>
         <size>0x110</size>
         <input_file_ref idref="fl-f3"/>
      </object_component>
      <object_component id="oc-621">
         <name>.text</name>
         <load_address>0x3414</load_address>
         <run_address>0x3414</run_address>
         <size>0xfc</size>
         <input_file_ref idref="fl-f9"/>
      </object_component>
      <object_component id="oc-143">
         <name>.text:ModifyLEDColor</name>
         <load_address>0x3510</load_address>
         <run_address>0x3510</run_address>
         <size>0xf0</size>
         <input_file_ref idref="fl-6"/>
      </object_component>
      <object_component id="oc-149">
         <name>.text:Win</name>
         <load_address>0x3600</load_address>
         <run_address>0x3600</run_address>
         <size>0xd0</size>
         <input_file_ref idref="fl-8"/>
      </object_component>
      <object_component id="oc-2c4">
         <name>.text:Debounce</name>
         <load_address>0x36d0</load_address>
         <run_address>0x36d0</run_address>
         <size>0xce</size>
         <input_file_ref idref="fl-3"/>
      </object_component>
      <object_component id="oc-ae">
         <name>.text:SystemInit</name>
         <load_address>0x37a0</load_address>
         <run_address>0x37a0</run_address>
         <size>0xbc</size>
         <input_file_ref idref="fl-a"/>
      </object_component>
      <object_component id="oc-346">
         <name>.text:DrawHoles</name>
         <load_address>0x385c</load_address>
         <run_address>0x385c</run_address>
         <size>0xba</size>
         <input_file_ref idref="fl-8"/>
      </object_component>
      <object_component id="oc-582">
         <name>.text:_ltostr</name>
         <load_address>0x3918</load_address>
         <run_address>0x3918</run_address>
         <size>0xb1</size>
         <input_file_ref idref="fl-eb"/>
      </object_component>
      <object_component id="oc-5e4">
         <name>.text:SPI_initMaster</name>
         <load_address>0x39ca</load_address>
         <run_address>0x39ca</run_address>
         <size>0xb0</size>
         <input_file_ref idref="fl-23"/>
      </object_component>
      <object_component id="oc-40f">
         <name>.text:ADC14_configureMultiSequenceMode</name>
         <load_address>0x3a7c</load_address>
         <run_address>0x3a7c</run_address>
         <size>0xa8</size>
         <input_file_ref idref="fl-1f"/>
      </object_component>
      <object_component id="oc-101">
         <name>.text:OneShotSWTimerExpired</name>
         <load_address>0x3b24</load_address>
         <run_address>0x3b24</run_address>
         <size>0xa8</size>
         <input_file_ref idref="fl-7"/>
      </object_component>
      <object_component id="oc-41b">
         <name>.text:ADC14_configureConversionMemory</name>
         <load_address>0x3bcc</load_address>
         <run_address>0x3bcc</run_address>
         <size>0xa4</size>
         <input_file_ref idref="fl-1f"/>
      </object_component>
      <object_component id="oc-29c">
         <name>.text:Graphics_drawRectangle</name>
         <load_address>0x3c70</load_address>
         <run_address>0x3c70</run_address>
         <size>0xa2</size>
         <input_file_ref idref="fl-1d"/>
      </object_component>
      <object_component id="oc-3ca">
         <name>.text:Crystalfontz128x128_RectFill</name>
         <load_address>0x3d12</load_address>
         <run_address>0x3d12</run_address>
         <size>0x9c</size>
         <input_file_ref idref="fl-b"/>
      </object_component>
      <object_component id="oc-44a">
         <name>.text:Graphics_drawLineH</name>
         <load_address>0x3dae</load_address>
         <run_address>0x3dae</run_address>
         <size>0x9c</size>
         <input_file_ref idref="fl-1c"/>
      </object_component>
      <object_component id="oc-452">
         <name>.text:Graphics_drawLineV</name>
         <load_address>0x3e4a</load_address>
         <run_address>0x3e4a</run_address>
         <size>0x9c</size>
         <input_file_ref idref="fl-1c"/>
      </object_component>
      <object_component id="oc-34">
         <name>.text</name>
         <load_address>0x3ee6</load_address>
         <run_address>0x3ee6</run_address>
         <size>0x9c</size>
         <input_file_ref idref="fl-df"/>
      </object_component>
      <object_component id="oc-61a">
         <name>.text</name>
         <load_address>0x3f82</load_address>
         <run_address>0x3f82</run_address>
         <size>0x96</size>
         <input_file_ref idref="fl-fc"/>
      </object_component>
      <object_component id="oc-353">
         <name>.text:DrawBottom</name>
         <load_address>0x4018</load_address>
         <run_address>0x4018</run_address>
         <size>0x8a</size>
         <input_file_ref idref="fl-8"/>
      </object_component>
      <object_component id="oc-35f">
         <name>.text:DrawLeft</name>
         <load_address>0x40a2</load_address>
         <run_address>0x40a2</run_address>
         <size>0x8a</size>
         <input_file_ref idref="fl-8"/>
      </object_component>
      <object_component id="oc-359">
         <name>.text:DrawRight</name>
         <load_address>0x412c</load_address>
         <run_address>0x412c</run_address>
         <size>0x8a</size>
         <input_file_ref idref="fl-8"/>
      </object_component>
      <object_component id="oc-34d">
         <name>.text:DrawTop</name>
         <load_address>0x41b6</load_address>
         <run_address>0x41b6</run_address>
         <size>0x8a</size>
         <input_file_ref idref="fl-8"/>
      </object_component>
      <object_component id="oc-415">
         <name>.text:GPIO_setAsPeripheralModuleFunctionInputPin</name>
         <load_address>0x4240</load_address>
         <run_address>0x4240</run_address>
         <size>0x88</size>
         <input_file_ref idref="fl-20"/>
      </object_component>
      <object_component id="oc-5dd">
         <name>.text:GPIO_setAsPeripheralModuleFunctionOutputPin</name>
         <load_address>0x42c8</load_address>
         <run_address>0x42c8</run_address>
         <size>0x88</size>
         <input_file_ref idref="fl-20"/>
      </object_component>
      <object_component id="oc-588">
         <name>.text:__aeabi_cdcmple</name>
         <load_address>0x4350</load_address>
         <run_address>0x4350</run_address>
         <size>0x86</size>
         <input_file_ref idref="fl-f7"/>
      </object_component>
      <object_component id="oc-62b">
         <name>.text:__aeabi_cdrcmple</name>
         <load_address>0x43d6</load_address>
         <run_address>0x43d6</run_address>
         <size>0x86</size>
         <input_file_ref idref="fl-f7"/>
      </object_component>
      <object_component id="oc-53a">
         <name>.text:Interrupt_enableInterrupt</name>
         <load_address>0x445c</load_address>
         <run_address>0x445c</run_address>
         <size>0x80</size>
         <input_file_ref idref="fl-22"/>
      </object_component>
      <object_component id="oc-90">
         <name>.text</name>
         <load_address>0x44dc</load_address>
         <run_address>0x44dc</run_address>
         <size>0x7a</size>
         <input_file_ref idref="fl-dd"/>
      </object_component>
      <object_component id="oc-64b">
         <name>.text:_mcpy</name>
         <load_address>0x4556</load_address>
         <run_address>0x4556</run_address>
         <size>0x6e</size>
         <input_file_ref idref="fl-eb"/>
      </object_component>
      <object_component id="oc-161">
         <name>.text:DrawVxVy</name>
         <load_address>0x45c4</load_address>
         <run_address>0x45c4</run_address>
         <size>0x6c</size>
         <input_file_ref idref="fl-8"/>
      </object_component>
      <object_component id="oc-534">
         <name>.text:Timer32_initModule</name>
         <load_address>0x4630</load_address>
         <run_address>0x4630</run_address>
         <size>0x68</size>
         <input_file_ref idref="fl-24"/>
      </object_component>
      <object_component id="oc-14">
         <name>.text:decompress:lzss:__TI_decompress_lzss</name>
         <load_address>0x4698</load_address>
         <run_address>0x4698</run_address>
         <size>0x68</size>
         <input_file_ref idref="fl-e2"/>
      </object_component>
      <object_component id="oc-660">
         <name>.text:frexp</name>
         <load_address>0x4700</load_address>
         <run_address>0x4700</run_address>
         <size>0x64</size>
         <input_file_ref idref="fl-f2"/>
      </object_component>
      <object_component id="oc-25b">
         <name>.text:initHWTimer0</name>
         <load_address>0x4764</load_address>
         <run_address>0x4764</run_address>
         <size>0x64</size>
         <input_file_ref idref="fl-7"/>
      </object_component>
      <object_component id="oc-261">
         <name>.text:initHWTimer1</name>
         <load_address>0x47c8</load_address>
         <run_address>0x47c8</run_address>
         <size>0x64</size>
         <input_file_ref idref="fl-7"/>
      </object_component>
      <object_component id="oc-3be">
         <name>.text:Crystalfontz128x128_LineDrawH</name>
         <load_address>0x482c</load_address>
         <run_address>0x482c</run_address>
         <size>0x60</size>
         <input_file_ref idref="fl-b"/>
      </object_component>
      <object_component id="oc-3c4">
         <name>.text:Crystalfontz128x128_LineDrawV</name>
         <load_address>0x488c</load_address>
         <run_address>0x488c</run_address>
         <size>0x60</size>
         <input_file_ref idref="fl-b"/>
      </object_component>
      <object_component id="oc-340">
         <name>.text:Graphics_drawPixel</name>
         <load_address>0x48ec</load_address>
         <run_address>0x48ec</run_address>
         <size>0x5a</size>
         <input_file_ref idref="fl-19"/>
      </object_component>
      <object_component id="oc-27a">
         <name>.text:GPIO_setAsInputPinWithPullUpResistor</name>
         <load_address>0x4948</load_address>
         <run_address>0x4948</run_address>
         <size>0x58</size>
         <input_file_ref idref="fl-20"/>
      </object_component>
      <object_component id="oc-593">
         <name>.text:_pconv_f</name>
         <load_address>0x49a0</load_address>
         <run_address>0x49a0</run_address>
         <size>0x56</size>
         <input_file_ref idref="fl-eb"/>
      </object_component>
      <object_component id="oc-406">
         <name>.text:startHWTimer</name>
         <load_address>0x49f6</load_address>
         <run_address>0x49f6</run_address>
         <size>0x56</size>
         <input_file_ref idref="fl-7"/>
      </object_component>
      <object_component id="oc-428">
         <name>.text:ADC14_initModule</name>
         <load_address>0x4a4c</load_address>
         <run_address>0x4a4c</run_address>
         <size>0x54</size>
         <input_file_ref idref="fl-1f"/>
      </object_component>
      <object_component id="oc-3a2">
         <name>.text:Crystalfontz128x128_SetOrientation</name>
         <load_address>0x4aa0</load_address>
         <run_address>0x4aa0</run_address>
         <size>0x54</size>
         <input_file_ref idref="fl-b"/>
      </object_component>
      <object_component id="oc-dd">
         <name>.text:initialize</name>
         <load_address>0x4af4</load_address>
         <run_address>0x4af4</run_address>
         <size>0x54</size>
         <input_file_ref idref="fl-6"/>
      </object_component>
      <object_component id="oc-635">
         <name>.text:ltoa</name>
         <load_address>0x4b48</load_address>
         <run_address>0x4b48</run_address>
         <size>0x54</size>
         <input_file_ref idref="fl-ee"/>
      </object_component>
      <object_component id="oc-1de">
         <name>.text:Graphics_initContext</name>
         <load_address>0x4b9c</load_address>
         <run_address>0x4b9c</run_address>
         <size>0x52</size>
         <input_file_ref idref="fl-19"/>
      </object_component>
      <object_component id="oc-645">
         <name>.text:_ecpy</name>
         <load_address>0x4bee</load_address>
         <run_address>0x4bee</run_address>
         <size>0x52</size>
         <input_file_ref idref="fl-eb"/>
      </object_component>
      <object_component id="oc-119">
         <name>.text:ButtonPushed</name>
         <load_address>0x4c40</load_address>
         <run_address>0x4c40</run_address>
         <size>0x4c</size>
         <input_file_ref idref="fl-3"/>
      </object_component>
      <object_component id="oc-57c">
         <name>.text:atoi</name>
         <load_address>0x4c8c</load_address>
         <run_address>0x4c8c</run_address>
         <size>0x4c</size>
         <input_file_ref idref="fl-ec"/>
      </object_component>
      <object_component id="oc-e3">
         <name>.text:initButton</name>
         <load_address>0x4cd8</load_address>
         <run_address>0x4cd8</run_address>
         <size>0x48</size>
         <input_file_ref idref="fl-3"/>
      </object_component>
      <object_component id="oc-630">
         <name>.text</name>
         <load_address>0x4d20</load_address>
         <run_address>0x4d20</run_address>
         <size>0x48</size>
         <input_file_ref idref="fl-fa"/>
      </object_component>
      <object_component id="oc-267">
         <name>.text:initAccelerometer</name>
         <load_address>0x4d68</load_address>
         <run_address>0x4d68</run_address>
         <size>0x46</size>
         <input_file_ref idref="fl-2"/>
      </object_component>
      <object_component id="oc-d7">
         <name>.text:InitGraphics</name>
         <load_address>0x4db0</load_address>
         <run_address>0x4db0</run_address>
         <size>0x44</size>
         <input_file_ref idref="fl-8"/>
      </object_component>
      <object_component id="oc-193">
         <name>.text:__TI_auto_init_nobinit_nopinit:__TI_auto_init_nobinit_nopinit</name>
         <load_address>0x4df4</load_address>
         <run_address>0x4df4</run_address>
         <size>0x44</size>
         <input_file_ref idref="fl-e8"/>
      </object_component>
      <object_component id="oc-fb">
         <name>.text:TargetCell</name>
         <load_address>0x4e38</load_address>
         <run_address>0x4e38</run_address>
         <size>0x42</size>
         <input_file_ref idref="fl-8"/>
      </object_component>
      <object_component id="oc-3b2">
         <name>.text:Crystalfontz128x128_PixelDraw</name>
         <load_address>0x4e7a</load_address>
         <run_address>0x4e7a</run_address>
         <size>0x40</size>
         <input_file_ref idref="fl-b"/>
      </object_component>
      <object_component id="oc-3f4">
         <name>.text:GPIO_setAsOutputPin</name>
         <load_address>0x4ebc</load_address>
         <run_address>0x4ebc</run_address>
         <size>0x40</size>
         <input_file_ref idref="fl-20"/>
      </object_component>
      <object_component id="oc-485">
         <name>.text:Graphics_getNumberOfLeadingZeros</name>
         <load_address>0x4efc</load_address>
         <run_address>0x4efc</run_address>
         <size>0x40</size>
         <input_file_ref idref="fl-1e"/>
      </object_component>
      <object_component id="oc-4fb">
         <name>.text:HAL_LCD_SpiInit</name>
         <load_address>0x4f3c</load_address>
         <run_address>0x4f3c</run_address>
         <size>0x40</size>
         <input_file_ref idref="fl-c"/>
      </object_component>
      <object_component id="oc-693">
         <name>.text:is_A_Module</name>
         <load_address>0x4f7c</load_address>
         <run_address>0x4f7c</run_address>
         <size>0x40</size>
         <input_file_ref idref="fl-23"/>
      </object_component>
      <object_component id="oc-2b6">
         <name>.text:sprintf</name>
         <load_address>0x4fbc</load_address>
         <run_address>0x4fbc</run_address>
         <size>0x40</size>
         <input_file_ref idref="fl-e7"/>
      </object_component>
      <object_component id="oc-658">
         <name>.text:_fcpy</name>
         <load_address>0x4ffc</load_address>
         <run_address>0x4ffc</run_address>
         <size>0x3e</size>
         <input_file_ref idref="fl-eb"/>
      </object_component>
      <object_component id="oc-501">
         <name>.text:HAL_LCD_writeCommand</name>
         <load_address>0x503c</load_address>
         <run_address>0x503c</run_address>
         <size>0x38</size>
         <input_file_ref idref="fl-c"/>
      </object_component>
      <object_component id="oc-546">
         <name>.text:Timer32_startTimer</name>
         <load_address>0x5074</load_address>
         <run_address>0x5074</run_address>
         <size>0x38</size>
         <input_file_ref idref="fl-24"/>
      </object_component>
      <object_component id="oc-52">
         <name>.text:_c_int00_noargs:_c_int00_noargs</name>
         <load_address>0x50ac</load_address>
         <run_address>0x50ac</run_address>
         <size>0x38</size>
         <input_file_ref idref="fl-e3"/>
      </object_component>
      <object_component id="oc-55f">
         <name>.text:Graphics_drawHorizontalLineOnDisplay</name>
         <load_address>0x50e4</load_address>
         <run_address>0x50e4</run_address>
         <size>0x36</size>
         <input_file_ref idref="fl-1a"/>
      </object_component>
      <object_component id="oc-569">
         <name>.text:Graphics_drawVerticalLineOnDisplay</name>
         <load_address>0x511a</load_address>
         <run_address>0x511a</run_address>
         <size>0x36</size>
         <input_file_ref idref="fl-1a"/>
      </object_component>
      <object_component id="oc-42e">
         <name>.text:ADC14_enableSampleTimer</name>
         <load_address>0x5150</load_address>
         <run_address>0x5150</run_address>
         <size>0x34</size>
         <input_file_ref idref="fl-1f"/>
      </object_component>
      <object_component id="oc-540">
         <name>.text:Timer32_setCount</name>
         <load_address>0x5184</load_address>
         <run_address>0x5184</run_address>
         <size>0x34</size>
         <input_file_ref idref="fl-24"/>
      </object_component>
      <object_component id="oc-2cb">
         <name>.text:GPIO_getInputPinValue</name>
         <load_address>0x51b8</load_address>
         <run_address>0x51b8</run_address>
         <size>0x30</size>
         <input_file_ref idref="fl-20"/>
      </object_component>
      <object_component id="oc-4f5">
         <name>.text:HAL_LCD_PortInit</name>
         <load_address>0x51e8</load_address>
         <run_address>0x51e8</run_address>
         <size>0x30</size>
         <input_file_ref idref="fl-c"/>
      </object_component>
      <object_component id="oc-f5">
         <name>.text:DrawBall</name>
         <load_address>0x5218</load_address>
         <run_address>0x5218</run_address>
         <size>0x2e</size>
         <input_file_ref idref="fl-8"/>
      </object_component>
      <object_component id="oc-63b">
         <name>.text</name>
         <load_address>0x5246</load_address>
         <run_address>0x5246</run_address>
         <size>0x2e</size>
         <input_file_ref idref="fl-fb"/>
      </object_component>
      <object_component id="oc-43b">
         <name>.text:ADC14_toggleConversionTrigger</name>
         <load_address>0x5274</load_address>
         <run_address>0x5274</run_address>
         <size>0x2c</size>
         <input_file_ref idref="fl-1f"/>
      </object_component>
      <object_component id="oc-3dc">
         <name>.text:Crystalfontz128x128_ClearScreen</name>
         <load_address>0x52a0</load_address>
         <run_address>0x52a0</run_address>
         <size>0x2c</size>
         <input_file_ref idref="fl-b"/>
      </object_component>
      <object_component id="oc-48b">
         <name>.text:Graphics_drawPixelOnDisplay</name>
         <load_address>0x52cc</load_address>
         <run_address>0x52cc</run_address>
         <size>0x2c</size>
         <input_file_ref idref="fl-1a"/>
      </object_component>
      <object_component id="oc-507">
         <name>.text:HAL_LCD_writeData</name>
         <load_address>0x52f8</load_address>
         <run_address>0x52f8</run_address>
         <size>0x2c</size>
         <input_file_ref idref="fl-c"/>
      </object_component>
      <object_component id="oc-435">
         <name>.text:ADC14_enableConversion</name>
         <load_address>0x5324</load_address>
         <run_address>0x5324</run_address>
         <size>0x28</size>
         <input_file_ref idref="fl-1f"/>
      </object_component>
      <object_component id="oc-3d0">
         <name>.text:Crystalfontz128x128_ColorTranslate</name>
         <load_address>0x534c</load_address>
         <run_address>0x534c</run_address>
         <size>0x28</size>
         <input_file_ref idref="fl-b"/>
      </object_component>
      <object_component id="oc-2d2">
         <name>.text:GPIO_setOutputHighOnPin</name>
         <load_address>0x5374</load_address>
         <run_address>0x5374</run_address>
         <size>0x28</size>
         <input_file_ref idref="fl-20"/>
      </object_component>
      <object_component id="oc-2d9">
         <name>.text:GPIO_setOutputLowOnPin</name>
         <load_address>0x539c</load_address>
         <run_address>0x539c</run_address>
         <size>0x28</size>
         <input_file_ref idref="fl-20"/>
      </object_component>
      <object_component id="oc-497">
         <name>.text:GPIO_toggleOutputOnPin</name>
         <load_address>0x53c4</load_address>
         <run_address>0x53c4</run_address>
         <size>0x28</size>
         <input_file_ref idref="fl-20"/>
      </object_component>
      <object_component id="oc-287">
         <name>.text:WaitCycles</name>
         <load_address>0x53ec</load_address>
         <run_address>0x53ec</run_address>
         <size>0x26</size>
         <input_file_ref idref="fl-7"/>
      </object_component>
      <object_component id="oc-20d">
         <name>.text:WDT_A_holdTimer</name>
         <load_address>0x5414</load_address>
         <run_address>0x5414</run_address>
         <size>0x24</size>
         <input_file_ref idref="fl-25"/>
      </object_component>
      <object_component id="oc-107">
         <name>.text:getSampleAccelerometer</name>
         <load_address>0x5438</load_address>
         <run_address>0x5438</run_address>
         <size>0x24</size>
         <input_file_ref idref="fl-2"/>
      </object_component>
      <object_component id="oc-15b">
         <name>.text:DrawWalls</name>
         <load_address>0x545c</load_address>
         <run_address>0x545c</run_address>
         <size>0x1e</size>
         <input_file_ref idref="fl-8"/>
      </object_component>
      <object_component id="oc-45a">
         <name>.text:Graphics_fillRectangleOnDisplay</name>
         <load_address>0x547a</load_address>
         <run_address>0x547a</run_address>
         <size>0x1e</size>
         <input_file_ref idref="fl-1a"/>
      </object_component>
      <object_component id="oc-e9">
         <name>.text:InitOneShotSWTimer</name>
         <load_address>0x5498</load_address>
         <run_address>0x5498</run_address>
         <size>0x1e</size>
         <input_file_ref idref="fl-7"/>
      </object_component>
      <object_component id="oc-ef">
         <name>.text:StartOneShotSWTimer</name>
         <load_address>0x54b6</load_address>
         <run_address>0x54b6</run_address>
         <size>0x1e</size>
         <input_file_ref idref="fl-7"/>
      </object_component>
      <object_component id="oc-2af">
         <name>.text:ADC14_getResult</name>
         <load_address>0x54d4</load_address>
         <run_address>0x54d4</run_address>
         <size>0x1c</size>
         <input_file_ref idref="fl-1f"/>
      </object_component>
      <object_component id="oc-5ea">
         <name>.text:SPI_enableModule</name>
         <load_address>0x54f0</load_address>
         <run_address>0x54f0</run_address>
         <size>0x1c</size>
         <input_file_ref idref="fl-23"/>
      </object_component>
      <object_component id="oc-70">
         <name>.text:T32_INT1_IRQHandler</name>
         <load_address>0x550c</load_address>
         <run_address>0x550c</run_address>
         <size>0x1c</size>
         <input_file_ref idref="fl-7"/>
      </object_component>
      <object_component id="oc-5a5">
         <name>.text:memccpy</name>
         <load_address>0x5528</load_address>
         <run_address>0x5528</run_address>
         <size>0x1c</size>
         <input_file_ref idref="fl-ef"/>
      </object_component>
      <object_component id="oc-3a9">
         <name>.text:Graphics_clearDisplayOnDisplay</name>
         <load_address>0x5544</load_address>
         <run_address>0x5544</run_address>
         <size>0x1a</size>
         <input_file_ref idref="fl-1a"/>
      </object_component>
      <object_component id="oc-1ea">
         <name>.text:Graphics_setBackgroundColor</name>
         <load_address>0x555e</load_address>
         <run_address>0x555e</run_address>
         <size>0x1a</size>
         <input_file_ref idref="fl-19"/>
      </object_component>
      <object_component id="oc-1f0">
         <name>.text:Graphics_setFont</name>
         <load_address>0x5578</load_address>
         <run_address>0x5578</run_address>
         <size>0x1a</size>
         <input_file_ref idref="fl-19"/>
      </object_component>
      <object_component id="oc-26d">
         <name>.text:initADC</name>
         <load_address>0x5592</load_address>
         <run_address>0x5592</run_address>
         <size>0x1a</size>
         <input_file_ref idref="fl-2"/>
      </object_component>
      <object_component id="oc-472">
         <name>.text:_outs</name>
         <load_address>0x55ac</load_address>
         <run_address>0x55ac</run_address>
         <size>0x18</size>
         <input_file_ref idref="fl-e7"/>
      </object_component>
      <object_component id="oc-2a9">
         <name>.text</name>
         <load_address>0x55c4</load_address>
         <run_address>0x55c4</run_address>
         <size>0x18</size>
         <input_file_ref idref="fl-de"/>
      </object_component>
      <object_component id="oc-69b">
         <name>.text:EUSCI_A_SPI_enable</name>
         <load_address>0x55dc</load_address>
         <run_address>0x55dc</run_address>
         <size>0x16</size>
         <input_file_ref idref="fl-23"/>
      </object_component>
      <object_component id="oc-6a1">
         <name>.text:EUSCI_B_SPI_enable</name>
         <load_address>0x55f2</load_address>
         <run_address>0x55f2</run_address>
         <size>0x16</size>
         <input_file_ref idref="fl-23"/>
      </object_component>
      <object_component id="oc-1e4">
         <name>.text:Graphics_setForegroundColor</name>
         <load_address>0x5608</load_address>
         <run_address>0x5608</run_address>
         <size>0x16</size>
         <input_file_ref idref="fl-19"/>
      </object_component>
      <object_component id="oc-393">
         <name>.text:Graphics_translateColorOnDisplay</name>
         <load_address>0x561e</load_address>
         <run_address>0x561e</run_address>
         <size>0x16</size>
         <input_file_ref idref="fl-1a"/>
      </object_component>
      <object_component id="oc-66c">
         <name>.text:strchr</name>
         <load_address>0x5634</load_address>
         <run_address>0x5634</run_address>
         <size>0x16</size>
         <input_file_ref idref="fl-f0"/>
      </object_component>
      <object_component id="oc-11f">
         <name>.text:LaunchpadLeftButton_pressed</name>
         <load_address>0x564a</load_address>
         <run_address>0x564a</run_address>
         <size>0x14</size>
         <input_file_ref idref="fl-3"/>
      </object_component>
      <object_component id="oc-131">
         <name>.text:LaunchpadRightButton_pressed</name>
         <load_address>0x565e</load_address>
         <run_address>0x565e</run_address>
         <size>0x14</size>
         <input_file_ref idref="fl-3"/>
      </object_component>
      <object_component id="oc-b6">
         <name>.text:Timer32_clearInterruptFlag</name>
         <load_address>0x5672</load_address>
         <run_address>0x5672</run_address>
         <size>0x14</size>
         <input_file_ref idref="fl-24"/>
      </object_component>
      <object_component id="oc-6ce">
         <name>.text:copysign</name>
         <load_address>0x5686</load_address>
         <run_address>0x5686</run_address>
         <size>0x14</size>
         <input_file_ref idref="fl-f4"/>
      </object_component>
      <object_component id="oc-576">
         <name>.text:strlen</name>
         <load_address>0x569a</load_address>
         <run_address>0x569a</run_address>
         <size>0x14</size>
         <input_file_ref idref="fl-f1"/>
      </object_component>
      <object_component id="oc-1fc">
         <name>.text:Graphics_clearDisplay</name>
         <load_address>0x56ae</load_address>
         <run_address>0x56ae</run_address>
         <size>0x12</size>
         <input_file_ref idref="fl-19"/>
      </object_component>
      <object_component id="oc-40">
         <name>.text:decompress:ZI:__TI_zero_init_nomemset:__TI_zero_init_nomemset</name>
         <load_address>0x56c0</load_address>
         <run_address>0x56c0</run_address>
         <size>0x12</size>
         <input_file_ref idref="fl-e0"/>
      </object_component>
      <object_component id="oc-5ab">
         <name>.text:wcslen</name>
         <load_address>0x56d2</load_address>
         <run_address>0x56d2</run_address>
         <size>0x12</size>
         <input_file_ref idref="fl-f5"/>
      </object_component>
      <object_component id="oc-54d">
         <name>.text:ADCIsConversionRunning</name>
         <load_address>0x56e4</load_address>
         <run_address>0x56e4</run_address>
         <size>0x10</size>
         <input_file_ref idref="fl-1f"/>
      </object_component>
      <object_component id="oc-1f6">
         <name>.text:InitFonts</name>
         <load_address>0x56f4</load_address>
         <run_address>0x56f4</run_address>
         <size>0xe</size>
         <input_file_ref idref="fl-8"/>
      </object_component>
      <object_component id="oc-28e">
         <name>.text:Timer32_getValue</name>
         <load_address>0x5702</load_address>
         <run_address>0x5702</run_address>
         <size>0xe</size>
         <input_file_ref idref="fl-24"/>
      </object_component>
      <object_component id="oc-1a">
         <name>.text:decompress:none:__TI_decompress_none</name>
         <load_address>0x5710</load_address>
         <run_address>0x5710</run_address>
         <size>0xe</size>
         <input_file_ref idref="fl-e1"/>
      </object_component>
      <object_component id="oc-422">
         <name>.text:ADC14_enableModule</name>
         <load_address>0x5720</load_address>
         <run_address>0x5720</run_address>
         <size>0xc</size>
         <input_file_ref idref="fl-1f"/>
      </object_component>
      <object_component id="oc-64">
         <name>.text:Reset_Handler</name>
         <load_address>0x572c</load_address>
         <run_address>0x572c</run_address>
         <size>0xc</size>
         <input_file_ref idref="fl-d"/>
      </object_component>
      <object_component id="oc-21f">
         <name>.text:initialize_BoosterpackLED_blue</name>
         <load_address>0x5738</load_address>
         <run_address>0x5738</run_address>
         <size>0xc</size>
         <input_file_ref idref="fl-3"/>
      </object_component>
      <object_component id="oc-219">
         <name>.text:initialize_BoosterpackLED_green</name>
         <load_address>0x5744</load_address>
         <run_address>0x5744</run_address>
         <size>0xc</size>
         <input_file_ref idref="fl-3"/>
      </object_component>
      <object_component id="oc-213">
         <name>.text:initialize_BoosterpackLED_red</name>
         <load_address>0x5750</load_address>
         <run_address>0x5750</run_address>
         <size>0xc</size>
         <input_file_ref idref="fl-3"/>
      </object_component>
      <object_component id="oc-225">
         <name>.text:initialize_LaunchpadLED1</name>
         <load_address>0x575c</load_address>
         <run_address>0x575c</run_address>
         <size>0xc</size>
         <input_file_ref idref="fl-3"/>
      </object_component>
      <object_component id="oc-231">
         <name>.text:initialize_LaunchpadLED2_blue</name>
         <load_address>0x5768</load_address>
         <run_address>0x5768</run_address>
         <size>0xc</size>
         <input_file_ref idref="fl-3"/>
      </object_component>
      <object_component id="oc-237">
         <name>.text:initialize_LaunchpadLED2_green</name>
         <load_address>0x5774</load_address>
         <run_address>0x5774</run_address>
         <size>0xc</size>
         <input_file_ref idref="fl-3"/>
      </object_component>
      <object_component id="oc-22b">
         <name>.text:initialize_LaunchpadLED2_red</name>
         <load_address>0x5780</load_address>
         <run_address>0x5780</run_address>
         <size>0xc</size>
         <input_file_ref idref="fl-3"/>
      </object_component>
      <object_component id="oc-273">
         <name>.text:startADC</name>
         <load_address>0x578c</load_address>
         <run_address>0x578c</run_address>
         <size>0xc</size>
         <input_file_ref idref="fl-2"/>
      </object_component>
      <object_component id="oc-2ef">
         <name>.text:toggle_BoosterpackLED_blue</name>
         <load_address>0x5798</load_address>
         <run_address>0x5798</run_address>
         <size>0xc</size>
         <input_file_ref idref="fl-3"/>
      </object_component>
      <object_component id="oc-2e9">
         <name>.text:toggle_BoosterpackLED_green</name>
         <load_address>0x57a4</load_address>
         <run_address>0x57a4</run_address>
         <size>0xc</size>
         <input_file_ref idref="fl-3"/>
      </object_component>
      <object_component id="oc-2e3">
         <name>.text:toggle_BoosterpackLED_red</name>
         <load_address>0x57b0</load_address>
         <run_address>0x57b0</run_address>
         <size>0xc</size>
         <input_file_ref idref="fl-3"/>
      </object_component>
      <object_component id="oc-249">
         <name>.text:turnOff_BoosterpackLED_blue</name>
         <load_address>0x57bc</load_address>
         <run_address>0x57bc</run_address>
         <size>0xc</size>
         <input_file_ref idref="fl-3"/>
      </object_component>
      <object_component id="oc-243">
         <name>.text:turnOff_BoosterpackLED_green</name>
         <load_address>0x57c8</load_address>
         <run_address>0x57c8</run_address>
         <size>0xc</size>
         <input_file_ref idref="fl-3"/>
      </object_component>
      <object_component id="oc-23d">
         <name>.text:turnOff_BoosterpackLED_red</name>
         <load_address>0x57d4</load_address>
         <run_address>0x57d4</run_address>
         <size>0xc</size>
         <input_file_ref idref="fl-3"/>
      </object_component>
      <object_component id="oc-12b">
         <name>.text:turnOff_LaunchpadLED1</name>
         <load_address>0x57e0</load_address>
         <run_address>0x57e0</run_address>
         <size>0xc</size>
         <input_file_ref idref="fl-3"/>
      </object_component>
      <object_component id="oc-24f">
         <name>.text:turnOff_LaunchpadLED2_blue</name>
         <load_address>0x57ec</load_address>
         <run_address>0x57ec</run_address>
         <size>0xc</size>
         <input_file_ref idref="fl-3"/>
      </object_component>
      <object_component id="oc-255">
         <name>.text:turnOff_LaunchpadLED2_green</name>
         <load_address>0x57f8</load_address>
         <run_address>0x57f8</run_address>
         <size>0xc</size>
         <input_file_ref idref="fl-3"/>
      </object_component>
      <object_component id="oc-13d">
         <name>.text:turnOff_LaunchpadLED2_red</name>
         <load_address>0x5804</load_address>
         <run_address>0x5804</run_address>
         <size>0xc</size>
         <input_file_ref idref="fl-3"/>
      </object_component>
      <object_component id="oc-2fc">
         <name>.text:turnOn_BoosterpackLED_green</name>
         <load_address>0x5810</load_address>
         <run_address>0x5810</run_address>
         <size>0xc</size>
         <input_file_ref idref="fl-3"/>
      </object_component>
      <object_component id="oc-309">
         <name>.text:turnOn_BoosterpackLED_red</name>
         <load_address>0x581c</load_address>
         <run_address>0x581c</run_address>
         <size>0xc</size>
         <input_file_ref idref="fl-3"/>
      </object_component>
      <object_component id="oc-125">
         <name>.text:turnOn_LaunchpadLED1</name>
         <load_address>0x5828</load_address>
         <run_address>0x5828</run_address>
         <size>0xc</size>
         <input_file_ref idref="fl-3"/>
      </object_component>
      <object_component id="oc-137">
         <name>.text:turnOn_LaunchpadLED2_red</name>
         <load_address>0x5834</load_address>
         <run_address>0x5834</run_address>
         <size>0xc</size>
         <input_file_ref idref="fl-3"/>
      </object_component>
      <object_component id="oc-3d6">
         <name>.text:Crystalfontz128x128_Flush</name>
         <load_address>0x5840</load_address>
         <run_address>0x5840</run_address>
         <size>0xa</size>
         <input_file_ref idref="fl-b"/>
      </object_component>
      <object_component id="oc-478">
         <name>.text:_outc</name>
         <load_address>0x584a</load_address>
         <run_address>0x584a</run_address>
         <size>0xa</size>
         <input_file_ref idref="fl-e7"/>
      </object_component>
      <object_component id="oc-5b1">
         <name>.text:__aeabi_errno_addr</name>
         <load_address>0x5854</load_address>
         <run_address>0x5854</run_address>
         <size>0x8</size>
         <input_file_ref idref="fl-fd"/>
      </object_component>
      <object_component id="oc-96">
         <name>.text:_system_pre_init</name>
         <load_address>0x585c</load_address>
         <run_address>0x585c</run_address>
         <size>0x4</size>
         <input_file_ref idref="fl-e9"/>
      </object_component>
      <object_component id="oc-187">
         <name>.text:abort:abort</name>
         <load_address>0x5860</load_address>
         <run_address>0x5860</run_address>
         <size>0x4</size>
         <input_file_ref idref="fl-e4"/>
      </object_component>
      <object_component id="oc-3e6">
         <name>.const:.string:g_pucCmtt12Data</name>
         <load_address>0x5864</load_address>
         <run_address>0x5864</run_address>
         <size>0x521</size>
         <input_file_ref idref="fl-1b"/>
      </object_component>
      <object_component id="oc-615">
         <name>.const:.string:_ctypes_</name>
         <load_address>0x5d85</load_address>
         <run_address>0x5d85</run_address>
         <size>0x101</size>
         <input_file_ref idref="fl-ed"/>
      </object_component>
      <object_component id="oc-208">
         <name>.const:g_sFontCmtt12</name>
         <load_address>0x5e88</load_address>
         <run_address>0x5e88</run_address>
         <size>0xc8</size>
         <input_file_ref idref="fl-1b"/>
      </object_component>
      <object_component id="oc-468">
         <name>.const:_ctlRegs</name>
         <load_address>0x5f50</load_address>
         <run_address>0x5f50</run_address>
         <size>0x80</size>
         <input_file_ref idref="fl-1f"/>
      </object_component>
      <object_component id="oc-442">
         <name>.const:GPIO_PORT_TO_BASE</name>
         <load_address>0x5fd0</load_address>
         <run_address>0x5fd0</run_address>
         <size>0x30</size>
         <input_file_ref idref="fl-20"/>
      </object_component>
      <object_component id="oc-205">
         <name>.const:g_sCrystalfontz128x128_funcs</name>
         <load_address>0x6000</load_address>
         <run_address>0x6000</run_address>
         <size>0x20</size>
         <input_file_ref idref="fl-b"/>
      </object_component>
      <object_component id="oc-5f0">
         <name>.const:$P$T0$1</name>
         <load_address>0x6020</load_address>
         <run_address>0x6020</run_address>
         <size>0x1c</size>
         <input_file_ref idref="fl-c"/>
      </object_component>
      <object_component id="oc-302">
         <name>.const:.string:$P$T0$1</name>
         <load_address>0x603c</load_address>
         <run_address>0x603c</run_address>
         <size>0x19</size>
         <input_file_ref idref="fl-8"/>
      </object_component>
      <object_component id="oc-305">
         <name>.const:.string:$P$T1$2</name>
         <load_address>0x6055</load_address>
         <run_address>0x6055</run_address>
         <size>0x19</size>
         <input_file_ref idref="fl-8"/>
      </object_component>
      <object_component id="oc-327">
         <name>.const:.string:$P$T10$11</name>
         <load_address>0x606e</load_address>
         <run_address>0x606e</run_address>
         <size>0x19</size>
         <input_file_ref idref="fl-8"/>
      </object_component>
      <object_component id="oc-32a">
         <name>.const:.string:$P$T11$12</name>
         <load_address>0x6087</load_address>
         <run_address>0x6087</run_address>
         <size>0x19</size>
         <input_file_ref idref="fl-8"/>
      </object_component>
      <object_component id="oc-32d">
         <name>.const:.string:$P$T12$13</name>
         <load_address>0x60a0</load_address>
         <run_address>0x60a0</run_address>
         <size>0x19</size>
         <input_file_ref idref="fl-8"/>
      </object_component>
      <object_component id="oc-330">
         <name>.const:.string:$P$T13$14</name>
         <load_address>0x60b9</load_address>
         <run_address>0x60b9</run_address>
         <size>0x19</size>
         <input_file_ref idref="fl-8"/>
      </object_component>
      <object_component id="oc-333">
         <name>.const:.string:$P$T14$15</name>
         <load_address>0x60d2</load_address>
         <run_address>0x60d2</run_address>
         <size>0x19</size>
         <input_file_ref idref="fl-8"/>
      </object_component>
      <object_component id="oc-336">
         <name>.const:.string:$P$T15$16</name>
         <load_address>0x60eb</load_address>
         <run_address>0x60eb</run_address>
         <size>0x19</size>
         <input_file_ref idref="fl-8"/>
      </object_component>
      <object_component id="oc-339">
         <name>.const:.string:$P$T16$17</name>
         <load_address>0x6104</load_address>
         <run_address>0x6104</run_address>
         <size>0x19</size>
         <input_file_ref idref="fl-8"/>
      </object_component>
      <object_component id="oc-33c">
         <name>.const:.string:$P$T17$18</name>
         <load_address>0x611d</load_address>
         <run_address>0x611d</run_address>
         <size>0x19</size>
         <input_file_ref idref="fl-8"/>
      </object_component>
      <object_component id="oc-30f">
         <name>.const:.string:$P$T2$3</name>
         <load_address>0x6136</load_address>
         <run_address>0x6136</run_address>
         <size>0x19</size>
         <input_file_ref idref="fl-8"/>
      </object_component>
      <object_component id="oc-312">
         <name>.const:.string:$P$T3$4</name>
         <load_address>0x614f</load_address>
         <run_address>0x614f</run_address>
         <size>0x19</size>
         <input_file_ref idref="fl-8"/>
      </object_component>
      <object_component id="oc-315">
         <name>.const:.string:$P$T4$5</name>
         <load_address>0x6168</load_address>
         <run_address>0x6168</run_address>
         <size>0x19</size>
         <input_file_ref idref="fl-8"/>
      </object_component>
      <object_component id="oc-318">
         <name>.const:.string:$P$T5$6</name>
         <load_address>0x6181</load_address>
         <run_address>0x6181</run_address>
         <size>0x19</size>
         <input_file_ref idref="fl-8"/>
      </object_component>
      <object_component id="oc-31b">
         <name>.const:.string:$P$T6$7</name>
         <load_address>0x619a</load_address>
         <run_address>0x619a</run_address>
         <size>0x19</size>
         <input_file_ref idref="fl-8"/>
      </object_component>
      <object_component id="oc-31e">
         <name>.const:.string:$P$T7$8</name>
         <load_address>0x61b3</load_address>
         <run_address>0x61b3</run_address>
         <size>0x19</size>
         <input_file_ref idref="fl-8"/>
      </object_component>
      <object_component id="oc-321">
         <name>.const:.string:$P$T8$9</name>
         <load_address>0x61cc</load_address>
         <run_address>0x61cc</run_address>
         <size>0x19</size>
         <input_file_ref idref="fl-8"/>
      </object_component>
      <object_component id="oc-324">
         <name>.const:.string:$P$T9$10</name>
         <load_address>0x61e5</load_address>
         <run_address>0x61e5</run_address>
         <size>0x19</size>
         <input_file_ref idref="fl-8"/>
      </object_component>
      <object_component id="oc-366">
         <name>.const:.string:$P$T18$19</name>
         <load_address>0x61fe</load_address>
         <run_address>0x61fe</run_address>
         <size>0xa</size>
         <input_file_ref idref="fl-8"/>
      </object_component>
      <object_component id="oc-369">
         <name>.const:.string:$P$T19$20</name>
         <load_address>0x6208</load_address>
         <run_address>0x6208</run_address>
         <size>0xa</size>
         <input_file_ref idref="fl-8"/>
      </object_component>
      <object_component id="oc-524">
         <name>.const:$P$T0$1</name>
         <load_address>0x6212</load_address>
         <run_address>0x6212</run_address>
         <size>0x8</size>
         <input_file_ref idref="fl-b"/>
      </object_component>
      <object_component id="oc-5ff">
         <name>.const:g_pulEnRegs</name>
         <load_address>0x621c</load_address>
         <run_address>0x621c</run_address>
         <size>0x8</size>
         <input_file_ref idref="fl-22"/>
      </object_component>
      <object_component id="oc-733">
         <name>.cinit..data.load</name>
         <load_address>0x6228</load_address>
         <run_address>0x6228</run_address>
         <size>0xd</size>
      </object_component>
      <object_component id="oc-731">
         <name>__TI_handler_table</name>
         <load_address>0x6238</load_address>
         <run_address>0x6238</run_address>
         <size>0xc</size>
      </object_component>
      <object_component id="oc-734">
         <name>.cinit..bss.load</name>
         <load_address>0x6248</load_address>
         <run_address>0x6248</run_address>
         <size>0x8</size>
      </object_component>
      <object_component id="oc-732">
         <name>__TI_cinit_table</name>
         <load_address>0x6250</load_address>
         <run_address>0x6250</run_address>
         <size>0x10</size>
      </object_component>
      <object_component id="oc-706">
         <name>.binit</name>
         <load_address>0x0</load_address>
         <run_address>0x0</run_address>
         <size>0x0</size>
      </object_component>
      <object_component id="oc-2f5">
         <name>.data</name>
         <load_address>0x20000050</load_address>
         <run_address>0x20000050</run_address>
         <size>0x1</size>
         <input_file_ref idref="fl-6"/>
      </object_component>
      <object_component id="oc-202">
         <name>.data:g_sCrystalfontz128x128</name>
         <load_address>0x2000003c</load_address>
         <run_address>0x2000003c</run_address>
         <size>0x10</size>
         <input_file_ref idref="fl-b"/>
      </object_component>
      <object_component id="oc-67c">
         <name>.data</name>
         <load_address>0x2000004c</load_address>
         <run_address>0x2000004c</run_address>
         <size>0x4</size>
         <input_file_ref idref="fl-fd"/>
      </object_component>
      <object_component id="oc-bc">
         <name>.common:timer0</name>
         <uninitialized>true</uninitialized>
         <run_address>0x20000000</run_address>
         <size>0x18</size>
      </object_component>
      <object_component id="oc-40d">
         <name>.common:timer1</name>
         <uninitialized>true</uninitialized>
         <run_address>0x20000018</run_address>
         <size>0x18</size>
      </object_component>
      <object_component id="oc-51a">
         <name>.common:Lcd_Orientation</name>
         <uninitialized>true</uninitialized>
         <run_address>0x20000038</run_address>
         <size>0x1</size>
      </object_component>
      <object_component id="oc-513">
         <name>.common:Lcd_ScreenWidth</name>
         <uninitialized>true</uninitialized>
         <run_address>0x20000032</run_address>
         <size>0x2</size>
      </object_component>
      <object_component id="oc-514">
         <name>.common:Lcd_ScreenHeigth</name>
         <uninitialized>true</uninitialized>
         <run_address>0x20000030</run_address>
         <size>0x2</size>
      </object_component>
      <object_component id="oc-515">
         <name>.common:Lcd_PenSolid</name>
         <uninitialized>true</uninitialized>
         <run_address>0x20000039</run_address>
         <size>0x1</size>
      </object_component>
      <object_component id="oc-516">
         <name>.common:Lcd_FontSolid</name>
         <uninitialized>true</uninitialized>
         <run_address>0x20000037</run_address>
         <size>0x1</size>
      </object_component>
      <object_component id="oc-517">
         <name>.common:Lcd_FlagRead</name>
         <uninitialized>true</uninitialized>
         <run_address>0x20000036</run_address>
         <size>0x1</size>
      </object_component>
      <object_component id="oc-518">
         <name>.common:Lcd_TouchTrim</name>
         <uninitialized>true</uninitialized>
         <run_address>0x20000034</run_address>
         <size>0x2</size>
      </object_component>
      <object_component id="oc-26">
         <name>.stack</name>
         <uninitialized>true</uninitialized>
         <run_address>0x2000fe00</run_address>
         <size>0x4</size>
         <input_file_ref idref="fl-e3"/>
      </object_component>
      <object_component id="oc-735">
         <name>.stack</name>
         <uninitialized>true</uninitialized>
         <run_address>0x2000fe00</run_address>
         <size>0x0</size>
      </object_component>
      <object_component id="oc-1dd">
         <name>.debug_info</name>
         <load_address>0x0</load_address>
         <run_address>0x0</run_address>
         <size>0x89d</size>
         <input_file_ref idref="fl-2"/>
      </object_component>
      <object_component id="oc-26e">
         <name>.debug_info</name>
         <load_address>0x89d</load_address>
         <run_address>0x89d</run_address>
         <size>0x14e</size>
         <input_file_ref idref="fl-2"/>
      </object_component>
      <object_component id="oc-274">
         <name>.debug_info</name>
         <load_address>0x9eb</load_address>
         <run_address>0x9eb</run_address>
         <size>0x143</size>
         <input_file_ref idref="fl-2"/>
      </object_component>
      <object_component id="oc-269">
         <name>.debug_info</name>
         <load_address>0xb2e</load_address>
         <run_address>0xb2e</run_address>
         <size>0x20f</size>
         <input_file_ref idref="fl-2"/>
      </object_component>
      <object_component id="oc-108">
         <name>.debug_info</name>
         <load_address>0xd3d</load_address>
         <run_address>0xd3d</run_address>
         <size>0x1a7</size>
         <input_file_ref idref="fl-2"/>
      </object_component>
      <object_component id="oc-c2">
         <name>.debug_info</name>
         <load_address>0xee4</load_address>
         <run_address>0xee4</run_address>
         <size>0x26b</size>
         <input_file_ref idref="fl-2"/>
      </object_component>
      <object_component id="oc-1d3">
         <name>.debug_info</name>
         <load_address>0x114f</load_address>
         <run_address>0x114f</run_address>
         <size>0x1055</size>
         <input_file_ref idref="fl-2"/>
      </object_component>
      <object_component id="oc-1ce">
         <name>.debug_info</name>
         <load_address>0x21a4</load_address>
         <run_address>0x21a4</run_address>
         <size>0x37e2</size>
         <input_file_ref idref="fl-2"/>
      </object_component>
      <object_component id="oc-168">
         <name>.debug_info</name>
         <load_address>0x5986</load_address>
         <run_address>0x5986</run_address>
         <size>0x8b</size>
         <input_file_ref idref="fl-2"/>
      </object_component>
      <object_component id="oc-1d8">
         <name>.debug_info</name>
         <load_address>0x5a11</load_address>
         <run_address>0x5a11</run_address>
         <size>0x297</size>
         <input_file_ref idref="fl-2"/>
      </object_component>
      <object_component id="oc-282">
         <name>.debug_info</name>
         <load_address>0x5ca8</load_address>
         <run_address>0x5ca8</run_address>
         <size>0xef</size>
         <input_file_ref idref="fl-2"/>
      </object_component>
      <object_component id="oc-1c7">
         <name>.debug_info</name>
         <load_address>0x5d97</load_address>
         <run_address>0x5d97</run_address>
         <size>0xbb</size>
         <input_file_ref idref="fl-2"/>
      </object_component>
      <object_component id="oc-5f4">
         <name>.debug_info</name>
         <load_address>0x5e52</load_address>
         <run_address>0x5e52</run_address>
         <size>0x131</size>
         <input_file_ref idref="fl-2"/>
      </object_component>
      <object_component id="oc-281">
         <name>.debug_info</name>
         <load_address>0x5f83</load_address>
         <run_address>0x5f83</run_address>
         <size>0x7b5</size>
         <input_file_ref idref="fl-3"/>
      </object_component>
      <object_component id="oc-226">
         <name>.debug_info</name>
         <load_address>0x6738</load_address>
         <run_address>0x6738</run_address>
         <size>0x14e</size>
         <input_file_ref idref="fl-3"/>
      </object_component>
      <object_component id="oc-22c">
         <name>.debug_info</name>
         <load_address>0x6886</load_address>
         <run_address>0x6886</run_address>
         <size>0x156</size>
         <input_file_ref idref="fl-3"/>
      </object_component>
      <object_component id="oc-238">
         <name>.debug_info</name>
         <load_address>0x69dc</load_address>
         <run_address>0x69dc</run_address>
         <size>0x15a</size>
         <input_file_ref idref="fl-3"/>
      </object_component>
      <object_component id="oc-232">
         <name>.debug_info</name>
         <load_address>0x6b36</load_address>
         <run_address>0x6b36</run_address>
         <size>0x158</size>
         <input_file_ref idref="fl-3"/>
      </object_component>
      <object_component id="oc-214">
         <name>.debug_info</name>
         <load_address>0x6c8e</load_address>
         <run_address>0x6c8e</run_address>
         <size>0x158</size>
         <input_file_ref idref="fl-3"/>
      </object_component>
      <object_component id="oc-21a">
         <name>.debug_info</name>
         <load_address>0x6de6</load_address>
         <run_address>0x6de6</run_address>
         <size>0x15c</size>
         <input_file_ref idref="fl-3"/>
      </object_component>
      <object_component id="oc-220">
         <name>.debug_info</name>
         <load_address>0x6f42</load_address>
         <run_address>0x6f42</run_address>
         <size>0x15a</size>
         <input_file_ref idref="fl-3"/>
      </object_component>
      <object_component id="oc-126">
         <name>.debug_info</name>
         <load_address>0x709c</load_address>
         <run_address>0x709c</run_address>
         <size>0x14a</size>
         <input_file_ref idref="fl-3"/>
      </object_component>
      <object_component id="oc-138">
         <name>.debug_info</name>
         <load_address>0x71e6</load_address>
         <run_address>0x71e6</run_address>
         <size>0x152</size>
         <input_file_ref idref="fl-3"/>
      </object_component>
      <object_component id="oc-30a">
         <name>.debug_info</name>
         <load_address>0x7338</load_address>
         <run_address>0x7338</run_address>
         <size>0x154</size>
[...]
         <name>Graphics_drawLineV</name>
         <value>0x3e4b</value>
         <object_component_ref idref="oc-452"/>
      </symbol>
      <symbol id="sm-5e8">
         <name>Graphics_drawRectangle</name>
         <value>0x3c71</value>
         <object_component_ref idref="oc-29c"/>
      </symbol>
      <symbol id="sm-5e9">
         <name>Graphics_fillRectangle</name>
         <value>0x31f1</value>
         <object_component_ref idref="oc-2a2"/>
      </symbol>
      <symbol id="sm-629">
         <name>Graphics_drawString</name>
         <value>0xb43</value>
         <object_component_ref idref="oc-2bc"/>
      </symbol>
      <symbol id="sm-6ea">
         <name>ADC14_enableSampleTimer</name>
         <value>0x5151</value>
         <object_component_ref idref="oc-42e"/>
      </symbol>
      <symbol id="sm-6eb">
         <name>ADC14_enableConversion</name>
         <value>0x5325</value>
         <object_component_ref idref="oc-435"/>
      </symbol>
      <symbol id="sm-6ec">
         <name>ADC14_toggleConversionTrigger</name>
         <value>0x5275</value>
         <object_component_ref idref="oc-43b"/>
      </symbol>
      <symbol id="sm-6ed">
         <name>ADC14_initModule</name>
         <value>0x4a4d</value>
         <object_component_ref idref="oc-428"/>
      </symbol>
      <symbol id="sm-6ee">
         <name>ADC14_configureMultiSequenceMode</name>
         <value>0x3a7d</value>
         <object_component_ref idref="oc-40f"/>
      </symbol>
      <symbol id="sm-6ef">
         <name>ADC14_configureConversionMemory</name>
         <value>0x3bcd</value>
         <object_component_ref idref="oc-41b"/>
      </symbol>
      <symbol id="sm-6f0">
         <name>ADC14_enableModule</name>
         <value>0x5721</value>
         <object_component_ref idref="oc-422"/>
      </symbol>
      <symbol id="sm-6f1">
         <name>ADC14_getResult</name>
         <value>0x54d5</value>
         <object_component_ref idref="oc-2af"/>
      </symbol>
      <symbol id="sm-759">
         <name>GPIO_setOutputHighOnPin</name>
         <value>0x5375</value>
         <object_component_ref idref="oc-2d2"/>
      </symbol>
      <symbol id="sm-75a">
         <name>GPIO_setAsInputPinWithPullUpResistor</name>
         <value>0x4949</value>
         <object_component_ref idref="oc-27a"/>
      </symbol>
      <symbol id="sm-75b">
         <name>GPIO_setAsOutputPin</name>
         <value>0x4ebd</value>
         <object_component_ref idref="oc-3f4"/>
      </symbol>
      <symbol id="sm-75c">
         <name>GPIO_setOutputLowOnPin</name>
         <value>0x539d</value>
         <object_component_ref idref="oc-2d9"/>
      </symbol>
      <symbol id="sm-75d">
         <name>GPIO_toggleOutputOnPin</name>
         <value>0x53c5</value>
         <object_component_ref idref="oc-497"/>
      </symbol>
      <symbol id="sm-75e">
         <name>GPIO_setAsPeripheralModuleFunctionOutputPin</name>
         <value>0x42c9</value>
         <object_component_ref idref="oc-5dd"/>
      </symbol>
      <symbol id="sm-75f">
         <name>GPIO_getInputPinValue</name>
         <value>0x51b9</value>
         <object_component_ref idref="oc-2cb"/>
      </symbol>
      <symbol id="sm-760">
         <name>GPIO_setAsPeripheralModuleFunctionInputPin</name>
         <value>0x4241</value>
         <object_component_ref idref="oc-415"/>
      </symbol>
      <symbol id="sm-77e">
         <name>Interrupt_enableInterrupt</name>
         <value>0x445d</value>
         <object_component_ref idref="oc-53a"/>
      </symbol>
      <symbol id="sm-7b8">
         <name>EUSCI_B_SPI_enable</name>
         <value>0x55f3</value>
         <object_component_ref idref="oc-6a1"/>
      </symbol>
      <symbol id="sm-7b9">
         <name>SPI_enableModule</name>
         <value>0x54f1</value>
         <object_component_ref idref="oc-5ea"/>
      </symbol>
      <symbol id="sm-7ba">
         <name>EUSCI_A_SPI_enable</name>
         <value>0x55dd</value>
         <object_component_ref idref="oc-69b"/>
      </symbol>
      <symbol id="sm-7bb">
         <name>SPI_initMaster</name>
         <value>0x39cb</value>
         <object_component_ref idref="oc-5e4"/>
      </symbol>
      <symbol id="sm-7f4">
         <name>Timer32_startTimer</name>
         <value>0x5075</value>
         <object_component_ref idref="oc-546"/>
      </symbol>
      <symbol id="sm-7f5">
         <name>Timer32_setCount</name>
         <value>0x5185</value>
         <object_component_ref idref="oc-540"/>
      </symbol>
      <symbol id="sm-7f6">
         <name>Timer32_getValue</name>
         <value>0x5703</value>
         <object_component_ref idref="oc-28e"/>
      </symbol>
      <symbol id="sm-7f7">
         <name>Timer32_initModule</name>
         <value>0x4631</value>
         <object_component_ref idref="oc-534"/>
      </symbol>
      <symbol id="sm-7f8">
         <name>Timer32_clearInterruptFlag</name>
         <value>0x5673</value>
         <object_component_ref idref="oc-b6"/>
      </symbol>
      <symbol id="sm-804">
         <name>WDT_A_holdTimer</name>
         <value>0x5415</value>
         <object_component_ref idref="oc-20d"/>
      </symbol>
      <symbol id="sm-815">
         <name>__aeabi_memset</name>
         <value>0x44df</value>
         <object_component_ref idref="oc-90"/>
      </symbol>
      <symbol id="sm-816">
         <name>memset</name>
         <value>0x44e5</value>
         <object_component_ref idref="oc-90"/>
      </symbol>
      <symbol id="sm-817">
         <name>__aeabi_memset8</name>
         <value>0x44df</value>
         <object_component_ref idref="oc-90"/>
      </symbol>
      <symbol id="sm-818">
         <name>__aeabi_memset4</name>
         <value>0x44df</value>
         <object_component_ref idref="oc-90"/>
      </symbol>
      <symbol id="sm-819">
         <name>__aeabi_memclr8</name>
         <value>0x44dd</value>
         <object_component_ref idref="oc-90"/>
      </symbol>
      <symbol id="sm-81a">
         <name>__aeabi_memclr4</name>
         <value>0x44dd</value>
         <object_component_ref idref="oc-90"/>
      </symbol>
      <symbol id="sm-81b">
         <name>__aeabi_memclr</name>
         <value>0x44dd</value>
         <object_component_ref idref="oc-90"/>
      </symbol>
      <symbol id="sm-824">
         <name>__aeabi_lmul</name>
         <value>0x55c5</value>
         <object_component_ref idref="oc-2a9"/>
      </symbol>
      <symbol id="sm-83f">
         <name>memcpy</name>
         <value>0x3ee7</value>
         <object_component_ref idref="oc-34"/>
      </symbol>
      <symbol id="sm-840">
         <name>__aeabi_memcpy</name>
         <value>0x3ee7</value>
         <object_component_ref idref="oc-34"/>
      </symbol>
      <symbol id="sm-841">
         <name>__aeabi_memcpy8</name>
         <value>0x3ee7</value>
         <object_component_ref idref="oc-34"/>
      </symbol>
      <symbol id="sm-842">
         <name>__aeabi_memcpy4</name>
         <value>0x3ee7</value>
         <object_component_ref idref="oc-34"/>
      </symbol>
      <symbol id="sm-85b">
         <name>__TI_zero_init_nomemset</name>
         <value>0x56c1</value>
         <object_component_ref idref="oc-40"/>
      </symbol>
      <symbol id="sm-872">
         <name>__TI_decompress_none</name>
         <value>0x5711</value>
         <object_component_ref idref="oc-1a"/>
      </symbol>
      <symbol id="sm-895">
         <name>__TI_decompress_lzss</name>
         <value>0x4699</value>
         <object_component_ref idref="oc-14"/>
      </symbol>
      <symbol id="sm-8a8">
         <name>__stack</name>
         <value>0x2000fe00</value>
         <object_component_ref idref="oc-26"/>
      </symbol>
      <symbol id="sm-8a9">
         <name>_c_int00_noargs</name>
         <value>0x50ad</value>
         <object_component_ref idref="oc-52"/>
      </symbol>
      <symbol id="sm-8b4">
         <name>C$$EXIT</name>
         <value>0x5861</value>
         <object_component_ref idref="oc-187"/>
      </symbol>
      <symbol id="sm-8b5">
         <name>abort</name>
         <value>0x5861</value>
         <object_component_ref idref="oc-187"/>
      </symbol>
      <symbol id="sm-8de">
         <name>sprintf</name>
         <value>0x4fbd</value>
         <object_component_ref idref="oc-2b6"/>
      </symbol>
      <symbol id="sm-906">
         <name>__TI_auto_init_nobinit_nopinit</name>
         <value>0x4df5</value>
         <object_component_ref idref="oc-193"/>
      </symbol>
      <symbol id="sm-910">
         <name>_system_pre_init</name>
         <value>0x585d</value>
         <object_component_ref idref="oc-96"/>
      </symbol>
      <symbol id="sm-a76">
         <name>__TI_printfi</name>
         <value>0xe5</value>
         <object_component_ref idref="oc-46c"/>
      </symbol>
      <symbol id="sm-a8c">
         <name>atoi</name>
         <value>0x4c8d</value>
         <object_component_ref idref="oc-57c"/>
      </symbol>
      <symbol id="sm-a97">
         <name>_ctypes_</name>
         <value>0x5d85</value>
         <object_component_ref idref="oc-615"/>
      </symbol>
      <symbol id="sm-aa6">
         <name>ltoa</name>
         <value>0x4b49</value>
         <object_component_ref idref="oc-635"/>
      </symbol>
      <symbol id="sm-ab6">
         <name>memccpy</name>
         <value>0x5529</value>
         <object_component_ref idref="oc-5a5"/>
      </symbol>
      <symbol id="sm-ac6">
         <name>strchr</name>
         <value>0x5635</value>
         <object_component_ref idref="oc-66c"/>
      </symbol>
      <symbol id="sm-ad4">
         <name>strlen</name>
         <value>0x569b</value>
         <object_component_ref idref="oc-576"/>
      </symbol>
      <symbol id="sm-af4">
         <name>frexpl</name>
         <value>0x4701</value>
         <object_component_ref idref="oc-660"/>
      </symbol>
      <symbol id="sm-af5">
         <name>frexp</name>
         <value>0x4701</value>
         <object_component_ref idref="oc-660"/>
      </symbol>
      <symbol id="sm-b12">
         <name>scalbn</name>
         <value>0x3305</value>
         <object_component_ref idref="oc-666"/>
      </symbol>
      <symbol id="sm-b13">
         <name>scalbnl</name>
         <value>0x3305</value>
         <object_component_ref idref="oc-666"/>
      </symbol>
      <symbol id="sm-b14">
         <name>ldexpl</name>
         <value>0x3305</value>
         <object_component_ref idref="oc-666"/>
      </symbol>
      <symbol id="sm-b15">
         <name>ldexp</name>
         <value>0x3305</value>
         <object_component_ref idref="oc-666"/>
      </symbol>
      <symbol id="sm-b1f">
         <name>copysign</name>
         <value>0x5687</value>
         <object_component_ref idref="oc-6ce"/>
      </symbol>
      <symbol id="sm-b20">
         <name>copysignl</name>
         <value>0x5687</value>
         <object_component_ref idref="oc-6ce"/>
      </symbol>
      <symbol id="sm-b39">
         <name>wcslen</name>
         <value>0x56d3</value>
         <object_component_ref idref="oc-5ab"/>
      </symbol>
      <symbol id="sm-b50">
         <name>__aeabi_dsub</name>
         <value>0x28e5</value>
         <object_component_ref idref="oc-640"/>
      </symbol>
      <symbol id="sm-b51">
         <name>__aeabi_dadd</name>
         <value>0x28ef</value>
         <object_component_ref idref="oc-640"/>
      </symbol>
      <symbol id="sm-b73">
         <name>__aeabi_cdcmpeq</name>
         <value>0x4351</value>
         <object_component_ref idref="oc-588"/>
      </symbol>
      <symbol id="sm-b74">
         <name>__aeabi_cdcmple</name>
         <value>0x4351</value>
         <object_component_ref idref="oc-588"/>
      </symbol>
      <symbol id="sm-b75">
         <name>__aeabi_cdrcmple</name>
         <value>0x43d7</value>
         <object_component_ref idref="oc-62b"/>
      </symbol>
      <symbol id="sm-b89">
         <name>__aeabi_ddiv</name>
         <value>0x2d39</value>
         <object_component_ref idref="oc-626"/>
      </symbol>
      <symbol id="sm-b94">
         <name>__aeabi_dmul</name>
         <value>0x3415</value>
         <object_component_ref idref="oc-621"/>
      </symbol>
      <symbol id="sm-b9e">
         <name>__aeabi_d2iz</name>
         <value>0x4d21</value>
         <object_component_ref idref="oc-630"/>
      </symbol>
      <symbol id="sm-ba8">
         <name>__aeabi_i2d</name>
         <value>0x5247</value>
         <object_component_ref idref="oc-63b"/>
      </symbol>
      <symbol id="sm-bb5">
         <name>__aeabi_uldivmod</name>
         <value>0x3f83</value>
         <object_component_ref idref="oc-61a"/>
      </symbol>
      <symbol id="sm-bcb">
         <name>__aeabi_errno_addr</name>
         <value>0x5855</value>
         <object_component_ref idref="oc-5b1"/>
      </symbol>
      <symbol id="sm-bcc">
         <name>errno</name>
         <value>0x2000004c</value>
         <object_component_ref idref="oc-67c"/>
      </symbol>
      <symbol id="sm-bd6">
         <name>__aeabi_idiv0</name>
         <value>0x2713</value>
         <object_component_ref idref="oc-6b5"/>
      </symbol>
      <symbol id="sm-bd7">
         <name>__aeabi_ldiv0</name>
         <value>0x2713</value>
         <object_component_ref idref="oc-6b5"/>
      </symbol>
      <symbol id="sm-bd8">
         <name>__TI_static_base__</name>
         <value>0x0</value>
      </symbol>
      <symbol id="sm-bdb">
         <name>__mpu_init</name>
         <value>0x0</value>
      </symbol>
      <symbol id="sm-bdc">
         <name>_system_post_cinit</name>
         <value>0x0</value>
      </symbol>
      <symbol id="sm-bdd">
         <name>NMI_Handler</name>
         <value>0x17a7</value>
      </symbol>
      <symbol id="sm-bde">
         <name>HardFault_Handler</name>
         <value>0x17a7</value>
      </symbol>
      <symbol id="sm-bdf">
         <name>MemManage_Handler</name>
         <value>0x17a7</value>
      </symbol>
      <symbol id="sm-be0">
         <name>BusFault_Handler</name>
         <value>0x17a7</value>
      </symbol>
      <symbol id="sm-be1">
         <name>UsageFault_Handler</name>
         <value>0x17a7</value>
      </symbol>
      <symbol id="sm-be2">
         <name>SVC_Handler</name>
         <value>0x17a7</value>
      </symbol>
      <symbol id="sm-be3">
         <name>DebugMon_Handler</name>
         <value>0x17a7</value>
      </symbol>
      <symbol id="sm-be4">
         <name>PendSV_Handler</name>
         <value>0x17a7</value>
      </symbol>
      <symbol id="sm-be5">
         <name>SysTick_Handler</name>
         <value>0x17a7</value>
      </symbol>
      <symbol id="sm-be6">
         <name>PSS_IRQHandler</name>
         <value>0x17a7</value>
      </symbol>
      <symbol id="sm-be7">
         <name>CS_IRQHandler</name>
         <value>0x17a7</value>
      </symbol>
      <symbol id="sm-be8">
         <name>PCM_IRQHandler</name>
         <value>0x17a7</value>
      </symbol>
      <symbol id="sm-be9">
         <name>WDT_A_IRQHandler</name>
         <value>0x17a7</value>
      </symbol>
      <symbol id="sm-bea">
         <name>FPU_IRQHandler</name>
         <value>0x17a7</value>
      </symbol>
      <symbol id="sm-beb">
         <name>FLCTL_IRQHandler</name>
         <value>0x17a7</value>
      </symbol>
      <symbol id="sm-bec">
         <name>COMP_E0_IRQHandler</name>
         <value>0x17a7</value>
      </symbol>
      <symbol id="sm-bed">
         <name>COMP_E1_IRQHandler</name>
         <value>0x17a7</value>
      </symbol>
      <symbol id="sm-bee">
         <name>TA0_0_IRQHandler</name>
         <value>0x17a7</value>
      </symbol>
      <symbol id="sm-bef">
         <name>TA0_N_IRQHandler</name>
         <value>0x17a7</value>
      </symbol>
      <symbol id="sm-bf0">
         <name>TA1_0_IRQHandler</name>
         <value>0x17a7</value>
      </symbol>
      <symbol id="sm-bf1">
         <name>TA1_N_IRQHandler</name>
         <value>0x17a7</value>
      </symbol>
      <symbol id="sm-bf2">
         <name>TA2_0_IRQHandler</name>
         <value>0x17a7</value>
      </symbol>
      <symbol id="sm-bf3">
         <name>TA2_N_IRQHandler</name>
         <value>0x17a7</value>
      </symbol>
      <symbol id="sm-bf4">
         <name>TA3_0_IRQHandler</name>
         <value>0x17a7</value>
      </symbol>
      <symbol id="sm-bf5">
         <name>TA3_N_IRQHandler</name>
         <value>0x17a7</value>
      </symbol>
      <symbol id="sm-bf6">
         <name>EUSCIA0_IRQHandler</name>
         <value>0x17a7</value>
      </symbol>
      <symbol id="sm-bf7">
         <name>EUSCIA1_IRQHandler</name>
         <value>0x17a7</value>
      </symbol>
      <symbol id="sm-bf8">
         <name>EUSCIA2_IRQHandler</name>
         <value>0x17a7</value>
      </symbol>
      <symbol id="sm-bf9">
         <name>EUSCIA3_IRQHandler</name>
         <value>0x17a7</value>
      </symbol>
      <symbol id="sm-bfa">
         <name>EUSCIB0_IRQHandler</name>
         <value>0x17a7</value>
      </symbol>
      <symbol id="sm-bfb">
         <name>EUSCIB1_IRQHandler</name>
         <value>0x17a7</value>
      </symbol>
      <symbol id="sm-bfc">
         <name>EUSCIB2_IRQHandler</name>
         <value>0x17a7</value>
      </symbol>
      <symbol id="sm-bfd">
         <name>EUSCIB3_IRQHandler</name>
         <value>0x17a7</value>
      </symbol>
      <symbol id="sm-bfe">
         <name>ADC14_IRQHandler</name>
         <value>0x17a7</value>
      </symbol>
      <symbol id="sm-bff">
         <name>T32_INT1_IRQHandler</name>
         <value>0x550d</value>
      </symbol>
      <symbol id="sm-c00">
         <name>T32_INT2_IRQHandler</name>
         <value>0x17a7</value>
      </symbol>
      <symbol id="sm-c01">
         <name>T32_INTC_IRQHandler</name>
         <value>0x17a7</value>
      </symbol>
      <symbol id="sm-c02">
         <name>AES256_IRQHandler</name>
         <value>0x17a7</value>
      </symbol>
      <symbol id="sm-c03">
         <name>RTC_C_IRQHandler</name>
         <value>0x17a7</value>
      </symbol>
      <symbol id="sm-c04">
         <name>DMA_ERR_IRQHandler</name>
         <value>0x17a7</value>
      </symbol>
      <symbol id="sm-c05">
         <name>DMA_INT3_IRQHandler</name>
         <value>0x17a7</value>
      </symbol>
      <symbol id="sm-c06">
         <name>DMA_INT2_IRQHandler</name>
         <value>0x17a7</value>
      </symbol>
      <symbol id="sm-c07">
         <name>DMA_INT1_IRQHandler</name>
         <value>0x17a7</value>
      </symbol>
      <symbol id="sm-c08">
         <name>DMA_INT0_IRQHandler</name>
         <value>0x17a7</value>
      </symbol>
      <symbol id="sm-c09">
         <name>PORT1_IRQHandler</name>
         <value>0x17a7</value>
      </symbol>
      <symbol id="sm-c0a">
         <name>PORT2_IRQHandler</name>
         <value>0x17a7</value>
      </symbol>
      <symbol id="sm-c0b">
         <name>PORT3_IRQHandler</name>
         <value>0x17a7</value>
      </symbol>
      <symbol id="sm-c0c">
         <name>PORT4_IRQHandler</name>
         <value>0x17a7</value>
      </symbol>
      <symbol id="sm-c0d">
         <name>PORT5_IRQHandler</name>
         <value>0x17a7</value>
      </symbol>
      <symbol id="sm-c0e">
         <name>PORT6_IRQHandler</name>
         <value>0x17a7</value>
      </symbol>
   </symbol_table>
   <title>Link successful</title>
</link_info>
