******************************************************************************
                  TI ARM Linker PC v18.1.2                     
******************************************************************************
>> Linked Mon Dec  3 23:25:11 2018

OUTPUT FILE NAME:   <Lab4_final.out>
ENTRY POINT SYMBOL: "_c_int00_noargs"  address: 000050ad


MEMORY CONFIGURATION

         name            origin    length      used     unused   attr    fill
----------------------  --------  ---------  --------  --------  ----  --------
  MAIN                  00000000   00040000  0000625c  00039da4  R  X
  INFO                  00200000   00004000  00000000  00004000  R  X
  SRAM_CODE             01000000   00010000  0000024f  0000fdb1  RW X
  SRAM_DATA             20000000   00010000  0000024f  0000fdb1  RW  


SEGMENT ALLOCATION MAP

run origin  load origin   length   init length attrs members
----------  ----------- ---------- ----------- ----- -------
00000000    00000000    00006260   00006260    r-x
  00000000    00000000    000000e4   000000e4    r-- .intvecs
  000000e4    000000e4    00005780   00005780    r-x .text
  00005864    00005864    000009c0   000009c0    r-- .const
  00006228    00006228    00000038   00000038    r-- .cinit
20000000    20000000    00000051   00000000    rw-
  20000000    20000000    0000003a   00000000    rw- .bss
  2000003c    2000003c    00000015   00000000    rw- .data
2000fe00    2000fe00    00000200   00000000    rw-
  2000fe00    2000fe00    00000200   00000000    rw- .stack


SECTION ALLOCATION MAP

 output                                  attributes/
section   page    origin      length       input sections
--------  ----  ----------  ----------   ----------------
.intvecs   0    00000000    000000e4     
                  00000000    000000e4     startup_msp432p401r_ccs.obj (.intvecs:retain)

.text      0    000000e4    00005780     
                  000000e4    00000a5e     rtsv7M4_T_le_v4SPD16_eabi.lib : _printfi.c.obj (.text:__TI_printfi)
                  00000b42    0000047e     grlib.a : string.obj (.text:Graphics_drawString)
                  00000fc0    00000460     graphics_HAL.obj (.text:GameOver)
                  00001420    00000386     graphics_HAL.obj (.text:MoveBall)
                  000017a6    00000002     startup_msp432p401r_ccs.obj (.text:Default_Handler)
                  000017a8    00000344     graphics_HAL.obj (.text:WriteSpeed)
                  00001aec    00000318     graphics_HAL.obj (.text:DrawEasyStage)
                  00001e04    0000029c     Lab4_final_main.obj (.text:main)
                  000020a0    00000270     rtsv7M4_T_le_v4SPD16_eabi.lib : _printfi.c.obj (.text:_pconv_a)
                  00002310    0000022a     grlib.a : circle.obj (.text:Graphics_fillCircle)
                  0000253a    000001d8     Crystalfontz128x128_ST7735.obj (.text:Crystalfontz128x128_PixelDrawMultiple)
                  00002712    00000002     rtsv7M4_T_le_v4SPD16_eabi.lib : div0.asm.obj (.text)
                  00002714    000001d0                                   : _printfi.c.obj (.text:_pconv_g)
                  000028e4    000001b6                                   : fd_add_t2.asm.obj (.text)
                  00002a9a    00000002     --HOLE-- [fill = 0]
                  00002a9c    00000160     msp432p4xx_driverlib.lib : adc14.o (.text:_getIndexForMemRegister)
                  00002bfc    0000013c     rtsv7M4_T_le_v4SPD16_eabi.lib : _printfi.c.obj (.text:_pconv_e)
                  00002d38    00000136                                   : fd_div_t2.asm.obj (.text)
                  00002e6e    00000002     --HOLE-- [fill = 0]
                  00002e70    00000134     Crystalfontz128x128_ST7735.obj (.text:Crystalfontz128x128_SetDrawFrame)
                  00002fa4    0000012c     Crystalfontz128x128_ST7735.obj (.text:Crystalfontz128x128_Init)
                  000030d0    00000120     rtsv7M4_T_le_v4SPD16_eabi.lib : _printfi.c.obj (.text:fcvt)
                  000031f0    00000112     grlib.a : rectangle.obj (.text:Graphics_fillRectangle)
                  00003302    00000002     --HOLE-- [fill = 0]
                  00003304    00000110     rtsv7M4_T_le_v4SPD16_eabi.lib : s_scalbn.c.obj (.text:scalbn)
                  00003414    000000fc                                   : fd_mul_t2.asm.obj (.text)
                  00003510    000000f0     Lab4_final_main.obj (.text:ModifyLEDColor)
                  00003600    000000d0     graphics_HAL.obj (.text:Win)
                  000036d0    000000ce     ButtonLED_HAL.obj (.text:Debounce)
                  0000379e    00000002     --HOLE-- [fill = 0]
                  000037a0    000000bc     system_msp432p401r.obj (.text:SystemInit)
                  0000385c    000000ba     graphics_HAL.obj (.text:DrawHoles)
                  00003916    00000002     --HOLE-- [fill = 0]
                  00003918    000000b1     rtsv7M4_T_le_v4SPD16_eabi.lib : _printfi.c.obj (.text:_ltostr)
                  000039c9    00000001     --HOLE-- [fill = 0]
                  000039ca    000000b0     msp432p4xx_driverlib.lib : spi.o (.text:SPI_initMaster)
                  00003a7a    00000002     --HOLE-- [fill = 0]
                  00003a7c    000000a8                              : adc14.o (.text:ADC14_configureMultiSequenceMode)
                  00003b24    000000a8     Timer32_HAL.obj (.text:OneShotSWTimerExpired)
                  00003bcc    000000a4     msp432p4xx_driverlib.lib : adc14.o (.text:ADC14_configureConversionMemory)
                  00003c70    000000a2     grlib.a : rectangle.obj (.text:Graphics_drawRectangle)
                  00003d12    0000009c     Crystalfontz128x128_ST7735.obj (.text:Crystalfontz128x128_RectFill)
                  00003dae    0000009c     grlib.a : line.obj (.text:Graphics_drawLineH)
                  00003e4a    0000009c             : line.obj (.text:Graphics_drawLineV)
                  00003ee6    0000009c     rtsv7M4_T_le_v4SPD16_eabi.lib : memcpy_t2.asm.obj (.text)
                  00003f82    00000096                                   : ull_div_t2.asm.obj (.text)
                  00004018    0000008a     graphics_HAL.obj (.text:DrawBottom)
                  000040a2    0000008a     graphics_HAL.obj (.text:DrawLeft)
                  0000412c    0000008a     graphics_HAL.obj (.text:DrawRight)
                  000041b6    0000008a     graphics_HAL.obj (.text:DrawTop)
                  00004240    00000088     msp432p4xx_driverlib.lib : gpio.o (.text:GPIO_setAsPeripheralModuleFunctionInputPin)
                  000042c8    00000088                              : gpio.o (.text:GPIO_setAsPeripheralModuleFunctionOutputPin)
                  00004350    00000086     rtsv7M4_T_le_v4SPD16_eabi.lib : fd_cmp_t2.asm.obj (.text:__aeabi_cdcmple)
                  000043d6    00000086                                   : fd_cmp_t2.asm.obj (.text:__aeabi_cdrcmple)
                  0000445c    00000080     msp432p4xx_driverlib.lib : interrupt.o (.text:Interrupt_enableInterrupt)
                  000044dc    0000007a     rtsv7M4_T_le_v4SPD16_eabi.lib : memset_t2.asm.obj (.text)
                  00004556    0000006e                                   : _printfi.c.obj (.text:_mcpy)
                  000045c4    0000006c     graphics_HAL.obj (.text:DrawVxVy)
                  00004630    00000068     msp432p4xx_driverlib.lib : timer32.o (.text:Timer32_initModule)
                  00004698    00000068     rtsv7M4_T_le_v4SPD16_eabi.lib : copy_decompress_lzss.c.obj (.text:decompress:lzss:__TI_decompress_lzss)
                  00004700    00000064                                   : s_frexp.c.obj (.text:frexp)
                  00004764    00000064     Timer32_HAL.obj (.text:initHWTimer0)
                  000047c8    00000064     Timer32_HAL.obj (.text:initHWTimer1)
                  0000482c    00000060     Crystalfontz128x128_ST7735.obj (.text:Crystalfontz128x128_LineDrawH)
                  0000488c    00000060     Crystalfontz128x128_ST7735.obj (.text:Crystalfontz128x128_LineDrawV)
                  000048ec    0000005a     grlib.a : context.obj (.text:Graphics_drawPixel)
                  00004946    00000002     --HOLE-- [fill = 0]
                  00004948    00000058     msp432p4xx_driverlib.lib : gpio.o (.text:GPIO_setAsInputPinWithPullUpResistor)
                  000049a0    00000056     rtsv7M4_T_le_v4SPD16_eabi.lib : _printfi.c.obj (.text:_pconv_f)
                  000049f6    00000056     Timer32_HAL.obj (.text:startHWTimer)
                  00004a4c    00000054     msp432p4xx_driverlib.lib : adc14.o (.text:ADC14_initModule)
                  00004aa0    00000054     Crystalfontz128x128_ST7735.obj (.text:Crystalfontz128x128_SetOrientation)
                  00004af4    00000054     Lab4_final_main.obj (.text:initialize)
                  00004b48    00000054     rtsv7M4_T_le_v4SPD16_eabi.lib : ltoa.c.obj (.text:ltoa)
                  00004b9c    00000052     grlib.a : context.obj (.text:Graphics_initContext)
                  00004bee    00000052     rtsv7M4_T_le_v4SPD16_eabi.lib : _printfi.c.obj (.text:_ecpy)
                  00004c40    0000004c     ButtonLED_HAL.obj (.text:ButtonPushed)
                  00004c8c    0000004c     rtsv7M4_T_le_v4SPD16_eabi.lib : atoi.c.obj (.text:atoi)
                  00004cd8    00000048     ButtonLED_HAL.obj (.text:initButton)
                  00004d20    00000048     rtsv7M4_T_le_v4SPD16_eabi.lib : fd_toi_t2.asm.obj (.text)
                  00004d68    00000046     ADC_HAL.obj (.text:initAccelerometer)
                  00004dae    00000002     --HOLE-- [fill = 0]
                  00004db0    00000044     graphics_HAL.obj (.text:InitGraphics)
                  00004df4    00000044     rtsv7M4_T_le_v4SPD16_eabi.lib : autoinit.c.obj (.text:__TI_auto_init_nobinit_nopinit:__TI_auto_init_nobinit_nopinit)
                  00004e38    00000042     graphics_HAL.obj (.text:TargetCell)
                  00004e7a    00000040     Crystalfontz128x128_ST7735.obj (.text:Crystalfontz128x128_PixelDraw)
                  00004eba    00000002     --HOLE-- [fill = 0]
                  00004ebc    00000040     msp432p4xx_driverlib.lib : gpio.o (.text:GPIO_setAsOutputPin)
                  00004efc    00000040     grlib.a : string.obj (.text:Graphics_getNumberOfLeadingZeros)
                  00004f3c    00000040     HAL_MSP_EXP432P401R_Crystalfontz128x128_ST7735.obj (.text:HAL_LCD_SpiInit)
                  00004f7c    00000040     msp432p4xx_driverlib.lib : spi.o (.text:is_A_Module)
                  00004fbc    00000040     rtsv7M4_T_le_v4SPD16_eabi.lib : sprintf.c.obj (.text:sprintf)
                  00004ffc    0000003e                                   : _printfi.c.obj (.text:_fcpy)
                  0000503a    00000002     --HOLE-- [fill = 0]
                  0000503c    00000038     HAL_MSP_EXP432P401R_Crystalfontz128x128_ST7735.obj (.text:HAL_LCD_writeCommand)
                  00005074    00000038     msp432p4xx_driverlib.lib : timer32.o (.text:Timer32_startTimer)
                  000050ac    00000038     rtsv7M4_T_le_v4SPD16_eabi.lib : boot_cortex_m.c.obj (.text:_c_int00_noargs:_c_int00_noargs)
                  000050e4    00000036     grlib.a : display.obj (.text:Graphics_drawHorizontalLineOnDisplay)
                  0000511a    00000036             : display.obj (.text:Graphics_drawVerticalLineOnDisplay)
                  00005150    00000034     msp432p4xx_driverlib.lib : adc14.o (.text:ADC14_enableSampleTimer)
                  00005184    00000034                              : timer32.o (.text:Timer32_setCount)
                  000051b8    00000030                              : gpio.o (.text:GPIO_getInputPinValue)
                  000051e8    00000030     HAL_MSP_EXP432P401R_Crystalfontz128x128_ST7735.obj (.text:HAL_LCD_PortInit)
                  00005218    0000002e     graphics_HAL.obj (.text:DrawBall)
                  00005246    0000002e     rtsv7M4_T_le_v4SPD16_eabi.lib : i_tofd_t2.asm.obj (.text)
                  00005274    0000002c     msp432p4xx_driverlib.lib : adc14.o (.text:ADC14_toggleConversionTrigger)
                  000052a0    0000002c     Crystalfontz128x128_ST7735.obj (.text:Crystalfontz128x128_ClearScreen)
                  000052cc    0000002c     grlib.a : display.obj (.text:Graphics_drawPixelOnDisplay)
                  000052f8    0000002c     HAL_MSP_EXP432P401R_Crystalfontz128x128_ST7735.obj (.text:HAL_LCD_writeData)
                  00005324    00000028     msp432p4xx_driverlib.lib : adc14.o (.text:ADC14_enableConversion)
                  0000534c    00000028     Crystalfontz128x128_ST7735.obj (.text:Crystalfontz128x128_ColorTranslate)
                  00005374    00000028     msp432p4xx_driverlib.lib : gpio.o (.text:GPIO_setOutputHighOnPin)
                  0000539c    00000028                              : gpio.o (.text:GPIO_setOutputLowOnPin)
                  000053c4    00000028                              : gpio.o (.text:GPIO_toggleOutputOnPin)
                  000053ec    00000026     Timer32_HAL.obj (.text:WaitCycles)
                  00005412    00000002     --HOLE-- [fill = 0]
                  00005414    00000024     msp432p4xx_driverlib.lib : wdt_a.o (.text:WDT_A_holdTimer)
                  00005438    00000024     ADC_HAL.obj (.text:getSampleAccelerometer)
                  0000545c    0000001e     graphics_HAL.obj (.text:DrawWalls)
                  0000547a    0000001e     grlib.a : display.obj (.text:Graphics_fillRectangleOnDisplay)
                  00005498    0000001e     Timer32_HAL.obj (.text:InitOneShotSWTimer)
                  000054b6    0000001e     Timer32_HAL.obj (.text:StartOneShotSWTimer)
                  000054d4    0000001c     msp432p4xx_driverlib.lib : adc14.o (.text:ADC14_getResult)
                  000054f0    0000001c                              : spi.o (.text:SPI_enableModule)
                  0000550c    0000001c     Timer32_HAL.obj (.text:T32_INT1_IRQHandler)
                  00005528    0000001c     rtsv7M4_T_le_v4SPD16_eabi.lib : memccpy.c.obj (.text:memccpy)
                  00005544    0000001a     grlib.a : display.obj (.text:Graphics_clearDisplayOnDisplay)
                  0000555e    0000001a             : context.obj (.text:Graphics_setBackgroundColor)
                  00005578    0000001a             : context.obj (.text:Graphics_setFont)
                  00005592    0000001a     ADC_HAL.obj (.text:initADC)
                  000055ac    00000018     rtsv7M4_T_le_v4SPD16_eabi.lib : sprintf.c.obj (.text:_outs)
                  000055c4    00000018                                   : ll_mul_t2.asm.obj (.text)
                  000055dc    00000016     msp432p4xx_driverlib.lib : spi.o (.text:EUSCI_A_SPI_enable)
                  000055f2    00000016                              : spi.o (.text:EUSCI_B_SPI_enable)
                  00005608    00000016     grlib.a : context.obj (.text:Graphics_setForegroundColor)
                  0000561e    00000016             : display.obj (.text:Graphics_translateColorOnDisplay)
                  00005634    00000016     rtsv7M4_T_le_v4SPD16_eabi.lib : strchr.c.obj (.text:strchr)
                  0000564a    00000014     ButtonLED_HAL.obj (.text:LaunchpadLeftButton_pressed)
                  0000565e    00000014     ButtonLED_HAL.obj (.text:LaunchpadRightButton_pressed)
                  00005672    00000014     msp432p4xx_driverlib.lib : timer32.o (.text:Timer32_clearInterruptFlag)
                  00005686    00000014     rtsv7M4_T_le_v4SPD16_eabi.lib : s_copysign.c.obj (.text:copysign)
                  0000569a    00000014                                   : strlen.c.obj (.text:strlen)
                  000056ae    00000012     grlib.a : context.obj (.text:Graphics_clearDisplay)
                  000056c0    00000012     rtsv7M4_T_le_v4SPD16_eabi.lib : copy_zero_init.c.obj (.text:decompress:ZI:__TI_zero_init_nomemset:__TI_zero_init_nomemset)
                  000056d2    00000012                                   : wcslen.c.obj (.text:wcslen)
                  000056e4    00000010     msp432p4xx_driverlib.lib : adc14.o (.text:ADCIsConversionRunning)
                  000056f4    0000000e     graphics_HAL.obj (.text:InitFonts)
                  00005702    0000000e     msp432p4xx_driverlib.lib : timer32.o (.text:Timer32_getValue)
                  00005710    0000000e     rtsv7M4_T_le_v4SPD16_eabi.lib : copy_decompress_none.c.obj (.text:decompress:none:__TI_decompress_none)
                  0000571e    00000002     --HOLE-- [fill = 0]
                  00005720    0000000c     msp432p4xx_driverlib.lib : adc14.o (.text:ADC14_enableModule)
                  0000572c    0000000c     startup_msp432p401r_ccs.obj (.text:Reset_Handler)
                  00005738    0000000c     ButtonLED_HAL.obj (.text:initialize_BoosterpackLED_blue)
                  00005744    0000000c     ButtonLED_HAL.obj (.text:initialize_BoosterpackLED_green)
                  00005750    0000000c     ButtonLED_HAL.obj (.text:initialize_BoosterpackLED_red)
                  0000575c    0000000c     ButtonLED_HAL.obj (.text:initialize_LaunchpadLED1)
                  00005768    0000000c     ButtonLED_HAL.obj (.text:initialize_LaunchpadLED2_blue)
                  00005774    0000000c     ButtonLED_HAL.obj (.text:initialize_LaunchpadLED2_green)
                  00005780    0000000c     ButtonLED_HAL.obj (.text:initialize_LaunchpadLED2_red)
                  0000578c    0000000c     ADC_HAL.obj (.text:startADC)
                  00005798    0000000c     ButtonLED_HAL.obj (.text:toggle_BoosterpackLED_blue)
                  000057a4    0000000c     ButtonLED_HAL.obj (.text:toggle_BoosterpackLED_green)
                  000057b0    0000000c     ButtonLED_HAL.obj (.text:toggle_BoosterpackLED_red)
                  000057bc    0000000c     ButtonLED_HAL.obj (.text:turnOff_BoosterpackLED_blue)
                  000057c8    0000000c     ButtonLED_HAL.obj (.text:turnOff_BoosterpackLED_green)
                  000057d4    0000000c     ButtonLED_HAL.obj (.text:turnOff_BoosterpackLED_red)
                  000057e0    0000000c     ButtonLED_HAL.obj (.text:turnOff_LaunchpadLED1)
                  000057ec    0000000c     ButtonLED_HAL.obj (.text:turnOff_LaunchpadLED2_blue)
                  000057f8    0000000c     ButtonLED_HAL.obj (.text:turnOff_LaunchpadLED2_green)
                  00005804    0000000c     ButtonLED_HAL.obj (.text:turnOff_LaunchpadLED2_red)
                  00005810    0000000c     ButtonLED_HAL.obj (.text:turnOn_BoosterpackLED_green)
                  0000581c    0000000c     ButtonLED_HAL.obj (.text:turnOn_BoosterpackLED_red)
                  00005828    0000000c     ButtonLED_HAL.obj (.text:turnOn_LaunchpadLED1)
                  00005834    0000000c     ButtonLED_HAL.obj (.text:turnOn_LaunchpadLED2_red)
                  00005840    0000000a     Crystalfontz128x128_ST7735.obj (.text:Crystalfontz128x128_Flush)
                  0000584a    0000000a     rtsv7M4_T_le_v4SPD16_eabi.lib : sprintf.c.obj (.text:_outc)
                  00005854    00000008                                   : errno.c.obj (.text:__aeabi_errno_addr)
                  0000585c    00000004                                   : pre_init.c.obj (.text:_system_pre_init)
                  00005860    00000004                                   : exit.c.obj (.text:abort:abort)

.const     0    00005864    000009c0     
                  00005864    00000521     grlib.a : fontcmtt12.obj (.const:.string:g_pucCmtt12Data)
                  00005d85    00000101     rtsv7M4_T_le_v4SPD16_eabi.lib : ctype.c.obj (.const:.string:_ctypes_)
                  00005e86    00000002     --HOLE-- [fill = 0]
                  00005e88    000000c8     grlib.a : fontcmtt12.obj (.const:g_sFontCmtt12)
                  00005f50    00000080     msp432p4xx_driverlib.lib : adc14.o (.const:_ctlRegs)
                  00005fd0    00000030                              : gpio.o (.const:GPIO_PORT_TO_BASE)
                  00006000    00000020     Crystalfontz128x128_ST7735.obj (.const:g_sCrystalfontz128x128_funcs)
                  00006020    0000001c     HAL_MSP_EXP432P401R_Crystalfontz128x128_ST7735.obj (.const:$P$T0$1)
                  0000603c    00000019     graphics_HAL.obj (.const:.string:$P$T0$1)
                  00006055    00000019     graphics_HAL.obj (.const:.string:$P$T1$2)
                  0000606e    00000019     graphics_HAL.obj (.const:.string:$P$T10$11)
                  00006087    00000019     graphics_HAL.obj (.const:.string:$P$T11$12)
                  000060a0    00000019     graphics_HAL.obj (.const:.string:$P$T12$13)
                  000060b9    00000019     graphics_HAL.obj (.const:.string:$P$T13$14)
                  000060d2    00000019     graphics_HAL.obj (.const:.string:$P$T14$15)
                  000060eb    00000019     graphics_HAL.obj (.const:.string:$P$T15$16)
                  00006104    00000019     graphics_HAL.obj (.const:.string:$P$T16$17)
                  0000611d    00000019     graphics_HAL.obj (.const:.string:$P$T17$18)
                  00006136    00000019     graphics_HAL.obj (.const:.string:$P$T2$3)
                  0000614f    00000019     graphics_HAL.obj (.const:.string:$P$T3$4)
                  00006168    00000019     graphics_HAL.obj (.const:.string:$P$T4$5)
                  00006181    00000019     graphics_HAL.obj (.const:.string:$P$T5$6)
                  0000619a    00000019     graphics_HAL.obj (.const:.string:$P$T6$7)
                  000061b3    00000019     graphics_HAL.obj (.const:.string:$P$T7$8)
                  000061cc    00000019     graphics_HAL.obj (.const:.string:$P$T8$9)
                  000061e5    00000019     graphics_HAL.obj (.const:.string:$P$T9$10)
                  000061fe    0000000a     graphics_HAL.obj (.const:.string:$P$T18$19)
                  00006208    0000000a     graphics_HAL.obj (.const:.string:$P$T19$20)
                  00006212    00000008     Crystalfontz128x128_ST7735.obj (.const:$P$T0$1)
                  0000621a    00000002     --HOLE-- [fill = 0]
                  0000621c    00000008     msp432p4xx_driverlib.lib : interrupt.o (.const:g_pulEnRegs)

.cinit     0    00006228    00000038     
                  00006228    0000000d     (.cinit..data.load) [load image, compression = lzss]
                  00006235    00000003     --HOLE-- [fill = 0]
                  00006238    0000000c     (__TI_handler_table)
                  00006244    00000004     --HOLE-- [fill = 0]
                  00006248    00000008     (.cinit..bss.load) [load image, compression = zero_init]
                  00006250    00000010     (__TI_cinit_table)

.init_array 
*          0    00000000    00000000     UNINITIALIZED

.binit     0    00000000    00000000     

.bss       0    20000000    0000003a     UNINITIALIZED
                  20000000    00000018     (.common:timer0)
                  20000018    00000018     (.common:timer1)
                  20000030    00000002     (.common:Lcd_ScreenHeigth)
                  20000032    00000002     (.common:Lcd_ScreenWidth)
                  20000034    00000002     (.common:Lcd_TouchTrim)
                  20000036    00000001     (.common:Lcd_FlagRead)
                  20000037    00000001     (.common:Lcd_FontSolid)
                  20000038    00000001     (.common:Lcd_Orientation)
                  20000039    00000001     (.common:Lcd_PenSolid)

.data      0    2000003c    00000015     UNINITIALIZED
                  2000003c    00000010     Crystalfontz128x128_ST7735.obj (.data:g_sCrystalfontz128x128)
                  2000004c    00000004     rtsv7M4_T_le_v4SPD16_eabi.lib : errno.c.obj (.data)
                  20000050    00000001     Lab4_final_main.obj (.data)

.stack     0    2000fe00    00000200     UNINITIALIZED
                  2000fe00    00000004     rtsv7M4_T_le_v4SPD16_eabi.lib : boot_cortex_m.c.obj (.stack)
                  2000fe04    000001fc     --HOLE--

MODULE SUMMARY

       Module                                               code    ro data   rw data
       ------                                               ----    -------   -------
    .\
       graphics_HAL.obj                                     4928    470       0      
       Lab4_final_main.obj                                  992     0         2      
       Timer32_HAL.obj                                      580     0         96     
       ButtonLED_HAL.obj                                    646     0         0      
       system_msp432p401r.obj                               188     0         0      
       ADC_HAL.obj                                          144     0         0      
    +--+----------------------------------------------------+-------+---------+---------+
       Total:                                               7478    470       98     
                                                                                     
    .\LcdDriver\
       Crystalfontz128x128_ST7735.obj                       1670    40        52     
       HAL_MSP_EXP432P401R_Crystalfontz128x128_ST7735.obj   212     28        0      
    +--+----------------------------------------------------+-------+---------+---------+
       Total:                                               1882    68        52     
                                                                                     
    .\ccs\
       startup_msp432p401r_ccs.obj                          14      228       0      
    +--+----------------------------------------------------+-------+---------+---------+
       Total:                                               14      228       0      
                                                                                     
    C:/ti/simplelink_msp432p4_sdk_2_20_00_12/source/ti/devices/msp432p4xx/driverlib/ccs/msp432p4xx_driverlib.lib
       adc14.o                                              960     128       0      
       gpio.o                                               592     48        0      
       spi.o                                                312     0         0      
       timer32.o                                            246     0         0      
       interrupt.o                                          128     8         0      
       wdt_a.o                                              36      0         0      
    +--+----------------------------------------------------+-------+---------+---------+
       Total:                                               2274    184       0      
                                                                                     
    C:/ti/simplelink_msp432p4_sdk_2_20_00_12/source/ti/grlib/lib/ccs/m4f/grlib.a
       fontcmtt12.obj                                       0       1513      0      
       string.obj                                           1214    0         0      
       circle.obj                                           554     0         0      
       rectangle.obj                                        436     0         0      
       line.obj                                             312     0         0      
       context.obj                                          264     0         0      
       display.obj                                          230     0         0      
    +--+----------------------------------------------------+-------+---------+---------+
       Total:                                               3010    1513      0      
                                                                                     
    C:\ti\ccv8\ccsv8\tools\compiler\ti-cgt-arm_18.1.2.LTS\lib\rtsv7M4_T_le_v4SPD16_eabi.lib
       _printfi.c.obj                                       4863    0         0      
       fd_add_t2.asm.obj                                    438     0         0      
       fd_div_t2.asm.obj                                    310     0         0      
       s_scalbn.c.obj                                       272     0         0      
       fd_cmp_t2.asm.obj                                    268     0         0      
       ctype.c.obj                                          0       257       0      
       fd_mul_t2.asm.obj                                    252     0         0      
       memcpy_t2.asm.obj                                    156     0         0      
       ull_div_t2.asm.obj                                   150     0         0      
       memset_t2.asm.obj                                    122     0         0      
       copy_decompress_lzss.c.obj                           104     0         0      
       s_frexp.c.obj                                        100     0         0      
       sprintf.c.obj                                        98      0         0      
       ltoa.c.obj                                           84      0         0      
       atoi.c.obj                                           76      0         0      
       fd_toi_t2.asm.obj                                    72      0         0      
       autoinit.c.obj                                       68      0         0      
       boot_cortex_m.c.obj                                  56      0         0      
       i_tofd_t2.asm.obj                                    46      0         0      
       memccpy.c.obj                                        28      0         0      
       ll_mul_t2.asm.obj                                    24      0         0      
       strchr.c.obj                                         22      0         0      
       s_copysign.c.obj                                     20      0         0      
       strlen.c.obj                                         20      0         0      
       copy_zero_init.c.obj                                 18      0         0      
       wcslen.c.obj                                         18      0         0      
       errno.c.obj                                          8       0         8      
       copy_decompress_none.c.obj                           14      0         0      
       exit.c.obj                                           4       0         0      
       pre_init.c.obj                                       4       0         0      
       div0.asm.obj                                         2       0         0      
    +--+----------------------------------------------------+-------+---------+---------+
       Total:                                               7717    257       8      
                                                                                     
       Stack:                                               0       0         1024   
       Linker Generated:                                    0       49        0      
    +--+----------------------------------------------------+-------+---------+---------+
       Grand Total:                                         22375   2769      1182   


LINKER GENERATED COPY TABLES

__TI_cinit_table @ 00006250 records: 2, size/record: 8, table size: 16
	.data: load addr=00006228, load size=0000000d bytes, run addr=2000003c, run size=00000015 bytes, compression=lzss
	.bss: load addr=00006248, load size=00000008 bytes, run addr=20000000, run size=0000003a bytes, compression=zero_init


LINKER GENERATED HANDLER TABLE

__TI_handler_table @ 00006238 records: 3, size/record: 4, table size: 12
	index: 0, handler: __TI_decompress_lzss
	index: 1, handler: __TI_decompress_none
	index: 2, handler: __TI_zero_init


GLOBAL SYMBOLS: SORTED ALPHABETICALLY BY Name 

address   name                                       
-------   ----                                       
000017a7  ADC14_IRQHandler                           
00003bcd  ADC14_configureConversionMemory            
00003a7d  ADC14_configureMultiSequenceMode           
00005325  ADC14_enableConversion                     
00005721  ADC14_enableModule                         
00005151  ADC14_enableSampleTimer                    
000054d5  ADC14_getResult                            
00004a4d  ADC14_initModule                           
00005275  ADC14_toggleConversionTrigger              
000017a7  AES256_IRQHandler                          
000017a7  BusFault_Handler                           
00004c41  ButtonPushed                               
00005861  C$$EXIT                                    
000017a7  COMP_E0_IRQHandler                         
000017a7  COMP_E1_IRQHandler                         
000017a7  CS_IRQHandler                              
00002fa5  Crystalfontz128x128_Init                   
00002e71  Crystalfontz128x128_SetDrawFrame           
00004aa1  Crystalfontz128x128_SetOrientation         
000017a7  DMA_ERR_IRQHandler                         
000017a7  DMA_INT0_IRQHandler                        
000017a7  DMA_INT1_IRQHandler                        
000017a7  DMA_INT2_IRQHandler                        
000017a7  DMA_INT3_IRQHandler                        
000036d1  Debounce                                   
000017a7  DebugMon_Handler                           
000017a7  Default_Handler                            
00005219  DrawBall                                   
00004019  DrawBottom                                 
00001aed  DrawEasyStage                              
0000385d  DrawHoles                                  
000040a3  DrawLeft                                   
0000412d  DrawRight                                  
000041b7  DrawTop                                    
000045c5  DrawVxVy                                   
0000545d  DrawWalls                                  
000017a7  EUSCIA0_IRQHandler                         
000017a7  EUSCIA1_IRQHandler                         
000017a7  EUSCIA2_IRQHandler                         
000017a7  EUSCIA3_IRQHandler                         
000017a7  EUSCIB0_IRQHandler                         
000017a7  EUSCIB1_IRQHandler                         
000017a7  EUSCIB2_IRQHandler                         
000017a7  EUSCIB3_IRQHandler                         
000055dd  EUSCI_A_SPI_enable                         
000055f3  EUSCI_B_SPI_enable                         
000017a7  FLCTL_IRQHandler                           
000017a7  FPU_IRQHandler                             
000051b9  GPIO_getInputPinValue                      
00004949  GPIO_setAsInputPinWithPullUpResistor       
00004ebd  GPIO_setAsOutputPin                        
00004241  GPIO_setAsPeripheralModuleFunctionInputPin 
000042c9  GPIO_setAsPeripheralModuleFunctionOutputPin
00005375  GPIO_setOutputHighOnPin                    
0000539d  GPIO_setOutputLowOnPin                     
000053c5  GPIO_toggleOutputOnPin                     
00000fc1  GameOver                                   
000056af  Graphics_clearDisplay                      
00005545  Graphics_clearDisplayOnDisplay             
000050e5  Graphics_drawHorizontalLineOnDisplay       
00003daf  Graphics_drawLineH                         
00003e4b  Graphics_drawLineV                         
000048ed  Graphics_drawPixel                         
000052cd  Graphics_drawPixelOnDisplay                
00003c71  Graphics_drawRectangle                     
00000b43  Graphics_drawString                        
0000511b  Graphics_drawVerticalLineOnDisplay         
00002311  Graphics_fillCircle                        
000031f1  Graphics_fillRectangle                     
0000547b  Graphics_fillRectangleOnDisplay            
00004b9d  Graphics_initContext                       
0000555f  Graphics_setBackgroundColor                
00005579  Graphics_setFont                           
00005609  Graphics_setForegroundColor                
0000561f  Graphics_translateColorOnDisplay           
000051e9  HAL_LCD_PortInit                           
00004f3d  HAL_LCD_SpiInit                            
0000503d  HAL_LCD_writeCommand                       
000052f9  HAL_LCD_writeData                          
000017a7  HardFault_Handler                          
000056f5  InitFonts                                  
00004db1  InitGraphics                               
00005499  InitOneShotSWTimer                         
0000445d  Interrupt_enableInterrupt                  
0000564b  LaunchpadLeftButton_pressed                
0000565f  LaunchpadRightButton_pressed               
20000036  Lcd_FlagRead                               
20000037  Lcd_FontSolid                              
20000038  Lcd_Orientation                            
20000039  Lcd_PenSolid                               
20000030  Lcd_ScreenHeigth                           
20000032  Lcd_ScreenWidth                            
20000034  Lcd_TouchTrim                              
000017a7  MemManage_Handler                          
00003511  ModifyLEDColor                             
00001421  MoveBall                                   
000017a7  NMI_Handler                                
00003b25  OneShotSWTimerExpired                      
000017a7  PCM_IRQHandler                             
000017a7  PORT1_IRQHandler                           
000017a7  PORT2_IRQHandler                           
000017a7  PORT3_IRQHandler                           
000017a7  PORT4_IRQHandler                           
000017a7  PORT5_IRQHandler                           
000017a7  PORT6_IRQHandler                           
000017a7  PSS_IRQHandler                             
000017a7  PendSV_Handler                             
000017a7  RTC_C_IRQHandler                           
0000572d  Reset_Handler                              
000054f1  SPI_enableModule                           
000039cb  SPI_initMaster                             
000017a7  SVC_Handler                                
000054b7  StartOneShotSWTimer                        
000017a7  SysTick_Handler                            
000037a1  SystemInit                                 
0000550d  T32_INT1_IRQHandler                        
0000550d  T32_INT1_IRQHandler                        
000017a7  T32_INT2_IRQHandler                        
000017a7  T32_INTC_IRQHandler                        
000017a7  TA0_0_IRQHandler                           
000017a7  TA0_N_IRQHandler                           
000017a7  TA1_0_IRQHandler                           
000017a7  TA1_N_IRQHandler                           
000017a7  TA2_0_IRQHandler                           
000017a7  TA2_N_IRQHandler                           
000017a7  TA3_0_IRQHandler                           
000017a7  TA3_N_IRQHandler                           
00004e39  TargetCell                                 
00005673  Timer32_clearInterruptFlag                 
00005703  Timer32_getValue                           
00004631  Timer32_initModule                         
00005185  Timer32_setCount                           
00005075  Timer32_startTimer                         
000017a7  UsageFault_Handler                         
4000480c  WDTCTL_SYM                                 
000017a7  WDT_A_IRQHandler                           
00005415  WDT_A_holdTimer                            
000053ed  WaitCycles                                 
00003601  Win                                        
000017a9  WriteSpeed                                 
20010000  __STACK_END                                
00000200  __STACK_SIZE                               
00006250  __TI_CINIT_Base                            
00006260  __TI_CINIT_Limit                           
00006238  __TI_Handler_Table_Base                    
00006244  __TI_Handler_Table_Limit                   
00004df5  __TI_auto_init_nobinit_nopinit             
00004699  __TI_decompress_lzss                       
00005711  __TI_decompress_none                       
ffffffff  __TI_pprof_out_hndl                        
000000e5  __TI_printfi                               
ffffffff  __TI_prof_data_size                        
ffffffff  __TI_prof_data_start                       
00000000  __TI_static_base__                         
000056c1  __TI_zero_init_nomemset                    
00004351  __aeabi_cdcmpeq                            
00004351  __aeabi_cdcmple                            
000043d7  __aeabi_cdrcmple                           
00004d21  __aeabi_d2iz                               
000028ef  __aeabi_dadd                               
00002d39  __aeabi_ddiv                               
00003415  __aeabi_dmul                               
000028e5  __aeabi_dsub                               
00005855  __aeabi_errno_addr                         
00005247  __aeabi_i2d                                
00002713  __aeabi_idiv0                              
00002713  __aeabi_ldiv0                              
000055c5  __aeabi_lmul                               
000044dd  __aeabi_memclr                             
000044dd  __aeabi_memclr4                            
000044dd  __aeabi_memclr8                            
00003ee7  __aeabi_memcpy                             
00003ee7  __aeabi_memcpy4                            
00003ee7  __aeabi_memcpy8                            
000044df  __aeabi_memset                             
000044df  __aeabi_memset4                            
000044df  __aeabi_memset8                            
00003f83  __aeabi_uldivmod                           
ffffffff  __binit__                                  
ffffffff  __c_args__                                 
UNDEFED   __mpu_init                                 
2000fe00  __stack                                    
000050ad  _c_int00_noargs                            
00005d85  _ctypes_                                   
UNDEFED   _system_post_cinit                         
0000585d  _system_pre_init                           
00005861  abort                                      
00004c8d  atoi                                       
ffffffff  binit                                      
00005687  copysign                                   
00005687  copysignl                                  
2000004c  errno                                      
00004701  frexp                                      
00004701  frexpl                                     
2000003c  g_sCrystalfontz128x128                     
00006000  g_sCrystalfontz128x128_funcs               
00005e88  g_sFontCmtt12                              
00005439  getSampleAccelerometer                     
00005593  initADC                                    
00004d69  initAccelerometer                          
00004cd9  initButton                                 
00004765  initHWTimer0                               
000047c9  initHWTimer1                               
00004af5  initialize                                 
00005739  initialize_BoosterpackLED_blue             
00005745  initialize_BoosterpackLED_green            
00005751  initialize_BoosterpackLED_red              
0000575d  initialize_LaunchpadLED1                   
00005769  initialize_LaunchpadLED2_blue              
00005775  initialize_LaunchpadLED2_green             
00005781  initialize_LaunchpadLED2_red               
00000000  interruptVectors                           
00003305  ldexp                                      
00003305  ldexpl                                     
00004b49  ltoa                                       
00001e05  main                                       
00005529  memccpy                                    
00003ee7  memcpy                                     
000044e5  memset                                     
00003305  scalbn                                     
00003305  scalbnl                                    
00004fbd  sprintf                                    
0000578d  startADC                                   
000049f7  startHWTimer                               
00005635  strchr                                     
0000569b  strlen                                     
20000000  timer0                                     
20000018  timer1                                     
00005799  toggle_BoosterpackLED_blue                 
000057a5  toggle_BoosterpackLED_green                
000057b1  toggle_BoosterpackLED_red                  
000057bd  turnOff_BoosterpackLED_blue                
000057c9  turnOff_BoosterpackLED_green               
000057d5  turnOff_BoosterpackLED_red                 
000057e1  turnOff_LaunchpadLED1                      
000057ed  turnOff_LaunchpadLED2_blue                 
000057f9  turnOff_LaunchpadLED2_green                
00005805  turnOff_LaunchpadLED2_red                  
00005811  turnOn_BoosterpackLED_green                
0000581d  turnOn_BoosterpackLED_red                  
00005829  turnOn_LaunchpadLED1                       
00005835  turnOn_LaunchpadLED2_red                   
000056d3  wcslen                                     


GLOBAL SYMBOLS: SORTED BY Symbol Address 

address   name                                       
-------   ----                                       
00000000  __TI_static_base__                         
00000000  interruptVectors                           
000000e5  __TI_printfi                               
00000200  __STACK_SIZE                               
00000b43  Graphics_drawString                        
00000fc1  GameOver                                   
00001421  MoveBall                                   
000017a7  ADC14_IRQHandler                           
000017a7  AES256_IRQHandler                          
000017a7  BusFault_Handler                           
000017a7  COMP_E0_IRQHandler                         
000017a7  COMP_E1_IRQHandler                         
000017a7  CS_IRQHandler                              
000017a7  DMA_ERR_IRQHandler                         
000017a7  DMA_INT0_IRQHandler                        
000017a7  DMA_INT1_IRQHandler                        
000017a7  DMA_INT2_IRQHandler                        
000017a7  DMA_INT3_IRQHandler                        
000017a7  DebugMon_Handler                           
000017a7  Default_Handler                            
000017a7  EUSCIA0_IRQHandler                         
000017a7  EUSCIA1_IRQHandler                         
000017a7  EUSCIA2_IRQHandler                         
000017a7  EUSCIA3_IRQHandler                         
000017a7  EUSCIB0_IRQHandler                         
000017a7  EUSCIB1_IRQHandler                         
000017a7  EUSCIB2_IRQHandler                         
000017a7  EUSCIB3_IRQHandler                         
000017a7  FLCTL_IRQHandler                           
000017a7  FPU_IRQHandler                             
000017a7  HardFault_Handler                          
000017a7  MemManage_Handler                          
000017a7  NMI_Handler                                
000017a7  PCM_IRQHandler                             
000017a7  PORT1_IRQHandler                           
000017a7  PORT2_IRQHandler                           
000017a7  PORT3_IRQHandler                           
000017a7  PORT4_IRQHandler                           
000017a7  PORT5_IRQHandler                           
000017a7  PORT6_IRQHandler                           
000017a7  PSS_IRQHandler                             
000017a7  PendSV_Handler                             
000017a7  RTC_C_IRQHandler                           
000017a7  SVC_Handler                                
000017a7  SysTick_Handler                            
000017a7  T32_INT2_IRQHandler                        
000017a7  T32_INTC_IRQHandler                        
000017a7  TA0_0_IRQHandler                           
000017a7  TA0_N_IRQHandler                           
000017a7  TA1_0_IRQHandler                           
000017a7  TA1_N_IRQHandler                           
000017a7  TA2_0_IRQHandler                           
000017a7  TA2_N_IRQHandler                           
000017a7  TA3_0_IRQHandler                           
000017a7  TA3_N_IRQHandler                           
000017a7  UsageFault_Handler                         
000017a7  WDT_A_IRQHandler                           
000017a9  WriteSpeed                                 
00001aed  DrawEasyStage                              
00001e05  main                                       
00002311  Graphics_fillCircle                        
00002713  __aeabi_idiv0                              
00002713  __aeabi_ldiv0                              
000028e5  __aeabi_dsub                               
000028ef  __aeabi_dadd                               
00002d39  __aeabi_ddiv                               
00002e71  Crystalfontz128x128_SetDrawFrame           
00002fa5  Crystalfontz128x128_Init                   
000031f1  Graphics_fillRectangle                     
00003305  ldexp                                      
00003305  ldexpl                                     
00003305  scalbn                                     
00003305  scalbnl                                    
00003415  __aeabi_dmul                               
00003511  ModifyLEDColor                             
00003601  Win                                        
000036d1  Debounce                                   
000037a1  SystemInit                                 
0000385d  DrawHoles                                  
000039cb  SPI_initMaster                             
00003a7d  ADC14_configureMultiSequenceMode           
00003b25  OneShotSWTimerExpired                      
00003bcd  ADC14_configureConversionMemory            
00003c71  Graphics_drawRectangle                     
00003daf  Graphics_drawLineH                         
00003e4b  Graphics_drawLineV                         
00003ee7  __aeabi_memcpy                             
00003ee7  __aeabi_memcpy4                            
00003ee7  __aeabi_memcpy8                            
00003ee7  memcpy                                     
00003f83  __aeabi_uldivmod                           
00004019  DrawBottom                                 
000040a3  DrawLeft                                   
0000412d  DrawRight                                  
000041b7  DrawTop                                    
00004241  GPIO_setAsPeripheralModuleFunctionInputPin 
000042c9  GPIO_setAsPeripheralModuleFunctionOutputPin
00004351  __aeabi_cdcmpeq                            
00004351  __aeabi_cdcmple                            
000043d7  __aeabi_cdrcmple                           
0000445d  Interrupt_enableInterrupt                  
000044dd  __aeabi_memclr                             
000044dd  __aeabi_memclr4                            
000044dd  __aeabi_memclr8                            
000044df  __aeabi_memset                             
000044df  __aeabi_memset4                            
000044df  __aeabi_memset8                            
000044e5  memset                                     
000045c5  DrawVxVy                                   
00004631  Timer32_initModule                         
00004699  __TI_decompress_lzss                       
00004701  frexp                                      
00004701  frexpl                                     
00004765  initHWTimer0                               
000047c9  initHWTimer1                               
000048ed  Graphics_drawPixel                         
00004949  GPIO_setAsInputPinWithPullUpResistor       
000049f7  startHWTimer                               
00004a4d  ADC14_initModule                           
00004aa1  Crystalfontz128x128_SetOrientation         
00004af5  initialize                                 
00004b49  ltoa                                       
00004b9d  Graphics_initContext                       
00004c41  ButtonPushed                               
00004c8d  atoi                                       
00004cd9  initButton                                 
00004d21  __aeabi_d2iz                               
00004d69  initAccelerometer                          
00004db1  InitGraphics                               
00004df5  __TI_auto_init_nobinit_nopinit             
00004e39  TargetCell                                 
00004ebd  GPIO_setAsOutputPin                        
00004f3d  HAL_LCD_SpiInit                            
00004fbd  sprintf                                    
0000503d  HAL_LCD_writeCommand                       
00005075  Timer32_startTimer                         
000050ad  _c_int00_noargs                            
000050e5  Graphics_drawHorizontalLineOnDisplay       
0000511b  Graphics_drawVerticalLineOnDisplay         
00005151  ADC14_enableSampleTimer                    
00005185  Timer32_setCount                           
000051b9  GPIO_getInputPinValue                      
000051e9  HAL_LCD_PortInit                           
00005219  DrawBall                                   
00005247  __aeabi_i2d                                
00005275  ADC14_toggleConversionTrigger              
000052cd  Graphics_drawPixelOnDisplay                
000052f9  HAL_LCD_writeData                          
00005325  ADC14_enableConversion                     
00005375  GPIO_setOutputHighOnPin                    
0000539d  GPIO_setOutputLowOnPin                     
000053c5  GPIO_toggleOutputOnPin                     
000053ed  WaitCycles                                 
00005415  WDT_A_holdTimer                            
00005439  getSampleAccelerometer                     
0000545d  DrawWalls                                  
0000547b  Graphics_fillRectangleOnDisplay            
00005499  InitOneShotSWTimer                         
000054b7  StartOneShotSWTimer                        
000054d5  ADC14_getResult                            
000054f1  SPI_enableModule                           
0000550d  T32_INT1_IRQHandler                        
0000550d  T32_INT1_IRQHandler                        
00005529  memccpy                                    
00005545  Graphics_clearDisplayOnDisplay             
0000555f  Graphics_setBackgroundColor                
00005579  Graphics_setFont                           
00005593  initADC                                    
000055c5  __aeabi_lmul                               
000055dd  EUSCI_A_SPI_enable                         
000055f3  EUSCI_B_SPI_enable                         
00005609  Graphics_setForegroundColor                
0000561f  Graphics_translateColorOnDisplay           
00005635  strchr                                     
0000564b  LaunchpadLeftButton_pressed                
0000565f  LaunchpadRightButton_pressed               
00005673  Timer32_clearInterruptFlag                 
00005687  copysign                                   
00005687  copysignl                                  
0000569b  strlen                                     
000056af  Graphics_clearDisplay                      
000056c1  __TI_zero_init_nomemset                    
000056d3  wcslen                                     
000056f5  InitFonts                                  
00005703  Timer32_getValue                           
00005711  __TI_decompress_none                       
00005721  ADC14_enableModule                         
0000572d  Reset_Handler                              
00005739  initialize_BoosterpackLED_blue             
00005745  initialize_BoosterpackLED_green            
00005751  initialize_BoosterpackLED_red              
0000575d  initialize_LaunchpadLED1                   
00005769  initialize_LaunchpadLED2_blue              
00005775  initialize_LaunchpadLED2_green             
00005781  initialize_LaunchpadLED2_red               
0000578d  startADC                                   
00005799  toggle_BoosterpackLED_blue                 
000057a5  toggle_BoosterpackLED_green                
000057b1  toggle_BoosterpackLED_red                  
000057bd  turnOff_BoosterpackLED_blue                
000057c9  turnOff_BoosterpackLED_green               
000057d5  turnOff_BoosterpackLED_red                 
000057e1  turnOff_LaunchpadLED1                      
000057ed  turnOff_LaunchpadLED2_blue                 
000057f9  turnOff_LaunchpadLED2_green                
00005805  turnOff_LaunchpadLED2_red                  
00005811  turnOn_BoosterpackLED_green                
0000581d  turnOn_BoosterpackLED_red                  
00005829  turnOn_LaunchpadLED1                       
00005835  turnOn_LaunchpadLED2_red                   
00005855  __aeabi_errno_addr                         
0000585d  _system_pre_init                           
00005861  C$$EXIT                                    
00005861  abort                                      
00005d85  _ctypes_                                   
00005e88  g_sFontCmtt12                              
00006000  g_sCrystalfontz128x128_funcs               
00006238  __TI_Handler_Table_Base                    
00006244  __TI_Handler_Table_Limit                   
00006250  __TI_CINIT_Base                            
00006260  __TI_CINIT_Limit                           
20000000  timer0                                     
20000018  timer1                                     
20000030  Lcd_ScreenHeigth                           
20000032  Lcd_ScreenWidth                            
20000034  Lcd_TouchTrim                              
20000036  Lcd_FlagRead                               
20000037  Lcd_FontSolid                              
20000038  Lcd_Orientation                            
20000039  Lcd_PenSolid                               
2000003c  g_sCrystalfontz128x128                     
2000004c  errno                                      
2000fe00  __stack                                    
20010000  __STACK_END                                
4000480c  WDTCTL_SYM                                 
ffffffff  __TI_pprof_out_hndl                        
ffffffff  __TI_prof_data_size                        
ffffffff  __TI_prof_data_start                       
ffffffff  __binit__                                  
ffffffff  __c_args__                                 
ffffffff  binit                                      
UNDEFED   __mpu_init                                 
UNDEFED   _system_post_cinit                         

[243 symbols]
