******************************************************************************
                  TI ARM Linker PC v18.1.2                     
******************************************************************************
>> Linked Mon Dec  3 15:39:47 2018

OUTPUT FILE NAME:   <Lab4_final.out>
ENTRY POINT SYMBOL: "_c_int00_noargs"  address: 00004271


MEMORY CONFIGURATION

         name            origin    length      used     unused   attr    fill
----------------------  --------  ---------  --------  --------  ----  --------
  MAIN                  00000000   00040000  000051f4  0003ae0c  R  X
  INFO                  00200000   00004000  00000000  00004000  R  X
  SRAM_CODE             01000000   00010000  0000024f  0000fdb1  RW X
  SRAM_DATA             20000000   00010000  0000024f  0000fdb1  RW  


SEGMENT ALLOCATION MAP

run origin  load origin   length   init length attrs members
----------  ----------- ---------- ----------- ----- -------
00000000    00000000    000051f8   000051f8    r-x
  00000000    00000000    000000e4   000000e4    r-- .intvecs
  000000e4    000000e4    000048dc   000048dc    r-x .text
  000049c0    000049c0    000007fc   000007fc    r-- .const
  000051c0    000051c0    00000038   00000038    r-- .cinit
20000000    20000000    00000051   00000000    rw-
  20000000    20000000    0000003a   00000000    rw- .bss
  2000003c    2000003c    00000015   00000000    rw- .data
2000fe00    2000fe00    00000200   00000000    rw-
  2000fe00    2000fe00    00000200   00000000    rw- .stack


SECTION ALLOCATION MAP

 output                                  attributes/
section   page    origin      length       input sections
--------  ----  ----------  ----------   ----------------
.intvecs   0    00000000    000000e4     
                  00000000    000000e4     startup_msp432p401r_ccs.obj (.intvecs:retain)

.text      0    000000e4    000048dc     
                  000000e4    00000a5e     rtsv7M4_T_le_v4SPD16_eabi.lib : _printfi.c.obj (.text:__TI_printfi)
                  00000b42    0000047e     grlib.a : string.obj (.text:Graphics_drawString)
                  00000fc0    00000270     rtsv7M4_T_le_v4SPD16_eabi.lib : _printfi.c.obj (.text:_pconv_a)
                  00001230    0000022a     grlib.a : circle.obj (.text:Graphics_fillCircle)
                  0000145a    000001d8     Crystalfontz128x128_ST7735.obj (.text:Crystalfontz128x128_PixelDrawMultiple)
                  00001632    00000002     startup_msp432p401r_ccs.obj (.text:Default_Handler)
                  00001634    000001d0     rtsv7M4_T_le_v4SPD16_eabi.lib : _printfi.c.obj (.text:_pconv_g)
                  00001804    000001b6                                   : fd_add_t2.asm.obj (.text)
                  000019ba    00000002                                   : div0.asm.obj (.text)
                  000019bc    0000016b     graphics_HAL.obj (.text:WriteSpeed)
                  00001b27    00000001     --HOLE-- [fill = 0]
                  00001b28    00000160     msp432p4xx_driverlib.lib : adc14.o (.text:_getIndexForMemRegister)
                  00001c88    00000148     Lab4_final_main.obj (.text:main)
                  00001dd0    0000013e     graphics_HAL.obj (.text:DrawEasyStage)
                  00001f0e    00000002     --HOLE-- [fill = 0]
                  00001f10    0000013c     rtsv7M4_T_le_v4SPD16_eabi.lib : _printfi.c.obj (.text:_pconv_e)
                  0000204c    00000136                                   : fd_div_t2.asm.obj (.text)
                  00002182    00000002     --HOLE-- [fill = 0]
                  00002184    00000134     Crystalfontz128x128_ST7735.obj (.text:Crystalfontz128x128_SetDrawFrame)
                  000022b8    0000012c     Crystalfontz128x128_ST7735.obj (.text:Crystalfontz128x128_Init)
                  000023e4    00000120     rtsv7M4_T_le_v4SPD16_eabi.lib : _printfi.c.obj (.text:fcvt)
                  00002504    00000110                                   : s_scalbn.c.obj (.text:scalbn)
                  00002614    000000fc                                   : fd_mul_t2.asm.obj (.text)
                  00002710    000000fa     grlib.a : string.obj (.text:Graphics_getStringWidth)
                  0000280a    00000002     --HOLE-- [fill = 0]
                  0000280c    000000f0     Lab4_final_main.obj (.text:ModifyLEDColor)
                  000028fc    000000ce     ButtonLED_HAL.obj (.text:Debounce)
                  000029ca    00000002     --HOLE-- [fill = 0]
                  000029cc    000000bc     system_msp432p401r.obj (.text:SystemInit)
                  00002a88    000000ba     graphics_HAL.obj (.text:DrawHoles)
                  00002b42    00000002     --HOLE-- [fill = 0]
                  00002b44    000000b1     rtsv7M4_T_le_v4SPD16_eabi.lib : _printfi.c.obj (.text:_ltostr)
                  00002bf5    00000001     --HOLE-- [fill = 0]
                  00002bf6    000000b0     msp432p4xx_driverlib.lib : spi.o (.text:SPI_initMaster)
                  00002ca6    00000002     --HOLE-- [fill = 0]
                  00002ca8    000000a8                              : adc14.o (.text:ADC14_configureMultiSequenceMode)
                  00002d50    000000a8     Timer32_HAL.obj (.text:OneShotSWTimerExpired)
                  00002df8    000000a4     msp432p4xx_driverlib.lib : adc14.o (.text:ADC14_configureConversionMemory)
                  00002e9c    0000009c     Crystalfontz128x128_ST7735.obj (.text:Crystalfontz128x128_RectFill)
                  00002f38    0000009c     grlib.a : line.obj (.text:Graphics_drawLineH)
                  00002fd4    0000009c     rtsv7M4_T_le_v4SPD16_eabi.lib : memcpy_t2.asm.obj (.text)
                  00003070    00000096                                   : ull_div_t2.asm.obj (.text)
                  00003106    0000008a     graphics_HAL.obj (.text:DrawBottom)
                  00003190    0000008a     graphics_HAL.obj (.text:DrawLeft)
                  0000321a    0000008a     graphics_HAL.obj (.text:DrawRight)
                  000032a4    0000008a     graphics_HAL.obj (.text:DrawTop)
                  0000332e    00000002     --HOLE-- [fill = 0]
                  00003330    00000088     msp432p4xx_driverlib.lib : gpio.o (.text:GPIO_setAsPeripheralModuleFunctionInputPin)
                  000033b8    00000088                              : gpio.o (.text:GPIO_setAsPeripheralModuleFunctionOutputPin)
                  00003440    00000086     rtsv7M4_T_le_v4SPD16_eabi.lib : fd_cmp_t2.asm.obj (.text:__aeabi_cdcmple)
                  000034c6    00000086                                   : fd_cmp_t2.asm.obj (.text:__aeabi_cdrcmple)
                  0000354c    00000082     graphics_HAL.obj (.text:make_5digit_NumString)
                  000035ce    00000002     --HOLE-- [fill = 0]
                  000035d0    00000080     msp432p4xx_driverlib.lib : interrupt.o (.text:Interrupt_enableInterrupt)
                  00003650    0000007a     rtsv7M4_T_le_v4SPD16_eabi.lib : memset_t2.asm.obj (.text)
                  000036ca    0000006e                                   : _printfi.c.obj (.text:_mcpy)
                  00003738    0000006c     graphics_HAL.obj (.text:DrawVxVy)
                  000037a4    00000068     msp432p4xx_driverlib.lib : timer32.o (.text:Timer32_initModule)
                  0000380c    00000068     rtsv7M4_T_le_v4SPD16_eabi.lib : copy_decompress_lzss.c.obj (.text:decompress:lzss:__TI_decompress_lzss)
                  00003874    00000064                                   : s_frexp.c.obj (.text:frexp)
                  000038d8    00000064     Timer32_HAL.obj (.text:initHWTimer0)
                  0000393c    00000064     Timer32_HAL.obj (.text:initHWTimer1)
                  000039a0    00000060     Crystalfontz128x128_ST7735.obj (.text:Crystalfontz128x128_LineDrawH)
                  00003a00    00000060     Crystalfontz128x128_ST7735.obj (.text:Crystalfontz128x128_LineDrawV)
                  00003a60    0000005a     grlib.a : context.obj (.text:Graphics_drawPixel)
                  00003aba    00000002     --HOLE-- [fill = 0]
                  00003abc    00000058     msp432p4xx_driverlib.lib : gpio.o (.text:GPIO_setAsInputPinWithPullUpResistor)
                  00003b14    00000056     rtsv7M4_T_le_v4SPD16_eabi.lib : _printfi.c.obj (.text:_pconv_f)
                  00003b6a    00000056     Timer32_HAL.obj (.text:startHWTimer)
                  00003bc0    00000054     msp432p4xx_driverlib.lib : adc14.o (.text:ADC14_initModule)
                  00003c14    00000054     Crystalfontz128x128_ST7735.obj (.text:Crystalfontz128x128_SetOrientation)
                  00003c68    00000054     Lab4_final_main.obj (.text:initialize)
                  00003cbc    00000054     rtsv7M4_T_le_v4SPD16_eabi.lib : ltoa.c.obj (.text:ltoa)
                  00003d10    00000052     grlib.a : context.obj (.text:Graphics_initContext)
                  00003d62    00000052     rtsv7M4_T_le_v4SPD16_eabi.lib : _printfi.c.obj (.text:_ecpy)
                  00003db4    0000004c     ButtonLED_HAL.obj (.text:ButtonPushed)
                  00003e00    0000004c     rtsv7M4_T_le_v4SPD16_eabi.lib : atoi.c.obj (.text:atoi)
                  00003e4c    0000004a     graphics_HAL.obj (.text:drawAccelData)
                  00003e96    00000048     grlib.a : string.obj (.text:Graphics_drawStringCentered)
                  00003ede    00000002     --HOLE-- [fill = 0]
                  00003ee0    00000048     ButtonLED_HAL.obj (.text:initButton)
                  00003f28    00000048     rtsv7M4_T_le_v4SPD16_eabi.lib : fd_toi_t2.asm.obj (.text)
                  00003f70    00000046     ADC_HAL.obj (.text:initAccelerometer)
                  00003fb6    00000002     --HOLE-- [fill = 0]
                  00003fb8    00000044     graphics_HAL.obj (.text:InitGraphics)
                  00003ffc    00000044     rtsv7M4_T_le_v4SPD16_eabi.lib : autoinit.c.obj (.text:__TI_auto_init_nobinit_nopinit:__TI_auto_init_nobinit_nopinit)
                  00004040    00000040     Crystalfontz128x128_ST7735.obj (.text:Crystalfontz128x128_PixelDraw)
                  00004080    00000040     msp432p4xx_driverlib.lib : gpio.o (.text:GPIO_setAsOutputPin)
                  000040c0    00000040     grlib.a : string.obj (.text:Graphics_getNumberOfLeadingZeros)
                  00004100    00000040     HAL_MSP_EXP432P401R_Crystalfontz128x128_ST7735.obj (.text:HAL_LCD_SpiInit)
                  00004140    00000040     msp432p4xx_driverlib.lib : spi.o (.text:is_A_Module)
                  00004180    00000040     rtsv7M4_T_le_v4SPD16_eabi.lib : sprintf.c.obj (.text:sprintf)
                  000041c0    0000003e                                   : _printfi.c.obj (.text:_fcpy)
                  000041fe    00000002     --HOLE-- [fill = 0]
                  00004200    00000038     HAL_MSP_EXP432P401R_Crystalfontz128x128_ST7735.obj (.text:HAL_LCD_writeCommand)
                  00004238    00000038     msp432p4xx_driverlib.lib : timer32.o (.text:Timer32_startTimer)
                  00004270    00000038     rtsv7M4_T_le_v4SPD16_eabi.lib : boot_cortex_m.c.obj (.text:_c_int00_noargs:_c_int00_noargs)
                  000042a8    00000036     grlib.a : display.obj (.text:Graphics_drawHorizontalLineOnDisplay)
                  000042de    00000002     --HOLE-- [fill = 0]
                  000042e0    00000034     msp432p4xx_driverlib.lib : adc14.o (.text:ADC14_enableSampleTimer)
                  00004314    00000034                              : timer32.o (.text:Timer32_setCount)
                  00004348    00000030                              : gpio.o (.text:GPIO_getInputPinValue)
                  00004378    00000030     HAL_MSP_EXP432P401R_Crystalfontz128x128_ST7735.obj (.text:HAL_LCD_PortInit)
                  000043a8    0000002e     graphics_HAL.obj (.text:DrawBall)
                  000043d6    0000002e     rtsv7M4_T_le_v4SPD16_eabi.lib : i_tofd_t2.asm.obj (.text)
                  00004404    0000002c     msp432p4xx_driverlib.lib : adc14.o (.text:ADC14_toggleConversionTrigger)
                  00004430    0000002c     Crystalfontz128x128_ST7735.obj (.text:Crystalfontz128x128_ClearScreen)
                  0000445c    0000002c     grlib.a : display.obj (.text:Graphics_drawPixelOnDisplay)
                  00004488    0000002c     HAL_MSP_EXP432P401R_Crystalfontz128x128_ST7735.obj (.text:HAL_LCD_writeData)
                  000044b4    00000028     msp432p4xx_driverlib.lib : adc14.o (.text:ADC14_enableConversion)
                  000044dc    00000028     Crystalfontz128x128_ST7735.obj (.text:Crystalfontz128x128_ColorTranslate)
                  00004504    00000028     msp432p4xx_driverlib.lib : gpio.o (.text:GPIO_setOutputHighOnPin)
                  0000452c    00000028                              : gpio.o (.text:GPIO_setOutputLowOnPin)
                  00004554    00000028                              : gpio.o (.text:GPIO_toggleOutputOnPin)
                  0000457c    00000026     Timer32_HAL.obj (.text:WaitCycles)
                  000045a2    00000002     --HOLE-- [fill = 0]
                  000045a4    00000024     msp432p4xx_driverlib.lib : wdt_a.o (.text:WDT_A_holdTimer)
                  000045c8    00000024     ADC_HAL.obj (.text:getSampleAccelerometer)
                  000045ec    0000001e     graphics_HAL.obj (.text:DrawWalls)
                  0000460a    0000001e     Timer32_HAL.obj (.text:InitOneShotSWTimer)
                  00004628    0000001e     Timer32_HAL.obj (.text:StartOneShotSWTimer)
                  00004646    00000002     --HOLE-- [fill = 0]
                  00004648    0000001c     msp432p4xx_driverlib.lib : adc14.o (.text:ADC14_getResult)
                  00004664    0000001c                              : spi.o (.text:SPI_enableModule)
                  00004680    0000001c     Timer32_HAL.obj (.text:T32_INT1_IRQHandler)
                  0000469c    0000001c     rtsv7M4_T_le_v4SPD16_eabi.lib : memccpy.c.obj (.text:memccpy)
                  000046b8    0000001a     grlib.a : display.obj (.text:Graphics_clearDisplayOnDisplay)
                  000046d2    0000001a             : context.obj (.text:Graphics_setBackgroundColor)
                  000046ec    0000001a             : context.obj (.text:Graphics_setFont)
                  00004706    0000001a     ADC_HAL.obj (.text:initADC)
                  00004720    00000018     rtsv7M4_T_le_v4SPD16_eabi.lib : sprintf.c.obj (.text:_outs)
                  00004738    00000018                                   : ll_mul_t2.asm.obj (.text)
                  00004750    00000016     msp432p4xx_driverlib.lib : spi.o (.text:EUSCI_A_SPI_enable)
                  00004766    00000016                              : spi.o (.text:EUSCI_B_SPI_enable)
                  0000477c    00000016     grlib.a : context.obj (.text:Graphics_setForegroundColor)
                  00004792    00000016             : display.obj (.text:Graphics_translateColorOnDisplay)
                  000047a8    00000016     rtsv7M4_T_le_v4SPD16_eabi.lib : strchr.c.obj (.text:strchr)
                  000047be    00000014     ButtonLED_HAL.obj (.text:LaunchpadLeftButton_pressed)
                  000047d2    00000014     ButtonLED_HAL.obj (.text:LaunchpadRightButton_pressed)
                  000047e6    00000014     msp432p4xx_driverlib.lib : timer32.o (.text:Timer32_clearInterruptFlag)
                  000047fa    00000014     rtsv7M4_T_le_v4SPD16_eabi.lib : s_copysign.c.obj (.text:copysign)
                  0000480e    00000014                                   : strlen.c.obj (.text:strlen)
                  00004822    00000012     grlib.a : context.obj (.text:Graphics_clearDisplay)
                  00004834    00000012     rtsv7M4_T_le_v4SPD16_eabi.lib : copy_zero_init.c.obj (.text:decompress:ZI:__TI_zero_init_nomemset:__TI_zero_init_nomemset)
                  00004846    00000012                                   : wcslen.c.obj (.text:wcslen)
                  00004858    00000010     msp432p4xx_driverlib.lib : adc14.o (.text:ADCIsConversionRunning)
                  00004868    0000000e     graphics_HAL.obj (.text:InitFonts)
                  00004876    0000000e     msp432p4xx_driverlib.lib : timer32.o (.text:Timer32_getValue)
                  00004884    0000000e     rtsv7M4_T_le_v4SPD16_eabi.lib : copy_decompress_none.c.obj (.text:decompress:none:__TI_decompress_none)
                  00004892    00000002     --HOLE-- [fill = 0]
                  00004894    0000000c     msp432p4xx_driverlib.lib : adc14.o (.text:ADC14_enableModule)
                  000048a0    0000000c     startup_msp432p401r_ccs.obj (.text:Reset_Handler)
                  000048ac    0000000c     ButtonLED_HAL.obj (.text:initialize_BoosterpackLED_blue)
                  000048b8    0000000c     ButtonLED_HAL.obj (.text:initialize_BoosterpackLED_green)
                  000048c4    0000000c     ButtonLED_HAL.obj (.text:initialize_BoosterpackLED_red)
                  000048d0    0000000c     ButtonLED_HAL.obj (.text:initialize_LaunchpadLED1)
                  000048dc    0000000c     ButtonLED_HAL.obj (.text:initialize_LaunchpadLED2_blue)
                  000048e8    0000000c     ButtonLED_HAL.obj (.text:initialize_LaunchpadLED2_green)
                  000048f4    0000000c     ButtonLED_HAL.obj (.text:initialize_LaunchpadLED2_red)
                  00004900    0000000c     ADC_HAL.obj (.text:startADC)
                  0000490c    0000000c     ButtonLED_HAL.obj (.text:toggle_BoosterpackLED_blue)
                  00004918    0000000c     ButtonLED_HAL.obj (.text:toggle_BoosterpackLED_green)
                  00004924    0000000c     ButtonLED_HAL.obj (.text:toggle_BoosterpackLED_red)
                  00004930    0000000c     ButtonLED_HAL.obj (.text:turnOff_BoosterpackLED_blue)
                  0000493c    0000000c     ButtonLED_HAL.obj (.text:turnOff_BoosterpackLED_green)
                  00004948    0000000c     ButtonLED_HAL.obj (.text:turnOff_LaunchpadLED1)
                  00004954    0000000c     ButtonLED_HAL.obj (.text:turnOff_LaunchpadLED2_blue)
                  00004960    0000000c     ButtonLED_HAL.obj (.text:turnOff_LaunchpadLED2_green)
                  0000496c    0000000c     ButtonLED_HAL.obj (.text:turnOff_LaunchpadLED2_red)
                  00004978    0000000c     ButtonLED_HAL.obj (.text:turnOn_BoosterpackLED_red)
                  00004984    0000000c     ButtonLED_HAL.obj (.text:turnOn_LaunchpadLED1)
                  00004990    0000000c     ButtonLED_HAL.obj (.text:turnOn_LaunchpadLED2_red)
                  0000499c    0000000a     Crystalfontz128x128_ST7735.obj (.text:Crystalfontz128x128_Flush)
                  000049a6    0000000a     rtsv7M4_T_le_v4SPD16_eabi.lib : sprintf.c.obj (.text:_outc)
                  000049b0    00000008                                   : errno.c.obj (.text:__aeabi_errno_addr)
                  000049b8    00000004                                   : pre_init.c.obj (.text:_system_pre_init)
                  000049bc    00000004                                   : exit.c.obj (.text:abort:abort)

.const     0    000049c0    000007fc     
                  000049c0    00000521     grlib.a : fontcmtt12.obj (.const:.string:g_pucCmtt12Data)
                  00004ee1    00000101     rtsv7M4_T_le_v4SPD16_eabi.lib : ctype.c.obj (.const:.string:_ctypes_)
                  00004fe2    00000002     --HOLE-- [fill = 0]
                  00004fe4    000000c8     grlib.a : fontcmtt12.obj (.const:g_sFontCmtt12)
                  000050ac    00000080     msp432p4xx_driverlib.lib : adc14.o (.const:_ctlRegs)
                  0000512c    00000030                              : gpio.o (.const:GPIO_PORT_TO_BASE)
                  0000515c    00000020     Crystalfontz128x128_ST7735.obj (.const:g_sCrystalfontz128x128_funcs)
                  0000517c    0000001c     HAL_MSP_EXP432P401R_Crystalfontz128x128_ST7735.obj (.const:$P$T0$1)
                  00005198    0000000a     graphics_HAL.obj (.const:.string:$P$T0$1)
                  000051a2    0000000a     graphics_HAL.obj (.const:.string:$P$T1$2)
                  000051ac    00000008     Crystalfontz128x128_ST7735.obj (.const:$P$T0$1)
                  000051b4    00000008     msp432p4xx_driverlib.lib : interrupt.o (.const:g_pulEnRegs)

.cinit     0    000051c0    00000038     
                  000051c0    0000000d     (.cinit..data.load) [load image, compression = lzss]
                  000051cd    00000003     --HOLE-- [fill = 0]
                  000051d0    0000000c     (__TI_handler_table)
                  000051dc    00000004     --HOLE-- [fill = 0]
                  000051e0    00000008     (.cinit..bss.load) [load image, compression = zero_init]
                  000051e8    00000010     (__TI_cinit_table)

.init_array 
*          0    00000000    00000000     UNINITIALIZED

.binit     0    00000000    00000000     

.bss       0    20000000    0000003a     UNINITIALIZED
                  20000000    00000018     (.common:timer0)
                  20000018    00000018     (.common:timer1)
                  20000030    00000002     (.common:Lcd_ScreenHeigth)
                  20000032    00000002     (.common:Lcd_ScreenWidth)
                  20000034    00000002     (.common:Lcd_TouchTrim)
                  20000036    00000001     (.common:Lcd_FlagRead)
                  20000037    00000001     (.common:Lcd_FontSolid)
                  20000038    00000001     (.common:Lcd_Orientation)
                  20000039    00000001     (.common:Lcd_PenSolid)

.data      0    2000003c    00000015     UNINITIALIZED
                  2000003c    00000010     Crystalfontz128x128_ST7735.obj (.data:g_sCrystalfontz128x128)
                  2000004c    00000004     rtsv7M4_T_le_v4SPD16_eabi.lib : errno.c.obj (.data)
                  20000050    00000001     Lab4_final_main.obj (.data)

.stack     0    2000fe00    00000200     UNINITIALIZED
                  2000fe00    00000004     rtsv7M4_T_le_v4SPD16_eabi.lib : boot_cortex_m.c.obj (.stack)
                  2000fe04    000001fc     --HOLE--

MODULE SUMMARY

       Module                                               code    ro data   rw data
       ------                                               ----    -------   -------
    .\
       graphics_HAL.obj                                     1889    20        0      
       Timer32_HAL.obj                                      580     0         96     
       Lab4_final_main.obj                                  652     0         2      
       ButtonLED_HAL.obj                                    622     0         0      
       system_msp432p401r.obj                               188     0         0      
       ADC_HAL.obj                                          144     0         0      
    +--+----------------------------------------------------+-------+---------+---------+
       Total:                                               4075    20        98     
                                                                                     
    .\LcdDriver\
       Crystalfontz128x128_ST7735.obj                       1670    40        52     
       HAL_MSP_EXP432P401R_Crystalfontz128x128_ST7735.obj   212     28        0      
    +--+----------------------------------------------------+-------+---------+---------+
       Total:                                               1882    68        52     
                                                                                     
    .\ccs\
       startup_msp432p401r_ccs.obj                          14      228       0      
    +--+----------------------------------------------------+-------+---------+---------+
       Total:                                               14      228       0      
                                                                                     
    C:/ti/simplelink_msp432p4_sdk_2_20_00_12/source/ti/devices/msp432p4xx/driverlib/ccs/msp432p4xx_driverlib.lib
       adc14.o                                              960     128       0      
       gpio.o                                               592     48        0      
       spi.o                                                312     0         0      
       timer32.o                                            246     0         0      
       interrupt.o                                          128     8         0      
       wdt_a.o                                              36      0         0      
    +--+----------------------------------------------------+-------+---------+---------+
       Total:                                               2274    184       0      
                                                                                     
    C:/ti/simplelink_msp432p4_sdk_2_20_00_12/source/ti/grlib/lib/ccs/m4f/grlib.a
       string.obj                                           1536    0         0      
       fontcmtt12.obj                                       0       1513      0      
       circle.obj                                           554     0         0      
       context.obj                                          264     0         0      
       line.obj                                             156     0         0      
       display.obj                                          146     0         0      
    +--+----------------------------------------------------+-------+---------+---------+
       Total:                                               2656    1513      0      
                                                                                     
    C:\ti\ccv8\ccsv8\tools\compiler\ti-cgt-arm_18.1.2.LTS\lib\rtsv7M4_T_le_v4SPD16_eabi.lib
       _printfi.c.obj                                       4863    0         0      
       fd_add_t2.asm.obj                                    438     0         0      
       fd_div_t2.asm.obj                                    310     0         0      
       s_scalbn.c.obj                                       272     0         0      
       fd_cmp_t2.asm.obj                                    268     0         0      
       ctype.c.obj                                          0       257       0      
       fd_mul_t2.asm.obj                                    252     0         0      
       memcpy_t2.asm.obj                                    156     0         0      
       ull_div_t2.asm.obj                                   150     0         0      
       memset_t2.asm.obj                                    122     0         0      
       copy_decompress_lzss.c.obj                           104     0         0      
       s_frexp.c.obj                                        100     0         0      
       sprintf.c.obj                                        98      0         0      
       ltoa.c.obj                                           84      0         0      
       atoi.c.obj                                           76      0         0      
       fd_toi_t2.asm.obj                                    72      0         0      
       autoinit.c.obj                                       68      0         0      
       boot_cortex_m.c.obj                                  56      0         0      
       i_tofd_t2.asm.obj                                    46      0         0      
       memccpy.c.obj                                        28      0         0      
       ll_mul_t2.asm.obj                                    24      0         0      
       strchr.c.obj                                         22      0         0      
       s_copysign.c.obj                                     20      0         0      
       strlen.c.obj                                         20      0         0      
       copy_zero_init.c.obj                                 18      0         0      
       wcslen.c.obj                                         18      0         0      
       errno.c.obj                                          8       0         8      
       copy_decompress_none.c.obj                           14      0         0      
       exit.c.obj                                           4       0         0      
       pre_init.c.obj                                       4       0         0      
       div0.asm.obj                                         2       0         0      
    +--+----------------------------------------------------+-------+---------+---------+
       Total:                                               7717    257       8      
                                                                                     
       Stack:                                               0       0         1024   
       Linker Generated:                                    0       49        0      
    +--+----------------------------------------------------+-------+---------+---------+
       Grand Total:                                         18618   2319      1182   


LINKER GENERATED COPY TABLES

__TI_cinit_table @ 000051e8 records: 2, size/record: 8, table size: 16
	.data: load addr=000051c0, load size=0000000d bytes, run addr=2000003c, run size=00000015 bytes, compression=lzss
	.bss: load addr=000051e0, load size=00000008 bytes, run addr=20000000, run size=0000003a bytes, compression=zero_init


LINKER GENERATED HANDLER TABLE

__TI_handler_table @ 000051d0 records: 3, size/record: 4, table size: 12
	index: 0, handler: __TI_decompress_lzss
	index: 1, handler: __TI_decompress_none
	index: 2, handler: __TI_zero_init


GLOBAL SYMBOLS: SORTED ALPHABETICALLY BY Name 

address   name                                       
-------   ----                                       
00001633  ADC14_IRQHandler                           
00002df9  ADC14_configureConversionMemory            
00002ca9  ADC14_configureMultiSequenceMode           
000044b5  ADC14_enableConversion                     
00004895  ADC14_enableModule                         
000042e1  ADC14_enableSampleTimer                    
00004649  ADC14_getResult                            
00003bc1  ADC14_initModule                           
00004405  ADC14_toggleConversionTrigger              
00001633  AES256_IRQHandler                          
00001633  BusFault_Handler                           
00003db5  ButtonPushed                               
000049bd  C$$EXIT                                    
00001633  COMP_E0_IRQHandler                         
00001633  COMP_E1_IRQHandler                         
00001633  CS_IRQHandler                              
000022b9  Crystalfontz128x128_Init                   
00002185  Crystalfontz128x128_SetDrawFrame           
00003c15  Crystalfontz128x128_SetOrientation         
00001633  DMA_ERR_IRQHandler                         
00001633  DMA_INT0_IRQHandler                        
00001633  DMA_INT1_IRQHandler                        
00001633  DMA_INT2_IRQHandler                        
00001633  DMA_INT3_IRQHandler                        
000028fd  Debounce                                   
00001633  DebugMon_Handler                           
00001633  Default_Handler                            
000043a9  DrawBall                                   
00003107  DrawBottom                                 
00001dd1  DrawEasyStage                              
00002a89  DrawHoles                                  
00003191  DrawLeft                                   
0000321b  DrawRight                                  
000032a5  DrawTop                                    
00003739  DrawVxVy                                   
000045ed  DrawWalls                                  
00001633  EUSCIA0_IRQHandler                         
00001633  EUSCIA1_IRQHandler                         
00001633  EUSCIA2_IRQHandler                         
00001633  EUSCIA3_IRQHandler                         
00001633  EUSCIB0_IRQHandler                         
00001633  EUSCIB1_IRQHandler                         
00001633  EUSCIB2_IRQHandler                         
00001633  EUSCIB3_IRQHandler                         
00004751  EUSCI_A_SPI_enable                         
00004767  EUSCI_B_SPI_enable                         
00001633  FLCTL_IRQHandler                           
00001633  FPU_IRQHandler                             
00004349  GPIO_getInputPinValue                      
00003abd  GPIO_setAsInputPinWithPullUpResistor       
00004081  GPIO_setAsOutputPin                        
00003331  GPIO_setAsPeripheralModuleFunctionInputPin 
000033b9  GPIO_setAsPeripheralModuleFunctionOutputPin
00004505  GPIO_setOutputHighOnPin                    
0000452d  GPIO_setOutputLowOnPin                     
00004555  GPIO_toggleOutputOnPin                     
00004823  Graphics_clearDisplay                      
000046b9  Graphics_clearDisplayOnDisplay             
000042a9  Graphics_drawHorizontalLineOnDisplay       
00002f39  Graphics_drawLineH                         
00003a61  Graphics_drawPixel                         
0000445d  Graphics_drawPixelOnDisplay                
00000b43  Graphics_drawString                        
00003e97  Graphics_drawStringCentered                
00001231  Graphics_fillCircle                        
00002711  Graphics_getStringWidth                    
00003d11  Graphics_initContext                       
000046d3  Graphics_setBackgroundColor                
000046ed  Graphics_setFont                           
0000477d  Graphics_setForegroundColor                
00004793  Graphics_translateColorOnDisplay           
00004379  HAL_LCD_PortInit                           
00004101  HAL_LCD_SpiInit                            
00004201  HAL_LCD_writeCommand                       
00004489  HAL_LCD_writeData                          
00001633  HardFault_Handler                          
00004869  InitFonts                                  
00003fb9  InitGraphics                               
0000460b  InitOneShotSWTimer                         
000035d1  Interrupt_enableInterrupt                  
000047bf  LaunchpadLeftButton_pressed                
000047d3  LaunchpadRightButton_pressed               
20000036  Lcd_FlagRead                               
20000037  Lcd_FontSolid                              
20000038  Lcd_Orientation                            
20000039  Lcd_PenSolid                               
20000030  Lcd_ScreenHeigth                           
20000032  Lcd_ScreenWidth                            
20000034  Lcd_TouchTrim                              
00001633  MemManage_Handler                          
0000280d  ModifyLEDColor                             
00001633  NMI_Handler                                
00002d51  OneShotSWTimerExpired                      
00001633  PCM_IRQHandler                             
00001633  PORT1_IRQHandler                           
00001633  PORT2_IRQHandler                           
00001633  PORT3_IRQHandler                           
00001633  PORT4_IRQHandler                           
00001633  PORT5_IRQHandler                           
00001633  PORT6_IRQHandler                           
00001633  PSS_IRQHandler                             
00001633  PendSV_Handler                             
00001633  RTC_C_IRQHandler                           
000048a1  Reset_Handler                              
00004665  SPI_enableModule                           
00002bf7  SPI_initMaster                             
00001633  SVC_Handler                                
00004629  StartOneShotSWTimer                        
00001633  SysTick_Handler                            
000029cd  SystemInit                                 
00004681  T32_INT1_IRQHandler                        
00004681  T32_INT1_IRQHandler                        
00001633  T32_INT2_IRQHandler                        
00001633  T32_INTC_IRQHandler                        
00001633  TA0_0_IRQHandler                           
00001633  TA0_N_IRQHandler                           
00001633  TA1_0_IRQHandler                           
00001633  TA1_N_IRQHandler                           
00001633  TA2_0_IRQHandler                           
00001633  TA2_N_IRQHandler                           
00001633  TA3_0_IRQHandler                           
00001633  TA3_N_IRQHandler                           
000047e7  Timer32_clearInterruptFlag                 
00004877  Timer32_getValue                           
000037a5  Timer32_initModule                         
00004315  Timer32_setCount                           
00004239  Timer32_startTimer                         
00001633  UsageFault_Handler                         
4000480c  WDTCTL_SYM                                 
00001633  WDT_A_IRQHandler                           
000045a5  WDT_A_holdTimer                            
0000457d  WaitCycles                                 
000019bd  WriteSpeed                                 
20010000  __STACK_END                                
00000200  __STACK_SIZE                               
000051e8  __TI_CINIT_Base                            
000051f8  __TI_CINIT_Limit                           
000051d0  __TI_Handler_Table_Base                    
000051dc  __TI_Handler_Table_Limit                   
00003ffd  __TI_auto_init_nobinit_nopinit             
0000380d  __TI_decompress_lzss                       
00004885  __TI_decompress_none                       
ffffffff  __TI_pprof_out_hndl                        
000000e5  __TI_printfi                               
ffffffff  __TI_prof_data_size                        
ffffffff  __TI_prof_data_start                       
00000000  __TI_static_base__                         
00004835  __TI_zero_init_nomemset                    
00003441  __aeabi_cdcmpeq                            
00003441  __aeabi_cdcmple                            
000034c7  __aeabi_cdrcmple                           
00003f29  __aeabi_d2iz                               
0000180f  __aeabi_dadd                               
0000204d  __aeabi_ddiv                               
00002615  __aeabi_dmul                               
00001805  __aeabi_dsub                               
000049b1  __aeabi_errno_addr                         
000043d7  __aeabi_i2d                                
000019bb  __aeabi_idiv0                              
000019bb  __aeabi_ldiv0                              
00004739  __aeabi_lmul                               
00003651  __aeabi_memclr                             
00003651  __aeabi_memclr4                            
00003651  __aeabi_memclr8                            
00002fd5  __aeabi_memcpy                             
00002fd5  __aeabi_memcpy4                            
00002fd5  __aeabi_memcpy8                            
00003653  __aeabi_memset                             
00003653  __aeabi_memset4                            
00003653  __aeabi_memset8                            
00003071  __aeabi_uldivmod                           
ffffffff  __binit__                                  
ffffffff  __c_args__                                 
UNDEFED   __mpu_init                                 
2000fe00  __stack                                    
00004271  _c_int00_noargs                            
00004ee1  _ctypes_                                   
UNDEFED   _system_post_cinit                         
000049b9  _system_pre_init                           
000049bd  abort                                      
00003e01  atoi                                       
ffffffff  binit                                      
000047fb  copysign                                   
000047fb  copysignl                                  
00003e4d  drawAccelData                              
2000004c  errno                                      
00003875  frexp                                      
00003875  frexpl                                     
2000003c  g_sCrystalfontz128x128                     
0000515c  g_sCrystalfontz128x128_funcs               
00004fe4  g_sFontCmtt12                              
000045c9  getSampleAccelerometer                     
00004707  initADC                                    
00003f71  initAccelerometer                          
00003ee1  initButton                                 
000038d9  initHWTimer0                               
0000393d  initHWTimer1                               
00003c69  initialize                                 
000048ad  initialize_BoosterpackLED_blue             
000048b9  initialize_BoosterpackLED_green            
000048c5  initialize_BoosterpackLED_red              
000048d1  initialize_LaunchpadLED1                   
000048dd  initialize_LaunchpadLED2_blue              
000048e9  initialize_LaunchpadLED2_green             
000048f5  initialize_LaunchpadLED2_red               
00000000  interruptVectors                           
00002505  ldexp                                      
00002505  ldexpl                                     
00003cbd  ltoa                                       
00001c89  main                                       
0000354d  make_5digit_NumString                      
0000469d  memccpy                                    
00002fd5  memcpy                                     
00003659  memset                                     
00002505  scalbn                                     
00002505  scalbnl                                    
00004181  sprintf                                    
00004901  startADC                                   
00003b6b  startHWTimer                               
000047a9  strchr                                     
0000480f  strlen                                     
20000000  timer0                                     
20000018  timer1                                     
0000490d  toggle_BoosterpackLED_blue                 
00004919  toggle_BoosterpackLED_green                
00004925  toggle_BoosterpackLED_red                  
00004931  turnOff_BoosterpackLED_blue                
0000493d  turnOff_BoosterpackLED_green               
00004949  turnOff_LaunchpadLED1                      
00004955  turnOff_LaunchpadLED2_blue                 
00004961  turnOff_LaunchpadLED2_green                
0000496d  turnOff_LaunchpadLED2_red                  
00004979  turnOn_BoosterpackLED_red                  
00004985  turnOn_LaunchpadLED1                       
00004991  turnOn_LaunchpadLED2_red                   
00004847  wcslen                                     


GLOBAL SYMBOLS: SORTED BY Symbol Address 

address   name                                       
-------   ----                                       
00000000  __TI_static_base__                         
00000000  interruptVectors                           
000000e5  __TI_printfi                               
00000200  __STACK_SIZE                               
00000b43  Graphics_drawString                        
00001231  Graphics_fillCircle                        
00001633  ADC14_IRQHandler                           
00001633  AES256_IRQHandler                          
00001633  BusFault_Handler                           
00001633  COMP_E0_IRQHandler                         
00001633  COMP_E1_IRQHandler                         
00001633  CS_IRQHandler                              
00001633  DMA_ERR_IRQHandler                         
00001633  DMA_INT0_IRQHandler                        
00001633  DMA_INT1_IRQHandler                        
00001633  DMA_INT2_IRQHandler                        
00001633  DMA_INT3_IRQHandler                        
00001633  DebugMon_Handler                           
00001633  Default_Handler                            
00001633  EUSCIA0_IRQHandler                         
00001633  EUSCIA1_IRQHandler                         
00001633  EUSCIA2_IRQHandler                         
00001633  EUSCIA3_IRQHandler                         
00001633  EUSCIB0_IRQHandler                         
00001633  EUSCIB1_IRQHandler                         
00001633  EUSCIB2_IRQHandler                         
00001633  EUSCIB3_IRQHandler                         
00001633  FLCTL_IRQHandler                           
00001633  FPU_IRQHandler                             
00001633  HardFault_Handler                          
00001633  MemManage_Handler                          
00001633  NMI_Handler                                
00001633  PCM_IRQHandler                             
00001633  PORT1_IRQHandler                           
00001633  PORT2_IRQHandler                           
00001633  PORT3_IRQHandler                           
00001633  PORT4_IRQHandler                           
00001633  PORT5_IRQHandler                           
00001633  PORT6_IRQHandler                           
00001633  PSS_IRQHandler                             
00001633  PendSV_Handler                             
00001633  RTC_C_IRQHandler                           
00001633  SVC_Handler                                
00001633  SysTick_Handler                            
00001633  T32_INT2_IRQHandler                        
00001633  T32_INTC_IRQHandler                        
00001633  TA0_0_IRQHandler                           
00001633  TA0_N_IRQHandler                           
00001633  TA1_0_IRQHandler                           
00001633  TA1_N_IRQHandler                           
00001633  TA2_0_IRQHandler                           
00001633  TA2_N_IRQHandler                           
00001633  TA3_0_IRQHandler                           
00001633  TA3_N_IRQHandler                           
00001633  UsageFault_Handler                         
00001633  WDT_A_IRQHandler                           
00001805  __aeabi_dsub                               
0000180f  __aeabi_dadd                               
000019bb  __aeabi_idiv0                              
000019bb  __aeabi_ldiv0                              
000019bd  WriteSpeed                                 
00001c89  main                                       
00001dd1  DrawEasyStage                              
0000204d  __aeabi_ddiv                               
00002185  Crystalfontz128x128_SetDrawFrame           
000022b9  Crystalfontz128x128_Init                   
00002505  ldexp                                      
00002505  ldexpl                                     
00002505  scalbn                                     
00002505  scalbnl                                    
00002615  __aeabi_dmul                               
00002711  Graphics_getStringWidth                    
0000280d  ModifyLEDColor                             
000028fd  Debounce                                   
000029cd  SystemInit                                 
00002a89  DrawHoles                                  
00002bf7  SPI_initMaster                             
00002ca9  ADC14_configureMultiSequenceMode           
00002d51  OneShotSWTimerExpired                      
00002df9  ADC14_configureConversionMemory            
00002f39  Graphics_drawLineH                         
00002fd5  __aeabi_memcpy                             
00002fd5  __aeabi_memcpy4                            
00002fd5  __aeabi_memcpy8                            
00002fd5  memcpy                                     
00003071  __aeabi_uldivmod                           
00003107  DrawBottom                                 
00003191  DrawLeft                                   
0000321b  DrawRight                                  
000032a5  DrawTop                                    
00003331  GPIO_setAsPeripheralModuleFunctionInputPin 
000033b9  GPIO_setAsPeripheralModuleFunctionOutputPin
00003441  __aeabi_cdcmpeq                            
00003441  __aeabi_cdcmple                            
000034c7  __aeabi_cdrcmple                           
0000354d  make_5digit_NumString                      
000035d1  Interrupt_enableInterrupt                  
00003651  __aeabi_memclr                             
00003651  __aeabi_memclr4                            
00003651  __aeabi_memclr8                            
00003653  __aeabi_memset                             
00003653  __aeabi_memset4                            
00003653  __aeabi_memset8                            
00003659  memset                                     
00003739  DrawVxVy                                   
000037a5  Timer32_initModule                         
0000380d  __TI_decompress_lzss                       
00003875  frexp                                      
00003875  frexpl                                     
000038d9  initHWTimer0                               
0000393d  initHWTimer1                               
00003a61  Graphics_drawPixel                         
00003abd  GPIO_setAsInputPinWithPullUpResistor       
00003b6b  startHWTimer                               
00003bc1  ADC14_initModule                           
00003c15  Crystalfontz128x128_SetOrientation         
00003c69  initialize                                 
00003cbd  ltoa                                       
00003d11  Graphics_initContext                       
00003db5  ButtonPushed                               
00003e01  atoi                                       
00003e4d  drawAccelData                              
00003e97  Graphics_drawStringCentered                
00003ee1  initButton                                 
00003f29  __aeabi_d2iz                               
00003f71  initAccelerometer                          
00003fb9  InitGraphics                               
00003ffd  __TI_auto_init_nobinit_nopinit             
00004081  GPIO_setAsOutputPin                        
00004101  HAL_LCD_SpiInit                            
00004181  sprintf                                    
00004201  HAL_LCD_writeCommand                       
00004239  Timer32_startTimer                         
00004271  _c_int00_noargs                            
000042a9  Graphics_drawHorizontalLineOnDisplay       
000042e1  ADC14_enableSampleTimer                    
00004315  Timer32_setCount                           
00004349  GPIO_getInputPinValue                      
00004379  HAL_LCD_PortInit                           
000043a9  DrawBall                                   
000043d7  __aeabi_i2d                                
00004405  ADC14_toggleConversionTrigger              
0000445d  Graphics_drawPixelOnDisplay                
00004489  HAL_LCD_writeData                          
000044b5  ADC14_enableConversion                     
00004505  GPIO_setOutputHighOnPin                    
0000452d  GPIO_setOutputLowOnPin                     
00004555  GPIO_toggleOutputOnPin                     
0000457d  WaitCycles                                 
000045a5  WDT_A_holdTimer                            
000045c9  getSampleAccelerometer                     
000045ed  DrawWalls                                  
0000460b  InitOneShotSWTimer                         
00004629  StartOneShotSWTimer                        
00004649  ADC14_getResult                            
00004665  SPI_enableModule                           
00004681  T32_INT1_IRQHandler                        
00004681  T32_INT1_IRQHandler                        
0000469d  memccpy                                    
000046b9  Graphics_clearDisplayOnDisplay             
000046d3  Graphics_setBackgroundColor                
000046ed  Graphics_setFont                           
00004707  initADC                                    
00004739  __aeabi_lmul                               
00004751  EUSCI_A_SPI_enable                         
00004767  EUSCI_B_SPI_enable                         
0000477d  Graphics_setForegroundColor                
00004793  Graphics_translateColorOnDisplay           
000047a9  strchr                                     
000047bf  LaunchpadLeftButton_pressed                
000047d3  LaunchpadRightButton_pressed               
000047e7  Timer32_clearInterruptFlag                 
000047fb  copysign                                   
000047fb  copysignl                                  
0000480f  strlen                                     
00004823  Graphics_clearDisplay                      
00004835  __TI_zero_init_nomemset                    
00004847  wcslen                                     
00004869  InitFonts                                  
00004877  Timer32_getValue                           
00004885  __TI_decompress_none                       
00004895  ADC14_enableModule                         
000048a1  Reset_Handler                              
000048ad  initialize_BoosterpackLED_blue             
000048b9  initialize_BoosterpackLED_green            
000048c5  initialize_BoosterpackLED_red              
000048d1  initialize_LaunchpadLED1                   
000048dd  initialize_LaunchpadLED2_blue              
000048e9  initialize_LaunchpadLED2_green             
000048f5  initialize_LaunchpadLED2_red               
00004901  startADC                                   
0000490d  toggle_BoosterpackLED_blue                 
00004919  toggle_BoosterpackLED_green                
00004925  toggle_BoosterpackLED_red                  
00004931  turnOff_BoosterpackLED_blue                
0000493d  turnOff_BoosterpackLED_green               
00004949  turnOff_LaunchpadLED1                      
00004955  turnOff_LaunchpadLED2_blue                 
00004961  turnOff_LaunchpadLED2_green                
0000496d  turnOff_LaunchpadLED2_red                  
00004979  turnOn_BoosterpackLED_red                  
00004985  turnOn_LaunchpadLED1                       
00004991  turnOn_LaunchpadLED2_red                   
000049b1  __aeabi_errno_addr                         
000049b9  _system_pre_init                           
000049bd  C$$EXIT                                    
000049bd  abort                                      
00004ee1  _ctypes_                                   
00004fe4  g_sFontCmtt12                              
0000515c  g_sCrystalfontz128x128_funcs               
000051d0  __TI_Handler_Table_Base                    
000051dc  __TI_Handler_Table_Limit                   
000051e8  __TI_CINIT_Base                            
000051f8  __TI_CINIT_Limit                           
20000000  timer0                                     
20000018  timer1                                     
20000030  Lcd_ScreenHeigth                           
20000032  Lcd_ScreenWidth                            
20000034  Lcd_TouchTrim                              
20000036  Lcd_FlagRead                               
20000037  Lcd_FontSolid                              
20000038  Lcd_Orientation                            
20000039  Lcd_PenSolid                               
2000003c  g_sCrystalfontz128x128                     
2000004c  errno                                      
2000fe00  __stack                                    
20010000  __STACK_END                                
4000480c  WDTCTL_SYM                                 
ffffffff  __TI_pprof_out_hndl                        
ffffffff  __TI_prof_data_size                        
ffffffff  __TI_prof_data_start                       
ffffffff  __binit__                                  
ffffffff  __c_args__                                 
ffffffff  binit                                      
UNDEFED   __mpu_init                                 
UNDEFED   _system_post_cinit                         

[236 symbols]
