******************************************************************************
                  TI ARM Linker PC v18.1.2                     
******************************************************************************
>> Linked Mon Dec  3 20:19:10 2018

OUTPUT FILE NAME:   <Lab4_final.out>
ENTRY POINT SYMBOL: "_c_int00_noargs"  address: 00004d55


MEMORY CONFIGURATION

         name            origin    length      used     unused   attr    fill
----------------------  --------  ---------  --------  --------  ----  --------
  MAIN                  00000000   00040000  00005f04  0003a0fc  R  X
  INFO                  00200000   00004000  00000000  00004000  R  X
  SRAM_CODE             01000000   00010000  0000024f  0000fdb1  RW X
  SRAM_DATA             20000000   00010000  0000024f  0000fdb1  RW  


SEGMENT ALLOCATION MAP

run origin  load origin   length   init length attrs members
----------  ----------- ---------- ----------- ----- -------
00000000    00000000    00005f08   00005f08    r-x
  00000000    00000000    000000e4   000000e4    r-- .intvecs
  000000e4    000000e4    00005428   00005428    r-x .text
  0000550c    0000550c    000009c0   000009c0    r-- .const
  00005ed0    00005ed0    00000038   00000038    r-- .cinit
20000000    20000000    00000051   00000000    rw-
  20000000    20000000    0000003a   00000000    rw- .bss
  2000003c    2000003c    00000015   00000000    rw- .data
2000fe00    2000fe00    00000200   00000000    rw-
  2000fe00    2000fe00    00000200   00000000    rw- .stack


SECTION ALLOCATION MAP

 output                                  attributes/
section   page    origin      length       input sections
--------  ----  ----------  ----------   ----------------
.intvecs   0    00000000    000000e4     
                  00000000    000000e4     startup_msp432p401r_ccs.obj (.intvecs:retain)

.text      0    000000e4    00005428     
                  000000e4    00000a5e     rtsv7M4_T_le_v4SPD16_eabi.lib : _printfi.c.obj (.text:__TI_printfi)
                  00000b42    0000047e     grlib.a : string.obj (.text:Graphics_drawString)
                  00000fc0    00000460     graphics_HAL.obj (.text:GameOver)
                  00001420    00000270     rtsv7M4_T_le_v4SPD16_eabi.lib : _printfi.c.obj (.text:_pconv_a)
                  00001690    00000248     graphics_HAL.obj (.text:MoveBall)
                  000018d8    0000022a     grlib.a : circle.obj (.text:Graphics_fillCircle)
                  00001b02    00000002     startup_msp432p401r_ccs.obj (.text:Default_Handler)
                  00001b04    00000220     Lab4_final_main.obj (.text:main)
                  00001d24    000001d8     Crystalfontz128x128_ST7735.obj (.text:Crystalfontz128x128_PixelDrawMultiple)
                  00001efc    000001d0     rtsv7M4_T_le_v4SPD16_eabi.lib : _printfi.c.obj (.text:_pconv_g)
                  000020cc    000001b6                                   : fd_add_t2.asm.obj (.text)
                  00002282    00000002                                   : div0.asm.obj (.text)
                  00002284    0000016b     graphics_HAL.obj (.text:WriteSpeed)
                  000023ef    00000001     --HOLE-- [fill = 0]
                  000023f0    00000160     msp432p4xx_driverlib.lib : adc14.o (.text:_getIndexForMemRegister)
                  00002550    0000013e     graphics_HAL.obj (.text:DrawEasyStage)
                  0000268e    00000002     --HOLE-- [fill = 0]
                  00002690    0000013c     rtsv7M4_T_le_v4SPD16_eabi.lib : _printfi.c.obj (.text:_pconv_e)
                  000027cc    00000136                                   : fd_div_t2.asm.obj (.text)
                  00002902    00000002     --HOLE-- [fill = 0]
                  00002904    00000134     Crystalfontz128x128_ST7735.obj (.text:Crystalfontz128x128_SetDrawFrame)
                  00002a38    0000012c     Crystalfontz128x128_ST7735.obj (.text:Crystalfontz128x128_Init)
                  00002b64    00000120     rtsv7M4_T_le_v4SPD16_eabi.lib : _printfi.c.obj (.text:fcvt)
                  00002c84    00000112     grlib.a : rectangle.obj (.text:Graphics_fillRectangle)
                  00002d96    00000002     --HOLE-- [fill = 0]
                  00002d98    00000110     rtsv7M4_T_le_v4SPD16_eabi.lib : s_scalbn.c.obj (.text:scalbn)
                  00002ea8    000000fc                                   : fd_mul_t2.asm.obj (.text)
                  00002fa4    000000fa     grlib.a : string.obj (.text:Graphics_getStringWidth)
                  0000309e    00000002     --HOLE-- [fill = 0]
                  000030a0    000000f0     Lab4_final_main.obj (.text:ModifyLEDColor)
                  00003190    000000d0     graphics_HAL.obj (.text:Win)
                  00003260    000000ce     ButtonLED_HAL.obj (.text:Debounce)
                  0000332e    00000002     --HOLE-- [fill = 0]
                  00003330    000000bc     system_msp432p401r.obj (.text:SystemInit)
                  000033ec    000000ba     graphics_HAL.obj (.text:DrawHoles)
                  000034a6    00000002     --HOLE-- [fill = 0]
                  000034a8    000000b1     rtsv7M4_T_le_v4SPD16_eabi.lib : _printfi.c.obj (.text:_ltostr)
                  00003559    00000001     --HOLE-- [fill = 0]
                  0000355a    000000b0     msp432p4xx_driverlib.lib : spi.o (.text:SPI_initMaster)
                  0000360a    00000002     --HOLE-- [fill = 0]
                  0000360c    000000a8                              : adc14.o (.text:ADC14_configureMultiSequenceMode)
                  000036b4    000000a8     Timer32_HAL.obj (.text:OneShotSWTimerExpired)
                  0000375c    000000a4     msp432p4xx_driverlib.lib : adc14.o (.text:ADC14_configureConversionMemory)
                  00003800    000000a2     grlib.a : rectangle.obj (.text:Graphics_drawRectangle)
                  000038a2    0000009c     Crystalfontz128x128_ST7735.obj (.text:Crystalfontz128x128_RectFill)
                  0000393e    0000009c     grlib.a : line.obj (.text:Graphics_drawLineH)
                  000039da    0000009c             : line.obj (.text:Graphics_drawLineV)
                  00003a76    0000009c     rtsv7M4_T_le_v4SPD16_eabi.lib : memcpy_t2.asm.obj (.text)
                  00003b12    00000096                                   : ull_div_t2.asm.obj (.text)
                  00003ba8    0000008a     graphics_HAL.obj (.text:DrawBottom)
                  00003c32    0000008a     graphics_HAL.obj (.text:DrawLeft)
                  00003cbc    0000008a     graphics_HAL.obj (.text:DrawRight)
                  00003d46    0000008a     graphics_HAL.obj (.text:DrawTop)
                  00003dd0    00000088     msp432p4xx_driverlib.lib : gpio.o (.text:GPIO_setAsPeripheralModuleFunctionInputPin)
                  00003e58    00000088                              : gpio.o (.text:GPIO_setAsPeripheralModuleFunctionOutputPin)
                  00003ee0    00000086     rtsv7M4_T_le_v4SPD16_eabi.lib : fd_cmp_t2.asm.obj (.text:__aeabi_cdcmple)
                  00003f66    00000086                                   : fd_cmp_t2.asm.obj (.text:__aeabi_cdrcmple)
                  00003fec    00000082     graphics_HAL.obj (.text:make_5digit_NumString)
                  0000406e    00000002     --HOLE-- [fill = 0]
                  00004070    00000080     msp432p4xx_driverlib.lib : interrupt.o (.text:Interrupt_enableInterrupt)
                  000040f0    0000007a     rtsv7M4_T_le_v4SPD16_eabi.lib : memset_t2.asm.obj (.text)
                  0000416a    0000006e                                   : _printfi.c.obj (.text:_mcpy)
                  000041d8    0000006c     graphics_HAL.obj (.text:DrawVxVy)
                  00004244    00000068     msp432p4xx_driverlib.lib : timer32.o (.text:Timer32_initModule)
                  000042ac    00000068     rtsv7M4_T_le_v4SPD16_eabi.lib : copy_decompress_lzss.c.obj (.text:decompress:lzss:__TI_decompress_lzss)
                  00004314    00000064                                   : s_frexp.c.obj (.text:frexp)
                  00004378    00000064     Timer32_HAL.obj (.text:initHWTimer0)
                  000043dc    00000064     Timer32_HAL.obj (.text:initHWTimer1)
                  00004440    00000060     Crystalfontz128x128_ST7735.obj (.text:Crystalfontz128x128_LineDrawH)
                  000044a0    00000060     Crystalfontz128x128_ST7735.obj (.text:Crystalfontz128x128_LineDrawV)
                  00004500    0000005a     grlib.a : context.obj (.text:Graphics_drawPixel)
                  0000455a    00000002     --HOLE-- [fill = 0]
                  0000455c    00000058     msp432p4xx_driverlib.lib : gpio.o (.text:GPIO_setAsInputPinWithPullUpResistor)
                  000045b4    00000056     rtsv7M4_T_le_v4SPD16_eabi.lib : _printfi.c.obj (.text:_pconv_f)
                  0000460a    00000056     Timer32_HAL.obj (.text:startHWTimer)
                  00004660    00000054     msp432p4xx_driverlib.lib : adc14.o (.text:ADC14_initModule)
                  000046b4    00000054     Crystalfontz128x128_ST7735.obj (.text:Crystalfontz128x128_SetOrientation)
                  00004708    00000054     Lab4_final_main.obj (.text:initialize)
                  0000475c    00000054     rtsv7M4_T_le_v4SPD16_eabi.lib : ltoa.c.obj (.text:ltoa)
                  000047b0    00000052     grlib.a : context.obj (.text:Graphics_initContext)
                  00004802    00000052     rtsv7M4_T_le_v4SPD16_eabi.lib : _printfi.c.obj (.text:_ecpy)
                  00004854    0000004c     ButtonLED_HAL.obj (.text:ButtonPushed)
                  000048a0    0000004c     rtsv7M4_T_le_v4SPD16_eabi.lib : atoi.c.obj (.text:atoi)
                  000048ec    0000004a     graphics_HAL.obj (.text:drawAccelData)
                  00004936    00000048     grlib.a : string.obj (.text:Graphics_drawStringCentered)
                  0000497e    00000002     --HOLE-- [fill = 0]
                  00004980    00000048     ButtonLED_HAL.obj (.text:initButton)
                  000049c8    00000048     rtsv7M4_T_le_v4SPD16_eabi.lib : fd_toi_t2.asm.obj (.text)
                  00004a10    00000046     ADC_HAL.obj (.text:initAccelerometer)
                  00004a56    00000002     --HOLE-- [fill = 0]
                  00004a58    00000044     graphics_HAL.obj (.text:InitGraphics)
                  00004a9c    00000044     rtsv7M4_T_le_v4SPD16_eabi.lib : autoinit.c.obj (.text:__TI_auto_init_nobinit_nopinit:__TI_auto_init_nobinit_nopinit)
                  00004ae0    00000042     graphics_HAL.obj (.text:TargetCell)
                  00004b22    00000040     Crystalfontz128x128_ST7735.obj (.text:Crystalfontz128x128_PixelDraw)
                  00004b62    00000002     --HOLE-- [fill = 0]
                  00004b64    00000040     msp432p4xx_driverlib.lib : gpio.o (.text:GPIO_setAsOutputPin)
                  00004ba4    00000040     grlib.a : string.obj (.text:Graphics_getNumberOfLeadingZeros)
                  00004be4    00000040     HAL_MSP_EXP432P401R_Crystalfontz128x128_ST7735.obj (.text:HAL_LCD_SpiInit)
                  00004c24    00000040     msp432p4xx_driverlib.lib : spi.o (.text:is_A_Module)
                  00004c64    00000040     rtsv7M4_T_le_v4SPD16_eabi.lib : sprintf.c.obj (.text:sprintf)
                  00004ca4    0000003e                                   : _printfi.c.obj (.text:_fcpy)
                  00004ce2    00000002     --HOLE-- [fill = 0]
                  00004ce4    00000038     HAL_MSP_EXP432P401R_Crystalfontz128x128_ST7735.obj (.text:HAL_LCD_writeCommand)
                  00004d1c    00000038     msp432p4xx_driverlib.lib : timer32.o (.text:Timer32_startTimer)
                  00004d54    00000038     rtsv7M4_T_le_v4SPD16_eabi.lib : boot_cortex_m.c.obj (.text:_c_int00_noargs:_c_int00_noargs)
                  00004d8c    00000036     grlib.a : display.obj (.text:Graphics_drawHorizontalLineOnDisplay)
                  00004dc2    00000036             : display.obj (.text:Graphics_drawVerticalLineOnDisplay)
                  00004df8    00000034     msp432p4xx_driverlib.lib : adc14.o (.text:ADC14_enableSampleTimer)
                  00004e2c    00000034                              : timer32.o (.text:Timer32_setCount)
                  00004e60    00000030                              : gpio.o (.text:GPIO_getInputPinValue)
                  00004e90    00000030     HAL_MSP_EXP432P401R_Crystalfontz128x128_ST7735.obj (.text:HAL_LCD_PortInit)
                  00004ec0    0000002e     graphics_HAL.obj (.text:DrawBall)
                  00004eee    0000002e     rtsv7M4_T_le_v4SPD16_eabi.lib : i_tofd_t2.asm.obj (.text)
                  00004f1c    0000002c     msp432p4xx_driverlib.lib : adc14.o (.text:ADC14_toggleConversionTrigger)
                  00004f48    0000002c     Crystalfontz128x128_ST7735.obj (.text:Crystalfontz128x128_ClearScreen)
                  00004f74    0000002c     grlib.a : display.obj (.text:Graphics_drawPixelOnDisplay)
                  00004fa0    0000002c     HAL_MSP_EXP432P401R_Crystalfontz128x128_ST7735.obj (.text:HAL_LCD_writeData)
                  00004fcc    00000028     msp432p4xx_driverlib.lib : adc14.o (.text:ADC14_enableConversion)
                  00004ff4    00000028     Crystalfontz128x128_ST7735.obj (.text:Crystalfontz128x128_ColorTranslate)
                  0000501c    00000028     msp432p4xx_driverlib.lib : gpio.o (.text:GPIO_setOutputHighOnPin)
                  00005044    00000028                              : gpio.o (.text:GPIO_setOutputLowOnPin)
                  0000506c    00000028                              : gpio.o (.text:GPIO_toggleOutputOnPin)
                  00005094    00000026     Timer32_HAL.obj (.text:WaitCycles)
                  000050ba    00000002     --HOLE-- [fill = 0]
                  000050bc    00000024     msp432p4xx_driverlib.lib : wdt_a.o (.text:WDT_A_holdTimer)
                  000050e0    00000024     ADC_HAL.obj (.text:getSampleAccelerometer)
                  00005104    0000001e     graphics_HAL.obj (.text:DrawWalls)
                  00005122    0000001e     grlib.a : display.obj (.text:Graphics_fillRectangleOnDisplay)
                  00005140    0000001e     Timer32_HAL.obj (.text:InitOneShotSWTimer)
                  0000515e    0000001e     Timer32_HAL.obj (.text:StartOneShotSWTimer)
                  0000517c    0000001c     msp432p4xx_driverlib.lib : adc14.o (.text:ADC14_getResult)
                  00005198    0000001c                              : spi.o (.text:SPI_enableModule)
                  000051b4    0000001c     Timer32_HAL.obj (.text:T32_INT1_IRQHandler)
                  000051d0    0000001c     rtsv7M4_T_le_v4SPD16_eabi.lib : memccpy.c.obj (.text:memccpy)
                  000051ec    0000001a     grlib.a : display.obj (.text:Graphics_clearDisplayOnDisplay)
                  00005206    0000001a             : context.obj (.text:Graphics_setBackgroundColor)
                  00005220    0000001a             : context.obj (.text:Graphics_setFont)
                  0000523a    0000001a     ADC_HAL.obj (.text:initADC)
                  00005254    00000018     rtsv7M4_T_le_v4SPD16_eabi.lib : sprintf.c.obj (.text:_outs)
                  0000526c    00000018                                   : ll_mul_t2.asm.obj (.text)
                  00005284    00000016     msp432p4xx_driverlib.lib : spi.o (.text:EUSCI_A_SPI_enable)
                  0000529a    00000016                              : spi.o (.text:EUSCI_B_SPI_enable)
                  000052b0    00000016     grlib.a : context.obj (.text:Graphics_setForegroundColor)
                  000052c6    00000016             : display.obj (.text:Graphics_translateColorOnDisplay)
                  000052dc    00000016     rtsv7M4_T_le_v4SPD16_eabi.lib : strchr.c.obj (.text:strchr)
                  000052f2    00000014     ButtonLED_HAL.obj (.text:LaunchpadLeftButton_pressed)
                  00005306    00000014     ButtonLED_HAL.obj (.text:LaunchpadRightButton_pressed)
                  0000531a    00000014     msp432p4xx_driverlib.lib : timer32.o (.text:Timer32_clearInterruptFlag)
                  0000532e    00000014     rtsv7M4_T_le_v4SPD16_eabi.lib : s_copysign.c.obj (.text:copysign)
                  00005342    00000014                                   : strlen.c.obj (.text:strlen)
                  00005356    00000012     grlib.a : context.obj (.text:Graphics_clearDisplay)
                  00005368    00000012     rtsv7M4_T_le_v4SPD16_eabi.lib : copy_zero_init.c.obj (.text:decompress:ZI:__TI_zero_init_nomemset:__TI_zero_init_nomemset)
                  0000537a    00000012                                   : wcslen.c.obj (.text:wcslen)
                  0000538c    00000010     msp432p4xx_driverlib.lib : adc14.o (.text:ADCIsConversionRunning)
                  0000539c    0000000e     graphics_HAL.obj (.text:InitFonts)
                  000053aa    0000000e     msp432p4xx_driverlib.lib : timer32.o (.text:Timer32_getValue)
                  000053b8    0000000e     rtsv7M4_T_le_v4SPD16_eabi.lib : copy_decompress_none.c.obj (.text:decompress:none:__TI_decompress_none)
                  000053c6    00000002     --HOLE-- [fill = 0]
                  000053c8    0000000c     msp432p4xx_driverlib.lib : adc14.o (.text:ADC14_enableModule)
                  000053d4    0000000c     startup_msp432p401r_ccs.obj (.text:Reset_Handler)
                  000053e0    0000000c     ButtonLED_HAL.obj (.text:initialize_BoosterpackLED_blue)
                  000053ec    0000000c     ButtonLED_HAL.obj (.text:initialize_BoosterpackLED_green)
                  000053f8    0000000c     ButtonLED_HAL.obj (.text:initialize_BoosterpackLED_red)
                  00005404    0000000c     ButtonLED_HAL.obj (.text:initialize_LaunchpadLED1)
                  00005410    0000000c     ButtonLED_HAL.obj (.text:initialize_LaunchpadLED2_blue)
                  0000541c    0000000c     ButtonLED_HAL.obj (.text:initialize_LaunchpadLED2_green)
                  00005428    0000000c     ButtonLED_HAL.obj (.text:initialize_LaunchpadLED2_red)
                  00005434    0000000c     ADC_HAL.obj (.text:startADC)
                  00005440    0000000c     ButtonLED_HAL.obj (.text:toggle_BoosterpackLED_blue)
                  0000544c    0000000c     ButtonLED_HAL.obj (.text:toggle_BoosterpackLED_green)
                  00005458    0000000c     ButtonLED_HAL.obj (.text:toggle_BoosterpackLED_red)
                  00005464    0000000c     ButtonLED_HAL.obj (.text:turnOff_BoosterpackLED_blue)
                  00005470    0000000c     ButtonLED_HAL.obj (.text:turnOff_BoosterpackLED_green)
                  0000547c    0000000c     ButtonLED_HAL.obj (.text:turnOff_BoosterpackLED_red)
                  00005488    0000000c     ButtonLED_HAL.obj (.text:turnOff_LaunchpadLED1)
                  00005494    0000000c     ButtonLED_HAL.obj (.text:turnOff_LaunchpadLED2_blue)
                  000054a0    0000000c     ButtonLED_HAL.obj (.text:turnOff_LaunchpadLED2_green)
                  000054ac    0000000c     ButtonLED_HAL.obj (.text:turnOff_LaunchpadLED2_red)
                  000054b8    0000000c     ButtonLED_HAL.obj (.text:turnOn_BoosterpackLED_green)
                  000054c4    0000000c     ButtonLED_HAL.obj (.text:turnOn_BoosterpackLED_red)
                  000054d0    0000000c     ButtonLED_HAL.obj (.text:turnOn_LaunchpadLED1)
                  000054dc    0000000c     ButtonLED_HAL.obj (.text:turnOn_LaunchpadLED2_red)
                  000054e8    0000000a     Crystalfontz128x128_ST7735.obj (.text:Crystalfontz128x128_Flush)
                  000054f2    0000000a     rtsv7M4_T_le_v4SPD16_eabi.lib : sprintf.c.obj (.text:_outc)
                  000054fc    00000008                                   : errno.c.obj (.text:__aeabi_errno_addr)
                  00005504    00000004                                   : pre_init.c.obj (.text:_system_pre_init)
                  00005508    00000004                                   : exit.c.obj (.text:abort:abort)

.const     0    0000550c    000009c0     
                  0000550c    00000521     grlib.a : fontcmtt12.obj (.const:.string:g_pucCmtt12Data)
                  00005a2d    00000101     rtsv7M4_T_le_v4SPD16_eabi.lib : ctype.c.obj (.const:.string:_ctypes_)
                  00005b2e    00000002     --HOLE-- [fill = 0]
                  00005b30    000000c8     grlib.a : fontcmtt12.obj (.const:g_sFontCmtt12)
                  00005bf8    00000080     msp432p4xx_driverlib.lib : adc14.o (.const:_ctlRegs)
                  00005c78    00000030                              : gpio.o (.const:GPIO_PORT_TO_BASE)
                  00005ca8    00000020     Crystalfontz128x128_ST7735.obj (.const:g_sCrystalfontz128x128_funcs)
                  00005cc8    0000001c     HAL_MSP_EXP432P401R_Crystalfontz128x128_ST7735.obj (.const:$P$T0$1)
                  00005ce4    00000019     graphics_HAL.obj (.const:.string:$P$T0$1)
                  00005cfd    00000019     graphics_HAL.obj (.const:.string:$P$T1$2)
                  00005d16    00000019     graphics_HAL.obj (.const:.string:$P$T10$11)
                  00005d2f    00000019     graphics_HAL.obj (.const:.string:$P$T11$12)
                  00005d48    00000019     graphics_HAL.obj (.const:.string:$P$T12$13)
                  00005d61    00000019     graphics_HAL.obj (.const:.string:$P$T13$14)
                  00005d7a    00000019     graphics_HAL.obj (.const:.string:$P$T14$15)
                  00005d93    00000019     graphics_HAL.obj (.const:.string:$P$T15$16)
                  00005dac    00000019     graphics_HAL.obj (.const:.string:$P$T16$17)
                  00005dc5    00000019     graphics_HAL.obj (.const:.string:$P$T17$18)
                  00005dde    00000019     graphics_HAL.obj (.const:.string:$P$T2$3)
                  00005df7    00000019     graphics_HAL.obj (.const:.string:$P$T3$4)
                  00005e10    00000019     graphics_HAL.obj (.const:.string:$P$T4$5)
                  00005e29    00000019     graphics_HAL.obj (.const:.string:$P$T5$6)
                  00005e42    00000019     graphics_HAL.obj (.const:.string:$P$T6$7)
                  00005e5b    00000019     graphics_HAL.obj (.const:.string:$P$T7$8)
                  00005e74    00000019     graphics_HAL.obj (.const:.string:$P$T8$9)
                  00005e8d    00000019     graphics_HAL.obj (.const:.string:$P$T9$10)
                  00005ea6    0000000a     graphics_HAL.obj (.const:.string:$P$T18$19)
                  00005eb0    0000000a     graphics_HAL.obj (.const:.string:$P$T19$20)
                  00005eba    00000008     Crystalfontz128x128_ST7735.obj (.const:$P$T0$1)
                  00005ec2    00000002     --HOLE-- [fill = 0]
                  00005ec4    00000008     msp432p4xx_driverlib.lib : interrupt.o (.const:g_pulEnRegs)

.cinit     0    00005ed0    00000038     
                  00005ed0    0000000d     (.cinit..data.load) [load image, compression = lzss]
                  00005edd    00000003     --HOLE-- [fill = 0]
                  00005ee0    0000000c     (__TI_handler_table)
                  00005eec    00000004     --HOLE-- [fill = 0]
                  00005ef0    00000008     (.cinit..bss.load) [load image, compression = zero_init]
                  00005ef8    00000010     (__TI_cinit_table)

.init_array 
*          0    00000000    00000000     UNINITIALIZED

.binit     0    00000000    00000000     

.bss       0    20000000    0000003a     UNINITIALIZED
                  20000000    00000018     (.common:timer0)
                  20000018    00000018     (.common:timer1)
                  20000030    00000002     (.common:Lcd_ScreenHeigth)
                  20000032    00000002     (.common:Lcd_ScreenWidth)
                  20000034    00000002     (.common:Lcd_TouchTrim)
                  20000036    00000001     (.common:Lcd_FlagRead)
                  20000037    00000001     (.common:Lcd_FontSolid)
                  20000038    00000001     (.common:Lcd_Orientation)
                  20000039    00000001     (.common:Lcd_PenSolid)

.data      0    2000003c    00000015     UNINITIALIZED
                  2000003c    00000010     Crystalfontz128x128_ST7735.obj (.data:g_sCrystalfontz128x128)
                  2000004c    00000004     rtsv7M4_T_le_v4SPD16_eabi.lib : errno.c.obj (.data)
                  20000050    00000001     Lab4_final_main.obj (.data)

.stack     0    2000fe00    00000200     UNINITIALIZED
                  2000fe00    00000004     rtsv7M4_T_le_v4SPD16_eabi.lib : boot_cortex_m.c.obj (.stack)
                  2000fe04    000001fc     --HOLE--

MODULE SUMMARY

       Module                                               code    ro data   rw data
       ------                                               ----    -------   -------
    .\
       graphics_HAL.obj                                     3867    470       0      
       Lab4_final_main.obj                                  868     0         2      
       Timer32_HAL.obj                                      580     0         96     
       ButtonLED_HAL.obj                                    646     0         0      
       system_msp432p401r.obj                               188     0         0      
       ADC_HAL.obj                                          144     0         0      
    +--+----------------------------------------------------+-------+---------+---------+
       Total:                                               6293    470       98     
                                                                                     
    .\LcdDriver\
       Crystalfontz128x128_ST7735.obj                       1670    40        52     
       HAL_MSP_EXP432P401R_Crystalfontz128x128_ST7735.obj   212     28        0      
    +--+----------------------------------------------------+-------+---------+---------+
       Total:                                               1882    68        52     
                                                                                     
    .\ccs\
       startup_msp432p401r_ccs.obj                          14      228       0      
    +--+----------------------------------------------------+-------+---------+---------+
       Total:                                               14      228       0      
                                                                                     
    C:/ti/simplelink_msp432p4_sdk_2_20_00_12/source/ti/devices/msp432p4xx/driverlib/ccs/msp432p4xx_driverlib.lib
       adc14.o                                              960     128       0      
       gpio.o                                               592     48        0      
       spi.o                                                312     0         0      
       timer32.o                                            246     0         0      
       interrupt.o                                          128     8         0      
       wdt_a.o                                              36      0         0      
    +--+----------------------------------------------------+-------+---------+---------+
       Total:                                               2274    184       0      
                                                                                     
    C:/ti/simplelink_msp432p4_sdk_2_20_00_12/source/ti/grlib/lib/ccs/m4f/grlib.a
       string.obj                                           1536    0         0      
       fontcmtt12.obj                                       0       1513      0      
       circle.obj                                           554     0         0      
       rectangle.obj                                        436     0         0      
       line.obj                                             312     0         0      
       context.obj                                          264     0         0      
       display.obj                                          230     0         0      
    +--+----------------------------------------------------+-------+---------+---------+
       Total:                                               3332    1513      0      
                                                                                     
    C:\ti\ccv8\ccsv8\tools\compiler\ti-cgt-arm_18.1.2.LTS\lib\rtsv7M4_T_le_v4SPD16_eabi.lib
       _printfi.c.obj                                       4863    0         0      
       fd_add_t2.asm.obj                                    438     0         0      
       fd_div_t2.asm.obj                                    310     0         0      
       s_scalbn.c.obj                                       272     0         0      
       fd_cmp_t2.asm.obj                                    268     0         0      
       ctype.c.obj                                          0       257       0      
       fd_mul_t2.asm.obj                                    252     0         0      
       memcpy_t2.asm.obj                                    156     0         0      
       ull_div_t2.asm.obj                                   150     0         0      
       memset_t2.asm.obj                                    122     0         0      
       copy_decompress_lzss.c.obj                           104     0         0      
       s_frexp.c.obj                                        100     0         0      
       sprintf.c.obj                                        98      0         0      
       ltoa.c.obj                                           84      0         0      
       atoi.c.obj                                           76      0         0      
       fd_toi_t2.asm.obj                                    72      0         0      
       autoinit.c.obj                                       68      0         0      
       boot_cortex_m.c.obj                                  56      0         0      
       i_tofd_t2.asm.obj                                    46      0         0      
       memccpy.c.obj                                        28      0         0      
       ll_mul_t2.asm.obj                                    24      0         0      
       strchr.c.obj                                         22      0         0      
       s_copysign.c.obj                                     20      0         0      
       strlen.c.obj                                         20      0         0      
       copy_zero_init.c.obj                                 18      0         0      
       wcslen.c.obj                                         18      0         0      
       errno.c.obj                                          8       0         8      
       copy_decompress_none.c.obj                           14      0         0      
       exit.c.obj                                           4       0         0      
       pre_init.c.obj                                       4       0         0      
       div0.asm.obj                                         2       0         0      
    +--+----------------------------------------------------+-------+---------+---------+
       Total:                                               7717    257       8      
                                                                                     
       Stack:                                               0       0         1024   
       Linker Generated:                                    0       49        0      
    +--+----------------------------------------------------+-------+---------+---------+
       Grand Total:                                         21512   2769      1182   


LINKER GENERATED COPY TABLES

__TI_cinit_table @ 00005ef8 records: 2, size/record: 8, table size: 16
	.data: load addr=00005ed0, load size=0000000d bytes, run addr=2000003c, run size=00000015 bytes, compression=lzss
	.bss: load addr=00005ef0, load size=00000008 bytes, run addr=20000000, run size=0000003a bytes, compression=zero_init


LINKER GENERATED HANDLER TABLE

__TI_handler_table @ 00005ee0 records: 3, size/record: 4, table size: 12
	index: 0, handler: __TI_decompress_lzss
	index: 1, handler: __TI_decompress_none
	index: 2, handler: __TI_zero_init


GLOBAL SYMBOLS: SORTED ALPHABETICALLY BY Name 

address   name                                       
-------   ----                                       
00001b03  ADC14_IRQHandler                           
0000375d  ADC14_configureConversionMemory            
0000360d  ADC14_configureMultiSequenceMode           
00004fcd  ADC14_enableConversion                     
000053c9  ADC14_enableModule                         
00004df9  ADC14_enableSampleTimer                    
0000517d  ADC14_getResult                            
00004661  ADC14_initModule                           
00004f1d  ADC14_toggleConversionTrigger              
00001b03  AES256_IRQHandler                          
00001b03  BusFault_Handler                           
00004855  ButtonPushed                               
00005509  C$$EXIT                                    
00001b03  COMP_E0_IRQHandler                         
00001b03  COMP_E1_IRQHandler                         
00001b03  CS_IRQHandler                              
00002a39  Crystalfontz128x128_Init                   
00002905  Crystalfontz128x128_SetDrawFrame           
000046b5  Crystalfontz128x128_SetOrientation         
00001b03  DMA_ERR_IRQHandler                         
00001b03  DMA_INT0_IRQHandler                        
00001b03  DMA_INT1_IRQHandler                        
00001b03  DMA_INT2_IRQHandler                        
00001b03  DMA_INT3_IRQHandler                        
00003261  Debounce                                   
00001b03  DebugMon_Handler                           
00001b03  Default_Handler                            
00004ec1  DrawBall                                   
00003ba9  DrawBottom                                 
00002551  DrawEasyStage                              
000033ed  DrawHoles                                  
00003c33  DrawLeft                                   
00003cbd  DrawRight                                  
00003d47  DrawTop                                    
000041d9  DrawVxVy                                   
00005105  DrawWalls                                  
00001b03  EUSCIA0_IRQHandler                         
00001b03  EUSCIA1_IRQHandler                         
00001b03  EUSCIA2_IRQHandler                         
00001b03  EUSCIA3_IRQHandler                         
00001b03  EUSCIB0_IRQHandler                         
00001b03  EUSCIB1_IRQHandler                         
00001b03  EUSCIB2_IRQHandler                         
00001b03  EUSCIB3_IRQHandler                         
00005285  EUSCI_A_SPI_enable                         
0000529b  EUSCI_B_SPI_enable                         
00001b03  FLCTL_IRQHandler                           
00001b03  FPU_IRQHandler                             
00004e61  GPIO_getInputPinValue                      
0000455d  GPIO_setAsInputPinWithPullUpResistor       
00004b65  GPIO_setAsOutputPin                        
00003dd1  GPIO_setAsPeripheralModuleFunctionInputPin 
00003e59  GPIO_setAsPeripheralModuleFunctionOutputPin
0000501d  GPIO_setOutputHighOnPin                    
00005045  GPIO_setOutputLowOnPin                     
0000506d  GPIO_toggleOutputOnPin                     
00000fc1  GameOver                                   
00005357  Graphics_clearDisplay                      
000051ed  Graphics_clearDisplayOnDisplay             
00004d8d  Graphics_drawHorizontalLineOnDisplay       
0000393f  Graphics_drawLineH                         
000039db  Graphics_drawLineV                         
00004501  Graphics_drawPixel                         
00004f75  Graphics_drawPixelOnDisplay                
00003801  Graphics_drawRectangle                     
00000b43  Graphics_drawString                        
00004937  Graphics_drawStringCentered                
00004dc3  Graphics_drawVerticalLineOnDisplay         
000018d9  Graphics_fillCircle                        
00002c85  Graphics_fillRectangle                     
00005123  Graphics_fillRectangleOnDisplay            
00002fa5  Graphics_getStringWidth                    
000047b1  Graphics_initContext                       
00005207  Graphics_setBackgroundColor                
00005221  Graphics_setFont                           
000052b1  Graphics_setForegroundColor                
000052c7  Graphics_translateColorOnDisplay           
00004e91  HAL_LCD_PortInit                           
00004be5  HAL_LCD_SpiInit                            
00004ce5  HAL_LCD_writeCommand                       
00004fa1  HAL_LCD_writeData                          
00001b03  HardFault_Handler                          
0000539d  InitFonts                                  
00004a59  InitGraphics                               
00005141  InitOneShotSWTimer                         
00004071  Interrupt_enableInterrupt                  
000052f3  LaunchpadLeftButton_pressed                
00005307  LaunchpadRightButton_pressed               
20000036  Lcd_FlagRead                               
20000037  Lcd_FontSolid                              
20000038  Lcd_Orientation                            
20000039  Lcd_PenSolid                               
20000030  Lcd_ScreenHeigth                           
20000032  Lcd_ScreenWidth                            
20000034  Lcd_TouchTrim                              
00001b03  MemManage_Handler                          
000030a1  ModifyLEDColor                             
00001691  MoveBall                                   
00001b03  NMI_Handler                                
000036b5  OneShotSWTimerExpired                      
00001b03  PCM_IRQHandler                             
00001b03  PORT1_IRQHandler                           
00001b03  PORT2_IRQHandler                           
00001b03  PORT3_IRQHandler                           
00001b03  PORT4_IRQHandler                           
00001b03  PORT5_IRQHandler                           
00001b03  PORT6_IRQHandler                           
00001b03  PSS_IRQHandler                             
00001b03  PendSV_Handler                             
00001b03  RTC_C_IRQHandler                           
000053d5  Reset_Handler                              
00005199  SPI_enableModule                           
0000355b  SPI_initMaster                             
00001b03  SVC_Handler                                
0000515f  StartOneShotSWTimer                        
00001b03  SysTick_Handler                            
00003331  SystemInit                                 
000051b5  T32_INT1_IRQHandler                        
000051b5  T32_INT1_IRQHandler                        
00001b03  T32_INT2_IRQHandler                        
00001b03  T32_INTC_IRQHandler                        
00001b03  TA0_0_IRQHandler                           
00001b03  TA0_N_IRQHandler                           
00001b03  TA1_0_IRQHandler                           
00001b03  TA1_N_IRQHandler                           
00001b03  TA2_0_IRQHandler                           
00001b03  TA2_N_IRQHandler                           
00001b03  TA3_0_IRQHandler                           
00001b03  TA3_N_IRQHandler                           
00004ae1  TargetCell                                 
0000531b  Timer32_clearInterruptFlag                 
000053ab  Timer32_getValue                           
00004245  Timer32_initModule                         
00004e2d  Timer32_setCount                           
00004d1d  Timer32_startTimer                         
00001b03  UsageFault_Handler                         
4000480c  WDTCTL_SYM                                 
00001b03  WDT_A_IRQHandler                           
000050bd  WDT_A_holdTimer                            
00005095  WaitCycles                                 
00003191  Win                                        
00002285  WriteSpeed                                 
20010000  __STACK_END                                
00000200  __STACK_SIZE                               
00005ef8  __TI_CINIT_Base                            
00005f08  __TI_CINIT_Limit                           
00005ee0  __TI_Handler_Table_Base                    
00005eec  __TI_Handler_Table_Limit                   
00004a9d  __TI_auto_init_nobinit_nopinit             
000042ad  __TI_decompress_lzss                       
000053b9  __TI_decompress_none                       
ffffffff  __TI_pprof_out_hndl                        
000000e5  __TI_printfi                               
ffffffff  __TI_prof_data_size                        
ffffffff  __TI_prof_data_start                       
00000000  __TI_static_base__                         
00005369  __TI_zero_init_nomemset                    
00003ee1  __aeabi_cdcmpeq                            
00003ee1  __aeabi_cdcmple                            
00003f67  __aeabi_cdrcmple                           
000049c9  __aeabi_d2iz                               
000020d7  __aeabi_dadd                               
000027cd  __aeabi_ddiv                               
00002ea9  __aeabi_dmul                               
000020cd  __aeabi_dsub                               
000054fd  __aeabi_errno_addr                         
00004eef  __aeabi_i2d                                
00002283  __aeabi_idiv0                              
00002283  __aeabi_ldiv0                              
0000526d  __aeabi_lmul                               
000040f1  __aeabi_memclr                             
000040f1  __aeabi_memclr4                            
000040f1  __aeabi_memclr8                            
00003a77  __aeabi_memcpy                             
00003a77  __aeabi_memcpy4                            
00003a77  __aeabi_memcpy8                            
000040f3  __aeabi_memset                             
000040f3  __aeabi_memset4                            
000040f3  __aeabi_memset8                            
00003b13  __aeabi_uldivmod                           
ffffffff  __binit__                                  
ffffffff  __c_args__                                 
UNDEFED   __mpu_init                                 
2000fe00  __stack                                    
00004d55  _c_int00_noargs                            
00005a2d  _ctypes_                                   
UNDEFED   _system_post_cinit                         
00005505  _system_pre_init                           
00005509  abort                                      
000048a1  atoi                                       
ffffffff  binit                                      
0000532f  copysign                                   
0000532f  copysignl                                  
000048ed  drawAccelData                              
2000004c  errno                                      
00004315  frexp                                      
00004315  frexpl                                     
2000003c  g_sCrystalfontz128x128                     
00005ca8  g_sCrystalfontz128x128_funcs               
00005b30  g_sFontCmtt12                              
000050e1  getSampleAccelerometer                     
0000523b  initADC                                    
00004a11  initAccelerometer                          
00004981  initButton                                 
00004379  initHWTimer0                               
000043dd  initHWTimer1                               
00004709  initialize                                 
000053e1  initialize_BoosterpackLED_blue             
000053ed  initialize_BoosterpackLED_green            
000053f9  initialize_BoosterpackLED_red              
00005405  initialize_LaunchpadLED1                   
00005411  initialize_LaunchpadLED2_blue              
0000541d  initialize_LaunchpadLED2_green             
00005429  initialize_LaunchpadLED2_red               
00000000  interruptVectors                           
00002d99  ldexp                                      
00002d99  ldexpl                                     
0000475d  ltoa                                       
00001b05  main                                       
00003fed  make_5digit_NumString                      
000051d1  memccpy                                    
00003a77  memcpy                                     
000040f9  memset                                     
00002d99  scalbn                                     
00002d99  scalbnl                                    
00004c65  sprintf                                    
00005435  startADC                                   
0000460b  startHWTimer                               
000052dd  strchr                                     
00005343  strlen                                     
20000000  timer0                                     
20000018  timer1                                     
00005441  toggle_BoosterpackLED_blue                 
0000544d  toggle_BoosterpackLED_green                
00005459  toggle_BoosterpackLED_red                  
00005465  turnOff_BoosterpackLED_blue                
00005471  turnOff_BoosterpackLED_green               
0000547d  turnOff_BoosterpackLED_red                 
00005489  turnOff_LaunchpadLED1                      
00005495  turnOff_LaunchpadLED2_blue                 
000054a1  turnOff_LaunchpadLED2_green                
000054ad  turnOff_LaunchpadLED2_red                  
000054b9  turnOn_BoosterpackLED_green                
000054c5  turnOn_BoosterpackLED_red                  
000054d1  turnOn_LaunchpadLED1                       
000054dd  turnOn_LaunchpadLED2_red                   
0000537b  wcslen                                     


GLOBAL SYMBOLS: SORTED BY Symbol Address 

address   name                                       
-------   ----                                       
00000000  __TI_static_base__                         
00000000  interruptVectors                           
000000e5  __TI_printfi                               
00000200  __STACK_SIZE                               
00000b43  Graphics_drawString                        
00000fc1  GameOver                                   
00001691  MoveBall                                   
000018d9  Graphics_fillCircle                        
00001b03  ADC14_IRQHandler                           
00001b03  AES256_IRQHandler                          
00001b03  BusFault_Handler                           
00001b03  COMP_E0_IRQHandler                         
00001b03  COMP_E1_IRQHandler                         
00001b03  CS_IRQHandler                              
00001b03  DMA_ERR_IRQHandler                         
00001b03  DMA_INT0_IRQHandler                        
00001b03  DMA_INT1_IRQHandler                        
00001b03  DMA_INT2_IRQHandler                        
00001b03  DMA_INT3_IRQHandler                        
00001b03  DebugMon_Handler                           
00001b03  Default_Handler                            
00001b03  EUSCIA0_IRQHandler                         
00001b03  EUSCIA1_IRQHandler                         
00001b03  EUSCIA2_IRQHandler                         
00001b03  EUSCIA3_IRQHandler                         
00001b03  EUSCIB0_IRQHandler                         
00001b03  EUSCIB1_IRQHandler                         
00001b03  EUSCIB2_IRQHandler                         
00001b03  EUSCIB3_IRQHandler                         
00001b03  FLCTL_IRQHandler                           
00001b03  FPU_IRQHandler                             
00001b03  HardFault_Handler                          
00001b03  MemManage_Handler                          
00001b03  NMI_Handler                                
00001b03  PCM_IRQHandler                             
00001b03  PORT1_IRQHandler                           
00001b03  PORT2_IRQHandler                           
00001b03  PORT3_IRQHandler                           
00001b03  PORT4_IRQHandler                           
00001b03  PORT5_IRQHandler                           
00001b03  PORT6_IRQHandler                           
00001b03  PSS_IRQHandler                             
00001b03  PendSV_Handler                             
00001b03  RTC_C_IRQHandler                           
00001b03  SVC_Handler                                
00001b03  SysTick_Handler                            
00001b03  T32_INT2_IRQHandler                        
00001b03  T32_INTC_IRQHandler                        
00001b03  TA0_0_IRQHandler                           
00001b03  TA0_N_IRQHandler                           
00001b03  TA1_0_IRQHandler                           
00001b03  TA1_N_IRQHandler                           
00001b03  TA2_0_IRQHandler                           
00001b03  TA2_N_IRQHandler                           
00001b03  TA3_0_IRQHandler                           
00001b03  TA3_N_IRQHandler                           
00001b03  UsageFault_Handler                         
00001b03  WDT_A_IRQHandler                           
00001b05  main                                       
000020cd  __aeabi_dsub                               
000020d7  __aeabi_dadd                               
00002283  __aeabi_idiv0                              
00002283  __aeabi_ldiv0                              
00002285  WriteSpeed                                 
00002551  DrawEasyStage                              
000027cd  __aeabi_ddiv                               
00002905  Crystalfontz128x128_SetDrawFrame           
00002a39  Crystalfontz128x128_Init                   
00002c85  Graphics_fillRectangle                     
00002d99  ldexp                                      
00002d99  ldexpl                                     
00002d99  scalbn                                     
00002d99  scalbnl                                    
00002ea9  __aeabi_dmul                               
00002fa5  Graphics_getStringWidth                    
000030a1  ModifyLEDColor                             
00003191  Win                                        
00003261  Debounce                                   
00003331  SystemInit                                 
000033ed  DrawHoles                                  
0000355b  SPI_initMaster                             
0000360d  ADC14_configureMultiSequenceMode           
000036b5  OneShotSWTimerExpired                      
0000375d  ADC14_configureConversionMemory            
00003801  Graphics_drawRectangle                     
0000393f  Graphics_drawLineH                         
000039db  Graphics_drawLineV                         
00003a77  __aeabi_memcpy                             
00003a77  __aeabi_memcpy4                            
00003a77  __aeabi_memcpy8                            
00003a77  memcpy                                     
00003b13  __aeabi_uldivmod                           
00003ba9  DrawBottom                                 
00003c33  DrawLeft                                   
00003cbd  DrawRight                                  
00003d47  DrawTop                                    
00003dd1  GPIO_setAsPeripheralModuleFunctionInputPin 
00003e59  GPIO_setAsPeripheralModuleFunctionOutputPin
00003ee1  __aeabi_cdcmpeq                            
00003ee1  __aeabi_cdcmple                            
00003f67  __aeabi_cdrcmple                           
00003fed  make_5digit_NumString                      
00004071  Interrupt_enableInterrupt                  
000040f1  __aeabi_memclr                             
000040f1  __aeabi_memclr4                            
000040f1  __aeabi_memclr8                            
000040f3  __aeabi_memset                             
000040f3  __aeabi_memset4                            
000040f3  __aeabi_memset8                            
000040f9  memset                                     
000041d9  DrawVxVy                                   
00004245  Timer32_initModule                         
000042ad  __TI_decompress_lzss                       
00004315  frexp                                      
00004315  frexpl                                     
00004379  initHWTimer0                               
000043dd  initHWTimer1                               
00004501  Graphics_drawPixel                         
0000455d  GPIO_setAsInputPinWithPullUpResistor       
0000460b  startHWTimer                               
00004661  ADC14_initModule                           
000046b5  Crystalfontz128x128_SetOrientation         
00004709  initialize                                 
0000475d  ltoa                                       
000047b1  Graphics_initContext                       
00004855  ButtonPushed                               
000048a1  atoi                                       
000048ed  drawAccelData                              
00004937  Graphics_drawStringCentered                
00004981  initButton                                 
000049c9  __aeabi_d2iz                               
00004a11  initAccelerometer                          
00004a59  InitGraphics                               
00004a9d  __TI_auto_init_nobinit_nopinit             
00004ae1  TargetCell                                 
00004b65  GPIO_setAsOutputPin                        
00004be5  HAL_LCD_SpiInit                            
00004c65  sprintf                                    
00004ce5  HAL_LCD_writeCommand                       
00004d1d  Timer32_startTimer                         
00004d55  _c_int00_noargs                            
00004d8d  Graphics_drawHorizontalLineOnDisplay       
00004dc3  Graphics_drawVerticalLineOnDisplay         
00004df9  ADC14_enableSampleTimer                    
00004e2d  Timer32_setCount                           
00004e61  GPIO_getInputPinValue                      
00004e91  HAL_LCD_PortInit                           
00004ec1  DrawBall                                   
00004eef  __aeabi_i2d                                
00004f1d  ADC14_toggleConversionTrigger              
00004f75  Graphics_drawPixelOnDisplay                
00004fa1  HAL_LCD_writeData                          
00004fcd  ADC14_enableConversion                     
0000501d  GPIO_setOutputHighOnPin                    
00005045  GPIO_setOutputLowOnPin                     
0000506d  GPIO_toggleOutputOnPin                     
00005095  WaitCycles                                 
000050bd  WDT_A_holdTimer                            
000050e1  getSampleAccelerometer                     
00005105  DrawWalls                                  
00005123  Graphics_fillRectangleOnDisplay            
00005141  InitOneShotSWTimer                         
0000515f  StartOneShotSWTimer                        
0000517d  ADC14_getResult                            
00005199  SPI_enableModule                           
000051b5  T32_INT1_IRQHandler                        
000051b5  T32_INT1_IRQHandler                        
000051d1  memccpy                                    
000051ed  Graphics_clearDisplayOnDisplay             
00005207  Graphics_setBackgroundColor                
00005221  Graphics_setFont                           
0000523b  initADC                                    
0000526d  __aeabi_lmul                               
00005285  EUSCI_A_SPI_enable                         
0000529b  EUSCI_B_SPI_enable                         
000052b1  Graphics_setForegroundColor                
000052c7  Graphics_translateColorOnDisplay           
000052dd  strchr                                     
000052f3  LaunchpadLeftButton_pressed                
00005307  LaunchpadRightButton_pressed               
0000531b  Timer32_clearInterruptFlag                 
0000532f  copysign                                   
0000532f  copysignl                                  
00005343  strlen                                     
00005357  Graphics_clearDisplay                      
00005369  __TI_zero_init_nomemset                    
0000537b  wcslen                                     
0000539d  InitFonts                                  
000053ab  Timer32_getValue                           
000053b9  __TI_decompress_none                       
000053c9  ADC14_enableModule                         
000053d5  Reset_Handler                              
000053e1  initialize_BoosterpackLED_blue             
000053ed  initialize_BoosterpackLED_green            
000053f9  initialize_BoosterpackLED_red              
00005405  initialize_LaunchpadLED1                   
00005411  initialize_LaunchpadLED2_blue              
0000541d  initialize_LaunchpadLED2_green             
00005429  initialize_LaunchpadLED2_red               
00005435  startADC                                   
00005441  toggle_BoosterpackLED_blue                 
0000544d  toggle_BoosterpackLED_green                
00005459  toggle_BoosterpackLED_red                  
00005465  turnOff_BoosterpackLED_blue                
00005471  turnOff_BoosterpackLED_green               
0000547d  turnOff_BoosterpackLED_red                 
00005489  turnOff_LaunchpadLED1                      
00005495  turnOff_LaunchpadLED2_blue                 
000054a1  turnOff_LaunchpadLED2_green                
000054ad  turnOff_LaunchpadLED2_red                  
000054b9  turnOn_BoosterpackLED_green                
000054c5  turnOn_BoosterpackLED_red                  
000054d1  turnOn_LaunchpadLED1                       
000054dd  turnOn_LaunchpadLED2_red                   
000054fd  __aeabi_errno_addr                         
00005505  _system_pre_init                           
00005509  C$$EXIT                                    
00005509  abort                                      
00005a2d  _ctypes_                                   
00005b30  g_sFontCmtt12                              
00005ca8  g_sCrystalfontz128x128_funcs               
00005ee0  __TI_Handler_Table_Base                    
00005eec  __TI_Handler_Table_Limit                   
00005ef8  __TI_CINIT_Base                            
00005f08  __TI_CINIT_Limit                           
20000000  timer0                                     
20000018  timer1                                     
20000030  Lcd_ScreenHeigth                           
20000032  Lcd_ScreenWidth                            
20000034  Lcd_TouchTrim                              
20000036  Lcd_FlagRead                               
20000037  Lcd_FontSolid                              
20000038  Lcd_Orientation                            
20000039  Lcd_PenSolid                               
2000003c  g_sCrystalfontz128x128                     
2000004c  errno                                      
2000fe00  __stack                                    
20010000  __STACK_END                                
4000480c  WDTCTL_SYM                                 
ffffffff  __TI_pprof_out_hndl                        
ffffffff  __TI_prof_data_size                        
ffffffff  __TI_prof_data_start                       
ffffffff  __binit__                                  
ffffffff  __c_args__                                 
ffffffff  binit                                      
UNDEFED   __mpu_init                                 
UNDEFED   _system_post_cinit                         

[247 symbols]
