******************************************************************************
                  TI ARM Linker PC v18.1.2                     
******************************************************************************
>> Linked Mon Dec  3 21:47:31 2018

OUTPUT FILE NAME:   <Lab4_final.out>
ENTRY POINT SYMBOL: "_c_int00_noargs"  address: 000050ed


MEMORY CONFIGURATION

         name            origin    length      used     unused   attr    fill
----------------------  --------  ---------  --------  --------  ----  --------
  MAIN                  00000000   00040000  0000629c  00039d64  R  X
  INFO                  00200000   00004000  00000000  00004000  R  X
  SRAM_CODE             01000000   00010000  0000024f  0000fdb1  RW X
  SRAM_DATA             20000000   00010000  0000024f  0000fdb1  RW  


SEGMENT ALLOCATION MAP

run origin  load origin   length   init length attrs members
----------  ----------- ---------- ----------- ----- -------
00000000    00000000    000062a0   000062a0    r-x
  00000000    00000000    000000e4   000000e4    r-- .intvecs
  000000e4    000000e4    000057c0   000057c0    r-x .text
  000058a4    000058a4    000009c0   000009c0    r-- .const
  00006268    00006268    00000038   00000038    r-- .cinit
20000000    20000000    00000051   00000000    rw-
  20000000    20000000    0000003a   00000000    rw- .bss
  2000003c    2000003c    00000015   00000000    rw- .data
2000fe00    2000fe00    00000200   00000000    rw-
  2000fe00    2000fe00    00000200   00000000    rw- .stack


SECTION ALLOCATION MAP

 output                                  attributes/
section   page    origin      length       input sections
--------  ----  ----------  ----------   ----------------
.intvecs   0    00000000    000000e4     
                  00000000    000000e4     startup_msp432p401r_ccs.obj (.intvecs:retain)

.text      0    000000e4    000057c0     
                  000000e4    00000a5e     rtsv7M4_T_le_v4SPD16_eabi.lib : _printfi.c.obj (.text:__TI_printfi)
                  00000b42    0000047e     grlib.a : string.obj (.text:Graphics_drawString)
                  00000fc0    00000460     graphics_HAL.obj (.text:GameOver)
                  00001420    00000386     graphics_HAL.obj (.text:MoveBall)
                  000017a6    00000002     startup_msp432p401r_ccs.obj (.text:Default_Handler)
                  000017a8    00000344     graphics_HAL.obj (.text:WriteSpeed)
                  00001aec    000002a0     Lab4_final_main.obj (.text:main)
                  00001d8c    00000270     rtsv7M4_T_le_v4SPD16_eabi.lib : _printfi.c.obj (.text:_pconv_a)
                  00001ffc    0000022a     grlib.a : circle.obj (.text:Graphics_fillCircle)
                  00002226    000001d8     Crystalfontz128x128_ST7735.obj (.text:Crystalfontz128x128_PixelDrawMultiple)
                  000023fe    00000002     rtsv7M4_T_le_v4SPD16_eabi.lib : div0.asm.obj (.text)
                  00002400    000001d0                                   : _printfi.c.obj (.text:_pconv_g)
                  000025d0    000001b6                                   : fd_add_t2.asm.obj (.text)
                  00002786    00000002     --HOLE-- [fill = 0]
                  00002788    00000160     msp432p4xx_driverlib.lib : adc14.o (.text:_getIndexForMemRegister)
                  000028e8    0000013e     graphics_HAL.obj (.text:DrawEasyStage)
                  00002a26    00000002     --HOLE-- [fill = 0]
                  00002a28    0000013c     rtsv7M4_T_le_v4SPD16_eabi.lib : _printfi.c.obj (.text:_pconv_e)
                  00002b64    00000136                                   : fd_div_t2.asm.obj (.text)
                  00002c9a    00000002     --HOLE-- [fill = 0]
                  00002c9c    00000134     Crystalfontz128x128_ST7735.obj (.text:Crystalfontz128x128_SetDrawFrame)
                  00002dd0    0000012c     Crystalfontz128x128_ST7735.obj (.text:Crystalfontz128x128_Init)
                  00002efc    00000120     rtsv7M4_T_le_v4SPD16_eabi.lib : _printfi.c.obj (.text:fcvt)
                  0000301c    00000112     grlib.a : rectangle.obj (.text:Graphics_fillRectangle)
                  0000312e    00000002     --HOLE-- [fill = 0]
                  00003130    00000110     rtsv7M4_T_le_v4SPD16_eabi.lib : s_scalbn.c.obj (.text:scalbn)
                  00003240    000000fc                                   : fd_mul_t2.asm.obj (.text)
                  0000333c    000000fa     grlib.a : string.obj (.text:Graphics_getStringWidth)
                  00003436    00000002     --HOLE-- [fill = 0]
                  00003438    000000f0     Lab4_final_main.obj (.text:ModifyLEDColor)
                  00003528    000000d0     graphics_HAL.obj (.text:Win)
                  000035f8    000000ce     ButtonLED_HAL.obj (.text:Debounce)
                  000036c6    00000002     --HOLE-- [fill = 0]
                  000036c8    000000bc     system_msp432p401r.obj (.text:SystemInit)
                  00003784    000000ba     graphics_HAL.obj (.text:DrawHoles)
                  0000383e    00000002     --HOLE-- [fill = 0]
                  00003840    000000b1     rtsv7M4_T_le_v4SPD16_eabi.lib : _printfi.c.obj (.text:_ltostr)
                  000038f1    00000001     --HOLE-- [fill = 0]
                  000038f2    000000b0     msp432p4xx_driverlib.lib : spi.o (.text:SPI_initMaster)
                  000039a2    00000002     --HOLE-- [fill = 0]
                  000039a4    000000a8                              : adc14.o (.text:ADC14_configureMultiSequenceMode)
                  00003a4c    000000a8     Timer32_HAL.obj (.text:OneShotSWTimerExpired)
                  00003af4    000000a4     msp432p4xx_driverlib.lib : adc14.o (.text:ADC14_configureConversionMemory)
                  00003b98    000000a2     grlib.a : rectangle.obj (.text:Graphics_drawRectangle)
                  00003c3a    0000009c     Crystalfontz128x128_ST7735.obj (.text:Crystalfontz128x128_RectFill)
                  00003cd6    0000009c     grlib.a : line.obj (.text:Graphics_drawLineH)
                  00003d72    0000009c             : line.obj (.text:Graphics_drawLineV)
                  00003e0e    0000009c     rtsv7M4_T_le_v4SPD16_eabi.lib : memcpy_t2.asm.obj (.text)
                  00003eaa    00000096                                   : ull_div_t2.asm.obj (.text)
                  00003f40    0000008a     graphics_HAL.obj (.text:DrawBottom)
                  00003fca    0000008a     graphics_HAL.obj (.text:DrawLeft)
                  00004054    0000008a     graphics_HAL.obj (.text:DrawRight)
                  000040de    0000008a     graphics_HAL.obj (.text:DrawTop)
                  00004168    00000088     msp432p4xx_driverlib.lib : gpio.o (.text:GPIO_setAsPeripheralModuleFunctionInputPin)
                  000041f0    00000088                              : gpio.o (.text:GPIO_setAsPeripheralModuleFunctionOutputPin)
                  00004278    00000086     rtsv7M4_T_le_v4SPD16_eabi.lib : fd_cmp_t2.asm.obj (.text:__aeabi_cdcmple)
                  000042fe    00000086                                   : fd_cmp_t2.asm.obj (.text:__aeabi_cdrcmple)
                  00004384    00000082     graphics_HAL.obj (.text:make_5digit_NumString)
                  00004406    00000002     --HOLE-- [fill = 0]
                  00004408    00000080     msp432p4xx_driverlib.lib : interrupt.o (.text:Interrupt_enableInterrupt)
                  00004488    0000007a     rtsv7M4_T_le_v4SPD16_eabi.lib : memset_t2.asm.obj (.text)
                  00004502    0000006e                                   : _printfi.c.obj (.text:_mcpy)
                  00004570    0000006c     graphics_HAL.obj (.text:DrawVxVy)
                  000045dc    00000068     msp432p4xx_driverlib.lib : timer32.o (.text:Timer32_initModule)
                  00004644    00000068     rtsv7M4_T_le_v4SPD16_eabi.lib : copy_decompress_lzss.c.obj (.text:decompress:lzss:__TI_decompress_lzss)
                  000046ac    00000064                                   : s_frexp.c.obj (.text:frexp)
                  00004710    00000064     Timer32_HAL.obj (.text:initHWTimer0)
                  00004774    00000064     Timer32_HAL.obj (.text:initHWTimer1)
                  000047d8    00000060     Crystalfontz128x128_ST7735.obj (.text:Crystalfontz128x128_LineDrawH)
                  00004838    00000060     Crystalfontz128x128_ST7735.obj (.text:Crystalfontz128x128_LineDrawV)
                  00004898    0000005a     grlib.a : context.obj (.text:Graphics_drawPixel)
                  000048f2    00000002     --HOLE-- [fill = 0]
                  000048f4    00000058     msp432p4xx_driverlib.lib : gpio.o (.text:GPIO_setAsInputPinWithPullUpResistor)
                  0000494c    00000056     rtsv7M4_T_le_v4SPD16_eabi.lib : _printfi.c.obj (.text:_pconv_f)
                  000049a2    00000056     Timer32_HAL.obj (.text:startHWTimer)
                  000049f8    00000054     msp432p4xx_driverlib.lib : adc14.o (.text:ADC14_initModule)
                  00004a4c    00000054     Crystalfontz128x128_ST7735.obj (.text:Crystalfontz128x128_SetOrientation)
                  00004aa0    00000054     Lab4_final_main.obj (.text:initialize)
                  00004af4    00000054     rtsv7M4_T_le_v4SPD16_eabi.lib : ltoa.c.obj (.text:ltoa)
                  00004b48    00000052     grlib.a : context.obj (.text:Graphics_initContext)
                  00004b9a    00000052     rtsv7M4_T_le_v4SPD16_eabi.lib : _printfi.c.obj (.text:_ecpy)
                  00004bec    0000004c     ButtonLED_HAL.obj (.text:ButtonPushed)
                  00004c38    0000004c     rtsv7M4_T_le_v4SPD16_eabi.lib : atoi.c.obj (.text:atoi)
                  00004c84    0000004a     graphics_HAL.obj (.text:drawAccelData)
                  00004cce    00000048     grlib.a : string.obj (.text:Graphics_drawStringCentered)
                  00004d16    00000002     --HOLE-- [fill = 0]
                  00004d18    00000048     ButtonLED_HAL.obj (.text:initButton)
                  00004d60    00000048     rtsv7M4_T_le_v4SPD16_eabi.lib : fd_toi_t2.asm.obj (.text)
                  00004da8    00000046     ADC_HAL.obj (.text:initAccelerometer)
                  00004dee    00000002     --HOLE-- [fill = 0]
                  00004df0    00000044     graphics_HAL.obj (.text:InitGraphics)
                  00004e34    00000044     rtsv7M4_T_le_v4SPD16_eabi.lib : autoinit.c.obj (.text:__TI_auto_init_nobinit_nopinit:__TI_auto_init_nobinit_nopinit)
                  00004e78    00000042     graphics_HAL.obj (.text:TargetCell)
                  00004eba    00000040     Crystalfontz128x128_ST7735.obj (.text:Crystalfontz128x128_PixelDraw)
                  00004efa    00000002     --HOLE-- [fill = 0]
                  00004efc    00000040     msp432p4xx_driverlib.lib : gpio.o (.text:GPIO_setAsOutputPin)
                  00004f3c    00000040     grlib.a : string.obj (.text:Graphics_getNumberOfLeadingZeros)
                  00004f7c    00000040     HAL_MSP_EXP432P401R_Crystalfontz128x128_ST7735.obj (.text:HAL_LCD_SpiInit)
                  00004fbc    00000040     msp432p4xx_driverlib.lib : spi.o (.text:is_A_Module)
                  00004ffc    00000040     rtsv7M4_T_le_v4SPD16_eabi.lib : sprintf.c.obj (.text:sprintf)
                  0000503c    0000003e                                   : _printfi.c.obj (.text:_fcpy)
                  0000507a    00000002     --HOLE-- [fill = 0]
                  0000507c    00000038     HAL_MSP_EXP432P401R_Crystalfontz128x128_ST7735.obj (.text:HAL_LCD_writeCommand)
                  000050b4    00000038     msp432p4xx_driverlib.lib : timer32.o (.text:Timer32_startTimer)
                  000050ec    00000038     rtsv7M4_T_le_v4SPD16_eabi.lib : boot_cortex_m.c.obj (.text:_c_int00_noargs:_c_int00_noargs)
                  00005124    00000036     grlib.a : display.obj (.text:Graphics_drawHorizontalLineOnDisplay)
                  0000515a    00000036             : display.obj (.text:Graphics_drawVerticalLineOnDisplay)
                  00005190    00000034     msp432p4xx_driverlib.lib : adc14.o (.text:ADC14_enableSampleTimer)
                  000051c4    00000034                              : timer32.o (.text:Timer32_setCount)
                  000051f8    00000030                              : gpio.o (.text:GPIO_getInputPinValue)
                  00005228    00000030     HAL_MSP_EXP432P401R_Crystalfontz128x128_ST7735.obj (.text:HAL_LCD_PortInit)
                  00005258    0000002e     graphics_HAL.obj (.text:DrawBall)
                  00005286    0000002e     rtsv7M4_T_le_v4SPD16_eabi.lib : i_tofd_t2.asm.obj (.text)
                  000052b4    0000002c     msp432p4xx_driverlib.lib : adc14.o (.text:ADC14_toggleConversionTrigger)
                  000052e0    0000002c     Crystalfontz128x128_ST7735.obj (.text:Crystalfontz128x128_ClearScreen)
                  0000530c    0000002c     grlib.a : display.obj (.text:Graphics_drawPixelOnDisplay)
                  00005338    0000002c     HAL_MSP_EXP432P401R_Crystalfontz128x128_ST7735.obj (.text:HAL_LCD_writeData)
                  00005364    00000028     msp432p4xx_driverlib.lib : adc14.o (.text:ADC14_enableConversion)
                  0000538c    00000028     Crystalfontz128x128_ST7735.obj (.text:Crystalfontz128x128_ColorTranslate)
                  000053b4    00000028     msp432p4xx_driverlib.lib : gpio.o (.text:GPIO_setOutputHighOnPin)
                  000053dc    00000028                              : gpio.o (.text:GPIO_setOutputLowOnPin)
                  00005404    00000028                              : gpio.o (.text:GPIO_toggleOutputOnPin)
                  0000542c    00000026     Timer32_HAL.obj (.text:WaitCycles)
                  00005452    00000002     --HOLE-- [fill = 0]
                  00005454    00000024     msp432p4xx_driverlib.lib : wdt_a.o (.text:WDT_A_holdTimer)
                  00005478    00000024     ADC_HAL.obj (.text:getSampleAccelerometer)
                  0000549c    0000001e     graphics_HAL.obj (.text:DrawWalls)
                  000054ba    0000001e     grlib.a : display.obj (.text:Graphics_fillRectangleOnDisplay)
                  000054d8    0000001e     Timer32_HAL.obj (.text:InitOneShotSWTimer)
                  000054f6    0000001e     Timer32_HAL.obj (.text:StartOneShotSWTimer)
                  00005514    0000001c     msp432p4xx_driverlib.lib : adc14.o (.text:ADC14_getResult)
                  00005530    0000001c                              : spi.o (.text:SPI_enableModule)
                  0000554c    0000001c     Timer32_HAL.obj (.text:T32_INT1_IRQHandler)
                  00005568    0000001c     rtsv7M4_T_le_v4SPD16_eabi.lib : memccpy.c.obj (.text:memccpy)
                  00005584    0000001a     grlib.a : display.obj (.text:Graphics_clearDisplayOnDisplay)
                  0000559e    0000001a             : context.obj (.text:Graphics_setBackgroundColor)
                  000055b8    0000001a             : context.obj (.text:Graphics_setFont)
                  000055d2    0000001a     ADC_HAL.obj (.text:initADC)
                  000055ec    00000018     rtsv7M4_T_le_v4SPD16_eabi.lib : sprintf.c.obj (.text:_outs)
                  00005604    00000018                                   : ll_mul_t2.asm.obj (.text)
                  0000561c    00000016     msp432p4xx_driverlib.lib : spi.o (.text:EUSCI_A_SPI_enable)
                  00005632    00000016                              : spi.o (.text:EUSCI_B_SPI_enable)
                  00005648    00000016     grlib.a : context.obj (.text:Graphics_setForegroundColor)
                  0000565e    00000016             : display.obj (.text:Graphics_translateColorOnDisplay)
                  00005674    00000016     rtsv7M4_T_le_v4SPD16_eabi.lib : strchr.c.obj (.text:strchr)
                  0000568a    00000014     ButtonLED_HAL.obj (.text:LaunchpadLeftButton_pressed)
                  0000569e    00000014     ButtonLED_HAL.obj (.text:LaunchpadRightButton_pressed)
                  000056b2    00000014     msp432p4xx_driverlib.lib : timer32.o (.text:Timer32_clearInterruptFlag)
                  000056c6    00000014     rtsv7M4_T_le_v4SPD16_eabi.lib : s_copysign.c.obj (.text:copysign)
                  000056da    00000014                                   : strlen.c.obj (.text:strlen)
                  000056ee    00000012     grlib.a : context.obj (.text:Graphics_clearDisplay)
                  00005700    00000012     rtsv7M4_T_le_v4SPD16_eabi.lib : copy_zero_init.c.obj (.text:decompress:ZI:__TI_zero_init_nomemset:__TI_zero_init_nomemset)
                  00005712    00000012                                   : wcslen.c.obj (.text:wcslen)
                  00005724    00000010     msp432p4xx_driverlib.lib : adc14.o (.text:ADCIsConversionRunning)
                  00005734    0000000e     graphics_HAL.obj (.text:InitFonts)
                  00005742    0000000e     msp432p4xx_driverlib.lib : timer32.o (.text:Timer32_getValue)
                  00005750    0000000e     rtsv7M4_T_le_v4SPD16_eabi.lib : copy_decompress_none.c.obj (.text:decompress:none:__TI_decompress_none)
                  0000575e    00000002     --HOLE-- [fill = 0]
                  00005760    0000000c     msp432p4xx_driverlib.lib : adc14.o (.text:ADC14_enableModule)
                  0000576c    0000000c     startup_msp432p401r_ccs.obj (.text:Reset_Handler)
                  00005778    0000000c     ButtonLED_HAL.obj (.text:initialize_BoosterpackLED_blue)
                  00005784    0000000c     ButtonLED_HAL.obj (.text:initialize_BoosterpackLED_green)
                  00005790    0000000c     ButtonLED_HAL.obj (.text:initialize_BoosterpackLED_red)
                  0000579c    0000000c     ButtonLED_HAL.obj (.text:initialize_LaunchpadLED1)
                  000057a8    0000000c     ButtonLED_HAL.obj (.text:initialize_LaunchpadLED2_blue)
                  000057b4    0000000c     ButtonLED_HAL.obj (.text:initialize_LaunchpadLED2_green)
                  000057c0    0000000c     ButtonLED_HAL.obj (.text:initialize_LaunchpadLED2_red)
                  000057cc    0000000c     ADC_HAL.obj (.text:startADC)
                  000057d8    0000000c     ButtonLED_HAL.obj (.text:toggle_BoosterpackLED_blue)
                  000057e4    0000000c     ButtonLED_HAL.obj (.text:toggle_BoosterpackLED_green)
                  000057f0    0000000c     ButtonLED_HAL.obj (.text:toggle_BoosterpackLED_red)
                  000057fc    0000000c     ButtonLED_HAL.obj (.text:turnOff_BoosterpackLED_blue)
                  00005808    0000000c     ButtonLED_HAL.obj (.text:turnOff_BoosterpackLED_green)
                  00005814    0000000c     ButtonLED_HAL.obj (.text:turnOff_BoosterpackLED_red)
                  00005820    0000000c     ButtonLED_HAL.obj (.text:turnOff_LaunchpadLED1)
                  0000582c    0000000c     ButtonLED_HAL.obj (.text:turnOff_LaunchpadLED2_blue)
                  00005838    0000000c     ButtonLED_HAL.obj (.text:turnOff_LaunchpadLED2_green)
                  00005844    0000000c     ButtonLED_HAL.obj (.text:turnOff_LaunchpadLED2_red)
                  00005850    0000000c     ButtonLED_HAL.obj (.text:turnOn_BoosterpackLED_green)
                  0000585c    0000000c     ButtonLED_HAL.obj (.text:turnOn_BoosterpackLED_red)
                  00005868    0000000c     ButtonLED_HAL.obj (.text:turnOn_LaunchpadLED1)
                  00005874    0000000c     ButtonLED_HAL.obj (.text:turnOn_LaunchpadLED2_red)
                  00005880    0000000a     Crystalfontz128x128_ST7735.obj (.text:Crystalfontz128x128_Flush)
                  0000588a    0000000a     rtsv7M4_T_le_v4SPD16_eabi.lib : sprintf.c.obj (.text:_outc)
                  00005894    00000008                                   : errno.c.obj (.text:__aeabi_errno_addr)
                  0000589c    00000004                                   : pre_init.c.obj (.text:_system_pre_init)
                  000058a0    00000004                                   : exit.c.obj (.text:abort:abort)

.const     0    000058a4    000009c0     
                  000058a4    00000521     grlib.a : fontcmtt12.obj (.const:.string:g_pucCmtt12Data)
                  00005dc5    00000101     rtsv7M4_T_le_v4SPD16_eabi.lib : ctype.c.obj (.const:.string:_ctypes_)
                  00005ec6    00000002     --HOLE-- [fill = 0]
                  00005ec8    000000c8     grlib.a : fontcmtt12.obj (.const:g_sFontCmtt12)
                  00005f90    00000080     msp432p4xx_driverlib.lib : adc14.o (.const:_ctlRegs)
                  00006010    00000030                              : gpio.o (.const:GPIO_PORT_TO_BASE)
                  00006040    00000020     Crystalfontz128x128_ST7735.obj (.const:g_sCrystalfontz128x128_funcs)
                  00006060    0000001c     HAL_MSP_EXP432P401R_Crystalfontz128x128_ST7735.obj (.const:$P$T0$1)
                  0000607c    00000019     graphics_HAL.obj (.const:.string:$P$T0$1)
                  00006095    00000019     graphics_HAL.obj (.const:.string:$P$T1$2)
                  000060ae    00000019     graphics_HAL.obj (.const:.string:$P$T10$11)
                  000060c7    00000019     graphics_HAL.obj (.const:.string:$P$T11$12)
                  000060e0    00000019     graphics_HAL.obj (.const:.string:$P$T12$13)
                  000060f9    00000019     graphics_HAL.obj (.const:.string:$P$T13$14)
                  00006112    00000019     graphics_HAL.obj (.const:.string:$P$T14$15)
                  0000612b    00000019     graphics_HAL.obj (.const:.string:$P$T15$16)
                  00006144    00000019     graphics_HAL.obj (.const:.string:$P$T16$17)
                  0000615d    00000019     graphics_HAL.obj (.const:.string:$P$T17$18)
                  00006176    00000019     graphics_HAL.obj (.const:.string:$P$T2$3)
                  0000618f    00000019     graphics_HAL.obj (.const:.string:$P$T3$4)
                  000061a8    00000019     graphics_HAL.obj (.const:.string:$P$T4$5)
                  000061c1    00000019     graphics_HAL.obj (.const:.string:$P$T5$6)
                  000061da    00000019     graphics_HAL.obj (.const:.string:$P$T6$7)
                  000061f3    00000019     graphics_HAL.obj (.const:.string:$P$T7$8)
                  0000620c    00000019     graphics_HAL.obj (.const:.string:$P$T8$9)
                  00006225    00000019     graphics_HAL.obj (.const:.string:$P$T9$10)
                  0000623e    0000000a     graphics_HAL.obj (.const:.string:$P$T18$19)
                  00006248    0000000a     graphics_HAL.obj (.const:.string:$P$T19$20)
                  00006252    00000008     Crystalfontz128x128_ST7735.obj (.const:$P$T0$1)
                  0000625a    00000002     --HOLE-- [fill = 0]
                  0000625c    00000008     msp432p4xx_driverlib.lib : interrupt.o (.const:g_pulEnRegs)

.cinit     0    00006268    00000038     
                  00006268    0000000d     (.cinit..data.load) [load image, compression = lzss]
                  00006275    00000003     --HOLE-- [fill = 0]
                  00006278    0000000c     (__TI_handler_table)
                  00006284    00000004     --HOLE-- [fill = 0]
                  00006288    00000008     (.cinit..bss.load) [load image, compression = zero_init]
                  00006290    00000010     (__TI_cinit_table)

.init_array 
*          0    00000000    00000000     UNINITIALIZED

.binit     0    00000000    00000000     

.bss       0    20000000    0000003a     UNINITIALIZED
                  20000000    00000018     (.common:timer0)
                  20000018    00000018     (.common:timer1)
                  20000030    00000002     (.common:Lcd_ScreenHeigth)
                  20000032    00000002     (.common:Lcd_ScreenWidth)
                  20000034    00000002     (.common:Lcd_TouchTrim)
                  20000036    00000001     (.common:Lcd_FlagRead)
                  20000037    00000001     (.common:Lcd_FontSolid)
                  20000038    00000001     (.common:Lcd_Orientation)
                  20000039    00000001     (.common:Lcd_PenSolid)

.data      0    2000003c    00000015     UNINITIALIZED
                  2000003c    00000010     Crystalfontz128x128_ST7735.obj (.data:g_sCrystalfontz128x128)
                  2000004c    00000004     rtsv7M4_T_le_v4SPD16_eabi.lib : errno.c.obj (.data)
                  20000050    00000001     Lab4_final_main.obj (.data)

.stack     0    2000fe00    00000200     UNINITIALIZED
                  2000fe00    00000004     rtsv7M4_T_le_v4SPD16_eabi.lib : boot_cortex_m.c.obj (.stack)
                  2000fe04    000001fc     --HOLE--

MODULE SUMMARY

       Module                                               code    ro data   rw data
       ------                                               ----    -------   -------
    .\
       graphics_HAL.obj                                     4658    470       0      
       Lab4_final_main.obj                                  996     0         2      
       Timer32_HAL.obj                                      580     0         96     
       ButtonLED_HAL.obj                                    646     0         0      
       system_msp432p401r.obj                               188     0         0      
       ADC_HAL.obj                                          144     0         0      
    +--+----------------------------------------------------+-------+---------+---------+
       Total:                                               7212    470       98     
                                                                                     
    .\LcdDriver\
       Crystalfontz128x128_ST7735.obj                       1670    40        52     
       HAL_MSP_EXP432P401R_Crystalfontz128x128_ST7735.obj   212     28        0      
    +--+----------------------------------------------------+-------+---------+---------+
       Total:                                               1882    68        52     
                                                                                     
    .\ccs\
       startup_msp432p401r_ccs.obj                          14      228       0      
    +--+----------------------------------------------------+-------+---------+---------+
       Total:                                               14      228       0      
                                                                                     
    C:/ti/simplelink_msp432p4_sdk_2_20_00_12/source/ti/devices/msp432p4xx/driverlib/ccs/msp432p4xx_driverlib.lib
       adc14.o                                              960     128       0      
       gpio.o                                               592     48        0      
       spi.o                                                312     0         0      
       timer32.o                                            246     0         0      
       interrupt.o                                          128     8         0      
       wdt_a.o                                              36      0         0      
    +--+----------------------------------------------------+-------+---------+---------+
       Total:                                               2274    184       0      
                                                                                     
    C:/ti/simplelink_msp432p4_sdk_2_20_00_12/source/ti/grlib/lib/ccs/m4f/grlib.a
       string.obj                                           1536    0         0      
       fontcmtt12.obj                                       0       1513      0      
       circle.obj                                           554     0         0      
       rectangle.obj                                        436     0         0      
       line.obj                                             312     0         0      
       context.obj                                          264     0         0      
       display.obj                                          230     0         0      
    +--+----------------------------------------------------+-------+---------+---------+
       Total:                                               3332    1513      0      
                                                                                     
    C:\ti\ccv8\ccsv8\tools\compiler\ti-cgt-arm_18.1.2.LTS\lib\rtsv7M4_T_le_v4SPD16_eabi.lib
       _printfi.c.obj                                       4863    0         0      
       fd_add_t2.asm.obj                                    438     0         0      
       fd_div_t2.asm.obj                                    310     0         0      
       s_scalbn.c.obj                                       272     0         0      
       fd_cmp_t2.asm.obj                                    268     0         0      
       ctype.c.obj                                          0       257       0      
       fd_mul_t2.asm.obj                                    252     0         0      
       memcpy_t2.asm.obj                                    156     0         0      
       ull_div_t2.asm.obj                                   150     0         0      
       memset_t2.asm.obj                                    122     0         0      
       copy_decompress_lzss.c.obj                           104     0         0      
       s_frexp.c.obj                                        100     0         0      
       sprintf.c.obj                                        98      0         0      
       ltoa.c.obj                                           84      0         0      
       atoi.c.obj                                           76      0         0      
       fd_toi_t2.asm.obj                                    72      0         0      
       autoinit.c.obj                                       68      0         0      
       boot_cortex_m.c.obj                                  56      0         0      
       i_tofd_t2.asm.obj                                    46      0         0      
       memccpy.c.obj                                        28      0         0      
       ll_mul_t2.asm.obj                                    24      0         0      
       strchr.c.obj                                         22      0         0      
       s_copysign.c.obj                                     20      0         0      
       strlen.c.obj                                         20      0         0      
       copy_zero_init.c.obj                                 18      0         0      
       wcslen.c.obj                                         18      0         0      
       errno.c.obj                                          8       0         8      
       copy_decompress_none.c.obj                           14      0         0      
       exit.c.obj                                           4       0         0      
       pre_init.c.obj                                       4       0         0      
       div0.asm.obj                                         2       0         0      
    +--+----------------------------------------------------+-------+---------+---------+
       Total:                                               7717    257       8      
                                                                                     
       Stack:                                               0       0         1024   
       Linker Generated:                                    0       49        0      
    +--+----------------------------------------------------+-------+---------+---------+
       Grand Total:                                         22431   2769      1182   


LINKER GENERATED COPY TABLES

__TI_cinit_table @ 00006290 records: 2, size/record: 8, table size: 16
	.data: load addr=00006268, load size=0000000d bytes, run addr=2000003c, run size=00000015 bytes, compression=lzss
	.bss: load addr=00006288, load size=00000008 bytes, run addr=20000000, run size=0000003a bytes, compression=zero_init


LINKER GENERATED HANDLER TABLE

__TI_handler_table @ 00006278 records: 3, size/record: 4, table size: 12
	index: 0, handler: __TI_decompress_lzss
	index: 1, handler: __TI_decompress_none
	index: 2, handler: __TI_zero_init


GLOBAL SYMBOLS: SORTED ALPHABETICALLY BY Name 

address   name                                       
-------   ----                                       
000017a7  ADC14_IRQHandler                           
00003af5  ADC14_configureConversionMemory            
000039a5  ADC14_configureMultiSequenceMode           
00005365  ADC14_enableConversion                     
00005761  ADC14_enableModule                         
00005191  ADC14_enableSampleTimer                    
00005515  ADC14_getResult                            
000049f9  ADC14_initModule                           
000052b5  ADC14_toggleConversionTrigger              
000017a7  AES256_IRQHandler                          
000017a7  BusFault_Handler                           
00004bed  ButtonPushed                               
000058a1  C$$EXIT                                    
000017a7  COMP_E0_IRQHandler                         
000017a7  COMP_E1_IRQHandler                         
000017a7  CS_IRQHandler                              
00002dd1  Crystalfontz128x128_Init                   
00002c9d  Crystalfontz128x128_SetDrawFrame           
00004a4d  Crystalfontz128x128_SetOrientation         
000017a7  DMA_ERR_IRQHandler                         
000017a7  DMA_INT0_IRQHandler                        
000017a7  DMA_INT1_IRQHandler                        
000017a7  DMA_INT2_IRQHandler                        
000017a7  DMA_INT3_IRQHandler                        
000035f9  Debounce                                   
000017a7  DebugMon_Handler                           
000017a7  Default_Handler                            
00005259  DrawBall                                   
00003f41  DrawBottom                                 
000028e9  DrawEasyStage                              
00003785  DrawHoles                                  
00003fcb  DrawLeft                                   
00004055  DrawRight                                  
000040df  DrawTop                                    
00004571  DrawVxVy                                   
0000549d  DrawWalls                                  
000017a7  EUSCIA0_IRQHandler                         
000017a7  EUSCIA1_IRQHandler                         
000017a7  EUSCIA2_IRQHandler                         
000017a7  EUSCIA3_IRQHandler                         
000017a7  EUSCIB0_IRQHandler                         
000017a7  EUSCIB1_IRQHandler                         
000017a7  EUSCIB2_IRQHandler                         
000017a7  EUSCIB3_IRQHandler                         
0000561d  EUSCI_A_SPI_enable                         
00005633  EUSCI_B_SPI_enable                         
000017a7  FLCTL_IRQHandler                           
000017a7  FPU_IRQHandler                             
000051f9  GPIO_getInputPinValue                      
000048f5  GPIO_setAsInputPinWithPullUpResistor       
00004efd  GPIO_setAsOutputPin                        
00004169  GPIO_setAsPeripheralModuleFunctionInputPin 
000041f1  GPIO_setAsPeripheralModuleFunctionOutputPin
000053b5  GPIO_setOutputHighOnPin                    
000053dd  GPIO_setOutputLowOnPin                     
00005405  GPIO_toggleOutputOnPin                     
00000fc1  GameOver                                   
000056ef  Graphics_clearDisplay                      
00005585  Graphics_clearDisplayOnDisplay             
00005125  Graphics_drawHorizontalLineOnDisplay       
00003cd7  Graphics_drawLineH                         
00003d73  Graphics_drawLineV                         
00004899  Graphics_drawPixel                         
0000530d  Graphics_drawPixelOnDisplay                
00003b99  Graphics_drawRectangle                     
00000b43  Graphics_drawString                        
00004ccf  Graphics_drawStringCentered                
0000515b  Graphics_drawVerticalLineOnDisplay         
00001ffd  Graphics_fillCircle                        
0000301d  Graphics_fillRectangle                     
000054bb  Graphics_fillRectangleOnDisplay            
0000333d  Graphics_getStringWidth                    
00004b49  Graphics_initContext                       
0000559f  Graphics_setBackgroundColor                
000055b9  Graphics_setFont                           
00005649  Graphics_setForegroundColor                
0000565f  Graphics_translateColorOnDisplay           
00005229  HAL_LCD_PortInit                           
00004f7d  HAL_LCD_SpiInit                            
0000507d  HAL_LCD_writeCommand                       
00005339  HAL_LCD_writeData                          
000017a7  HardFault_Handler                          
00005735  InitFonts                                  
00004df1  InitGraphics                               
000054d9  InitOneShotSWTimer                         
00004409  Interrupt_enableInterrupt                  
0000568b  LaunchpadLeftButton_pressed                
0000569f  LaunchpadRightButton_pressed               
20000036  Lcd_FlagRead                               
20000037  Lcd_FontSolid                              
20000038  Lcd_Orientation                            
20000039  Lcd_PenSolid                               
20000030  Lcd_ScreenHeigth                           
20000032  Lcd_ScreenWidth                            
20000034  Lcd_TouchTrim                              
000017a7  MemManage_Handler                          
00003439  ModifyLEDColor                             
00001421  MoveBall                                   
000017a7  NMI_Handler                                
00003a4d  OneShotSWTimerExpired                      
000017a7  PCM_IRQHandler                             
000017a7  PORT1_IRQHandler                           
000017a7  PORT2_IRQHandler                           
000017a7  PORT3_IRQHandler                           
000017a7  PORT4_IRQHandler                           
000017a7  PORT5_IRQHandler                           
000017a7  PORT6_IRQHandler                           
000017a7  PSS_IRQHandler                             
000017a7  PendSV_Handler                             
000017a7  RTC_C_IRQHandler                           
0000576d  Reset_Handler                              
00005531  SPI_enableModule                           
000038f3  SPI_initMaster                             
000017a7  SVC_Handler                                
000054f7  StartOneShotSWTimer                        
000017a7  SysTick_Handler                            
000036c9  SystemInit                                 
0000554d  T32_INT1_IRQHandler                        
0000554d  T32_INT1_IRQHandler                        
000017a7  T32_INT2_IRQHandler                        
000017a7  T32_INTC_IRQHandler                        
000017a7  TA0_0_IRQHandler                           
000017a7  TA0_N_IRQHandler                           
000017a7  TA1_0_IRQHandler                           
000017a7  TA1_N_IRQHandler                           
000017a7  TA2_0_IRQHandler                           
000017a7  TA2_N_IRQHandler                           
000017a7  TA3_0_IRQHandler                           
000017a7  TA3_N_IRQHandler                           
00004e79  TargetCell                                 
000056b3  Timer32_clearInterruptFlag                 
00005743  Timer32_getValue                           
000045dd  Timer32_initModule                         
000051c5  Timer32_setCount                           
000050b5  Timer32_startTimer                         
000017a7  UsageFault_Handler                         
4000480c  WDTCTL_SYM                                 
000017a7  WDT_A_IRQHandler                           
00005455  WDT_A_holdTimer                            
0000542d  WaitCycles                                 
00003529  Win                                        
000017a9  WriteSpeed                                 
20010000  __STACK_END                                
00000200  __STACK_SIZE                               
00006290  __TI_CINIT_Base                            
000062a0  __TI_CINIT_Limit                           
00006278  __TI_Handler_Table_Base                    
00006284  __TI_Handler_Table_Limit                   
00004e35  __TI_auto_init_nobinit_nopinit             
00004645  __TI_decompress_lzss                       
00005751  __TI_decompress_none                       
ffffffff  __TI_pprof_out_hndl                        
000000e5  __TI_printfi                               
ffffffff  __TI_prof_data_size                        
ffffffff  __TI_prof_data_start                       
00000000  __TI_static_base__                         
00005701  __TI_zero_init_nomemset                    
00004279  __aeabi_cdcmpeq                            
00004279  __aeabi_cdcmple                            
000042ff  __aeabi_cdrcmple                           
00004d61  __aeabi_d2iz                               
000025db  __aeabi_dadd                               
00002b65  __aeabi_ddiv                               
00003241  __aeabi_dmul                               
000025d1  __aeabi_dsub                               
00005895  __aeabi_errno_addr                         
00005287  __aeabi_i2d                                
000023ff  __aeabi_idiv0                              
000023ff  __aeabi_ldiv0                              
00005605  __aeabi_lmul                               
00004489  __aeabi_memclr                             
00004489  __aeabi_memclr4                            
00004489  __aeabi_memclr8                            
00003e0f  __aeabi_memcpy                             
00003e0f  __aeabi_memcpy4                            
00003e0f  __aeabi_memcpy8                            
0000448b  __aeabi_memset                             
0000448b  __aeabi_memset4                            
0000448b  __aeabi_memset8                            
00003eab  __aeabi_uldivmod                           
ffffffff  __binit__                                  
ffffffff  __c_args__                                 
UNDEFED   __mpu_init                                 
2000fe00  __stack                                    
000050ed  _c_int00_noargs                            
00005dc5  _ctypes_                                   
UNDEFED   _system_post_cinit                         
0000589d  _system_pre_init                           
000058a1  abort                                      
00004c39  atoi                                       
ffffffff  binit                                      
000056c7  copysign                                   
000056c7  copysignl                                  
00004c85  drawAccelData                              
2000004c  errno                                      
000046ad  frexp                                      
000046ad  frexpl                                     
2000003c  g_sCrystalfontz128x128                     
00006040  g_sCrystalfontz128x128_funcs               
00005ec8  g_sFontCmtt12                              
00005479  getSampleAccelerometer                     
000055d3  initADC                                    
00004da9  initAccelerometer                          
00004d19  initButton                                 
00004711  initHWTimer0                               
00004775  initHWTimer1                               
00004aa1  initialize                                 
00005779  initialize_BoosterpackLED_blue             
00005785  initialize_BoosterpackLED_green            
00005791  initialize_BoosterpackLED_red              
0000579d  initialize_LaunchpadLED1                   
000057a9  initialize_LaunchpadLED2_blue              
000057b5  initialize_LaunchpadLED2_green             
000057c1  initialize_LaunchpadLED2_red               
00000000  interruptVectors                           
00003131  ldexp                                      
00003131  ldexpl                                     
00004af5  ltoa                                       
00001aed  main                                       
00004385  make_5digit_NumString                      
00005569  memccpy                                    
00003e0f  memcpy                                     
00004491  memset                                     
00003131  scalbn                                     
00003131  scalbnl                                    
00004ffd  sprintf                                    
000057cd  startADC                                   
000049a3  startHWTimer                               
00005675  strchr                                     
000056db  strlen                                     
20000000  timer0                                     
20000018  timer1                                     
000057d9  toggle_BoosterpackLED_blue                 
000057e5  toggle_BoosterpackLED_green                
000057f1  toggle_BoosterpackLED_red                  
000057fd  turnOff_BoosterpackLED_blue                
00005809  turnOff_BoosterpackLED_green               
00005815  turnOff_BoosterpackLED_red                 
00005821  turnOff_LaunchpadLED1                      
0000582d  turnOff_LaunchpadLED2_blue                 
00005839  turnOff_LaunchpadLED2_green                
00005845  turnOff_LaunchpadLED2_red                  
00005851  turnOn_BoosterpackLED_green                
0000585d  turnOn_BoosterpackLED_red                  
00005869  turnOn_LaunchpadLED1                       
00005875  turnOn_LaunchpadLED2_red                   
00005713  wcslen                                     


GLOBAL SYMBOLS: SORTED BY Symbol Address 

address   name                                       
-------   ----                                       
00000000  __TI_static_base__                         
00000000  interruptVectors                           
000000e5  __TI_printfi                               
00000200  __STACK_SIZE                               
00000b43  Graphics_drawString                        
00000fc1  GameOver                                   
00001421  MoveBall                                   
000017a7  ADC14_IRQHandler                           
000017a7  AES256_IRQHandler                          
000017a7  BusFault_Handler                           
000017a7  COMP_E0_IRQHandler                         
000017a7  COMP_E1_IRQHandler                         
000017a7  CS_IRQHandler                              
000017a7  DMA_ERR_IRQHandler                         
000017a7  DMA_INT0_IRQHandler                        
000017a7  DMA_INT1_IRQHandler                        
000017a7  DMA_INT2_IRQHandler                        
000017a7  DMA_INT3_IRQHandler                        
000017a7  DebugMon_Handler                           
000017a7  Default_Handler                            
000017a7  EUSCIA0_IRQHandler                         
000017a7  EUSCIA1_IRQHandler                         
000017a7  EUSCIA2_IRQHandler                         
000017a7  EUSCIA3_IRQHandler                         
000017a7  EUSCIB0_IRQHandler                         
000017a7  EUSCIB1_IRQHandler                         
000017a7  EUSCIB2_IRQHandler                         
000017a7  EUSCIB3_IRQHandler                         
000017a7  FLCTL_IRQHandler                           
000017a7  FPU_IRQHandler                             
000017a7  HardFault_Handler                          
000017a7  MemManage_Handler                          
000017a7  NMI_Handler                                
000017a7  PCM_IRQHandler                             
000017a7  PORT1_IRQHandler                           
000017a7  PORT2_IRQHandler                           
000017a7  PORT3_IRQHandler                           
000017a7  PORT4_IRQHandler                           
000017a7  PORT5_IRQHandler                           
000017a7  PORT6_IRQHandler                           
000017a7  PSS_IRQHandler                             
000017a7  PendSV_Handler                             
000017a7  RTC_C_IRQHandler                           
000017a7  SVC_Handler                                
000017a7  SysTick_Handler                            
000017a7  T32_INT2_IRQHandler                        
000017a7  T32_INTC_IRQHandler                        
000017a7  TA0_0_IRQHandler                           
000017a7  TA0_N_IRQHandler                           
000017a7  TA1_0_IRQHandler                           
000017a7  TA1_N_IRQHandler                           
000017a7  TA2_0_IRQHandler                           
000017a7  TA2_N_IRQHandler                           
000017a7  TA3_0_IRQHandler                           
000017a7  TA3_N_IRQHandler                           
000017a7  UsageFault_Handler                         
000017a7  WDT_A_IRQHandler                           
000017a9  WriteSpeed                                 
00001aed  main                                       
00001ffd  Graphics_fillCircle                        
000023ff  __aeabi_idiv0                              
000023ff  __aeabi_ldiv0                              
000025d1  __aeabi_dsub                               
000025db  __aeabi_dadd                               
000028e9  DrawEasyStage                              
00002b65  __aeabi_ddiv                               
00002c9d  Crystalfontz128x128_SetDrawFrame           
00002dd1  Crystalfontz128x128_Init                   
0000301d  Graphics_fillRectangle                     
00003131  ldexp                                      
00003131  ldexpl                                     
00003131  scalbn                                     
00003131  scalbnl                                    
00003241  __aeabi_dmul                               
0000333d  Graphics_getStringWidth                    
00003439  ModifyLEDColor                             
00003529  Win                                        
000035f9  Debounce                                   
000036c9  SystemInit                                 
00003785  DrawHoles                                  
000038f3  SPI_initMaster                             
000039a5  ADC14_configureMultiSequenceMode           
00003a4d  OneShotSWTimerExpired                      
00003af5  ADC14_configureConversionMemory            
00003b99  Graphics_drawRectangle                     
00003cd7  Graphics_drawLineH                         
00003d73  Graphics_drawLineV                         
00003e0f  __aeabi_memcpy                             
00003e0f  __aeabi_memcpy4                            
00003e0f  __aeabi_memcpy8                            
00003e0f  memcpy                                     
00003eab  __aeabi_uldivmod                           
00003f41  DrawBottom                                 
00003fcb  DrawLeft                                   
00004055  DrawRight                                  
000040df  DrawTop                                    
00004169  GPIO_setAsPeripheralModuleFunctionInputPin 
000041f1  GPIO_setAsPeripheralModuleFunctionOutputPin
00004279  __aeabi_cdcmpeq                            
00004279  __aeabi_cdcmple                            
000042ff  __aeabi_cdrcmple                           
00004385  make_5digit_NumString                      
00004409  Interrupt_enableInterrupt                  
00004489  __aeabi_memclr                             
00004489  __aeabi_memclr4                            
00004489  __aeabi_memclr8                            
0000448b  __aeabi_memset                             
0000448b  __aeabi_memset4                            
0000448b  __aeabi_memset8                            
00004491  memset                                     
00004571  DrawVxVy                                   
000045dd  Timer32_initModule                         
00004645  __TI_decompress_lzss                       
000046ad  frexp                                      
000046ad  frexpl                                     
00004711  initHWTimer0                               
00004775  initHWTimer1                               
00004899  Graphics_drawPixel                         
000048f5  GPIO_setAsInputPinWithPullUpResistor       
000049a3  startHWTimer                               
000049f9  ADC14_initModule                           
00004a4d  Crystalfontz128x128_SetOrientation         
00004aa1  initialize                                 
00004af5  ltoa                                       
00004b49  Graphics_initContext                       
00004bed  ButtonPushed                               
00004c39  atoi                                       
00004c85  drawAccelData                              
00004ccf  Graphics_drawStringCentered                
00004d19  initButton                                 
00004d61  __aeabi_d2iz                               
00004da9  initAccelerometer                          
00004df1  InitGraphics                               
00004e35  __TI_auto_init_nobinit_nopinit             
00004e79  TargetCell                                 
00004efd  GPIO_setAsOutputPin                        
00004f7d  HAL_LCD_SpiInit                            
00004ffd  sprintf                                    
0000507d  HAL_LCD_writeCommand                       
000050b5  Timer32_startTimer                         
000050ed  _c_int00_noargs                            
00005125  Graphics_drawHorizontalLineOnDisplay       
0000515b  Graphics_drawVerticalLineOnDisplay         
00005191  ADC14_enableSampleTimer                    
000051c5  Timer32_setCount                           
000051f9  GPIO_getInputPinValue                      
00005229  HAL_LCD_PortInit                           
00005259  DrawBall                                   
00005287  __aeabi_i2d                                
000052b5  ADC14_toggleConversionTrigger              
0000530d  Graphics_drawPixelOnDisplay                
00005339  HAL_LCD_writeData                          
00005365  ADC14_enableConversion                     
000053b5  GPIO_setOutputHighOnPin                    
000053dd  GPIO_setOutputLowOnPin                     
00005405  GPIO_toggleOutputOnPin                     
0000542d  WaitCycles                                 
00005455  WDT_A_holdTimer                            
00005479  getSampleAccelerometer                     
0000549d  DrawWalls                                  
000054bb  Graphics_fillRectangleOnDisplay            
000054d9  InitOneShotSWTimer                         
000054f7  StartOneShotSWTimer                        
00005515  ADC14_getResult                            
00005531  SPI_enableModule                           
0000554d  T32_INT1_IRQHandler                        
0000554d  T32_INT1_IRQHandler                        
00005569  memccpy                                    
00005585  Graphics_clearDisplayOnDisplay             
0000559f  Graphics_setBackgroundColor                
000055b9  Graphics_setFont                           
000055d3  initADC                                    
00005605  __aeabi_lmul                               
0000561d  EUSCI_A_SPI_enable                         
00005633  EUSCI_B_SPI_enable                         
00005649  Graphics_setForegroundColor                
0000565f  Graphics_translateColorOnDisplay           
00005675  strchr                                     
0000568b  LaunchpadLeftButton_pressed                
0000569f  LaunchpadRightButton_pressed               
000056b3  Timer32_clearInterruptFlag                 
000056c7  copysign                                   
000056c7  copysignl                                  
000056db  strlen                                     
000056ef  Graphics_clearDisplay                      
00005701  __TI_zero_init_nomemset                    
00005713  wcslen                                     
00005735  InitFonts                                  
00005743  Timer32_getValue                           
00005751  __TI_decompress_none                       
00005761  ADC14_enableModule                         
0000576d  Reset_Handler                              
00005779  initialize_BoosterpackLED_blue             
00005785  initialize_BoosterpackLED_green            
00005791  initialize_BoosterpackLED_red              
0000579d  initialize_LaunchpadLED1                   
000057a9  initialize_LaunchpadLED2_blue              
000057b5  initialize_LaunchpadLED2_green             
000057c1  initialize_LaunchpadLED2_red               
000057cd  startADC                                   
000057d9  toggle_BoosterpackLED_blue                 
000057e5  toggle_BoosterpackLED_green                
000057f1  toggle_BoosterpackLED_red                  
000057fd  turnOff_BoosterpackLED_blue                
00005809  turnOff_BoosterpackLED_green               
00005815  turnOff_BoosterpackLED_red                 
00005821  turnOff_LaunchpadLED1                      
0000582d  turnOff_LaunchpadLED2_blue                 
00005839  turnOff_LaunchpadLED2_green                
00005845  turnOff_LaunchpadLED2_red                  
00005851  turnOn_BoosterpackLED_green                
0000585d  turnOn_BoosterpackLED_red                  
00005869  turnOn_LaunchpadLED1                       
00005875  turnOn_LaunchpadLED2_red                   
00005895  __aeabi_errno_addr                         
0000589d  _system_pre_init                           
000058a1  C$$EXIT                                    
000058a1  abort                                      
00005dc5  _ctypes_                                   
00005ec8  g_sFontCmtt12                              
00006040  g_sCrystalfontz128x128_funcs               
00006278  __TI_Handler_Table_Base                    
00006284  __TI_Handler_Table_Limit                   
00006290  __TI_CINIT_Base                            
000062a0  __TI_CINIT_Limit                           
20000000  timer0                                     
20000018  timer1                                     
20000030  Lcd_ScreenHeigth                           
20000032  Lcd_ScreenWidth                            
20000034  Lcd_TouchTrim                              
20000036  Lcd_FlagRead                               
20000037  Lcd_FontSolid                              
20000038  Lcd_Orientation                            
20000039  Lcd_PenSolid                               
2000003c  g_sCrystalfontz128x128                     
2000004c  errno                                      
2000fe00  __stack                                    
20010000  __STACK_END                                
4000480c  WDTCTL_SYM                                 
ffffffff  __TI_pprof_out_hndl                        
ffffffff  __TI_prof_data_size                        
ffffffff  __TI_prof_data_start                       
ffffffff  __binit__                                  
ffffffff  __c_args__                                 
ffffffff  binit                                      
UNDEFED   __mpu_init                                 
UNDEFED   _system_post_cinit                         

[247 symbols]
