******************************************************************************
                  TI ARM Linker PC v18.1.2                     
******************************************************************************
>> Linked Mon Dec  3 19:52:03 2018

OUTPUT FILE NAME:   <Lab4_final.out>
ENTRY POINT SYMBOL: "_c_int00_noargs"  address: 00004c35


MEMORY CONFIGURATION

         name            origin    length      used     unused   attr    fill
----------------------  --------  ---------  --------  --------  ----  --------
  MAIN                  00000000   00040000  00005de4  0003a21c  R  X
  INFO                  00200000   00004000  00000000  00004000  R  X
  SRAM_CODE             01000000   00010000  0000024f  0000fdb1  RW X
  SRAM_DATA             20000000   00010000  0000024f  0000fdb1  RW  


SEGMENT ALLOCATION MAP

run origin  load origin   length   init length attrs members
----------  ----------- ---------- ----------- ----- -------
00000000    00000000    00005de8   00005de8    r-x
  00000000    00000000    000000e4   000000e4    r-- .intvecs
  000000e4    000000e4    00005308   00005308    r-x .text
  000053ec    000053ec    000009c0   000009c0    r-- .const
  00005db0    00005db0    00000038   00000038    r-- .cinit
20000000    20000000    00000051   00000000    rw-
  20000000    20000000    0000003a   00000000    rw- .bss
  2000003c    2000003c    00000015   00000000    rw- .data
2000fe00    2000fe00    00000200   00000000    rw-
  2000fe00    2000fe00    00000200   00000000    rw- .stack


SECTION ALLOCATION MAP

 output                                  attributes/
section   page    origin      length       input sections
--------  ----  ----------  ----------   ----------------
.intvecs   0    00000000    000000e4     
                  00000000    000000e4     startup_msp432p401r_ccs.obj (.intvecs:retain)

.text      0    000000e4    00005308     
                  000000e4    00000a5e     rtsv7M4_T_le_v4SPD16_eabi.lib : _printfi.c.obj (.text:__TI_printfi)
                  00000b42    0000047e     grlib.a : string.obj (.text:Graphics_drawString)
                  00000fc0    00000460     graphics_HAL.obj (.text:GameOver)
                  00001420    00000270     rtsv7M4_T_le_v4SPD16_eabi.lib : _printfi.c.obj (.text:_pconv_a)
                  00001690    0000022a     grlib.a : circle.obj (.text:Graphics_fillCircle)
                  000018ba    00000002     startup_msp432p401r_ccs.obj (.text:Default_Handler)
                  000018bc    00000220     Lab4_final_main.obj (.text:main)
                  00001adc    000001d8     Crystalfontz128x128_ST7735.obj (.text:Crystalfontz128x128_PixelDrawMultiple)
                  00001cb4    000001d0     rtsv7M4_T_le_v4SPD16_eabi.lib : _printfi.c.obj (.text:_pconv_g)
                  00001e84    000001b6                                   : fd_add_t2.asm.obj (.text)
                  0000203a    00000002                                   : div0.asm.obj (.text)
                  0000203c    0000016b     graphics_HAL.obj (.text:WriteSpeed)
                  000021a7    00000001     --HOLE-- [fill = 0]
                  000021a8    00000160     msp432p4xx_driverlib.lib : adc14.o (.text:_getIndexForMemRegister)
                  00002308    0000013e     graphics_HAL.obj (.text:DrawEasyStage)
                  00002446    00000002     --HOLE-- [fill = 0]
                  00002448    0000013c     rtsv7M4_T_le_v4SPD16_eabi.lib : _printfi.c.obj (.text:_pconv_e)
                  00002584    00000136                                   : fd_div_t2.asm.obj (.text)
                  000026ba    00000002     --HOLE-- [fill = 0]
                  000026bc    00000134     Crystalfontz128x128_ST7735.obj (.text:Crystalfontz128x128_SetDrawFrame)
                  000027f0    0000012c     Crystalfontz128x128_ST7735.obj (.text:Crystalfontz128x128_Init)
                  0000291c    00000128     graphics_HAL.obj (.text:MoveBall)
                  00002a44    00000120     rtsv7M4_T_le_v4SPD16_eabi.lib : _printfi.c.obj (.text:fcvt)
                  00002b64    00000112     grlib.a : rectangle.obj (.text:Graphics_fillRectangle)
                  00002c76    00000002     --HOLE-- [fill = 0]
                  00002c78    00000110     rtsv7M4_T_le_v4SPD16_eabi.lib : s_scalbn.c.obj (.text:scalbn)
                  00002d88    000000fc                                   : fd_mul_t2.asm.obj (.text)
                  00002e84    000000fa     grlib.a : string.obj (.text:Graphics_getStringWidth)
                  00002f7e    00000002     --HOLE-- [fill = 0]
                  00002f80    000000f0     Lab4_final_main.obj (.text:ModifyLEDColor)
                  00003070    000000d0     graphics_HAL.obj (.text:Win)
                  00003140    000000ce     ButtonLED_HAL.obj (.text:Debounce)
                  0000320e    00000002     --HOLE-- [fill = 0]
                  00003210    000000bc     system_msp432p401r.obj (.text:SystemInit)
                  000032cc    000000ba     graphics_HAL.obj (.text:DrawHoles)
                  00003386    00000002     --HOLE-- [fill = 0]
                  00003388    000000b1     rtsv7M4_T_le_v4SPD16_eabi.lib : _printfi.c.obj (.text:_ltostr)
                  00003439    00000001     --HOLE-- [fill = 0]
                  0000343a    000000b0     msp432p4xx_driverlib.lib : spi.o (.text:SPI_initMaster)
                  000034ea    00000002     --HOLE-- [fill = 0]
                  000034ec    000000a8                              : adc14.o (.text:ADC14_configureMultiSequenceMode)
                  00003594    000000a8     Timer32_HAL.obj (.text:OneShotSWTimerExpired)
                  0000363c    000000a4     msp432p4xx_driverlib.lib : adc14.o (.text:ADC14_configureConversionMemory)
                  000036e0    000000a2     grlib.a : rectangle.obj (.text:Graphics_drawRectangle)
                  00003782    0000009c     Crystalfontz128x128_ST7735.obj (.text:Crystalfontz128x128_RectFill)
                  0000381e    0000009c     grlib.a : line.obj (.text:Graphics_drawLineH)
                  000038ba    0000009c             : line.obj (.text:Graphics_drawLineV)
                  00003956    0000009c     rtsv7M4_T_le_v4SPD16_eabi.lib : memcpy_t2.asm.obj (.text)
                  000039f2    00000096                                   : ull_div_t2.asm.obj (.text)
                  00003a88    0000008a     graphics_HAL.obj (.text:DrawBottom)
                  00003b12    0000008a     graphics_HAL.obj (.text:DrawLeft)
                  00003b9c    0000008a     graphics_HAL.obj (.text:DrawRight)
                  00003c26    0000008a     graphics_HAL.obj (.text:DrawTop)
                  00003cb0    00000088     msp432p4xx_driverlib.lib : gpio.o (.text:GPIO_setAsPeripheralModuleFunctionInputPin)
                  00003d38    00000088                              : gpio.o (.text:GPIO_setAsPeripheralModuleFunctionOutputPin)
                  00003dc0    00000086     rtsv7M4_T_le_v4SPD16_eabi.lib : fd_cmp_t2.asm.obj (.text:__aeabi_cdcmple)
                  00003e46    00000086                                   : fd_cmp_t2.asm.obj (.text:__aeabi_cdrcmple)
                  00003ecc    00000082     graphics_HAL.obj (.text:make_5digit_NumString)
                  00003f4e    00000002     --HOLE-- [fill = 0]
                  00003f50    00000080     msp432p4xx_driverlib.lib : interrupt.o (.text:Interrupt_enableInterrupt)
                  00003fd0    0000007a     rtsv7M4_T_le_v4SPD16_eabi.lib : memset_t2.asm.obj (.text)
                  0000404a    0000006e                                   : _printfi.c.obj (.text:_mcpy)
                  000040b8    0000006c     graphics_HAL.obj (.text:DrawVxVy)
                  00004124    00000068     msp432p4xx_driverlib.lib : timer32.o (.text:Timer32_initModule)
                  0000418c    00000068     rtsv7M4_T_le_v4SPD16_eabi.lib : copy_decompress_lzss.c.obj (.text:decompress:lzss:__TI_decompress_lzss)
                  000041f4    00000064                                   : s_frexp.c.obj (.text:frexp)
                  00004258    00000064     Timer32_HAL.obj (.text:initHWTimer0)
                  000042bc    00000064     Timer32_HAL.obj (.text:initHWTimer1)
                  00004320    00000060     Crystalfontz128x128_ST7735.obj (.text:Crystalfontz128x128_LineDrawH)
                  00004380    00000060     Crystalfontz128x128_ST7735.obj (.text:Crystalfontz128x128_LineDrawV)
                  000043e0    0000005a     grlib.a : context.obj (.text:Graphics_drawPixel)
                  0000443a    00000002     --HOLE-- [fill = 0]
                  0000443c    00000058     msp432p4xx_driverlib.lib : gpio.o (.text:GPIO_setAsInputPinWithPullUpResistor)
                  00004494    00000056     rtsv7M4_T_le_v4SPD16_eabi.lib : _printfi.c.obj (.text:_pconv_f)
                  000044ea    00000056     Timer32_HAL.obj (.text:startHWTimer)
                  00004540    00000054     msp432p4xx_driverlib.lib : adc14.o (.text:ADC14_initModule)
                  00004594    00000054     Crystalfontz128x128_ST7735.obj (.text:Crystalfontz128x128_SetOrientation)
                  000045e8    00000054     Lab4_final_main.obj (.text:initialize)
                  0000463c    00000054     rtsv7M4_T_le_v4SPD16_eabi.lib : ltoa.c.obj (.text:ltoa)
                  00004690    00000052     grlib.a : context.obj (.text:Graphics_initContext)
                  000046e2    00000052     rtsv7M4_T_le_v4SPD16_eabi.lib : _printfi.c.obj (.text:_ecpy)
                  00004734    0000004c     ButtonLED_HAL.obj (.text:ButtonPushed)
                  00004780    0000004c     rtsv7M4_T_le_v4SPD16_eabi.lib : atoi.c.obj (.text:atoi)
                  000047cc    0000004a     graphics_HAL.obj (.text:drawAccelData)
                  00004816    00000048     grlib.a : string.obj (.text:Graphics_drawStringCentered)
                  0000485e    00000002     --HOLE-- [fill = 0]
                  00004860    00000048     ButtonLED_HAL.obj (.text:initButton)
                  000048a8    00000048     rtsv7M4_T_le_v4SPD16_eabi.lib : fd_toi_t2.asm.obj (.text)
                  000048f0    00000046     ADC_HAL.obj (.text:initAccelerometer)
                  00004936    00000002     --HOLE-- [fill = 0]
                  00004938    00000044     graphics_HAL.obj (.text:InitGraphics)
                  0000497c    00000044     rtsv7M4_T_le_v4SPD16_eabi.lib : autoinit.c.obj (.text:__TI_auto_init_nobinit_nopinit:__TI_auto_init_nobinit_nopinit)
                  000049c0    00000042     graphics_HAL.obj (.text:TargetCell)
                  00004a02    00000040     Crystalfontz128x128_ST7735.obj (.text:Crystalfontz128x128_PixelDraw)
                  00004a42    00000002     --HOLE-- [fill = 0]
                  00004a44    00000040     msp432p4xx_driverlib.lib : gpio.o (.text:GPIO_setAsOutputPin)
                  00004a84    00000040     grlib.a : string.obj (.text:Graphics_getNumberOfLeadingZeros)
                  00004ac4    00000040     HAL_MSP_EXP432P401R_Crystalfontz128x128_ST7735.obj (.text:HAL_LCD_SpiInit)
                  00004b04    00000040     msp432p4xx_driverlib.lib : spi.o (.text:is_A_Module)
                  00004b44    00000040     rtsv7M4_T_le_v4SPD16_eabi.lib : sprintf.c.obj (.text:sprintf)
                  00004b84    0000003e                                   : _printfi.c.obj (.text:_fcpy)
                  00004bc2    00000002     --HOLE-- [fill = 0]
                  00004bc4    00000038     HAL_MSP_EXP432P401R_Crystalfontz128x128_ST7735.obj (.text:HAL_LCD_writeCommand)
                  00004bfc    00000038     msp432p4xx_driverlib.lib : timer32.o (.text:Timer32_startTimer)
                  00004c34    00000038     rtsv7M4_T_le_v4SPD16_eabi.lib : boot_cortex_m.c.obj (.text:_c_int00_noargs:_c_int00_noargs)
                  00004c6c    00000036     grlib.a : display.obj (.text:Graphics_drawHorizontalLineOnDisplay)
                  00004ca2    00000036             : display.obj (.text:Graphics_drawVerticalLineOnDisplay)
                  00004cd8    00000034     msp432p4xx_driverlib.lib : adc14.o (.text:ADC14_enableSampleTimer)
                  00004d0c    00000034                              : timer32.o (.text:Timer32_setCount)
                  00004d40    00000030                              : gpio.o (.text:GPIO_getInputPinValue)
                  00004d70    00000030     HAL_MSP_EXP432P401R_Crystalfontz128x128_ST7735.obj (.text:HAL_LCD_PortInit)
                  00004da0    0000002e     graphics_HAL.obj (.text:DrawBall)
                  00004dce    0000002e     rtsv7M4_T_le_v4SPD16_eabi.lib : i_tofd_t2.asm.obj (.text)
                  00004dfc    0000002c     msp432p4xx_driverlib.lib : adc14.o (.text:ADC14_toggleConversionTrigger)
                  00004e28    0000002c     Crystalfontz128x128_ST7735.obj (.text:Crystalfontz128x128_ClearScreen)
                  00004e54    0000002c     grlib.a : display.obj (.text:Graphics_drawPixelOnDisplay)
                  00004e80    0000002c     HAL_MSP_EXP432P401R_Crystalfontz128x128_ST7735.obj (.text:HAL_LCD_writeData)
                  00004eac    00000028     msp432p4xx_driverlib.lib : adc14.o (.text:ADC14_enableConversion)
                  00004ed4    00000028     Crystalfontz128x128_ST7735.obj (.text:Crystalfontz128x128_ColorTranslate)
                  00004efc    00000028     msp432p4xx_driverlib.lib : gpio.o (.text:GPIO_setOutputHighOnPin)
                  00004f24    00000028                              : gpio.o (.text:GPIO_setOutputLowOnPin)
                  00004f4c    00000028                              : gpio.o (.text:GPIO_toggleOutputOnPin)
                  00004f74    00000026     Timer32_HAL.obj (.text:WaitCycles)
                  00004f9a    00000002     --HOLE-- [fill = 0]
                  00004f9c    00000024     msp432p4xx_driverlib.lib : wdt_a.o (.text:WDT_A_holdTimer)
                  00004fc0    00000024     ADC_HAL.obj (.text:getSampleAccelerometer)
                  00004fe4    0000001e     graphics_HAL.obj (.text:DrawWalls)
                  00005002    0000001e     grlib.a : display.obj (.text:Graphics_fillRectangleOnDisplay)
                  00005020    0000001e     Timer32_HAL.obj (.text:InitOneShotSWTimer)
                  0000503e    0000001e     Timer32_HAL.obj (.text:StartOneShotSWTimer)
                  0000505c    0000001c     msp432p4xx_driverlib.lib : adc14.o (.text:ADC14_getResult)
                  00005078    0000001c                              : spi.o (.text:SPI_enableModule)
                  00005094    0000001c     Timer32_HAL.obj (.text:T32_INT1_IRQHandler)
                  000050b0    0000001c     rtsv7M4_T_le_v4SPD16_eabi.lib : memccpy.c.obj (.text:memccpy)
                  000050cc    0000001a     grlib.a : display.obj (.text:Graphics_clearDisplayOnDisplay)
                  000050e6    0000001a             : context.obj (.text:Graphics_setBackgroundColor)
                  00005100    0000001a             : context.obj (.text:Graphics_setFont)
                  0000511a    0000001a     ADC_HAL.obj (.text:initADC)
                  00005134    00000018     rtsv7M4_T_le_v4SPD16_eabi.lib : sprintf.c.obj (.text:_outs)
                  0000514c    00000018                                   : ll_mul_t2.asm.obj (.text)
                  00005164    00000016     msp432p4xx_driverlib.lib : spi.o (.text:EUSCI_A_SPI_enable)
                  0000517a    00000016                              : spi.o (.text:EUSCI_B_SPI_enable)
                  00005190    00000016     grlib.a : context.obj (.text:Graphics_setForegroundColor)
                  000051a6    00000016             : display.obj (.text:Graphics_translateColorOnDisplay)
                  000051bc    00000016     rtsv7M4_T_le_v4SPD16_eabi.lib : strchr.c.obj (.text:strchr)
                  000051d2    00000014     ButtonLED_HAL.obj (.text:LaunchpadLeftButton_pressed)
                  000051e6    00000014     ButtonLED_HAL.obj (.text:LaunchpadRightButton_pressed)
                  000051fa    00000014     msp432p4xx_driverlib.lib : timer32.o (.text:Timer32_clearInterruptFlag)
                  0000520e    00000014     rtsv7M4_T_le_v4SPD16_eabi.lib : s_copysign.c.obj (.text:copysign)
                  00005222    00000014                                   : strlen.c.obj (.text:strlen)
                  00005236    00000012     grlib.a : context.obj (.text:Graphics_clearDisplay)
                  00005248    00000012     rtsv7M4_T_le_v4SPD16_eabi.lib : copy_zero_init.c.obj (.text:decompress:ZI:__TI_zero_init_nomemset:__TI_zero_init_nomemset)
                  0000525a    00000012                                   : wcslen.c.obj (.text:wcslen)
                  0000526c    00000010     msp432p4xx_driverlib.lib : adc14.o (.text:ADCIsConversionRunning)
                  0000527c    0000000e     graphics_HAL.obj (.text:InitFonts)
                  0000528a    0000000e     msp432p4xx_driverlib.lib : timer32.o (.text:Timer32_getValue)
                  00005298    0000000e     rtsv7M4_T_le_v4SPD16_eabi.lib : copy_decompress_none.c.obj (.text:decompress:none:__TI_decompress_none)
                  000052a6    00000002     --HOLE-- [fill = 0]
                  000052a8    0000000c     msp432p4xx_driverlib.lib : adc14.o (.text:ADC14_enableModule)
                  000052b4    0000000c     startup_msp432p401r_ccs.obj (.text:Reset_Handler)
                  000052c0    0000000c     ButtonLED_HAL.obj (.text:initialize_BoosterpackLED_blue)
                  000052cc    0000000c     ButtonLED_HAL.obj (.text:initialize_BoosterpackLED_green)
                  000052d8    0000000c     ButtonLED_HAL.obj (.text:initialize_BoosterpackLED_red)
                  000052e4    0000000c     ButtonLED_HAL.obj (.text:initialize_LaunchpadLED1)
                  000052f0    0000000c     ButtonLED_HAL.obj (.text:initialize_LaunchpadLED2_blue)
                  000052fc    0000000c     ButtonLED_HAL.obj (.text:initialize_LaunchpadLED2_green)
                  00005308    0000000c     ButtonLED_HAL.obj (.text:initialize_LaunchpadLED2_red)
                  00005314    0000000c     ADC_HAL.obj (.text:startADC)
                  00005320    0000000c     ButtonLED_HAL.obj (.text:toggle_BoosterpackLED_blue)
                  0000532c    0000000c     ButtonLED_HAL.obj (.text:toggle_BoosterpackLED_green)
                  00005338    0000000c     ButtonLED_HAL.obj (.text:toggle_BoosterpackLED_red)
                  00005344    0000000c     ButtonLED_HAL.obj (.text:turnOff_BoosterpackLED_blue)
                  00005350    0000000c     ButtonLED_HAL.obj (.text:turnOff_BoosterpackLED_green)
                  0000535c    0000000c     ButtonLED_HAL.obj (.text:turnOff_BoosterpackLED_red)
                  00005368    0000000c     ButtonLED_HAL.obj (.text:turnOff_LaunchpadLED1)
                  00005374    0000000c     ButtonLED_HAL.obj (.text:turnOff_LaunchpadLED2_blue)
                  00005380    0000000c     ButtonLED_HAL.obj (.text:turnOff_LaunchpadLED2_green)
                  0000538c    0000000c     ButtonLED_HAL.obj (.text:turnOff_LaunchpadLED2_red)
                  00005398    0000000c     ButtonLED_HAL.obj (.text:turnOn_BoosterpackLED_green)
                  000053a4    0000000c     ButtonLED_HAL.obj (.text:turnOn_BoosterpackLED_red)
                  000053b0    0000000c     ButtonLED_HAL.obj (.text:turnOn_LaunchpadLED1)
                  000053bc    0000000c     ButtonLED_HAL.obj (.text:turnOn_LaunchpadLED2_red)
                  000053c8    0000000a     Crystalfontz128x128_ST7735.obj (.text:Crystalfontz128x128_Flush)
                  000053d2    0000000a     rtsv7M4_T_le_v4SPD16_eabi.lib : sprintf.c.obj (.text:_outc)
                  000053dc    00000008                                   : errno.c.obj (.text:__aeabi_errno_addr)
                  000053e4    00000004                                   : pre_init.c.obj (.text:_system_pre_init)
                  000053e8    00000004                                   : exit.c.obj (.text:abort:abort)

.const     0    000053ec    000009c0     
                  000053ec    00000521     grlib.a : fontcmtt12.obj (.const:.string:g_pucCmtt12Data)
                  0000590d    00000101     rtsv7M4_T_le_v4SPD16_eabi.lib : ctype.c.obj (.const:.string:_ctypes_)
                  00005a0e    00000002     --HOLE-- [fill = 0]
                  00005a10    000000c8     grlib.a : fontcmtt12.obj (.const:g_sFontCmtt12)
                  00005ad8    00000080     msp432p4xx_driverlib.lib : adc14.o (.const:_ctlRegs)
                  00005b58    00000030                              : gpio.o (.const:GPIO_PORT_TO_BASE)
                  00005b88    00000020     Crystalfontz128x128_ST7735.obj (.const:g_sCrystalfontz128x128_funcs)
                  00005ba8    0000001c     HAL_MSP_EXP432P401R_Crystalfontz128x128_ST7735.obj (.const:$P$T0$1)
                  00005bc4    00000019     graphics_HAL.obj (.const:.string:$P$T0$1)
                  00005bdd    00000019     graphics_HAL.obj (.const:.string:$P$T1$2)
                  00005bf6    00000019     graphics_HAL.obj (.const:.string:$P$T10$11)
                  00005c0f    00000019     graphics_HAL.obj (.const:.string:$P$T11$12)
                  00005c28    00000019     graphics_HAL.obj (.const:.string:$P$T12$13)
                  00005c41    00000019     graphics_HAL.obj (.const:.string:$P$T13$14)
                  00005c5a    00000019     graphics_HAL.obj (.const:.string:$P$T14$15)
                  00005c73    00000019     graphics_HAL.obj (.const:.string:$P$T15$16)
                  00005c8c    00000019     graphics_HAL.obj (.const:.string:$P$T16$17)
                  00005ca5    00000019     graphics_HAL.obj (.const:.string:$P$T17$18)
                  00005cbe    00000019     graphics_HAL.obj (.const:.string:$P$T2$3)
                  00005cd7    00000019     graphics_HAL.obj (.const:.string:$P$T3$4)
                  00005cf0    00000019     graphics_HAL.obj (.const:.string:$P$T4$5)
                  00005d09    00000019     graphics_HAL.obj (.const:.string:$P$T5$6)
                  00005d22    00000019     graphics_HAL.obj (.const:.string:$P$T6$7)
                  00005d3b    00000019     graphics_HAL.obj (.const:.string:$P$T7$8)
                  00005d54    00000019     graphics_HAL.obj (.const:.string:$P$T8$9)
                  00005d6d    00000019     graphics_HAL.obj (.const:.string:$P$T9$10)
                  00005d86    0000000a     graphics_HAL.obj (.const:.string:$P$T18$19)
                  00005d90    0000000a     graphics_HAL.obj (.const:.string:$P$T19$20)
                  00005d9a    00000008     Crystalfontz128x128_ST7735.obj (.const:$P$T0$1)
                  00005da2    00000002     --HOLE-- [fill = 0]
                  00005da4    00000008     msp432p4xx_driverlib.lib : interrupt.o (.const:g_pulEnRegs)

.cinit     0    00005db0    00000038     
                  00005db0    0000000d     (.cinit..data.load) [load image, compression = lzss]
                  00005dbd    00000003     --HOLE-- [fill = 0]
                  00005dc0    0000000c     (__TI_handler_table)
                  00005dcc    00000004     --HOLE-- [fill = 0]
                  00005dd0    00000008     (.cinit..bss.load) [load image, compression = zero_init]
                  00005dd8    00000010     (__TI_cinit_table)

.init_array 
*          0    00000000    00000000     UNINITIALIZED

.binit     0    00000000    00000000     

.bss       0    20000000    0000003a     UNINITIALIZED
                  20000000    00000018     (.common:timer0)
                  20000018    00000018     (.common:timer1)
                  20000030    00000002     (.common:Lcd_ScreenHeigth)
                  20000032    00000002     (.common:Lcd_ScreenWidth)
                  20000034    00000002     (.common:Lcd_TouchTrim)
                  20000036    00000001     (.common:Lcd_FlagRead)
                  20000037    00000001     (.common:Lcd_FontSolid)
                  20000038    00000001     (.common:Lcd_Orientation)
                  20000039    00000001     (.common:Lcd_PenSolid)

.data      0    2000003c    00000015     UNINITIALIZED
                  2000003c    00000010     Crystalfontz128x128_ST7735.obj (.data:g_sCrystalfontz128x128)
                  2000004c    00000004     rtsv7M4_T_le_v4SPD16_eabi.lib : errno.c.obj (.data)
                  20000050    00000001     Lab4_final_main.obj (.data)

.stack     0    2000fe00    00000200     UNINITIALIZED
                  2000fe00    00000004     rtsv7M4_T_le_v4SPD16_eabi.lib : boot_cortex_m.c.obj (.stack)
                  2000fe04    000001fc     --HOLE--

MODULE SUMMARY

       Module                                               code    ro data   rw data
       ------                                               ----    -------   -------
    .\
       graphics_HAL.obj                                     3579    470       0      
       Lab4_final_main.obj                                  868     0         2      
       Timer32_HAL.obj                                      580     0         96     
       ButtonLED_HAL.obj                                    646     0         0      
       system_msp432p401r.obj                               188     0         0      
       ADC_HAL.obj                                          144     0         0      
    +--+----------------------------------------------------+-------+---------+---------+
       Total:                                               6005    470       98     
                                                                                     
    .\LcdDriver\
       Crystalfontz128x128_ST7735.obj                       1670    40        52     
       HAL_MSP_EXP432P401R_Crystalfontz128x128_ST7735.obj   212     28        0      
    +--+----------------------------------------------------+-------+---------+---------+
       Total:                                               1882    68        52     
                                                                                     
    .\ccs\
       startup_msp432p401r_ccs.obj                          14      228       0      
    +--+----------------------------------------------------+-------+---------+---------+
       Total:                                               14      228       0      
                                                                                     
    C:/ti/simplelink_msp432p4_sdk_2_20_00_12/source/ti/devices/msp432p4xx/driverlib/ccs/msp432p4xx_driverlib.lib
       adc14.o                                              960     128       0      
       gpio.o                                               592     48        0      
       spi.o                                                312     0         0      
       timer32.o                                            246     0         0      
       interrupt.o                                          128     8         0      
       wdt_a.o                                              36      0         0      
    +--+----------------------------------------------------+-------+---------+---------+
       Total:                                               2274    184       0      
                                                                                     
    C:/ti/simplelink_msp432p4_sdk_2_20_00_12/source/ti/grlib/lib/ccs/m4f/grlib.a
       string.obj                                           1536    0         0      
       fontcmtt12.obj                                       0       1513      0      
       circle.obj                                           554     0         0      
       rectangle.obj                                        436     0         0      
       line.obj                                             312     0         0      
       context.obj                                          264     0         0      
       display.obj                                          230     0         0      
    +--+----------------------------------------------------+-------+---------+---------+
       Total:                                               3332    1513      0      
                                                                                     
    C:\ti\ccv8\ccsv8\tools\compiler\ti-cgt-arm_18.1.2.LTS\lib\rtsv7M4_T_le_v4SPD16_eabi.lib
       _printfi.c.obj                                       4863    0         0      
       fd_add_t2.asm.obj                                    438     0         0      
       fd_div_t2.asm.obj                                    310     0         0      
       s_scalbn.c.obj                                       272     0         0      
       fd_cmp_t2.asm.obj                                    268     0         0      
       ctype.c.obj                                          0       257       0      
       fd_mul_t2.asm.obj                                    252     0         0      
       memcpy_t2.asm.obj                                    156     0         0      
       ull_div_t2.asm.obj                                   150     0         0      
       memset_t2.asm.obj                                    122     0         0      
       copy_decompress_lzss.c.obj                           104     0         0      
       s_frexp.c.obj                                        100     0         0      
       sprintf.c.obj                                        98      0         0      
       ltoa.c.obj                                           84      0         0      
       atoi.c.obj                                           76      0         0      
       fd_toi_t2.asm.obj                                    72      0         0      
       autoinit.c.obj                                       68      0         0      
       boot_cortex_m.c.obj                                  56      0         0      
       i_tofd_t2.asm.obj                                    46      0         0      
       memccpy.c.obj                                        28      0         0      
       ll_mul_t2.asm.obj                                    24      0         0      
       strchr.c.obj                                         22      0         0      
       s_copysign.c.obj                                     20      0         0      
       strlen.c.obj                                         20      0         0      
       copy_zero_init.c.obj                                 18      0         0      
       wcslen.c.obj                                         18      0         0      
       errno.c.obj                                          8       0         8      
       copy_decompress_none.c.obj                           14      0         0      
       exit.c.obj                                           4       0         0      
       pre_init.c.obj                                       4       0         0      
       div0.asm.obj                                         2       0         0      
    +--+----------------------------------------------------+-------+---------+---------+
       Total:                                               7717    257       8      
                                                                                     
       Stack:                                               0       0         1024   
       Linker Generated:                                    0       49        0      
    +--+----------------------------------------------------+-------+---------+---------+
       Grand Total:                                         21224   2769      1182   


LINKER GENERATED COPY TABLES

__TI_cinit_table @ 00005dd8 records: 2, size/record: 8, table size: 16
	.data: load addr=00005db0, load size=0000000d bytes, run addr=2000003c, run size=00000015 bytes, compression=lzss
	.bss: load addr=00005dd0, load size=00000008 bytes, run addr=20000000, run size=0000003a bytes, compression=zero_init


LINKER GENERATED HANDLER TABLE

__TI_handler_table @ 00005dc0 records: 3, size/record: 4, table size: 12
	index: 0, handler: __TI_decompress_lzss
	index: 1, handler: __TI_decompress_none
	index: 2, handler: __TI_zero_init


GLOBAL SYMBOLS: SORTED ALPHABETICALLY BY Name 

address   name                                       
-------   ----                                       
000018bb  ADC14_IRQHandler                           
0000363d  ADC14_configureConversionMemory            
000034ed  ADC14_configureMultiSequenceMode           
00004ead  ADC14_enableConversion                     
000052a9  ADC14_enableModule                         
00004cd9  ADC14_enableSampleTimer                    
0000505d  ADC14_getResult                            
00004541  ADC14_initModule                           
00004dfd  ADC14_toggleConversionTrigger              
000018bb  AES256_IRQHandler                          
000018bb  BusFault_Handler                           
00004735  ButtonPushed                               
000053e9  C$$EXIT                                    
000018bb  COMP_E0_IRQHandler                         
000018bb  COMP_E1_IRQHandler                         
000018bb  CS_IRQHandler                              
000027f1  Crystalfontz128x128_Init                   
000026bd  Crystalfontz128x128_SetDrawFrame           
00004595  Crystalfontz128x128_SetOrientation         
000018bb  DMA_ERR_IRQHandler                         
000018bb  DMA_INT0_IRQHandler                        
000018bb  DMA_INT1_IRQHandler                        
000018bb  DMA_INT2_IRQHandler                        
000018bb  DMA_INT3_IRQHandler                        
00003141  Debounce                                   
000018bb  DebugMon_Handler                           
000018bb  Default_Handler                            
00004da1  DrawBall                                   
00003a89  DrawBottom                                 
00002309  DrawEasyStage                              
000032cd  DrawHoles                                  
00003b13  DrawLeft                                   
00003b9d  DrawRight                                  
00003c27  DrawTop                                    
000040b9  DrawVxVy                                   
00004fe5  DrawWalls                                  
000018bb  EUSCIA0_IRQHandler                         
000018bb  EUSCIA1_IRQHandler                         
000018bb  EUSCIA2_IRQHandler                         
000018bb  EUSCIA3_IRQHandler                         
000018bb  EUSCIB0_IRQHandler                         
000018bb  EUSCIB1_IRQHandler                         
000018bb  EUSCIB2_IRQHandler                         
000018bb  EUSCIB3_IRQHandler                         
00005165  EUSCI_A_SPI_enable                         
0000517b  EUSCI_B_SPI_enable                         
000018bb  FLCTL_IRQHandler                           
000018bb  FPU_IRQHandler                             
00004d41  GPIO_getInputPinValue                      
0000443d  GPIO_setAsInputPinWithPullUpResistor       
00004a45  GPIO_setAsOutputPin                        
00003cb1  GPIO_setAsPeripheralModuleFunctionInputPin 
00003d39  GPIO_setAsPeripheralModuleFunctionOutputPin
00004efd  GPIO_setOutputHighOnPin                    
00004f25  GPIO_setOutputLowOnPin                     
00004f4d  GPIO_toggleOutputOnPin                     
00000fc1  GameOver                                   
00005237  Graphics_clearDisplay                      
000050cd  Graphics_clearDisplayOnDisplay             
00004c6d  Graphics_drawHorizontalLineOnDisplay       
0000381f  Graphics_drawLineH                         
000038bb  Graphics_drawLineV                         
000043e1  Graphics_drawPixel                         
00004e55  Graphics_drawPixelOnDisplay                
000036e1  Graphics_drawRectangle                     
00000b43  Graphics_drawString                        
00004817  Graphics_drawStringCentered                
00004ca3  Graphics_drawVerticalLineOnDisplay         
00001691  Graphics_fillCircle                        
00002b65  Graphics_fillRectangle                     
00005003  Graphics_fillRectangleOnDisplay            
00002e85  Graphics_getStringWidth                    
00004691  Graphics_initContext                       
000050e7  Graphics_setBackgroundColor                
00005101  Graphics_setFont                           
00005191  Graphics_setForegroundColor                
000051a7  Graphics_translateColorOnDisplay           
00004d71  HAL_LCD_PortInit                           
00004ac5  HAL_LCD_SpiInit                            
00004bc5  HAL_LCD_writeCommand                       
00004e81  HAL_LCD_writeData                          
000018bb  HardFault_Handler                          
0000527d  InitFonts                                  
00004939  InitGraphics                               
00005021  InitOneShotSWTimer                         
00003f51  Interrupt_enableInterrupt                  
000051d3  LaunchpadLeftButton_pressed                
000051e7  LaunchpadRightButton_pressed               
20000036  Lcd_FlagRead                               
20000037  Lcd_FontSolid                              
20000038  Lcd_Orientation                            
20000039  Lcd_PenSolid                               
20000030  Lcd_ScreenHeigth                           
20000032  Lcd_ScreenWidth                            
20000034  Lcd_TouchTrim                              
000018bb  MemManage_Handler                          
00002f81  ModifyLEDColor                             
0000291d  MoveBall                                   
000018bb  NMI_Handler                                
00003595  OneShotSWTimerExpired                      
000018bb  PCM_IRQHandler                             
000018bb  PORT1_IRQHandler                           
000018bb  PORT2_IRQHandler                           
000018bb  PORT3_IRQHandler                           
000018bb  PORT4_IRQHandler                           
000018bb  PORT5_IRQHandler                           
000018bb  PORT6_IRQHandler                           
000018bb  PSS_IRQHandler                             
000018bb  PendSV_Handler                             
000018bb  RTC_C_IRQHandler                           
000052b5  Reset_Handler                              
00005079  SPI_enableModule                           
0000343b  SPI_initMaster                             
000018bb  SVC_Handler                                
0000503f  StartOneShotSWTimer                        
000018bb  SysTick_Handler                            
00003211  SystemInit                                 
00005095  T32_INT1_IRQHandler                        
00005095  T32_INT1_IRQHandler                        
000018bb  T32_INT2_IRQHandler                        
000018bb  T32_INTC_IRQHandler                        
000018bb  TA0_0_IRQHandler                           
000018bb  TA0_N_IRQHandler                           
000018bb  TA1_0_IRQHandler                           
000018bb  TA1_N_IRQHandler                           
000018bb  TA2_0_IRQHandler                           
000018bb  TA2_N_IRQHandler                           
000018bb  TA3_0_IRQHandler                           
000018bb  TA3_N_IRQHandler                           
000049c1  TargetCell                                 
000051fb  Timer32_clearInterruptFlag                 
0000528b  Timer32_getValue                           
00004125  Timer32_initModule                         
00004d0d  Timer32_setCount                           
00004bfd  Timer32_startTimer                         
000018bb  UsageFault_Handler                         
4000480c  WDTCTL_SYM                                 
000018bb  WDT_A_IRQHandler                           
00004f9d  WDT_A_holdTimer                            
00004f75  WaitCycles                                 
00003071  Win                                        
0000203d  WriteSpeed                                 
20010000  __STACK_END                                
00000200  __STACK_SIZE                               
00005dd8  __TI_CINIT_Base                            
00005de8  __TI_CINIT_Limit                           
00005dc0  __TI_Handler_Table_Base                    
00005dcc  __TI_Handler_Table_Limit                   
0000497d  __TI_auto_init_nobinit_nopinit             
0000418d  __TI_decompress_lzss                       
00005299  __TI_decompress_none                       
ffffffff  __TI_pprof_out_hndl                        
000000e5  __TI_printfi                               
ffffffff  __TI_prof_data_size                        
ffffffff  __TI_prof_data_start                       
00000000  __TI_static_base__                         
00005249  __TI_zero_init_nomemset                    
00003dc1  __aeabi_cdcmpeq                            
00003dc1  __aeabi_cdcmple                            
00003e47  __aeabi_cdrcmple                           
000048a9  __aeabi_d2iz                               
00001e8f  __aeabi_dadd                               
00002585  __aeabi_ddiv                               
00002d89  __aeabi_dmul                               
00001e85  __aeabi_dsub                               
000053dd  __aeabi_errno_addr                         
00004dcf  __aeabi_i2d                                
0000203b  __aeabi_idiv0                              
0000203b  __aeabi_ldiv0                              
0000514d  __aeabi_lmul                               
00003fd1  __aeabi_memclr                             
00003fd1  __aeabi_memclr4                            
00003fd1  __aeabi_memclr8                            
00003957  __aeabi_memcpy                             
00003957  __aeabi_memcpy4                            
00003957  __aeabi_memcpy8                            
00003fd3  __aeabi_memset                             
00003fd3  __aeabi_memset4                            
00003fd3  __aeabi_memset8                            
000039f3  __aeabi_uldivmod                           
ffffffff  __binit__                                  
ffffffff  __c_args__                                 
UNDEFED   __mpu_init                                 
2000fe00  __stack                                    
00004c35  _c_int00_noargs                            
0000590d  _ctypes_                                   
UNDEFED   _system_post_cinit                         
000053e5  _system_pre_init                           
000053e9  abort                                      
00004781  atoi                                       
ffffffff  binit                                      
0000520f  copysign                                   
0000520f  copysignl                                  
000047cd  drawAccelData                              
2000004c  errno                                      
000041f5  frexp                                      
000041f5  frexpl                                     
2000003c  g_sCrystalfontz128x128                     
00005b88  g_sCrystalfontz128x128_funcs               
00005a10  g_sFontCmtt12                              
00004fc1  getSampleAccelerometer                     
0000511b  initADC                                    
000048f1  initAccelerometer                          
00004861  initButton                                 
00004259  initHWTimer0                               
000042bd  initHWTimer1                               
000045e9  initialize                                 
000052c1  initialize_BoosterpackLED_blue             
000052cd  initialize_BoosterpackLED_green            
000052d9  initialize_BoosterpackLED_red              
000052e5  initialize_LaunchpadLED1                   
000052f1  initialize_LaunchpadLED2_blue              
000052fd  initialize_LaunchpadLED2_green             
00005309  initialize_LaunchpadLED2_red               
00000000  interruptVectors                           
00002c79  ldexp                                      
00002c79  ldexpl                                     
0000463d  ltoa                                       
000018bd  main                                       
00003ecd  make_5digit_NumString                      
000050b1  memccpy                                    
00003957  memcpy                                     
00003fd9  memset                                     
00002c79  scalbn                                     
00002c79  scalbnl                                    
00004b45  sprintf                                    
00005315  startADC                                   
000044eb  startHWTimer                               
000051bd  strchr                                     
00005223  strlen                                     
20000000  timer0                                     
20000018  timer1                                     
00005321  toggle_BoosterpackLED_blue                 
0000532d  toggle_BoosterpackLED_green                
00005339  toggle_BoosterpackLED_red                  
00005345  turnOff_BoosterpackLED_blue                
00005351  turnOff_BoosterpackLED_green               
0000535d  turnOff_BoosterpackLED_red                 
00005369  turnOff_LaunchpadLED1                      
00005375  turnOff_LaunchpadLED2_blue                 
00005381  turnOff_LaunchpadLED2_green                
0000538d  turnOff_LaunchpadLED2_red                  
00005399  turnOn_BoosterpackLED_green                
000053a5  turnOn_BoosterpackLED_red                  
000053b1  turnOn_LaunchpadLED1                       
000053bd  turnOn_LaunchpadLED2_red                   
0000525b  wcslen                                     


GLOBAL SYMBOLS: SORTED BY Symbol Address 

address   name                                       
-------   ----                                       
00000000  __TI_static_base__                         
00000000  interruptVectors                           
000000e5  __TI_printfi                               
00000200  __STACK_SIZE                               
00000b43  Graphics_drawString                        
00000fc1  GameOver                                   
00001691  Graphics_fillCircle                        
000018bb  ADC14_IRQHandler                           
000018bb  AES256_IRQHandler                          
000018bb  BusFault_Handler                           
000018bb  COMP_E0_IRQHandler                         
000018bb  COMP_E1_IRQHandler                         
000018bb  CS_IRQHandler                              
000018bb  DMA_ERR_IRQHandler                         
000018bb  DMA_INT0_IRQHandler                        
000018bb  DMA_INT1_IRQHandler                        
000018bb  DMA_INT2_IRQHandler                        
000018bb  DMA_INT3_IRQHandler                        
000018bb  DebugMon_Handler                           
000018bb  Default_Handler                            
000018bb  EUSCIA0_IRQHandler                         
000018bb  EUSCIA1_IRQHandler                         
000018bb  EUSCIA2_IRQHandler                         
000018bb  EUSCIA3_IRQHandler                         
000018bb  EUSCIB0_IRQHandler                         
000018bb  EUSCIB1_IRQHandler                         
000018bb  EUSCIB2_IRQHandler                         
000018bb  EUSCIB3_IRQHandler                         
000018bb  FLCTL_IRQHandler                           
000018bb  FPU_IRQHandler                             
000018bb  HardFault_Handler                          
000018bb  MemManage_Handler                          
000018bb  NMI_Handler                                
000018bb  PCM_IRQHandler                             
000018bb  PORT1_IRQHandler                           
000018bb  PORT2_IRQHandler                           
000018bb  PORT3_IRQHandler                           
000018bb  PORT4_IRQHandler                           
000018bb  PORT5_IRQHandler                           
000018bb  PORT6_IRQHandler                           
000018bb  PSS_IRQHandler                             
000018bb  PendSV_Handler                             
000018bb  RTC_C_IRQHandler                           
000018bb  SVC_Handler                                
000018bb  SysTick_Handler                            
000018bb  T32_INT2_IRQHandler                        
000018bb  T32_INTC_IRQHandler                        
000018bb  TA0_0_IRQHandler                           
000018bb  TA0_N_IRQHandler                           
000018bb  TA1_0_IRQHandler                           
000018bb  TA1_N_IRQHandler                           
000018bb  TA2_0_IRQHandler                           
000018bb  TA2_N_IRQHandler                           
000018bb  TA3_0_IRQHandler                           
000018bb  TA3_N_IRQHandler                           
000018bb  UsageFault_Handler                         
000018bb  WDT_A_IRQHandler                           
000018bd  main                                       
00001e85  __aeabi_dsub                               
00001e8f  __aeabi_dadd                               
0000203b  __aeabi_idiv0                              
0000203b  __aeabi_ldiv0                              
0000203d  WriteSpeed                                 
00002309  DrawEasyStage                              
00002585  __aeabi_ddiv                               
000026bd  Crystalfontz128x128_SetDrawFrame           
000027f1  Crystalfontz128x128_Init                   
0000291d  MoveBall                                   
00002b65  Graphics_fillRectangle                     
00002c79  ldexp                                      
00002c79  ldexpl                                     
00002c79  scalbn                                     
00002c79  scalbnl                                    
00002d89  __aeabi_dmul                               
00002e85  Graphics_getStringWidth                    
00002f81  ModifyLEDColor                             
00003071  Win                                        
00003141  Debounce                                   
00003211  SystemInit                                 
000032cd  DrawHoles                                  
0000343b  SPI_initMaster                             
000034ed  ADC14_configureMultiSequenceMode           
00003595  OneShotSWTimerExpired                      
0000363d  ADC14_configureConversionMemory            
000036e1  Graphics_drawRectangle                     
0000381f  Graphics_drawLineH                         
000038bb  Graphics_drawLineV                         
00003957  __aeabi_memcpy                             
00003957  __aeabi_memcpy4                            
00003957  __aeabi_memcpy8                            
00003957  memcpy                                     
000039f3  __aeabi_uldivmod                           
00003a89  DrawBottom                                 
00003b13  DrawLeft                                   
00003b9d  DrawRight                                  
00003c27  DrawTop                                    
00003cb1  GPIO_setAsPeripheralModuleFunctionInputPin 
00003d39  GPIO_setAsPeripheralModuleFunctionOutputPin
00003dc1  __aeabi_cdcmpeq                            
00003dc1  __aeabi_cdcmple                            
00003e47  __aeabi_cdrcmple                           
00003ecd  make_5digit_NumString                      
00003f51  Interrupt_enableInterrupt                  
00003fd1  __aeabi_memclr                             
00003fd1  __aeabi_memclr4                            
00003fd1  __aeabi_memclr8                            
00003fd3  __aeabi_memset                             
00003fd3  __aeabi_memset4                            
00003fd3  __aeabi_memset8                            
00003fd9  memset                                     
000040b9  DrawVxVy                                   
00004125  Timer32_initModule                         
0000418d  __TI_decompress_lzss                       
000041f5  frexp                                      
000041f5  frexpl                                     
00004259  initHWTimer0                               
000042bd  initHWTimer1                               
000043e1  Graphics_drawPixel                         
0000443d  GPIO_setAsInputPinWithPullUpResistor       
000044eb  startHWTimer                               
00004541  ADC14_initModule                           
00004595  Crystalfontz128x128_SetOrientation         
000045e9  initialize                                 
0000463d  ltoa                                       
00004691  Graphics_initContext                       
00004735  ButtonPushed                               
00004781  atoi                                       
000047cd  drawAccelData                              
00004817  Graphics_drawStringCentered                
00004861  initButton                                 
000048a9  __aeabi_d2iz                               
000048f1  initAccelerometer                          
00004939  InitGraphics                               
0000497d  __TI_auto_init_nobinit_nopinit             
000049c1  TargetCell                                 
00004a45  GPIO_setAsOutputPin                        
00004ac5  HAL_LCD_SpiInit                            
00004b45  sprintf                                    
00004bc5  HAL_LCD_writeCommand                       
00004bfd  Timer32_startTimer                         
00004c35  _c_int00_noargs                            
00004c6d  Graphics_drawHorizontalLineOnDisplay       
00004ca3  Graphics_drawVerticalLineOnDisplay         
00004cd9  ADC14_enableSampleTimer                    
00004d0d  Timer32_setCount                           
00004d41  GPIO_getInputPinValue                      
00004d71  HAL_LCD_PortInit                           
00004da1  DrawBall                                   
00004dcf  __aeabi_i2d                                
00004dfd  ADC14_toggleConversionTrigger              
00004e55  Graphics_drawPixelOnDisplay                
00004e81  HAL_LCD_writeData                          
00004ead  ADC14_enableConversion                     
00004efd  GPIO_setOutputHighOnPin                    
00004f25  GPIO_setOutputLowOnPin                     
00004f4d  GPIO_toggleOutputOnPin                     
00004f75  WaitCycles                                 
00004f9d  WDT_A_holdTimer                            
00004fc1  getSampleAccelerometer                     
00004fe5  DrawWalls                                  
00005003  Graphics_fillRectangleOnDisplay            
00005021  InitOneShotSWTimer                         
0000503f  StartOneShotSWTimer                        
0000505d  ADC14_getResult                            
00005079  SPI_enableModule                           
00005095  T32_INT1_IRQHandler                        
00005095  T32_INT1_IRQHandler                        
000050b1  memccpy                                    
000050cd  Graphics_clearDisplayOnDisplay             
000050e7  Graphics_setBackgroundColor                
00005101  Graphics_setFont                           
0000511b  initADC                                    
0000514d  __aeabi_lmul                               
00005165  EUSCI_A_SPI_enable                         
0000517b  EUSCI_B_SPI_enable                         
00005191  Graphics_setForegroundColor                
000051a7  Graphics_translateColorOnDisplay           
000051bd  strchr                                     
000051d3  LaunchpadLeftButton_pressed                
000051e7  LaunchpadRightButton_pressed               
000051fb  Timer32_clearInterruptFlag                 
0000520f  copysign                                   
0000520f  copysignl                                  
00005223  strlen                                     
00005237  Graphics_clearDisplay                      
00005249  __TI_zero_init_nomemset                    
0000525b  wcslen                                     
0000527d  InitFonts                                  
0000528b  Timer32_getValue                           
00005299  __TI_decompress_none                       
000052a9  ADC14_enableModule                         
000052b5  Reset_Handler                              
000052c1  initialize_BoosterpackLED_blue             
000052cd  initialize_BoosterpackLED_green            
000052d9  initialize_BoosterpackLED_red              
000052e5  initialize_LaunchpadLED1                   
000052f1  initialize_LaunchpadLED2_blue              
000052fd  initialize_LaunchpadLED2_green             
00005309  initialize_LaunchpadLED2_red               
00005315  startADC                                   
00005321  toggle_BoosterpackLED_blue                 
0000532d  toggle_BoosterpackLED_green                
00005339  toggle_BoosterpackLED_red                  
00005345  turnOff_BoosterpackLED_blue                
00005351  turnOff_BoosterpackLED_green               
0000535d  turnOff_BoosterpackLED_red                 
00005369  turnOff_LaunchpadLED1                      
00005375  turnOff_LaunchpadLED2_blue                 
00005381  turnOff_LaunchpadLED2_green                
0000538d  turnOff_LaunchpadLED2_red                  
00005399  turnOn_BoosterpackLED_green                
000053a5  turnOn_BoosterpackLED_red                  
000053b1  turnOn_LaunchpadLED1                       
000053bd  turnOn_LaunchpadLED2_red                   
000053dd  __aeabi_errno_addr                         
000053e5  _system_pre_init                           
000053e9  C$$EXIT                                    
000053e9  abort                                      
0000590d  _ctypes_                                   
00005a10  g_sFontCmtt12                              
00005b88  g_sCrystalfontz128x128_funcs               
00005dc0  __TI_Handler_Table_Base                    
00005dcc  __TI_Handler_Table_Limit                   
00005dd8  __TI_CINIT_Base                            
00005de8  __TI_CINIT_Limit                           
20000000  timer0                                     
20000018  timer1                                     
20000030  Lcd_ScreenHeigth                           
20000032  Lcd_ScreenWidth                            
20000034  Lcd_TouchTrim                              
20000036  Lcd_FlagRead                               
20000037  Lcd_FontSolid                              
20000038  Lcd_Orientation                            
20000039  Lcd_PenSolid                               
2000003c  g_sCrystalfontz128x128                     
2000004c  errno                                      
2000fe00  __stack                                    
20010000  __STACK_END                                
4000480c  WDTCTL_SYM                                 
ffffffff  __TI_pprof_out_hndl                        
ffffffff  __TI_prof_data_size                        
ffffffff  __TI_prof_data_start                       
ffffffff  __binit__                                  
ffffffff  __c_args__                                 
ffffffff  binit                                      
UNDEFED   __mpu_init                                 
UNDEFED   _system_post_cinit                         

[247 symbols]
