<?xml version="1.0" encoding="ISO-8859-1" ?>
<link_info>
   <banner>TI ARM Linker PC v18.1.2.LTS</banner>
   <copyright>Copyright (c) 1996-2017 Texas Instruments Incorporated</copyright>
   <link_time>0x5c059493</link_time>
   <link_errors>0x0</link_errors>
   <output_file>Lab4_final.out</output_file>
   <entry_point>
      <name>_c_int00_noargs</name>
      <address>0x4271</address>
   </entry_point>
   <input_file_list>
      <input_file id="fl-2">
         <path>.\</path>
         <kind>object</kind>
         <file>ADC_HAL.obj</file>
         <name>ADC_HAL.obj</name>
      </input_file>
      <input_file id="fl-3">
         <path>.\</path>
         <kind>object</kind>
         <file>ButtonLED_HAL.obj</file>
         <name>ButtonLED_HAL.obj</name>
      </input_file>
      <input_file id="fl-4">
         <path>.\</path>
         <kind>object</kind>
         <file>HAL_I2C.obj</file>
         <name>HAL_I2C.obj</name>
      </input_file>
      <input_file id="fl-5">
         <path>.\</path>
         <kind>object</kind>
         <file>HAL_OPT3001.obj</file>
         <name>HAL_OPT3001.obj</name>
      </input_file>
      <input_file id="fl-6">
         <path>.\</path>
         <kind>object</kind>
         <file>Lab4_final_main.obj</file>
         <name>Lab4_final_main.obj</name>
      </input_file>
      <input_file id="fl-7">
         <path>.\</path>
         <kind>object</kind>
         <file>Timer32_HAL.obj</file>
         <name>Timer32_HAL.obj</name>
      </input_file>
      <input_file id="fl-8">
         <path>.\</path>
         <kind>object</kind>
         <file>graphics_HAL.obj</file>
         <name>graphics_HAL.obj</name>
      </input_file>
      <input_file id="fl-9">
         <path>.\</path>
         <kind>object</kind>
         <file>labyrinth.obj</file>
         <name>labyrinth.obj</name>
      </input_file>
      <input_file id="fl-a">
         <path>.\</path>
         <kind>object</kind>
         <file>system_msp432p401r.obj</file>
         <name>system_msp432p401r.obj</name>
      </input_file>
      <input_file id="fl-b">
         <path>.\LcdDriver\</path>
         <kind>object</kind>
         <file>Crystalfontz128x128_ST7735.obj</file>
         <name>Crystalfontz128x128_ST7735.obj</name>
      </input_file>
      <input_file id="fl-c">
         <path>.\LcdDriver\</path>
         <kind>object</kind>
         <file>HAL_MSP_EXP432P401R_Crystalfontz128x128_ST7735.obj</file>
         <name>HAL_MSP_EXP432P401R_Crystalfontz128x128_ST7735.obj</name>
      </input_file>
      <input_file id="fl-d">
         <path>.\ccs\</path>
         <kind>object</kind>
         <file>startup_msp432p401r_ccs.obj</file>
         <name>startup_msp432p401r_ccs.obj</name>
      </input_file>
      <input_file id="fl-e">
         <path>.\fonts\</path>
         <kind>object</kind>
         <file>fontcmtt16.obj</file>
         <name>fontcmtt16.obj</name>
      </input_file>
      <input_file id="fl-17">
         <kind>object</kind>
         <file>&lt;internal&gt;</file>
         <name>&lt;internal&gt;</name>
      </input_file>
      <input_file id="fl-18">
         <path>C:\ti\simplelink_msp432p4_sdk_2_20_00_12\source\ti\grlib\lib\ccs\m4f\</path>
         <kind>archive</kind>
         <file>grlib.a</file>
         <name>circle.obj</name>
      </input_file>
      <input_file id="fl-19">
         <path>C:\ti\simplelink_msp432p4_sdk_2_20_00_12\source\ti\grlib\lib\ccs\m4f\</path>
         <kind>archive</kind>
         <file>grlib.a</file>
         <name>context.obj</name>
      </input_file>
      <input_file id="fl-1a">
         <path>C:\ti\simplelink_msp432p4_sdk_2_20_00_12\source\ti\grlib\lib\ccs\m4f\</path>
         <kind>archive</kind>
         <file>grlib.a</file>
         <name>display.obj</name>
      </input_file>
      <input_file id="fl-1b">
         <path>C:\ti\simplelink_msp432p4_sdk_2_20_00_12\source\ti\grlib\lib\ccs\m4f\</path>
         <kind>archive</kind>
         <file>grlib.a</file>
         <name>fontcmtt12.obj</name>
      </input_file>
      <input_file id="fl-1c">
         <path>C:\ti\simplelink_msp432p4_sdk_2_20_00_12\source\ti\grlib\lib\ccs\m4f\</path>
         <kind>archive</kind>
         <file>grlib.a</file>
         <name>line.obj</name>
      </input_file>
      <input_file id="fl-1d">
         <path>C:\ti\simplelink_msp432p4_sdk_2_20_00_12\source\ti\grlib\lib\ccs\m4f\</path>
         <kind>archive</kind>
         <file>grlib.a</file>
         <name>rectangle.obj</name>
      </input_file>
      <input_file id="fl-1e">
         <path>C:\ti\simplelink_msp432p4_sdk_2_20_00_12\source\ti\grlib\lib\ccs\m4f\</path>
         <kind>archive</kind>
         <file>grlib.a</file>
         <name>string.obj</name>
      </input_file>
      <input_file id="fl-1f">
         <path>C:\ti\simplelink_msp432p4_sdk_2_20_00_12\source\ti\devices\msp432p4xx\driverlib\ccs\</path>
         <kind>archive</kind>
         <file>msp432p4xx_driverlib.lib</file>
         <name>adc14.o</name>
      </input_file>
      <input_file id="fl-20">
         <path>C:\ti\simplelink_msp432p4_sdk_2_20_00_12\source\ti\devices\msp432p4xx\driverlib\ccs\</path>
         <kind>archive</kind>
         <file>msp432p4xx_driverlib.lib</file>
         <name>gpio.o</name>
      </input_file>
      <input_file id="fl-21">
         <path>C:\ti\simplelink_msp432p4_sdk_2_20_00_12\source\ti\devices\msp432p4xx\driverlib\ccs\</path>
         <kind>archive</kind>
         <file>msp432p4xx_driverlib.lib</file>
         <name>i2c.o</name>
      </input_file>
      <input_file id="fl-22">
         <path>C:\ti\simplelink_msp432p4_sdk_2_20_00_12\source\ti\devices\msp432p4xx\driverlib\ccs\</path>
         <kind>archive</kind>
         <file>msp432p4xx_driverlib.lib</file>
         <name>interrupt.o</name>
      </input_file>
      <input_file id="fl-23">
         <path>C:\ti\simplelink_msp432p4_sdk_2_20_00_12\source\ti\devices\msp432p4xx\driverlib\ccs\</path>
         <kind>archive</kind>
         <file>msp432p4xx_driverlib.lib</file>
         <name>spi.o</name>
      </input_file>
      <input_file id="fl-24">
         <path>C:\ti\simplelink_msp432p4_sdk_2_20_00_12\source\ti\devices\msp432p4xx\driverlib\ccs\</path>
         <kind>archive</kind>
         <file>msp432p4xx_driverlib.lib</file>
         <name>timer32.o</name>
      </input_file>
      <input_file id="fl-25">
         <path>C:\ti\simplelink_msp432p4_sdk_2_20_00_12\source\ti\devices\msp432p4xx\driverlib\ccs\</path>
         <kind>archive</kind>
         <file>msp432p4xx_driverlib.lib</file>
         <name>wdt_a.o</name>
      </input_file>
      <input_file id="fl-26">
         <path>C:\ti\simplelink_msp432p4_sdk_2_20_00_12\source\ti\devices\msp432p4xx\driverlib\ccs\</path>
         <kind>archive</kind>
         <file>msp432p4xx_driverlib.lib</file>
         <name>cpu.o</name>
      </input_file>
      <input_file id="fl-27">
         <path>C:\ti\simplelink_msp432p4_sdk_2_20_00_12\source\ti\devices\msp432p4xx\driverlib\ccs\</path>
         <kind>archive</kind>
         <file>msp432p4xx_driverlib.lib</file>
         <name>sysctl_a.o</name>
      </input_file>
      <input_file id="fl-dd">
         <path>C:\ti\ccv8\ccsv8\tools\compiler\ti-cgt-arm_18.1.2.LTS\lib\</path>
         <kind>archive</kind>
         <file>rtsv7M4_T_le_v4SPD16_eabi.lib</file>
         <name>memset_t2.asm.obj</name>
      </input_file>
      <input_file id="fl-de">
         <path>C:\ti\ccv8\ccsv8\tools\compiler\ti-cgt-arm_18.1.2.LTS\lib\</path>
         <kind>archive</kind>
         <file>rtsv7M4_T_le_v4SPD16_eabi.lib</file>
         <name>ll_mul_t2.asm.obj</name>
      </input_file>
      <input_file id="fl-df">
         <path>C:\ti\ccv8\ccsv8\tools\compiler\ti-cgt-arm_18.1.2.LTS\lib\</path>
         <kind>archive</kind>
         <file>rtsv7M4_T_le_v4SPD16_eabi.lib</file>
         <name>copy_zero_init.c.obj</name>
      </input_file>
      <input_file id="fl-e0">
         <path>C:\ti\ccv8\ccsv8\tools\compiler\ti-cgt-arm_18.1.2.LTS\lib\</path>
         <kind>archive</kind>
         <file>rtsv7M4_T_le_v4SPD16_eabi.lib</file>
         <name>copy_decompress_none.c.obj</name>
      </input_file>
      <input_file id="fl-e1">
         <path>C:\ti\ccv8\ccsv8\tools\compiler\ti-cgt-arm_18.1.2.LTS\lib\</path>
         <kind>archive</kind>
         <file>rtsv7M4_T_le_v4SPD16_eabi.lib</file>
         <name>copy_decompress_lzss.c.obj</name>
      </input_file>
      <input_file id="fl-e2">
         <path>C:\ti\ccv8\ccsv8\tools\compiler\ti-cgt-arm_18.1.2.LTS\lib\</path>
         <kind>archive</kind>
         <file>rtsv7M4_T_le_v4SPD16_eabi.lib</file>
         <name>boot_cortex_m.c.obj</name>
      </input_file>
      <input_file id="fl-e3">
         <path>C:\ti\ccv8\ccsv8\tools\compiler\ti-cgt-arm_18.1.2.LTS\lib\</path>
         <kind>archive</kind>
         <file>rtsv7M4_T_le_v4SPD16_eabi.lib</file>
         <name>exit.c.obj</name>
      </input_file>
      <input_file id="fl-e4">
         <path>C:\ti\ccv8\ccsv8\tools\compiler\ti-cgt-arm_18.1.2.LTS\lib\</path>
         <kind>archive</kind>
         <file>rtsv7M4_T_le_v4SPD16_eabi.lib</file>
         <name>_lock.c.obj</name>
      </input_file>
      <input_file id="fl-e5">
         <path>C:\ti\ccv8\ccsv8\tools\compiler\ti-cgt-arm_18.1.2.LTS\lib\</path>
         <kind>archive</kind>
         <file>rtsv7M4_T_le_v4SPD16_eabi.lib</file>
         <name>args_main.c.obj</name>
      </input_file>
      <input_file id="fl-e6">
         <path>C:\ti\ccv8\ccsv8\tools\compiler\ti-cgt-arm_18.1.2.LTS\lib\</path>
         <kind>archive</kind>
         <file>rtsv7M4_T_le_v4SPD16_eabi.lib</file>
         <name>sprintf.c.obj</name>
      </input_file>
      <input_file id="fl-e7">
         <path>C:\ti\ccv8\ccsv8\tools\compiler\ti-cgt-arm_18.1.2.LTS\lib\</path>
         <kind>archive</kind>
         <file>rtsv7M4_T_le_v4SPD16_eabi.lib</file>
         <name>memcpy_t2.asm.obj</name>
      </input_file>
      <input_file id="fl-e8">
         <path>C:\ti\ccv8\ccsv8\tools\compiler\ti-cgt-arm_18.1.2.LTS\lib\</path>
         <kind>archive</kind>
         <file>rtsv7M4_T_le_v4SPD16_eabi.lib</file>
         <name>autoinit.c.obj</name>
      </input_file>
      <input_file id="fl-e9">
         <path>C:\ti\ccv8\ccsv8\tools\compiler\ti-cgt-arm_18.1.2.LTS\lib\</path>
         <kind>archive</kind>
         <file>rtsv7M4_T_le_v4SPD16_eabi.lib</file>
         <name>pre_init.c.obj</name>
      </input_file>
      <input_file id="fl-ea">
         <path>C:\ti\ccv8\ccsv8\tools\compiler\ti-cgt-arm_18.1.2.LTS\lib\</path>
         <kind>archive</kind>
         <file>rtsv7M4_T_le_v4SPD16_eabi.lib</file>
         <name>cpy_tbl.c.obj</name>
      </input_file>
      <input_file id="fl-eb">
         <path>C:\ti\ccv8\ccsv8\tools\compiler\ti-cgt-arm_18.1.2.LTS\lib\</path>
         <kind>archive</kind>
         <file>rtsv7M4_T_le_v4SPD16_eabi.lib</file>
         <name>_printfi.c.obj</name>
      </input_file>
      <input_file id="fl-ec">
         <path>C:\ti\ccv8\ccsv8\tools\compiler\ti-cgt-arm_18.1.2.LTS\lib\</path>
         <kind>archive</kind>
         <file>rtsv7M4_T_le_v4SPD16_eabi.lib</file>
         <name>atoi.c.obj</name>
      </input_file>
      <input_file id="fl-ed">
         <path>C:\ti\ccv8\ccsv8\tools\compiler\ti-cgt-arm_18.1.2.LTS\lib\</path>
         <kind>archive</kind>
         <file>rtsv7M4_T_le_v4SPD16_eabi.lib</file>
         <name>ctype.c.obj</name>
      </input_file>
      <input_file id="fl-ee">
         <path>C:\ti\ccv8\ccsv8\tools\compiler\ti-cgt-arm_18.1.2.LTS\lib\</path>
         <kind>archive</kind>
         <file>rtsv7M4_T_le_v4SPD16_eabi.lib</file>
         <name>ltoa.c.obj</name>
      </input_file>
      <input_file id="fl-ef">
         <path>C:\ti\ccv8\ccsv8\tools\compiler\ti-cgt-arm_18.1.2.LTS\lib\</path>
         <kind>archive</kind>
         <file>rtsv7M4_T_le_v4SPD16_eabi.lib</file>
         <name>memccpy.c.obj</name>
      </input_file>
      <input_file id="fl-f0">
         <path>C:\ti\ccv8\ccsv8\tools\compiler\ti-cgt-arm_18.1.2.LTS\lib\</path>
         <kind>archive</kind>
         <file>rtsv7M4_T_le_v4SPD16_eabi.lib</file>
         <name>strchr.c.obj</name>
      </input_file>
      <input_file id="fl-f1">
         <path>C:\ti\ccv8\ccsv8\tools\compiler\ti-cgt-arm_18.1.2.LTS\lib\</path>
         <kind>archive</kind>
         <file>rtsv7M4_T_le_v4SPD16_eabi.lib</file>
         <name>strlen.c.obj</name>
      </input_file>
      <input_file id="fl-f2">
         <path>C:\ti\ccv8\ccsv8\tools\compiler\ti-cgt-arm_18.1.2.LTS\lib\</path>
         <kind>archive</kind>
         <file>rtsv7M4_T_le_v4SPD16_eabi.lib</file>
         <name>s_frexp.c.obj</name>
      </input_file>
      <input_file id="fl-f3">
         <path>C:\ti\ccv8\ccsv8\tools\compiler\ti-cgt-arm_18.1.2.LTS\lib\</path>
         <kind>archive</kind>
         <file>rtsv7M4_T_le_v4SPD16_eabi.lib</file>
         <name>s_scalbn.c.obj</name>
      </input_file>
      <input_file id="fl-f4">
         <path>C:\ti\ccv8\ccsv8\tools\compiler\ti-cgt-arm_18.1.2.LTS\lib\</path>
         <kind>archive</kind>
         <file>rtsv7M4_T_le_v4SPD16_eabi.lib</file>
         <name>s_copysign.c.obj</name>
      </input_file>
      <input_file id="fl-f5">
         <path>C:\ti\ccv8\ccsv8\tools\compiler\ti-cgt-arm_18.1.2.LTS\lib\</path>
         <kind>archive</kind>
         <file>rtsv7M4_T_le_v4SPD16_eabi.lib</file>
         <name>wcslen.c.obj</name>
      </input_file>
      <input_file id="fl-f6">
         <path>C:\ti\ccv8\ccsv8\tools\compiler\ti-cgt-arm_18.1.2.LTS\lib\</path>
         <kind>archive</kind>
         <file>rtsv7M4_T_le_v4SPD16_eabi.lib</file>
         <name>fd_add_t2.asm.obj</name>
      </input_file>
      <input_file id="fl-f7">
         <path>C:\ti\ccv8\ccsv8\tools\compiler\ti-cgt-arm_18.1.2.LTS\lib\</path>
         <kind>archive</kind>
         <file>rtsv7M4_T_le_v4SPD16_eabi.lib</file>
         <name>fd_cmp_t2.asm.obj</name>
      </input_file>
      <input_file id="fl-f8">
         <path>C:\ti\ccv8\ccsv8\tools\compiler\ti-cgt-arm_18.1.2.LTS\lib\</path>
         <kind>archive</kind>
         <file>rtsv7M4_T_le_v4SPD16_eabi.lib</file>
         <name>fd_div_t2.asm.obj</name>
      </input_file>
      <input_file id="fl-f9">
         <path>C:\ti\ccv8\ccsv8\tools\compiler\ti-cgt-arm_18.1.2.LTS\lib\</path>
         <kind>archive</kind>
         <file>rtsv7M4_T_le_v4SPD16_eabi.lib</file>
         <name>fd_mul_t2.asm.obj</name>
      </input_file>
      <input_file id="fl-fa">
         <path>C:\ti\ccv8\ccsv8\tools\compiler\ti-cgt-arm_18.1.2.LTS\lib\</path>
         <kind>archive</kind>
         <file>rtsv7M4_T_le_v4SPD16_eabi.lib</file>
         <name>fd_toi_t2.asm.obj</name>
      </input_file>
      <input_file id="fl-fb">
         <path>C:\ti\ccv8\ccsv8\tools\compiler\ti-cgt-arm_18.1.2.LTS\lib\</path>
         <kind>archive</kind>
         <file>rtsv7M4_T_le_v4SPD16_eabi.lib</file>
         <name>i_tofd_t2.asm.obj</name>
      </input_file>
      <input_file id="fl-fc">
         <path>C:\ti\ccv8\ccsv8\tools\compiler\ti-cgt-arm_18.1.2.LTS\lib\</path>
         <kind>archive</kind>
         <file>rtsv7M4_T_le_v4SPD16_eabi.lib</file>
         <name>ull_div_t2.asm.obj</name>
      </input_file>
      <input_file id="fl-fd">
         <path>C:\ti\ccv8\ccsv8\tools\compiler\ti-cgt-arm_18.1.2.LTS\lib\</path>
         <kind>archive</kind>
         <file>rtsv7M4_T_le_v4SPD16_eabi.lib</file>
         <name>errno.c.obj</name>
      </input_file>
      <input_file id="fl-fe">
         <path>C:\ti\ccv8\ccsv8\tools\compiler\ti-cgt-arm_18.1.2.LTS\lib\</path>
         <kind>archive</kind>
         <file>rtsv7M4_T_le_v4SPD16_eabi.lib</file>
         <name>div0.asm.obj</name>
      </input_file>
   </input_file_list>
   <object_component_list>
      <object_component id="oc-23">
         <name>.intvecs:retain</name>
         <load_address>0x0</load_address>
         <run_address>0x0</run_address>
         <size>0xe4</size>
         <input_file_ref idref="fl-d"/>
      </object_component>
      <object_component id="oc-3fe">
         <name>.text:__TI_printfi</name>
         <load_address>0xe4</load_address>
         <run_address>0xe4</run_address>
         <size>0xa5e</size>
         <input_file_ref idref="fl-eb"/>
      </object_component>
      <object_component id="oc-296">
         <name>.text:Graphics_drawString</name>
         <load_address>0xb42</load_address>
         <run_address>0xb42</run_address>
         <size>0x47e</size>
         <input_file_ref idref="fl-1e"/>
      </object_component>
      <object_component id="oc-507">
         <name>.text:_pconv_a</name>
         <load_address>0xfc0</load_address>
         <run_address>0xfc0</run_address>
         <size>0x270</size>
         <input_file_ref idref="fl-eb"/>
      </object_component>
      <object_component id="oc-2e2">
         <name>.text:Graphics_fillCircle</name>
         <load_address>0x1230</load_address>
         <run_address>0x1230</run_address>
         <size>0x22a</size>
         <input_file_ref idref="fl-18"/>
      </object_component>
      <object_component id="oc-361">
         <name>.text:Crystalfontz128x128_PixelDrawMultiple</name>
         <load_address>0x145a</load_address>
         <run_address>0x145a</run_address>
         <size>0x1d8</size>
         <input_file_ref idref="fl-b"/>
      </object_component>
      <object_component id="oc-6a">
         <name>.text:Default_Handler</name>
         <load_address>0x1632</load_address>
         <run_address>0x1632</run_address>
         <size>0x2</size>
         <input_file_ref idref="fl-d"/>
      </object_component>
      <object_component id="oc-4f5">
         <name>.text:_pconv_g</name>
         <load_address>0x1634</load_address>
         <run_address>0x1634</run_address>
         <size>0x1d0</size>
         <input_file_ref idref="fl-eb"/>
      </object_component>
      <object_component id="oc-5af">
         <name>.text</name>
         <load_address>0x1804</load_address>
         <run_address>0x1804</run_address>
         <size>0x1b6</size>
         <input_file_ref idref="fl-f6"/>
      </object_component>
      <object_component id="oc-627">
         <name>.text</name>
         <load_address>0x19ba</load_address>
         <run_address>0x19ba</run_address>
         <size>0x2</size>
         <input_file_ref idref="fl-fe"/>
      </object_component>
      <object_component id="oc-101">
         <name>.text:WriteSpeed</name>
         <load_address>0x19bc</load_address>
         <run_address>0x19bc</run_address>
         <size>0x16b</size>
         <input_file_ref idref="fl-8"/>
      </object_component>
      <object_component id="oc-3f4">
         <name>.text:_getIndexForMemRegister</name>
         <load_address>0x1b28</load_address>
         <run_address>0x1b28</run_address>
         <size>0x160</size>
         <input_file_ref idref="fl-1f"/>
      </object_component>
      <object_component id="oc-9c">
         <name>.text:main</name>
         <load_address>0x1c88</load_address>
         <run_address>0x1c88</run_address>
         <size>0x148</size>
         <input_file_ref idref="fl-6"/>
      </object_component>
      <object_component id="oc-149">
         <name>.text:DrawEasyStage</name>
         <load_address>0x1dd0</load_address>
         <run_address>0x1dd0</run_address>
         <size>0x13e</size>
         <input_file_ref idref="fl-8"/>
      </object_component>
      <object_component id="oc-501">
         <name>.text:_pconv_e</name>
         <load_address>0x1f10</load_address>
         <run_address>0x1f10</run_address>
         <size>0x13c</size>
         <input_file_ref idref="fl-eb"/>
      </object_component>
      <object_component id="oc-595">
         <name>.text</name>
         <load_address>0x204c</load_address>
         <run_address>0x204c</run_address>
         <size>0x136</size>
         <input_file_ref idref="fl-f8"/>
      </object_component>
      <object_component id="oc-489">
         <name>.text:Crystalfontz128x128_SetDrawFrame</name>
         <load_address>0x2184</load_address>
         <run_address>0x2184</run_address>
         <size>0x134</size>
         <input_file_ref idref="fl-b"/>
      </object_component>
      <object_component id="oc-345">
         <name>.text:Crystalfontz128x128_Init</name>
         <load_address>0x22b8</load_address>
         <run_address>0x22b8</run_address>
         <size>0x12c</size>
         <input_file_ref idref="fl-b"/>
      </object_component>
      <object_component id="oc-5c1">
         <name>.text:fcvt</name>
         <load_address>0x23e4</load_address>
         <run_address>0x23e4</run_address>
         <size>0x120</size>
         <input_file_ref idref="fl-eb"/>
      </object_component>
      <object_component id="oc-5d5">
         <name>.text:scalbn</name>
         <load_address>0x2504</load_address>
         <run_address>0x2504</run_address>
         <size>0x110</size>
         <input_file_ref idref="fl-f3"/>
      </object_component>
      <object_component id="oc-590">
         <name>.text</name>
         <load_address>0x2614</load_address>
         <run_address>0x2614</run_address>
         <size>0xfc</size>
         <input_file_ref idref="fl-f9"/>
      </object_component>
      <object_component id="oc-42c">
         <name>.text:Graphics_getStringWidth</name>
         <load_address>0x2710</load_address>
         <run_address>0x2710</run_address>
         <size>0xfa</size>
         <input_file_ref idref="fl-1e"/>
      </object_component>
      <object_component id="oc-137">
         <name>.text:ModifyLEDColor</name>
         <load_address>0x280c</load_address>
         <run_address>0x280c</run_address>
         <size>0xf0</size>
         <input_file_ref idref="fl-6"/>
      </object_component>
      <object_component id="oc-2aa">
         <name>.text:Debounce</name>
         <load_address>0x28fc</load_address>
         <run_address>0x28fc</run_address>
         <size>0xce</size>
         <input_file_ref idref="fl-3"/>
      </object_component>
      <object_component id="oc-ae">
         <name>.text:SystemInit</name>
         <load_address>0x29cc</load_address>
         <run_address>0x29cc</run_address>
         <size>0xbc</size>
         <input_file_ref idref="fl-a"/>
      </object_component>
      <object_component id="oc-308">
         <name>.text:DrawHoles</name>
         <load_address>0x2a88</load_address>
         <run_address>0x2a88</run_address>
         <size>0xba</size>
         <input_file_ref idref="fl-8"/>
      </object_component>
      <object_component id="oc-4ea">
         <name>.text:_ltostr</name>
         <load_address>0x2b44</load_address>
         <run_address>0x2b44</run_address>
         <size>0xb1</size>
         <input_file_ref idref="fl-eb"/>
      </object_component>
      <object_component id="oc-557">
         <name>.text:SPI_initMaster</name>
         <load_address>0x2bf6</load_address>
         <run_address>0x2bf6</run_address>
         <size>0xb0</size>
         <input_file_ref idref="fl-23"/>
      </object_component>
      <object_component id="oc-3b8">
         <name>.text:ADC14_configureMultiSequenceMode</name>
         <load_address>0x2ca8</load_address>
         <run_address>0x2ca8</run_address>
         <size>0xa8</size>
         <input_file_ref idref="fl-1f"/>
      </object_component>
      <object_component id="oc-f5">
         <name>.text:OneShotSWTimerExpired</name>
         <load_address>0x2d50</load_address>
         <run_address>0x2d50</run_address>
         <size>0xa8</size>
         <input_file_ref idref="fl-7"/>
      </object_component>
      <object_component id="oc-3c4">
         <name>.text:ADC14_configureConversionMemory</name>
         <load_address>0x2df8</load_address>
         <run_address>0x2df8</run_address>
         <size>0xa4</size>
         <input_file_ref idref="fl-1f"/>
      </object_component>
      <object_component id="oc-373">
         <name>.text:Crystalfontz128x128_RectFill</name>
         <load_address>0x2e9c</load_address>
         <run_address>0x2e9c</run_address>
         <size>0x9c</size>
         <input_file_ref idref="fl-b"/>
      </object_component>
      <object_component id="oc-41d">
         <name>.text:Graphics_drawLineH</name>
         <load_address>0x2f38</load_address>
         <run_address>0x2f38</run_address>
         <size>0x9c</size>
         <input_file_ref idref="fl-1c"/>
      </object_component>
      <object_component id="oc-34">
         <name>.text</name>
         <load_address>0x2fd4</load_address>
         <run_address>0x2fd4</run_address>
         <size>0x9c</size>
         <input_file_ref idref="fl-e7"/>
      </object_component>
      <object_component id="oc-589">
         <name>.text</name>
         <load_address>0x3070</load_address>
         <run_address>0x3070</run_address>
         <size>0x96</size>
         <input_file_ref idref="fl-fc"/>
      </object_component>
      <object_component id="oc-2ef">
         <name>.text:DrawBottom</name>
         <load_address>0x3106</load_address>
         <run_address>0x3106</run_address>
         <size>0x8a</size>
         <input_file_ref idref="fl-8"/>
      </object_component>
      <object_component id="oc-2fb">
         <name>.text:DrawLeft</name>
         <load_address>0x3190</load_address>
         <run_address>0x3190</run_address>
         <size>0x8a</size>
         <input_file_ref idref="fl-8"/>
      </object_component>
      <object_component id="oc-2f5">
         <name>.text:DrawRight</name>
         <load_address>0x321a</load_address>
         <run_address>0x321a</run_address>
         <size>0x8a</size>
         <input_file_ref idref="fl-8"/>
      </object_component>
      <object_component id="oc-2e9">
         <name>.text:DrawTop</name>
         <load_address>0x32a4</load_address>
         <run_address>0x32a4</run_address>
         <size>0x8a</size>
         <input_file_ref idref="fl-8"/>
      </object_component>
      <object_component id="oc-3be">
         <name>.text:GPIO_setAsPeripheralModuleFunctionInputPin</name>
         <load_address>0x3330</load_address>
         <run_address>0x3330</run_address>
         <size>0x88</size>
         <input_file_ref idref="fl-20"/>
      </object_component>
      <object_component id="oc-550">
         <name>.text:GPIO_setAsPeripheralModuleFunctionOutputPin</name>
         <load_address>0x33b8</load_address>
         <run_address>0x33b8</run_address>
         <size>0x88</size>
         <input_file_ref idref="fl-20"/>
      </object_component>
      <object_component id="oc-4f0">
         <name>.text:__aeabi_cdcmple</name>
         <load_address>0x3440</load_address>
         <run_address>0x3440</run_address>
         <size>0x86</size>
         <input_file_ref idref="fl-f7"/>
      </object_component>
      <object_component id="oc-59a">
         <name>.text:__aeabi_cdrcmple</name>
         <load_address>0x34c6</load_address>
         <run_address>0x34c6</run_address>
         <size>0x86</size>
         <input_file_ref idref="fl-f7"/>
      </object_component>
      <object_component id="oc-29d">
         <name>.text:make_5digit_NumString</name>
         <load_address>0x354c</load_address>
         <run_address>0x354c</run_address>
         <size>0x82</size>
         <input_file_ref idref="fl-8"/>
      </object_component>
      <object_component id="oc-4b6">
         <name>.text:Interrupt_enableInterrupt</name>
         <load_address>0x35d0</load_address>
         <run_address>0x35d0</run_address>
         <size>0x80</size>
         <input_file_ref idref="fl-22"/>
      </object_component>
      <object_component id="oc-90">
         <name>.text</name>
         <load_address>0x3650</load_address>
         <run_address>0x3650</run_address>
         <size>0x7a</size>
         <input_file_ref idref="fl-dd"/>
      </object_component>
      <object_component id="oc-5ba">
         <name>.text:_mcpy</name>
         <load_address>0x36ca</load_address>
         <run_address>0x36ca</run_address>
         <size>0x6e</size>
         <input_file_ref idref="fl-eb"/>
      </object_component>
      <object_component id="oc-14f">
         <name>.text:DrawVxVy</name>
         <load_address>0x3738</load_address>
         <run_address>0x3738</run_address>
         <size>0x6c</size>
         <input_file_ref idref="fl-8"/>
      </object_component>
      <object_component id="oc-4b0">
         <name>.text:Timer32_initModule</name>
         <load_address>0x37a4</load_address>
         <run_address>0x37a4</run_address>
         <size>0x68</size>
         <input_file_ref idref="fl-24"/>
      </object_component>
      <object_component id="oc-14">
         <name>.text:decompress:lzss:__TI_decompress_lzss</name>
         <load_address>0x380c</load_address>
         <run_address>0x380c</run_address>
         <size>0x68</size>
         <input_file_ref idref="fl-e1"/>
      </object_component>
      <object_component id="oc-5cf">
         <name>.text:frexp</name>
         <load_address>0x3874</load_address>
         <run_address>0x3874</run_address>
         <size>0x64</size>
         <input_file_ref idref="fl-f2"/>
      </object_component>
      <object_component id="oc-249">
         <name>.text:initHWTimer0</name>
         <load_address>0x38d8</load_address>
         <run_address>0x38d8</run_address>
         <size>0x64</size>
         <input_file_ref idref="fl-7"/>
      </object_component>
      <object_component id="oc-24f">
         <name>.text:initHWTimer1</name>
         <load_address>0x393c</load_address>
         <run_address>0x393c</run_address>
         <size>0x64</size>
         <input_file_ref idref="fl-7"/>
      </object_component>
      <object_component id="oc-367">
         <name>.text:Crystalfontz128x128_LineDrawH</name>
         <load_address>0x39a0</load_address>
         <run_address>0x39a0</run_address>
         <size>0x60</size>
         <input_file_ref idref="fl-b"/>
      </object_component>
      <object_component id="oc-36d">
         <name>.text:Crystalfontz128x128_LineDrawV</name>
         <load_address>0x3a00</load_address>
         <run_address>0x3a00</run_address>
         <size>0x60</size>
         <input_file_ref idref="fl-b"/>
      </object_component>
      <object_component id="oc-302">
         <name>.text:Graphics_drawPixel</name>
         <load_address>0x3a60</load_address>
         <run_address>0x3a60</run_address>
         <size>0x5a</size>
         <input_file_ref idref="fl-19"/>
      </object_component>
      <object_component id="oc-268">
         <name>.text:GPIO_setAsInputPinWithPullUpResistor</name>
         <load_address>0x3abc</load_address>
         <run_address>0x3abc</run_address>
         <size>0x58</size>
         <input_file_ref idref="fl-20"/>
      </object_component>
      <object_component id="oc-4fb">
         <name>.text:_pconv_f</name>
         <load_address>0x3b14</load_address>
         <run_address>0x3b14</run_address>
         <size>0x56</size>
         <input_file_ref idref="fl-eb"/>
      </object_component>
      <object_component id="oc-3af">
         <name>.text:startHWTimer</name>
         <load_address>0x3b6a</load_address>
         <run_address>0x3b6a</run_address>
         <size>0x56</size>
         <input_file_ref idref="fl-7"/>
      </object_component>
      <object_component id="oc-3d1">
         <name>.text:ADC14_initModule</name>
         <load_address>0x3bc0</load_address>
         <run_address>0x3bc0</run_address>
         <size>0x54</size>
         <input_file_ref idref="fl-1f"/>
      </object_component>
      <object_component id="oc-34b">
         <name>.text:Crystalfontz128x128_SetOrientation</name>
         <load_address>0x3c14</load_address>
         <run_address>0x3c14</run_address>
         <size>0x54</size>
         <input_file_ref idref="fl-b"/>
      </object_component>
      <object_component id="oc-dd">
         <name>.text:initialize</name>
         <load_address>0x3c68</load_address>
         <run_address>0x3c68</run_address>
         <size>0x54</size>
         <input_file_ref idref="fl-6"/>
      </object_component>
      <object_component id="oc-5a4">
         <name>.text:ltoa</name>
         <load_address>0x3cbc</load_address>
         <run_address>0x3cbc</run_address>
         <size>0x54</size>
         <input_file_ref idref="fl-ee"/>
      </object_component>
      <object_component id="oc-1cc">
         <name>.text:Graphics_initContext</name>
         <load_address>0x3d10</load_address>
         <run_address>0x3d10</run_address>
         <size>0x52</size>
         <input_file_ref idref="fl-19"/>
      </object_component>
      <object_component id="oc-5b4">
         <name>.text:_ecpy</name>
         <load_address>0x3d62</load_address>
         <run_address>0x3d62</run_address>
         <size>0x52</size>
         <input_file_ref idref="fl-eb"/>
      </object_component>
      <object_component id="oc-10d">
         <name>.text:ButtonPushed</name>
         <load_address>0x3db4</load_address>
         <run_address>0x3db4</run_address>
         <size>0x4c</size>
         <input_file_ref idref="fl-3"/>
      </object_component>
      <object_component id="oc-4e4">
         <name>.text:atoi</name>
         <load_address>0x3e00</load_address>
         <run_address>0x3e00</run_address>
         <size>0x4c</size>
         <input_file_ref idref="fl-ec"/>
      </object_component>
      <object_component id="oc-107">
         <name>.text:drawAccelData</name>
         <load_address>0x3e4c</load_address>
         <run_address>0x3e4c</run_address>
         <size>0x4a</size>
         <input_file_ref idref="fl-8"/>
      </object_component>
      <object_component id="oc-2a3">
         <name>.text:Graphics_drawStringCentered</name>
         <load_address>0x3e96</load_address>
         <run_address>0x3e96</run_address>
         <size>0x48</size>
         <input_file_ref idref="fl-1e"/>
      </object_component>
      <object_component id="oc-e3">
         <name>.text:initButton</name>
         <load_address>0x3ee0</load_address>
         <run_address>0x3ee0</run_address>
         <size>0x48</size>
         <input_file_ref idref="fl-3"/>
      </object_component>
      <object_component id="oc-59f">
         <name>.text</name>
         <load_address>0x3f28</load_address>
         <run_address>0x3f28</run_address>
         <size>0x48</size>
         <input_file_ref idref="fl-fa"/>
      </object_component>
      <object_component id="oc-255">
         <name>.text:initAccelerometer</name>
         <load_address>0x3f70</load_address>
         <run_address>0x3f70</run_address>
         <size>0x46</size>
         <input_file_ref idref="fl-2"/>
      </object_component>
      <object_component id="oc-d7">
         <name>.text:InitGraphics</name>
         <load_address>0x3fb8</load_address>
         <run_address>0x3fb8</run_address>
         <size>0x44</size>
         <input_file_ref idref="fl-8"/>
      </object_component>
      <object_component id="oc-181">
         <name>.text:__TI_auto_init_nobinit_nopinit:__TI_auto_init_nobinit_nopinit</name>
         <load_address>0x3ffc</load_address>
         <run_address>0x3ffc</run_address>
         <size>0x44</size>
         <input_file_ref idref="fl-e8"/>
      </object_component>
      <object_component id="oc-35b">
         <name>.text:Crystalfontz128x128_PixelDraw</name>
         <load_address>0x4040</load_address>
         <run_address>0x4040</run_address>
         <size>0x40</size>
         <input_file_ref idref="fl-b"/>
      </object_component>
      <object_component id="oc-39d">
         <name>.text:GPIO_setAsOutputPin</name>
         <load_address>0x4080</load_address>
         <run_address>0x4080</run_address>
         <size>0x40</size>
         <input_file_ref idref="fl-20"/>
      </object_component>
      <object_component id="oc-417">
         <name>.text:Graphics_getNumberOfLeadingZeros</name>
         <load_address>0x40c0</load_address>
         <run_address>0x40c0</run_address>
         <size>0x40</size>
         <input_file_ref idref="fl-1e"/>
      </object_component>
      <object_component id="oc-477">
         <name>.text:HAL_LCD_SpiInit</name>
         <load_address>0x4100</load_address>
         <run_address>0x4100</run_address>
         <size>0x40</size>
         <input_file_ref idref="fl-c"/>
      </object_component>
      <object_component id="oc-605">
         <name>.text:is_A_Module</name>
         <load_address>0x4140</load_address>
         <run_address>0x4140</run_address>
         <size>0x40</size>
         <input_file_ref idref="fl-23"/>
      </object_component>
      <object_component id="oc-290">
         <name>.text:sprintf</name>
         <load_address>0x4180</load_address>
         <run_address>0x4180</run_address>
         <size>0x40</size>
         <input_file_ref idref="fl-e6"/>
      </object_component>
      <object_component id="oc-5c7">
         <name>.text:_fcpy</name>
         <load_address>0x41c0</load_address>
         <run_address>0x41c0</run_address>
         <size>0x3e</size>
         <input_file_ref idref="fl-eb"/>
      </object_component>
      <object_component id="oc-47d">
         <name>.text:HAL_LCD_writeCommand</name>
         <load_address>0x4200</load_address>
         <run_address>0x4200</run_address>
         <size>0x38</size>
         <input_file_ref idref="fl-c"/>
      </object_component>
      <object_component id="oc-4c2">
         <name>.text:Timer32_startTimer</name>
         <load_address>0x4238</load_address>
         <run_address>0x4238</run_address>
         <size>0x38</size>
         <input_file_ref idref="fl-24"/>
      </object_component>
      <object_component id="oc-52">
         <name>.text:_c_int00_noargs:_c_int00_noargs</name>
         <load_address>0x4270</load_address>
         <run_address>0x4270</run_address>
         <size>0x38</size>
         <input_file_ref idref="fl-e2"/>
      </object_component>
      <object_component id="oc-530">
         <name>.text:Graphics_drawHorizontalLineOnDisplay</name>
         <load_address>0x42a8</load_address>
         <run_address>0x42a8</run_address>
         <size>0x36</size>
         <input_file_ref idref="fl-1a"/>
      </object_component>
      <object_component id="oc-3d7">
         <name>.text:ADC14_enableSampleTimer</name>
         <load_address>0x42e0</load_address>
         <run_address>0x42e0</run_address>
         <size>0x34</size>
         <input_file_ref idref="fl-1f"/>
      </object_component>
      <object_component id="oc-4bc">
         <name>.text:Timer32_setCount</name>
         <load_address>0x4314</load_address>
         <run_address>0x4314</run_address>
         <size>0x34</size>
         <input_file_ref idref="fl-24"/>
      </object_component>
      <object_component id="oc-2b1">
         <name>.text:GPIO_getInputPinValue</name>
         <load_address>0x4348</load_address>
         <run_address>0x4348</run_address>
         <size>0x30</size>
         <input_file_ref idref="fl-20"/>
      </object_component>
      <object_component id="oc-471">
         <name>.text:HAL_LCD_PortInit</name>
         <load_address>0x4378</load_address>
         <run_address>0x4378</run_address>
         <size>0x30</size>
         <input_file_ref idref="fl-c"/>
      </object_component>
      <object_component id="oc-13d">
         <name>.text:DrawBall</name>
         <load_address>0x43a8</load_address>
         <run_address>0x43a8</run_address>
         <size>0x2e</size>
         <input_file_ref idref="fl-8"/>
      </object_component>
      <object_component id="oc-5aa">
         <name>.text</name>
         <load_address>0x43d6</load_address>
         <run_address>0x43d6</run_address>
         <size>0x2e</size>
         <input_file_ref idref="fl-fb"/>
      </object_component>
      <object_component id="oc-3e4">
         <name>.text:ADC14_toggleConversionTrigger</name>
         <load_address>0x4404</load_address>
         <run_address>0x4404</run_address>
         <size>0x2c</size>
         <input_file_ref idref="fl-1f"/>
      </object_component>
      <object_component id="oc-385">
         <name>.text:Crystalfontz128x128_ClearScreen</name>
         <load_address>0x4430</load_address>
         <run_address>0x4430</run_address>
         <size>0x2c</size>
         <input_file_ref idref="fl-b"/>
      </object_component>
      <object_component id="oc-423">
         <name>.text:Graphics_drawPixelOnDisplay</name>
         <load_address>0x445c</load_address>
         <run_address>0x445c</run_address>
         <size>0x2c</size>
         <input_file_ref idref="fl-1a"/>
      </object_component>
      <object_component id="oc-483">
         <name>.text:HAL_LCD_writeData</name>
         <load_address>0x4488</load_address>
         <run_address>0x4488</run_address>
         <size>0x2c</size>
         <input_file_ref idref="fl-c"/>
      </object_component>
      <object_component id="oc-3de">
         <name>.text:ADC14_enableConversion</name>
         <load_address>0x44b4</load_address>
         <run_address>0x44b4</run_address>
         <size>0x28</size>
         <input_file_ref idref="fl-1f"/>
      </object_component>
      <object_component id="oc-379">
         <name>.text:Crystalfontz128x128_ColorTranslate</name>
         <load_address>0x44dc</load_address>
         <run_address>0x44dc</run_address>
         <size>0x28</size>
         <input_file_ref idref="fl-b"/>
      </object_component>
      <object_component id="oc-2b8">
         <name>.text:GPIO_setOutputHighOnPin</name>
         <load_address>0x4504</load_address>
         <run_address>0x4504</run_address>
         <size>0x28</size>
         <input_file_ref idref="fl-20"/>
      </object_component>
      <object_component id="oc-2bf">
         <name>.text:GPIO_setOutputLowOnPin</name>
         <load_address>0x452c</load_address>
         <run_address>0x452c</run_address>
         <size>0x28</size>
         <input_file_ref idref="fl-20"/>
      </object_component>
      <object_component id="oc-437">
         <name>.text:GPIO_toggleOutputOnPin</name>
         <load_address>0x4554</load_address>
         <run_address>0x4554</run_address>
         <size>0x28</size>
         <input_file_ref idref="fl-20"/>
      </object_component>
      <object_component id="oc-275">
         <name>.text:WaitCycles</name>
         <load_address>0x457c</load_address>
         <run_address>0x457c</run_address>
         <size>0x26</size>
         <input_file_ref idref="fl-7"/>
      </object_component>
      <object_component id="oc-1fb">
         <name>.text:WDT_A_holdTimer</name>
         <load_address>0x45a4</load_address>
         <run_address>0x45a4</run_address>
         <size>0x24</size>
         <input_file_ref idref="fl-25"/>
      </object_component>
      <object_component id="oc-fb">
         <name>.text:getSampleAccelerometer</name>
         <load_address>0x45c8</load_address>
         <run_address>0x45c8</run_address>
         <size>0x24</size>
         <input_file_ref idref="fl-2"/>
      </object_component>
      <object_component id="oc-143">
         <name>.text:DrawWalls</name>
         <load_address>0x45ec</load_address>
         <run_address>0x45ec</run_address>
         <size>0x1e</size>
         <input_file_ref idref="fl-8"/>
      </object_component>
      <object_component id="oc-e9">
         <name>.text:InitOneShotSWTimer</name>
         <load_address>0x460a</load_address>
         <run_address>0x460a</run_address>
         <size>0x1e</size>
         <input_file_ref idref="fl-7"/>
      </object_component>
      <object_component id="oc-ef">
         <name>.text:StartOneShotSWTimer</name>
         <load_address>0x4628</load_address>
         <run_address>0x4628</run_address>
         <size>0x1e</size>
         <input_file_ref idref="fl-7"/>
      </object_component>
      <object_component id="oc-289">
         <name>.text:ADC14_getResult</name>
         <load_address>0x4648</load_address>
         <run_address>0x4648</run_address>
         <size>0x1c</size>
         <input_file_ref idref="fl-1f"/>
      </object_component>
      <object_component id="oc-55d">
         <name>.text:SPI_enableModule</name>
         <load_address>0x4664</load_address>
         <run_address>0x4664</run_address>
         <size>0x1c</size>
         <input_file_ref idref="fl-23"/>
      </object_component>
      <object_component id="oc-70">
         <name>.text:T32_INT1_IRQHandler</name>
         <load_address>0x4680</load_address>
         <run_address>0x4680</run_address>
         <size>0x1c</size>
         <input_file_ref idref="fl-7"/>
      </object_component>
      <object_component id="oc-50d">
         <name>.text:memccpy</name>
         <load_address>0x469c</load_address>
         <run_address>0x469c</run_address>
         <size>0x1c</size>
         <input_file_ref idref="fl-ef"/>
      </object_component>
      <object_component id="oc-352">
         <name>.text:Graphics_clearDisplayOnDisplay</name>
         <load_address>0x46b8</load_address>
         <run_address>0x46b8</run_address>
         <size>0x1a</size>
         <input_file_ref idref="fl-1a"/>
      </object_component>
      <object_component id="oc-1d8">
         <name>.text:Graphics_setBackgroundColor</name>
         <load_address>0x46d2</load_address>
         <run_address>0x46d2</run_address>
         <size>0x1a</size>
         <input_file_ref idref="fl-19"/>
      </object_component>
      <object_component id="oc-1de">
         <name>.text:Graphics_setFont</name>
         <load_address>0x46ec</load_address>
         <run_address>0x46ec</run_address>
         <size>0x1a</size>
         <input_file_ref idref="fl-19"/>
      </object_component>
      <object_component id="oc-25b">
         <name>.text:initADC</name>
         <load_address>0x4706</load_address>
         <run_address>0x4706</run_address>
         <size>0x1a</size>
         <input_file_ref idref="fl-2"/>
      </object_component>
      <object_component id="oc-404">
         <name>.text:_outs</name>
         <load_address>0x4720</load_address>
         <run_address>0x4720</run_address>
         <size>0x18</size>
         <input_file_ref idref="fl-e6"/>
      </object_component>
      <object_component id="oc-283">
         <name>.text</name>
         <load_address>0x4738</load_address>
         <run_address>0x4738</run_address>
         <size>0x18</size>
         <input_file_ref idref="fl-de"/>
      </object_component>
      <object_component id="oc-60d">
         <name>.text:EUSCI_A_SPI_enable</name>
         <load_address>0x4750</load_address>
         <run_address>0x4750</run_address>
         <size>0x16</size>
         <input_file_ref idref="fl-23"/>
      </object_component>
      <object_component id="oc-613">
         <name>.text:EUSCI_B_SPI_enable</name>
         <load_address>0x4766</load_address>
         <run_address>0x4766</run_address>
         <size>0x16</size>
         <input_file_ref idref="fl-23"/>
      </object_component>
      <object_component id="oc-1d2">
         <name>.text:Graphics_setForegroundColor</name>
         <load_address>0x477c</load_address>
         <run_address>0x477c</run_address>
         <size>0x16</size>
         <input_file_ref idref="fl-19"/>
      </object_component>
      <object_component id="oc-33c">
         <name>.text:Graphics_translateColorOnDisplay</name>
         <load_address>0x4792</load_address>
         <run_address>0x4792</run_address>
         <size>0x16</size>
         <input_file_ref idref="fl-1a"/>
      </object_component>
      <object_component id="oc-5db">
         <name>.text:strchr</name>
         <load_address>0x47a8</load_address>
         <run_address>0x47a8</run_address>
         <size>0x16</size>
         <input_file_ref idref="fl-f0"/>
      </object_component>
      <object_component id="oc-113">
         <name>.text:LaunchpadLeftButton_pressed</name>
         <load_address>0x47be</load_address>
         <run_address>0x47be</run_address>
         <size>0x14</size>
         <input_file_ref idref="fl-3"/>
      </object_component>
      <object_component id="oc-125">
         <name>.text:LaunchpadRightButton_pressed</name>
         <load_address>0x47d2</load_address>
         <run_address>0x47d2</run_address>
         <size>0x14</size>
         <input_file_ref idref="fl-3"/>
      </object_component>
      <object_component id="oc-b6">
         <name>.text:Timer32_clearInterruptFlag</name>
         <load_address>0x47e6</load_address>
         <run_address>0x47e6</run_address>
         <size>0x14</size>
         <input_file_ref idref="fl-24"/>
      </object_component>
      <object_component id="oc-640">
         <name>.text:copysign</name>
         <load_address>0x47fa</load_address>
         <run_address>0x47fa</run_address>
         <size>0x14</size>
         <input_file_ref idref="fl-f4"/>
      </object_component>
      <object_component id="oc-4de">
         <name>.text:strlen</name>
         <load_address>0x480e</load_address>
         <run_address>0x480e</run_address>
         <size>0x14</size>
         <input_file_ref idref="fl-f1"/>
      </object_component>
      <object_component id="oc-1ea">
         <name>.text:Graphics_clearDisplay</name>
         <load_address>0x4822</load_address>
         <run_address>0x4822</run_address>
         <size>0x12</size>
         <input_file_ref idref="fl-19"/>
      </object_component>
      <object_component id="oc-40">
         <name>.text:decompress:ZI:__TI_zero_init_nomemset:__TI_zero_init_nomemset</name>
         <load_address>0x4834</load_address>
         <run_address>0x4834</run_address>
         <size>0x12</size>
         <input_file_ref idref="fl-df"/>
      </object_component>
      <object_component id="oc-513">
         <name>.text:wcslen</name>
         <load_address>0x4846</load_address>
         <run_address>0x4846</run_address>
         <size>0x12</size>
         <input_file_ref idref="fl-f5"/>
      </object_component>
      <object_component id="oc-4c9">
         <name>.text:ADCIsConversionRunning</name>
         <load_address>0x4858</load_address>
         <run_address>0x4858</run_address>
         <size>0x10</size>
         <input_file_ref idref="fl-1f"/>
      </object_component>
      <object_component id="oc-1e4">
         <name>.text:InitFonts</name>
         <load_address>0x4868</load_address>
         <run_address>0x4868</run_address>
         <size>0xe</size>
         <input_file_ref idref="fl-8"/>
      </object_component>
      <object_component id="oc-27c">
         <name>.text:Timer32_getValue</name>
         <load_address>0x4876</load_address>
         <run_address>0x4876</run_address>
         <size>0xe</size>
         <input_file_ref idref="fl-24"/>
      </object_component>
      <object_component id="oc-1a">
         <name>.text:decompress:none:__TI_decompress_none</name>
         <load_address>0x4884</load_address>
         <run_address>0x4884</run_address>
         <size>0xe</size>
         <input_file_ref idref="fl-e0"/>
      </object_component>
      <object_component id="oc-3cb">
         <name>.text:ADC14_enableModule</name>
         <load_address>0x4894</load_address>
         <run_address>0x4894</run_address>
         <size>0xc</size>
         <input_file_ref idref="fl-1f"/>
      </object_component>
      <object_component id="oc-64">
         <name>.text:Reset_Handler</name>
         <load_address>0x48a0</load_address>
         <run_address>0x48a0</run_address>
         <size>0xc</size>
         <input_file_ref idref="fl-d"/>
      </object_component>
      <object_component id="oc-20d">
         <name>.text:initialize_BoosterpackLED_blue</name>
         <load_address>0x48ac</load_address>
         <run_address>0x48ac</run_address>
         <size>0xc</size>
         <input_file_ref idref="fl-3"/>
      </object_component>
      <object_component id="oc-207">
         <name>.text:initialize_BoosterpackLED_green</name>
         <load_address>0x48b8</load_address>
         <run_address>0x48b8</run_address>
         <size>0xc</size>
         <input_file_ref idref="fl-3"/>
      </object_component>
      <object_component id="oc-201">
         <name>.text:initialize_BoosterpackLED_red</name>
         <load_address>0x48c4</load_address>
         <run_address>0x48c4</run_address>
         <size>0xc</size>
         <input_file_ref idref="fl-3"/>
      </object_component>
      <object_component id="oc-213">
         <name>.text:initialize_LaunchpadLED1</name>
         <load_address>0x48d0</load_address>
         <run_address>0x48d0</run_address>
         <size>0xc</size>
         <input_file_ref idref="fl-3"/>
      </object_component>
      <object_component id="oc-21f">
         <name>.text:initialize_LaunchpadLED2_blue</name>
         <load_address>0x48dc</load_address>
         <run_address>0x48dc</run_address>
         <size>0xc</size>
         <input_file_ref idref="fl-3"/>
      </object_component>
      <object_component id="oc-225">
         <name>.text:initialize_LaunchpadLED2_green</name>
         <load_address>0x48e8</load_address>
         <run_address>0x48e8</run_address>
         <size>0xc</size>
         <input_file_ref idref="fl-3"/>
      </object_component>
      <object_component id="oc-219">
         <name>.text:initialize_LaunchpadLED2_red</name>
         <load_address>0x48f4</load_address>
         <run_address>0x48f4</run_address>
         <size>0xc</size>
         <input_file_ref idref="fl-3"/>
      </object_component>
      <object_component id="oc-261">
         <name>.text:startADC</name>
         <load_address>0x4900</load_address>
         <run_address>0x4900</run_address>
         <size>0xc</size>
         <input_file_ref idref="fl-2"/>
      </object_component>
      <object_component id="oc-2d5">
         <name>.text:toggle_BoosterpackLED_blue</name>
         <load_address>0x490c</load_address>
         <run_address>0x490c</run_address>
         <size>0xc</size>
         <input_file_ref idref="fl-3"/>
      </object_component>
      <object_component id="oc-2cf">
         <name>.text:toggle_BoosterpackLED_green</name>
         <load_address>0x4918</load_address>
         <run_address>0x4918</run_address>
         <size>0xc</size>
         <input_file_ref idref="fl-3"/>
      </object_component>
      <object_component id="oc-2c9">
         <name>.text:toggle_BoosterpackLED_red</name>
         <load_address>0x4924</load_address>
         <run_address>0x4924</run_address>
         <size>0xc</size>
         <input_file_ref idref="fl-3"/>
      </object_component>
      <object_component id="oc-237">
         <name>.text:turnOff_BoosterpackLED_blue</name>
         <load_address>0x4930</load_address>
         <run_address>0x4930</run_address>
         <size>0xc</size>
         <input_file_ref idref="fl-3"/>
      </object_component>
      <object_component id="oc-231">
         <name>.text:turnOff_BoosterpackLED_green</name>
         <load_address>0x493c</load_address>
         <run_address>0x493c</run_address>
         <size>0xc</size>
         <input_file_ref idref="fl-3"/>
      </object_component>
      <object_component id="oc-11f">
         <name>.text:turnOff_LaunchpadLED1</name>
         <load_address>0x4948</load_address>
         <run_address>0x4948</run_address>
         <size>0xc</size>
         <input_file_ref idref="fl-3"/>
      </object_component>
      <object_component id="oc-23d">
         <name>.text:turnOff_LaunchpadLED2_blue</name>
         <load_address>0x4954</load_address>
         <run_address>0x4954</run_address>
         <size>0xc</size>
         <input_file_ref idref="fl-3"/>
      </object_component>
      <object_component id="oc-243">
         <name>.text:turnOff_LaunchpadLED2_green</name>
         <load_address>0x4960</load_address>
         <run_address>0x4960</run_address>
         <size>0xc</size>
         <input_file_ref idref="fl-3"/>
      </object_component>
      <object_component id="oc-131">
         <name>.text:turnOff_LaunchpadLED2_red</name>
         <load_address>0x496c</load_address>
         <run_address>0x496c</run_address>
         <size>0xc</size>
         <input_file_ref idref="fl-3"/>
      </object_component>
      <object_component id="oc-22b">
         <name>.text:turnOn_BoosterpackLED_red</name>
         <load_address>0x4978</load_address>
         <run_address>0x4978</run_address>
         <size>0xc</size>
         <input_file_ref idref="fl-3"/>
      </object_component>
      <object_component id="oc-119">
         <name>.text:turnOn_LaunchpadLED1</name>
         <load_address>0x4984</load_address>
         <run_address>0x4984</run_address>
         <size>0xc</size>
         <input_file_ref idref="fl-3"/>
      </object_component>
      <object_component id="oc-12b">
         <name>.text:turnOn_LaunchpadLED2_red</name>
         <load_address>0x4990</load_address>
         <run_address>0x4990</run_address>
         <size>0xc</size>
         <input_file_ref idref="fl-3"/>
      </object_component>
      <object_component id="oc-37f">
         <name>.text:Crystalfontz128x128_Flush</name>
         <load_address>0x499c</load_address>
         <run_address>0x499c</run_address>
         <size>0xa</size>
         <input_file_ref idref="fl-b"/>
      </object_component>
      <object_component id="oc-40a">
         <name>.text:_outc</name>
         <load_address>0x49a6</load_address>
         <run_address>0x49a6</run_address>
         <size>0xa</size>
         <input_file_ref idref="fl-e6"/>
      </object_component>
      <object_component id="oc-519">
         <name>.text:__aeabi_errno_addr</name>
         <load_address>0x49b0</load_address>
         <run_address>0x49b0</run_address>
         <size>0x8</size>
         <input_file_ref idref="fl-fd"/>
      </object_component>
      <object_component id="oc-96">
         <name>.text:_system_pre_init</name>
         <load_address>0x49b8</load_address>
         <run_address>0x49b8</run_address>
         <size>0x4</size>
         <input_file_ref idref="fl-e9"/>
      </object_component>
      <object_component id="oc-175">
         <name>.text:abort:abort</name>
         <load_address>0x49bc</load_address>
         <run_address>0x49bc</run_address>
         <size>0x4</size>
         <input_file_ref idref="fl-e3"/>
      </object_component>
      <object_component id="oc-38f">
         <name>.const:.string:g_pucCmtt12Data</name>
         <load_address>0x49c0</load_address>
         <run_address>0x49c0</run_address>
         <size>0x521</size>
         <input_file_ref idref="fl-1b"/>
      </object_component>
      <object_component id="oc-584">
         <name>.const:.string:_ctypes_</name>
         <load_address>0x4ee1</load_address>
         <run_address>0x4ee1</run_address>
         <size>0x101</size>
         <input_file_ref idref="fl-ed"/>
      </object_component>
      <object_component id="oc-1f6">
         <name>.const:g_sFontCmtt12</name>
         <load_address>0x4fe4</load_address>
         <run_address>0x4fe4</run_address>
         <size>0xc8</size>
         <input_file_ref idref="fl-1b"/>
      </object_component>
      <object_component id="oc-3fa">
         <name>.const:_ctlRegs</name>
         <load_address>0x50ac</load_address>
         <run_address>0x50ac</run_address>
         <size>0x80</size>
         <input_file_ref idref="fl-1f"/>
      </object_component>
      <object_component id="oc-3eb">
         <name>.const:GPIO_PORT_TO_BASE</name>
         <load_address>0x512c</load_address>
         <run_address>0x512c</run_address>
         <size>0x30</size>
         <input_file_ref idref="fl-20"/>
      </object_component>
      <object_component id="oc-1f3">
         <name>.const:g_sCrystalfontz128x128_funcs</name>
         <load_address>0x515c</load_address>
         <run_address>0x515c</run_address>
         <size>0x20</size>
         <input_file_ref idref="fl-b"/>
      </object_component>
      <object_component id="oc-563">
         <name>.const:$P$T0$1</name>
         <load_address>0x517c</load_address>
         <run_address>0x517c</run_address>
         <size>0x1c</size>
         <input_file_ref idref="fl-c"/>
      </object_component>
      <object_component id="oc-30f">
         <name>.const:.string:$P$T0$1</name>
         <load_address>0x5198</load_address>
         <run_address>0x5198</run_address>
         <size>0xa</size>
         <input_file_ref idref="fl-8"/>
      </object_component>
      <object_component id="oc-312">
         <name>.const:.string:$P$T1$2</name>
         <load_address>0x51a2</load_address>
         <run_address>0x51a2</run_address>
         <size>0xa</size>
         <input_file_ref idref="fl-8"/>
      </object_component>
      <object_component id="oc-4a0">
         <name>.const:$P$T0$1</name>
         <load_address>0x51ac</load_address>
         <run_address>0x51ac</run_address>
         <size>0x8</size>
         <input_file_ref idref="fl-b"/>
      </object_component>
      <object_component id="oc-572">
         <name>.const:g_pulEnRegs</name>
         <load_address>0x51b4</load_address>
         <run_address>0x51b4</run_address>
         <size>0x8</size>
         <input_file_ref idref="fl-22"/>
      </object_component>
      <object_component id="oc-6a5">
         <name>.cinit..data.load</name>
         <load_address>0x51c0</load_address>
         <run_address>0x51c0</run_address>
         <size>0xd</size>
      </object_component>
      <object_component id="oc-6a3">
         <name>__TI_handler_table</name>
         <load_address>0x51d0</load_address>
         <run_address>0x51d0</run_address>
         <size>0xc</size>
      </object_component>
      <object_component id="oc-6a6">
         <name>.cinit..bss.load</name>
         <load_address>0x51e0</load_address>
         <run_address>0x51e0</run_address>
         <size>0x8</size>
      </object_component>
      <object_component id="oc-6a4">
         <name>__TI_cinit_table</name>
         <load_address>0x51e8</load_address>
         <run_address>0x51e8</run_address>
         <size>0x10</size>
      </object_component>
      <object_component id="oc-678">
         <name>.binit</name>
         <load_address>0x0</load_address>
         <run_address>0x0</run_address>
         <size>0x0</size>
      </object_component>
      <object_component id="oc-2db">
         <name>.data</name>
         <load_address>0x20000050</load_address>
         <run_address>0x20000050</run_address>
         <size>0x1</size>
         <input_file_ref idref="fl-6"/>
      </object_component>
      <object_component id="oc-1f0">
         <name>.data:g_sCrystalfontz128x128</name>
         <load_address>0x2000003c</load_address>
         <run_address>0x2000003c</run_address>
         <size>0x10</size>
         <input_file_ref idref="fl-b"/>
      </object_component>
      <object_component id="oc-5eb">
         <name>.data</name>
         <load_address>0x2000004c</load_address>
         <run_address>0x2000004c</run_address>
         <size>0x4</size>
         <input_file_ref idref="fl-fd"/>
      </object_component>
      <object_component id="oc-bc">
         <name>.common:timer0</name>
         <uninitialized>true</uninitialized>
         <run_address>0x20000000</run_address>
         <size>0x18</size>
      </object_component>
      <object_component id="oc-3b6">
         <name>.common:timer1</name>
         <uninitialized>true</uninitialized>
         <run_address>0x20000018</run_address>
         <size>0x18</size>
      </object_component>
      <object_component id="oc-496">
         <name>.common:Lcd_Orientation</name>
         <uninitialized>true</uninitialized>
         <run_address>0x20000038</run_address>
         <size>0x1</size>
      </object_component>
      <object_component id="oc-48f">
         <name>.common:Lcd_ScreenWidth</name>
         <uninitialized>true</uninitialized>
         <run_address>0x20000032</run_address>
         <size>0x2</size>
      </object_component>
      <object_component id="oc-490">
         <name>.common:Lcd_ScreenHeigth</name>
         <uninitialized>true</uninitialized>
         <run_address>0x20000030</run_address>
         <size>0x2</size>
      </object_component>
      <object_component id="oc-491">
         <name>.common:Lcd_PenSolid</name>
         <uninitialized>true</uninitialized>
         <run_address>0x20000039</run_address>
         <size>0x1</size>
      </object_component>
      <object_component id="oc-492">
         <name>.common:Lcd_FontSolid</name>
         <uninitialized>true</uninitialized>
         <run_address>0x20000037</run_address>
         <size>0x1</size>
      </object_component>
      <object_component id="oc-493">
         <name>.common:Lcd_FlagRead</name>
         <uninitialized>true</uninitialized>
         <run_address>0x20000036</run_address>
         <size>0x1</size>
      </object_component>
      <object_component id="oc-494">
         <name>.common:Lcd_TouchTrim</name>
         <uninitialized>true</uninitialized>
         <run_address>0x20000034</run_address>
         <size>0x2</size>
      </object_component>
      <object_component id="oc-26">
         <name>.stack</name>
         <uninitialized>true</uninitialized>
         <run_address>0x2000fe00</run_address>
         <size>0x4</size>
         <input_file_ref idref="fl-e2"/>
      </object_component>
      <object_component id="oc-6a7">
         <name>.stack</name>
         <uninitialized>true</uninitialized>
         <run_address>0x2000fe00</run_address>
         <size>0x0</size>
      </object_component>
      <object_component id="oc-1cb">
         <name>.debug_info</name>
         <load_address>0x0</load_address>
         <run_address>0x0</run_address>
         <size>0x89d</size>
         <input_file_ref idref="fl-2"/>
      </object_component>
      <object_component id="oc-25d">
         <name>.debug_info</name>
         <load_address>0x89d</load_address>
         <run_address>0x89d</run_address>
         <size>0x14e</size>
         <input_file_ref idref="fl-2"/>
      </object_component>
      <object_component id="oc-263">
         <name>.debug_info</name>
         <load_address>0x9eb</load_address>
         <run_address>0x9eb</run_address>
         <size>0x143</size>
         <input_file_ref idref="fl-2"/>
      </object_component>
      <object_component id="oc-257">
         <name>.debug_info</name>
         <load_address>0xb2e</load_address>
         <run_address>0xb2e</run_address>
         <size>0x20f</size>
         <input_file_ref idref="fl-2"/>
      </object_component>
      <object_component id="oc-fd">
         <name>.debug_info</name>
         <load_address>0xd3d</load_address>
         <run_address>0xd3d</run_address>
         <size>0x1a7</size>
         <input_file_ref idref="fl-2"/>
      </object_component>
      <object_component id="oc-c2">
         <name>.debug_info</name>
         <load_address>0xee4</load_address>
         <run_address>0xee4</run_address>
         <size>0x26b</size>
         <input_file_ref idref="fl-2"/>
      </object_component>
      <object_component id="oc-1c1">
         <name>.debug_info</name>
         <load_address>0x114f</load_address>
         <run_address>0x114f</run_address>
         <size>0x1055</size>
         <input_file_ref idref="fl-2"/>
      </object_component>
      <object_component id="oc-1bc">
         <name>.debug_info</name>
         <load_address>0x21a4</load_address>
         <run_address>0x21a4</run_address>
         <size>0x37e2</size>
         <input_file_ref idref="fl-2"/>
      </object_component>
      <object_component id="oc-156">
         <name>.debug_info</name>
         <load_address>0x5986</load_address>
         <run_address>0x5986</run_address>
         <size>0x8b</size>
         <input_file_ref idref="fl-2"/>
      </object_component>
      <object_component id="oc-1c6">
         <name>.debug_info</name>
         <load_address>0x5a11</load_address>
         <run_address>0x5a11</run_address>
         <size>0x297</size>
         <input_file_ref idref="fl-2"/>
      </object_component>
      <object_component id="oc-270">
         <name>.debug_info</name>
         <load_address>0x5ca8</load_address>
         <run_address>0x5ca8</run_address>
         <size>0xef</size>
         <input_file_ref idref="fl-2"/>
      </object_component>
      <object_component id="oc-1b5">
         <name>.debug_info</name>
         <load_address>0x5d97</load_address>
         <run_address>0x5d97</run_address>
         <size>0xbb</size>
         <input_file_ref idref="fl-2"/>
      </object_component>
      <object_component id="oc-567">
         <name>.debug_info</name>
         <load_address>0x5e52</load_address>
         <run_address>0x5e52</run_address>
         <size>0x131</size>
         <input_file_ref idref="fl-2"/>
      </object_component>
      <object_component id="oc-26f">
         <name>.debug_info</name>
         <load_address>0x5f83</load_address>
         <run_address>0x5f83</run_address>
         <size>0x7b5</size>
         <input_file_ref idref="fl-3"/>
      </object_component>
      <object_component id="oc-214">
         <name>.debug_info</name>
         <load_address>0x6738</load_address>
         <run_address>0x6738</run_address>
         <size>0x14e</size>
         <input_file_ref idref="fl-3"/>
      </object_component>
      <object_component id="oc-21a">
         <name>.debug_info</name>
         <load_address>0x6886</load_address>
         <run_address>0x6886</run_address>
         <size>0x156</size>
         <input_file_ref idref="fl-3"/>
      </object_component>
      <object_component id="oc-226">
         <name>.debug_info</name>
         <load_address>0x69dc</load_address>
         <run_address>0x69dc</run_address>
         <size>0x15a</size>
         <input_file_ref idref="fl-3"/>
      </object_component>
      <object_component id="oc-220">
         <name>.debug_info</name>
         <load_address>0x6b36</load_address>
         <run_address>0x6b36</run_address>
         <size>0x158</size>
         <input_file_ref idref="fl-3"/>
      </object_component>
      <object_component id="oc-202">
         <name>.debug_info</name>
         <load_address>0x6c8e</load_address>
         <run_address>0x6c8e</run_address>
         <size>0x158</size>
         <input_file_ref idref="fl-3"/>
      </object_component>
      <object_component id="oc-208">
         <name>.debug_info</name>
         <load_address>0x6de6</load_address>
         <run_address>0x6de6</run_address>
         <size>0x15c</size>
         <input_file_ref idref="fl-3"/>
      </object_component>
      <object_component id="oc-20e">
         <name>.debug_info</name>
         <load_address>0x6f42</load_address>
         <run_address>0x6f42</run_address>
         <size>0x15a</size>
         <input_file_ref idref="fl-3"/>
      </object_component>
      <object_component id="oc-11a">
         <name>.debug_info</name>
         <load_address>0x709c</load_address>
         <run_address>0x709c</run_address>
         <size>0x14a</size>
         <input_file_ref idref="fl-3"/>
      </object_component>
      <object_component id="oc-12c">
         <name>.debug_info</name>
         <load_address>0x71e6</load_address>
         <run_address>0x71e6</run_address>
         <size>0x152</size>
         <input_file_ref idref="fl-3"/>
      </object_component>
      <object_component id="oc-22c">
         <name>.debug_info</name>
         <load_address>0x7338</load_address>
         <run_address>0x7338</run_address>
         <size>0x154</size>
         <input_file_ref idref="fl-3"/>
      </object_component>
      <object_component id="oc-120">
         <name>.debug_info</name>
         <load_address>0x748c</load_address>
         <run_address>0x748c</run_address>
         <size>0x14b</size>
         <input_file_ref idref="fl-3"/>
      </object_component>
      <object_component id="oc-132">
         <name>.debug_info</name>
         <load_address>0x75d7</load_address>
         <run_address>0x75d7</run_address>
         <size>0x153</size>
         <input_file_ref idref="fl-3"/>
      </object_component>
      <object_component id="oc-244">
         <name>.debug_info</name>
         <load_address>0x772a</load_address>
         <run_address>0x772a</run_address>
         <size>0x157</size>
         <input_file_ref idref="fl-3"/>
      </object_component>
      <object_component id="oc-23e">
         <name>.debug_info</name>
         <load_address>0x7881</load_address>
         <run_address>0x7881</run_address>
         <size>0x155</size>
         <input_file_ref idref="fl-3"/>
      </object_component>
      <object_component id="oc-232">
         <name>.debug_info</name>
         <load_address>0x79d6</load_address>
         <run_address>0x79d6</run_address>
         <size>0x159</size>
         <input_file_ref idref="fl-3"/>
      </object_component>
      <object_component id="oc-238">
         <name>.debug_info</name>
         <load_address>0x7b2f</load_address>
         <run_address>0x7b2f</run_address>
         <size>0x157</size>
         <input_file_ref idref="fl-3"/>
      </object_component>
      <object_component id="oc-2ca">
         <name>.debug_info</name>
         <load_address>0x7c86</load_address>
         <run_address>0x7c86</run_address>
         <size>0x153</size>
         <input_file_ref idref="fl-3"/>
      </object_component>
      <object_component id="oc-2d0">
         <name>.debug_info</name>
         <load_address>0x7dd9</load_address>
         <run_address>0x7dd9</run_address>
         <size>0x157</size>
         <input_file_ref idref="fl-3"/>
      </object_component>
      <object_component id="oc-2d6">
         <name>.debug_info</name>
         <load_address>0x7f30</load_address>
         <run_address>0x7f30</run_address>
         <size>0x155</size>
         <input_file_ref idref="fl-3"/>
      </object_component>
      <object_component id="oc-114">
         <name>.debug_info</name>
         <load_address>0x8085</load_address>
         <run_address>0x8085</run_address>
         <size>0x15a</size>
         <input_file_ref idref="fl-3"/>
      </object_component>
      <object_component id="oc-126">
         <name>.debug_info</name>
         <load_address>0x81df</load_address>
         <run_address>0x81df</run_address>
         <size>0x15c</size>
         <input_file_ref idref="fl-3"/>
      </object_component>
      <object_component id="oc-2ab">
         <name>.debug_info</name>
         <load_address>0x833b</load_address>
         <run_address>0x833b</run_address>
         <size>0x232</size>
         <input_file_ref idref="fl-3"/>
      </object_component>
      <object_component id="oc-10e">
         <name>.debug_info</name>
         <load_address>0x856d</load_address>
         <run_address>0x856d</run_address>
         <size>0x1b1</size>
         <input_file_ref idref="fl-3"/>
      </object_component>
      <object_component id="oc-e4">
         <name>.debug_info</name>
         <load_address>0x871e</load_address>
         <run_address>0x871e</run_address>
         <size>0x20b</size>
         <input_file_ref idref="fl-3"/>
      </object_component>
      <object_component id="oc-160">
         <name>.debug_info</name>
         <load_address>0x8929</load_address>
         <run_address>0x8929</run_address>
         <size>0xfe</size>
         <input_file_ref idref="fl-3"/>
      </object_component>
      <object_component id="oc-16a">
         <name>.debug_info</name>
         <load_address>0x8a27</load_address>
         <run_address>0x8a27</run_address>
         <size>0x115</size>
         <input_file_ref idref="fl-3"/>
      </object_component>
      <object_component id="oc-2f">
         <name>.debug_info</name>
         <load_address>0x8b3c</load_address>
         <run_address>0x8b3c</run_address>
         <size>0x84</size>
         <input_file_ref idref="fl-5"/>
      </object_component>
      <object_component id="oc-174">
         <name>.debug_info</name>
         <load_address>0x8bc0</load_address>
         <run_address>0x8bc0</run_address>
         <size>0xf45</size>
         <input_file_ref idref="fl-6"/>
      </object_component>
      <object_component id="oc-9d">
         <name>.debug_info</name>
         <load_address>0x9b05</load_address>
         <run_address>0x9b05</run_address>
         <size>0x49f</size>
         <input_file_ref idref="fl-6"/>
      </object_component>
      <object_component id="oc-de">
         <name>.debug_info</name>
         <load_address>0x9fa4</load_address>
         <run_address>0x9fa4</run_address>
         <size>0x36d</size>
         <input_file_ref idref="fl-6"/>
      </object_component>
      <object_component id="oc-138">
         <name>.debug_info</name>
         <load_address>0xa311</load_address>
         <run_address>0xa311</run_address>
         <size>0x2c8</size>
         <input_file_ref idref="fl-6"/>
      </object_component>
      <object_component id="oc-165">
         <name>.debug_info</name>
         <load_address>0xa5d9</load_address>
         <run_address>0xa5d9</run_address>
         <size>0xbc</size>
         <input_file_ref idref="fl-6"/>
      </object_component>
      <object_component id="oc-2dd">
         <name>.debug_info</name>
         <load_address>0xa695</load_address>
         <run_address>0xa695</run_address>
         <size>0x51</size>
         <input_file_ref idref="fl-6"/>
      </object_component>
      <object_component id="oc-16f">
         <name>.debug_info</name>
         <load_address>0xa6e6</load_address>
         <run_address>0xa6e6</run_address>
         <size>0x28c</size>
         <input_file_ref idref="fl-6"/>
      </object_component>
      <object_component id="oc-15b">
         <name>.debug_info</name>
         <load_address>0xa972</load_address>
         <run_address>0xa972</run_address>
         <size>0x439</size>
         <input_file_ref idref="fl-6"/>
      </object_component>
      <object_component id="oc-bd">
         <name>.debug_info</name>
         <load_address>0xadab</load_address>
         <run_address>0xadab</run_address>
         <size>0x6f7</size>
         <input_file_ref idref="fl-7"/>
[...]
         <name>Graphics_drawLineH</name>
         <value>0x2f39</value>
         <object_component_ref idref="oc-41d"/>
      </symbol>
      <symbol id="sm-523">
         <name>Graphics_drawStringCentered</name>
         <value>0x3e97</value>
         <object_component_ref idref="oc-2a3"/>
      </symbol>
      <symbol id="sm-524">
         <name>Graphics_drawString</name>
         <value>0xb43</value>
         <object_component_ref idref="oc-296"/>
      </symbol>
      <symbol id="sm-525">
         <name>Graphics_getStringWidth</name>
         <value>0x2711</value>
         <object_component_ref idref="oc-42c"/>
      </symbol>
      <symbol id="sm-5e6">
         <name>ADC14_enableSampleTimer</name>
         <value>0x42e1</value>
         <object_component_ref idref="oc-3d7"/>
      </symbol>
      <symbol id="sm-5e7">
         <name>ADC14_enableConversion</name>
         <value>0x44b5</value>
         <object_component_ref idref="oc-3de"/>
      </symbol>
      <symbol id="sm-5e8">
         <name>ADC14_toggleConversionTrigger</name>
         <value>0x4405</value>
         <object_component_ref idref="oc-3e4"/>
      </symbol>
      <symbol id="sm-5e9">
         <name>ADC14_initModule</name>
         <value>0x3bc1</value>
         <object_component_ref idref="oc-3d1"/>
      </symbol>
      <symbol id="sm-5ea">
         <name>ADC14_configureMultiSequenceMode</name>
         <value>0x2ca9</value>
         <object_component_ref idref="oc-3b8"/>
      </symbol>
      <symbol id="sm-5eb">
         <name>ADC14_configureConversionMemory</name>
         <value>0x2df9</value>
         <object_component_ref idref="oc-3c4"/>
      </symbol>
      <symbol id="sm-5ec">
         <name>ADC14_enableModule</name>
         <value>0x4895</value>
         <object_component_ref idref="oc-3cb"/>
      </symbol>
      <symbol id="sm-5ed">
         <name>ADC14_getResult</name>
         <value>0x4649</value>
         <object_component_ref idref="oc-289"/>
      </symbol>
      <symbol id="sm-655">
         <name>GPIO_setOutputHighOnPin</name>
         <value>0x4505</value>
         <object_component_ref idref="oc-2b8"/>
      </symbol>
      <symbol id="sm-656">
         <name>GPIO_setAsInputPinWithPullUpResistor</name>
         <value>0x3abd</value>
         <object_component_ref idref="oc-268"/>
      </symbol>
      <symbol id="sm-657">
         <name>GPIO_setAsOutputPin</name>
         <value>0x4081</value>
         <object_component_ref idref="oc-39d"/>
      </symbol>
      <symbol id="sm-658">
         <name>GPIO_setOutputLowOnPin</name>
         <value>0x452d</value>
         <object_component_ref idref="oc-2bf"/>
      </symbol>
      <symbol id="sm-659">
         <name>GPIO_toggleOutputOnPin</name>
         <value>0x4555</value>
         <object_component_ref idref="oc-437"/>
      </symbol>
      <symbol id="sm-65a">
         <name>GPIO_setAsPeripheralModuleFunctionOutputPin</name>
         <value>0x33b9</value>
         <object_component_ref idref="oc-550"/>
      </symbol>
      <symbol id="sm-65b">
         <name>GPIO_getInputPinValue</name>
         <value>0x4349</value>
         <object_component_ref idref="oc-2b1"/>
      </symbol>
      <symbol id="sm-65c">
         <name>GPIO_setAsPeripheralModuleFunctionInputPin</name>
         <value>0x3331</value>
         <object_component_ref idref="oc-3be"/>
      </symbol>
      <symbol id="sm-67a">
         <name>Interrupt_enableInterrupt</name>
         <value>0x35d1</value>
         <object_component_ref idref="oc-4b6"/>
      </symbol>
      <symbol id="sm-6b4">
         <name>EUSCI_B_SPI_enable</name>
         <value>0x4767</value>
         <object_component_ref idref="oc-613"/>
      </symbol>
      <symbol id="sm-6b5">
         <name>SPI_enableModule</name>
         <value>0x4665</value>
         <object_component_ref idref="oc-55d"/>
      </symbol>
      <symbol id="sm-6b6">
         <name>EUSCI_A_SPI_enable</name>
         <value>0x4751</value>
         <object_component_ref idref="oc-60d"/>
      </symbol>
      <symbol id="sm-6b7">
         <name>SPI_initMaster</name>
         <value>0x2bf7</value>
         <object_component_ref idref="oc-557"/>
      </symbol>
      <symbol id="sm-6f0">
         <name>Timer32_startTimer</name>
         <value>0x4239</value>
         <object_component_ref idref="oc-4c2"/>
      </symbol>
      <symbol id="sm-6f1">
         <name>Timer32_setCount</name>
         <value>0x4315</value>
         <object_component_ref idref="oc-4bc"/>
      </symbol>
      <symbol id="sm-6f2">
         <name>Timer32_getValue</name>
         <value>0x4877</value>
         <object_component_ref idref="oc-27c"/>
      </symbol>
      <symbol id="sm-6f3">
         <name>Timer32_initModule</name>
         <value>0x37a5</value>
         <object_component_ref idref="oc-4b0"/>
      </symbol>
      <symbol id="sm-6f4">
         <name>Timer32_clearInterruptFlag</name>
         <value>0x47e7</value>
         <object_component_ref idref="oc-b6"/>
      </symbol>
      <symbol id="sm-700">
         <name>WDT_A_holdTimer</name>
         <value>0x45a5</value>
         <object_component_ref idref="oc-1fb"/>
      </symbol>
      <symbol id="sm-711">
         <name>__aeabi_memset</name>
         <value>0x3653</value>
         <object_component_ref idref="oc-90"/>
      </symbol>
      <symbol id="sm-712">
         <name>memset</name>
         <value>0x3659</value>
         <object_component_ref idref="oc-90"/>
      </symbol>
      <symbol id="sm-713">
         <name>__aeabi_memset8</name>
         <value>0x3653</value>
         <object_component_ref idref="oc-90"/>
      </symbol>
      <symbol id="sm-714">
         <name>__aeabi_memset4</name>
         <value>0x3653</value>
         <object_component_ref idref="oc-90"/>
      </symbol>
      <symbol id="sm-715">
         <name>__aeabi_memclr8</name>
         <value>0x3651</value>
         <object_component_ref idref="oc-90"/>
      </symbol>
      <symbol id="sm-716">
         <name>__aeabi_memclr4</name>
         <value>0x3651</value>
         <object_component_ref idref="oc-90"/>
      </symbol>
      <symbol id="sm-717">
         <name>__aeabi_memclr</name>
         <value>0x3651</value>
         <object_component_ref idref="oc-90"/>
      </symbol>
      <symbol id="sm-720">
         <name>__aeabi_lmul</name>
         <value>0x4739</value>
         <object_component_ref idref="oc-283"/>
      </symbol>
      <symbol id="sm-739">
         <name>__TI_zero_init_nomemset</name>
         <value>0x4835</value>
         <object_component_ref idref="oc-40"/>
      </symbol>
      <symbol id="sm-750">
         <name>__TI_decompress_none</name>
         <value>0x4885</value>
         <object_component_ref idref="oc-1a"/>
      </symbol>
      <symbol id="sm-773">
         <name>__TI_decompress_lzss</name>
         <value>0x380d</value>
         <object_component_ref idref="oc-14"/>
      </symbol>
      <symbol id="sm-786">
         <name>__stack</name>
         <value>0x2000fe00</value>
         <object_component_ref idref="oc-26"/>
      </symbol>
      <symbol id="sm-787">
         <name>_c_int00_noargs</name>
         <value>0x4271</value>
         <object_component_ref idref="oc-52"/>
      </symbol>
      <symbol id="sm-792">
         <name>C$$EXIT</name>
         <value>0x49bd</value>
         <object_component_ref idref="oc-175"/>
      </symbol>
      <symbol id="sm-793">
         <name>abort</name>
         <value>0x49bd</value>
         <object_component_ref idref="oc-175"/>
      </symbol>
      <symbol id="sm-7bc">
         <name>sprintf</name>
         <value>0x4181</value>
         <object_component_ref idref="oc-290"/>
      </symbol>
      <symbol id="sm-7d7">
         <name>memcpy</name>
         <value>0x2fd5</value>
         <object_component_ref idref="oc-34"/>
      </symbol>
      <symbol id="sm-7d8">
         <name>__aeabi_memcpy</name>
         <value>0x2fd5</value>
         <object_component_ref idref="oc-34"/>
      </symbol>
      <symbol id="sm-7d9">
         <name>__aeabi_memcpy8</name>
         <value>0x2fd5</value>
         <object_component_ref idref="oc-34"/>
      </symbol>
      <symbol id="sm-7da">
         <name>__aeabi_memcpy4</name>
         <value>0x2fd5</value>
         <object_component_ref idref="oc-34"/>
      </symbol>
      <symbol id="sm-802">
         <name>__TI_auto_init_nobinit_nopinit</name>
         <value>0x3ffd</value>
         <object_component_ref idref="oc-181"/>
      </symbol>
      <symbol id="sm-80c">
         <name>_system_pre_init</name>
         <value>0x49b9</value>
         <object_component_ref idref="oc-96"/>
      </symbol>
      <symbol id="sm-972">
         <name>__TI_printfi</name>
         <value>0xe5</value>
         <object_component_ref idref="oc-3fe"/>
      </symbol>
      <symbol id="sm-988">
         <name>atoi</name>
         <value>0x3e01</value>
         <object_component_ref idref="oc-4e4"/>
      </symbol>
      <symbol id="sm-993">
         <name>_ctypes_</name>
         <value>0x4ee1</value>
         <object_component_ref idref="oc-584"/>
      </symbol>
      <symbol id="sm-9a2">
         <name>ltoa</name>
         <value>0x3cbd</value>
         <object_component_ref idref="oc-5a4"/>
      </symbol>
      <symbol id="sm-9b2">
         <name>memccpy</name>
         <value>0x469d</value>
         <object_component_ref idref="oc-50d"/>
      </symbol>
      <symbol id="sm-9c2">
         <name>strchr</name>
         <value>0x47a9</value>
         <object_component_ref idref="oc-5db"/>
      </symbol>
      <symbol id="sm-9d0">
         <name>strlen</name>
         <value>0x480f</value>
         <object_component_ref idref="oc-4de"/>
      </symbol>
      <symbol id="sm-9f0">
         <name>frexpl</name>
         <value>0x3875</value>
         <object_component_ref idref="oc-5cf"/>
      </symbol>
      <symbol id="sm-9f1">
         <name>frexp</name>
         <value>0x3875</value>
         <object_component_ref idref="oc-5cf"/>
      </symbol>
      <symbol id="sm-a0e">
         <name>scalbn</name>
         <value>0x2505</value>
         <object_component_ref idref="oc-5d5"/>
      </symbol>
      <symbol id="sm-a0f">
         <name>scalbnl</name>
         <value>0x2505</value>
         <object_component_ref idref="oc-5d5"/>
      </symbol>
      <symbol id="sm-a10">
         <name>ldexpl</name>
         <value>0x2505</value>
         <object_component_ref idref="oc-5d5"/>
      </symbol>
      <symbol id="sm-a11">
         <name>ldexp</name>
         <value>0x2505</value>
         <object_component_ref idref="oc-5d5"/>
      </symbol>
      <symbol id="sm-a1b">
         <name>copysign</name>
         <value>0x47fb</value>
         <object_component_ref idref="oc-640"/>
      </symbol>
      <symbol id="sm-a1c">
         <name>copysignl</name>
         <value>0x47fb</value>
         <object_component_ref idref="oc-640"/>
      </symbol>
      <symbol id="sm-a35">
         <name>wcslen</name>
         <value>0x4847</value>
         <object_component_ref idref="oc-513"/>
      </symbol>
      <symbol id="sm-a4c">
         <name>__aeabi_dsub</name>
         <value>0x1805</value>
         <object_component_ref idref="oc-5af"/>
      </symbol>
      <symbol id="sm-a4d">
         <name>__aeabi_dadd</name>
         <value>0x180f</value>
         <object_component_ref idref="oc-5af"/>
      </symbol>
      <symbol id="sm-a6f">
         <name>__aeabi_cdcmpeq</name>
         <value>0x3441</value>
         <object_component_ref idref="oc-4f0"/>
      </symbol>
      <symbol id="sm-a70">
         <name>__aeabi_cdcmple</name>
         <value>0x3441</value>
         <object_component_ref idref="oc-4f0"/>
      </symbol>
      <symbol id="sm-a71">
         <name>__aeabi_cdrcmple</name>
         <value>0x34c7</value>
         <object_component_ref idref="oc-59a"/>
      </symbol>
      <symbol id="sm-a85">
         <name>__aeabi_ddiv</name>
         <value>0x204d</value>
         <object_component_ref idref="oc-595"/>
      </symbol>
      <symbol id="sm-a90">
         <name>__aeabi_dmul</name>
         <value>0x2615</value>
         <object_component_ref idref="oc-590"/>
      </symbol>
      <symbol id="sm-a9a">
         <name>__aeabi_d2iz</name>
         <value>0x3f29</value>
         <object_component_ref idref="oc-59f"/>
      </symbol>
      <symbol id="sm-aa4">
         <name>__aeabi_i2d</name>
         <value>0x43d7</value>
         <object_component_ref idref="oc-5aa"/>
      </symbol>
      <symbol id="sm-ab1">
         <name>__aeabi_uldivmod</name>
         <value>0x3071</value>
         <object_component_ref idref="oc-589"/>
      </symbol>
      <symbol id="sm-ac7">
         <name>__aeabi_errno_addr</name>
         <value>0x49b1</value>
         <object_component_ref idref="oc-519"/>
      </symbol>
      <symbol id="sm-ac8">
         <name>errno</name>
         <value>0x2000004c</value>
         <object_component_ref idref="oc-5eb"/>
      </symbol>
      <symbol id="sm-ad2">
         <name>__aeabi_idiv0</name>
         <value>0x19bb</value>
         <object_component_ref idref="oc-627"/>
      </symbol>
      <symbol id="sm-ad3">
         <name>__aeabi_ldiv0</name>
         <value>0x19bb</value>
         <object_component_ref idref="oc-627"/>
      </symbol>
      <symbol id="sm-ad4">
         <name>__TI_static_base__</name>
         <value>0x0</value>
      </symbol>
      <symbol id="sm-ad7">
         <name>__mpu_init</name>
         <value>0x0</value>
      </symbol>
      <symbol id="sm-ad8">
         <name>_system_post_cinit</name>
         <value>0x0</value>
      </symbol>
      <symbol id="sm-ad9">
         <name>NMI_Handler</name>
         <value>0x1633</value>
      </symbol>
      <symbol id="sm-ada">
         <name>HardFault_Handler</name>
         <value>0x1633</value>
      </symbol>
      <symbol id="sm-adb">
         <name>MemManage_Handler</name>
         <value>0x1633</value>
      </symbol>
      <symbol id="sm-adc">
         <name>BusFault_Handler</name>
         <value>0x1633</value>
      </symbol>
      <symbol id="sm-add">
         <name>UsageFault_Handler</name>
         <value>0x1633</value>
      </symbol>
      <symbol id="sm-ade">
         <name>SVC_Handler</name>
         <value>0x1633</value>
      </symbol>
      <symbol id="sm-adf">
         <name>DebugMon_Handler</name>
         <value>0x1633</value>
      </symbol>
      <symbol id="sm-ae0">
         <name>PendSV_Handler</name>
         <value>0x1633</value>
      </symbol>
      <symbol id="sm-ae1">
         <name>SysTick_Handler</name>
         <value>0x1633</value>
      </symbol>
      <symbol id="sm-ae2">
         <name>PSS_IRQHandler</name>
         <value>0x1633</value>
      </symbol>
      <symbol id="sm-ae3">
         <name>CS_IRQHandler</name>
         <value>0x1633</value>
      </symbol>
      <symbol id="sm-ae4">
         <name>PCM_IRQHandler</name>
         <value>0x1633</value>
      </symbol>
      <symbol id="sm-ae5">
         <name>WDT_A_IRQHandler</name>
         <value>0x1633</value>
      </symbol>
      <symbol id="sm-ae6">
         <name>FPU_IRQHandler</name>
         <value>0x1633</value>
      </symbol>
      <symbol id="sm-ae7">
         <name>FLCTL_IRQHandler</name>
         <value>0x1633</value>
      </symbol>
      <symbol id="sm-ae8">
         <name>COMP_E0_IRQHandler</name>
         <value>0x1633</value>
      </symbol>
      <symbol id="sm-ae9">
         <name>COMP_E1_IRQHandler</name>
         <value>0x1633</value>
      </symbol>
      <symbol id="sm-aea">
         <name>TA0_0_IRQHandler</name>
         <value>0x1633</value>
      </symbol>
      <symbol id="sm-aeb">
         <name>TA0_N_IRQHandler</name>
         <value>0x1633</value>
      </symbol>
      <symbol id="sm-aec">
         <name>TA1_0_IRQHandler</name>
         <value>0x1633</value>
      </symbol>
      <symbol id="sm-aed">
         <name>TA1_N_IRQHandler</name>
         <value>0x1633</value>
      </symbol>
      <symbol id="sm-aee">
         <name>TA2_0_IRQHandler</name>
         <value>0x1633</value>
      </symbol>
      <symbol id="sm-aef">
         <name>TA2_N_IRQHandler</name>
         <value>0x1633</value>
      </symbol>
      <symbol id="sm-af0">
         <name>TA3_0_IRQHandler</name>
         <value>0x1633</value>
      </symbol>
      <symbol id="sm-af1">
         <name>TA3_N_IRQHandler</name>
         <value>0x1633</value>
      </symbol>
      <symbol id="sm-af2">
         <name>EUSCIA0_IRQHandler</name>
         <value>0x1633</value>
      </symbol>
      <symbol id="sm-af3">
         <name>EUSCIA1_IRQHandler</name>
         <value>0x1633</value>
      </symbol>
      <symbol id="sm-af4">
         <name>EUSCIA2_IRQHandler</name>
         <value>0x1633</value>
      </symbol>
      <symbol id="sm-af5">
         <name>EUSCIA3_IRQHandler</name>
         <value>0x1633</value>
      </symbol>
      <symbol id="sm-af6">
         <name>EUSCIB0_IRQHandler</name>
         <value>0x1633</value>
      </symbol>
      <symbol id="sm-af7">
         <name>EUSCIB1_IRQHandler</name>
         <value>0x1633</value>
      </symbol>
      <symbol id="sm-af8">
         <name>EUSCIB2_IRQHandler</name>
         <value>0x1633</value>
      </symbol>
      <symbol id="sm-af9">
         <name>EUSCIB3_IRQHandler</name>
         <value>0x1633</value>
      </symbol>
      <symbol id="sm-afa">
         <name>ADC14_IRQHandler</name>
         <value>0x1633</value>
      </symbol>
      <symbol id="sm-afb">
         <name>T32_INT1_IRQHandler</name>
         <value>0x4681</value>
      </symbol>
      <symbol id="sm-afc">
         <name>T32_INT2_IRQHandler</name>
         <value>0x1633</value>
      </symbol>
      <symbol id="sm-afd">
         <name>T32_INTC_IRQHandler</name>
         <value>0x1633</value>
      </symbol>
      <symbol id="sm-afe">
         <name>AES256_IRQHandler</name>
         <value>0x1633</value>
      </symbol>
      <symbol id="sm-aff">
         <name>RTC_C_IRQHandler</name>
         <value>0x1633</value>
      </symbol>
      <symbol id="sm-b00">
         <name>DMA_ERR_IRQHandler</name>
         <value>0x1633</value>
      </symbol>
      <symbol id="sm-b01">
         <name>DMA_INT3_IRQHandler</name>
         <value>0x1633</value>
      </symbol>
      <symbol id="sm-b02">
         <name>DMA_INT2_IRQHandler</name>
         <value>0x1633</value>
      </symbol>
      <symbol id="sm-b03">
         <name>DMA_INT1_IRQHandler</name>
         <value>0x1633</value>
      </symbol>
      <symbol id="sm-b04">
         <name>DMA_INT0_IRQHandler</name>
         <value>0x1633</value>
      </symbol>
      <symbol id="sm-b05">
         <name>PORT1_IRQHandler</name>
         <value>0x1633</value>
      </symbol>
      <symbol id="sm-b06">
         <name>PORT2_IRQHandler</name>
         <value>0x1633</value>
      </symbol>
      <symbol id="sm-b07">
         <name>PORT3_IRQHandler</name>
         <value>0x1633</value>
      </symbol>
      <symbol id="sm-b08">
         <name>PORT4_IRQHandler</name>
         <value>0x1633</value>
      </symbol>
      <symbol id="sm-b09">
         <name>PORT5_IRQHandler</name>
         <value>0x1633</value>
      </symbol>
      <symbol id="sm-b0a">
         <name>PORT6_IRQHandler</name>
         <value>0x1633</value>
      </symbol>
   </symbol_table>
   <title>Link successful</title>
</link_info>
