******************************************************************************
                  TI ARM Linker PC v18.1.2                     
******************************************************************************
>> Linked Mon Dec  3 18:33:25 2018

OUTPUT FILE NAME:   <Lab4_final.out>
ENTRY POINT SYMBOL: "_c_int00_noargs"  address: 0000481d


MEMORY CONFIGURATION

         name            origin    length      used     unused   attr    fill
----------------------  --------  ---------  --------  --------  ----  --------
  MAIN                  00000000   00040000  00005890  0003a770  R  X
  INFO                  00200000   00004000  00000000  00004000  R  X
  SRAM_CODE             01000000   00010000  0000024f  0000fdb1  RW X
  SRAM_DATA             20000000   00010000  0000024f  0000fdb1  RW  


SEGMENT ALLOCATION MAP

run origin  load origin   length   init length attrs members
----------  ----------- ---------- ----------- ----- -------
00000000    00000000    00005890   00005890    r-x
  00000000    00000000    000000e4   000000e4    r-- .intvecs
  000000e4    000000e4    00004e94   00004e94    r-x .text
  00004f78    00004f78    000008e0   000008e0    r-- .const
  00005858    00005858    00000038   00000038    r-- .cinit
20000000    20000000    00000051   00000000    rw-
  20000000    20000000    0000003a   00000000    rw- .bss
  2000003c    2000003c    00000015   00000000    rw- .data
2000fe00    2000fe00    00000200   00000000    rw-
  2000fe00    2000fe00    00000200   00000000    rw- .stack


SECTION ALLOCATION MAP

 output                                  attributes/
section   page    origin      length       input sections
--------  ----  ----------  ----------   ----------------
.intvecs   0    00000000    000000e4     
                  00000000    000000e4     startup_msp432p401r_ccs.obj (.intvecs:retain)

.text      0    000000e4    00004e94     
                  000000e4    00000a5e     rtsv7M4_T_le_v4SPD16_eabi.lib : _printfi.c.obj (.text:__TI_printfi)
                  00000b42    0000047e     grlib.a : string.obj (.text:Graphics_drawString)
                  00000fc0    000003c0     graphics_HAL.obj (.text:GameOver)
                  00001380    00000270     rtsv7M4_T_le_v4SPD16_eabi.lib : _printfi.c.obj (.text:_pconv_a)
                  000015f0    0000022a     grlib.a : circle.obj (.text:Graphics_fillCircle)
                  0000181a    00000002     startup_msp432p401r_ccs.obj (.text:Default_Handler)
                  0000181c    0000020c     Lab4_final_main.obj (.text:main)
                  00001a28    000001d8     Crystalfontz128x128_ST7735.obj (.text:Crystalfontz128x128_PixelDrawMultiple)
                  00001c00    000001d0     rtsv7M4_T_le_v4SPD16_eabi.lib : _printfi.c.obj (.text:_pconv_g)
                  00001dd0    000001b6                                   : fd_add_t2.asm.obj (.text)
                  00001f86    00000002                                   : div0.asm.obj (.text)
                  00001f88    0000016b     graphics_HAL.obj (.text:WriteSpeed)
                  000020f3    00000001     --HOLE-- [fill = 0]
                  000020f4    00000160     msp432p4xx_driverlib.lib : adc14.o (.text:_getIndexForMemRegister)
                  00002254    0000013e     graphics_HAL.obj (.text:DrawEasyStage)
                  00002392    00000002     --HOLE-- [fill = 0]
                  00002394    0000013c     rtsv7M4_T_le_v4SPD16_eabi.lib : _printfi.c.obj (.text:_pconv_e)
                  000024d0    00000136                                   : fd_div_t2.asm.obj (.text)
                  00002606    00000002     --HOLE-- [fill = 0]
                  00002608    00000134     Crystalfontz128x128_ST7735.obj (.text:Crystalfontz128x128_SetDrawFrame)
                  0000273c    0000012c     Crystalfontz128x128_ST7735.obj (.text:Crystalfontz128x128_Init)
                  00002868    00000128     graphics_HAL.obj (.text:MoveBall)
                  00002990    00000120     rtsv7M4_T_le_v4SPD16_eabi.lib : _printfi.c.obj (.text:fcvt)
                  00002ab0    00000110                                   : s_scalbn.c.obj (.text:scalbn)
                  00002bc0    000000fc                                   : fd_mul_t2.asm.obj (.text)
                  00002cbc    000000fa     grlib.a : string.obj (.text:Graphics_getStringWidth)
                  00002db6    00000002     --HOLE-- [fill = 0]
                  00002db8    000000f0     Lab4_final_main.obj (.text:ModifyLEDColor)
                  00002ea8    000000ce     ButtonLED_HAL.obj (.text:Debounce)
                  00002f76    00000002     --HOLE-- [fill = 0]
                  00002f78    000000bc     system_msp432p401r.obj (.text:SystemInit)
                  00003034    000000ba     graphics_HAL.obj (.text:DrawHoles)
                  000030ee    00000002     --HOLE-- [fill = 0]
                  000030f0    000000b1     rtsv7M4_T_le_v4SPD16_eabi.lib : _printfi.c.obj (.text:_ltostr)
                  000031a1    00000001     --HOLE-- [fill = 0]
                  000031a2    000000b0     msp432p4xx_driverlib.lib : spi.o (.text:SPI_initMaster)
                  00003252    00000002     --HOLE-- [fill = 0]
                  00003254    000000a8                              : adc14.o (.text:ADC14_configureMultiSequenceMode)
                  000032fc    000000a8     Timer32_HAL.obj (.text:OneShotSWTimerExpired)
                  000033a4    000000a4     msp432p4xx_driverlib.lib : adc14.o (.text:ADC14_configureConversionMemory)
                  00003448    0000009c     Crystalfontz128x128_ST7735.obj (.text:Crystalfontz128x128_RectFill)
                  000034e4    0000009c     grlib.a : line.obj (.text:Graphics_drawLineH)
                  00003580    0000009c     rtsv7M4_T_le_v4SPD16_eabi.lib : memcpy_t2.asm.obj (.text)
                  0000361c    00000096                                   : ull_div_t2.asm.obj (.text)
                  000036b2    0000008a     graphics_HAL.obj (.text:DrawBottom)
                  0000373c    0000008a     graphics_HAL.obj (.text:DrawLeft)
                  000037c6    0000008a     graphics_HAL.obj (.text:DrawRight)
                  00003850    0000008a     graphics_HAL.obj (.text:DrawTop)
                  000038da    00000002     --HOLE-- [fill = 0]
                  000038dc    00000088     msp432p4xx_driverlib.lib : gpio.o (.text:GPIO_setAsPeripheralModuleFunctionInputPin)
                  00003964    00000088                              : gpio.o (.text:GPIO_setAsPeripheralModuleFunctionOutputPin)
                  000039ec    00000086     rtsv7M4_T_le_v4SPD16_eabi.lib : fd_cmp_t2.asm.obj (.text:__aeabi_cdcmple)
                  00003a72    00000086                                   : fd_cmp_t2.asm.obj (.text:__aeabi_cdrcmple)
                  00003af8    00000082     graphics_HAL.obj (.text:make_5digit_NumString)
                  00003b7a    00000002     --HOLE-- [fill = 0]
                  00003b7c    00000080     msp432p4xx_driverlib.lib : interrupt.o (.text:Interrupt_enableInterrupt)
                  00003bfc    0000007a     rtsv7M4_T_le_v4SPD16_eabi.lib : memset_t2.asm.obj (.text)
                  00003c76    0000006e                                   : _printfi.c.obj (.text:_mcpy)
                  00003ce4    0000006c     graphics_HAL.obj (.text:DrawVxVy)
                  00003d50    00000068     msp432p4xx_driverlib.lib : timer32.o (.text:Timer32_initModule)
                  00003db8    00000068     rtsv7M4_T_le_v4SPD16_eabi.lib : copy_decompress_lzss.c.obj (.text:decompress:lzss:__TI_decompress_lzss)
                  00003e20    00000064                                   : s_frexp.c.obj (.text:frexp)
                  00003e84    00000064     Timer32_HAL.obj (.text:initHWTimer0)
                  00003ee8    00000064     Timer32_HAL.obj (.text:initHWTimer1)
                  00003f4c    00000060     Crystalfontz128x128_ST7735.obj (.text:Crystalfontz128x128_LineDrawH)
                  00003fac    00000060     Crystalfontz128x128_ST7735.obj (.text:Crystalfontz128x128_LineDrawV)
                  0000400c    0000005a     grlib.a : context.obj (.text:Graphics_drawPixel)
                  00004066    00000002     --HOLE-- [fill = 0]
                  00004068    00000058     msp432p4xx_driverlib.lib : gpio.o (.text:GPIO_setAsInputPinWithPullUpResistor)
                  000040c0    00000056     rtsv7M4_T_le_v4SPD16_eabi.lib : _printfi.c.obj (.text:_pconv_f)
                  00004116    00000056     Timer32_HAL.obj (.text:startHWTimer)
                  0000416c    00000054     msp432p4xx_driverlib.lib : adc14.o (.text:ADC14_initModule)
                  000041c0    00000054     Crystalfontz128x128_ST7735.obj (.text:Crystalfontz128x128_SetOrientation)
                  00004214    00000054     Lab4_final_main.obj (.text:initialize)
                  00004268    00000054     rtsv7M4_T_le_v4SPD16_eabi.lib : ltoa.c.obj (.text:ltoa)
                  000042bc    00000052     grlib.a : context.obj (.text:Graphics_initContext)
                  0000430e    00000052     rtsv7M4_T_le_v4SPD16_eabi.lib : _printfi.c.obj (.text:_ecpy)
                  00004360    0000004c     ButtonLED_HAL.obj (.text:ButtonPushed)
                  000043ac    0000004c     rtsv7M4_T_le_v4SPD16_eabi.lib : atoi.c.obj (.text:atoi)
                  000043f8    0000004a     graphics_HAL.obj (.text:drawAccelData)
                  00004442    00000048     grlib.a : string.obj (.text:Graphics_drawStringCentered)
                  0000448a    00000002     --HOLE-- [fill = 0]
                  0000448c    00000048     ButtonLED_HAL.obj (.text:initButton)
                  000044d4    00000048     rtsv7M4_T_le_v4SPD16_eabi.lib : fd_toi_t2.asm.obj (.text)
                  0000451c    00000046     ADC_HAL.obj (.text:initAccelerometer)
                  00004562    00000002     --HOLE-- [fill = 0]
                  00004564    00000044     graphics_HAL.obj (.text:InitGraphics)
                  000045a8    00000044     rtsv7M4_T_le_v4SPD16_eabi.lib : autoinit.c.obj (.text:__TI_auto_init_nobinit_nopinit:__TI_auto_init_nobinit_nopinit)
                  000045ec    00000040     Crystalfontz128x128_ST7735.obj (.text:Crystalfontz128x128_PixelDraw)
                  0000462c    00000040     msp432p4xx_driverlib.lib : gpio.o (.text:GPIO_setAsOutputPin)
                  0000466c    00000040     grlib.a : string.obj (.text:Graphics_getNumberOfLeadingZeros)
                  000046ac    00000040     HAL_MSP_EXP432P401R_Crystalfontz128x128_ST7735.obj (.text:HAL_LCD_SpiInit)
                  000046ec    00000040     msp432p4xx_driverlib.lib : spi.o (.text:is_A_Module)
                  0000472c    00000040     rtsv7M4_T_le_v4SPD16_eabi.lib : sprintf.c.obj (.text:sprintf)
                  0000476c    0000003e                                   : _printfi.c.obj (.text:_fcpy)
                  000047aa    00000002     --HOLE-- [fill = 0]
                  000047ac    00000038     HAL_MSP_EXP432P401R_Crystalfontz128x128_ST7735.obj (.text:HAL_LCD_writeCommand)
                  000047e4    00000038     msp432p4xx_driverlib.lib : timer32.o (.text:Timer32_startTimer)
                  0000481c    00000038     rtsv7M4_T_le_v4SPD16_eabi.lib : boot_cortex_m.c.obj (.text:_c_int00_noargs:_c_int00_noargs)
                  00004854    00000036     grlib.a : display.obj (.text:Graphics_drawHorizontalLineOnDisplay)
                  0000488a    00000002     --HOLE-- [fill = 0]
                  0000488c    00000034     msp432p4xx_driverlib.lib : adc14.o (.text:ADC14_enableSampleTimer)
                  000048c0    00000034                              : timer32.o (.text:Timer32_setCount)
                  000048f4    00000030                              : gpio.o (.text:GPIO_getInputPinValue)
                  00004924    00000030     HAL_MSP_EXP432P401R_Crystalfontz128x128_ST7735.obj (.text:HAL_LCD_PortInit)
                  00004954    0000002e     graphics_HAL.obj (.text:DrawBall)
                  00004982    0000002e     rtsv7M4_T_le_v4SPD16_eabi.lib : i_tofd_t2.asm.obj (.text)
                  000049b0    0000002c     msp432p4xx_driverlib.lib : adc14.o (.text:ADC14_toggleConversionTrigger)
                  000049dc    0000002c     Crystalfontz128x128_ST7735.obj (.text:Crystalfontz128x128_ClearScreen)
                  00004a08    0000002c     grlib.a : display.obj (.text:Graphics_drawPixelOnDisplay)
                  00004a34    0000002c     HAL_MSP_EXP432P401R_Crystalfontz128x128_ST7735.obj (.text:HAL_LCD_writeData)
                  00004a60    00000028     msp432p4xx_driverlib.lib : adc14.o (.text:ADC14_enableConversion)
                  00004a88    00000028     Crystalfontz128x128_ST7735.obj (.text:Crystalfontz128x128_ColorTranslate)
                  00004ab0    00000028     msp432p4xx_driverlib.lib : gpio.o (.text:GPIO_setOutputHighOnPin)
                  00004ad8    00000028                              : gpio.o (.text:GPIO_setOutputLowOnPin)
                  00004b00    00000028                              : gpio.o (.text:GPIO_toggleOutputOnPin)
                  00004b28    00000026     Timer32_HAL.obj (.text:WaitCycles)
                  00004b4e    00000002     --HOLE-- [fill = 0]
                  00004b50    00000024     msp432p4xx_driverlib.lib : wdt_a.o (.text:WDT_A_holdTimer)
                  00004b74    00000024     ADC_HAL.obj (.text:getSampleAccelerometer)
                  00004b98    0000001e     graphics_HAL.obj (.text:DrawWalls)
                  00004bb6    0000001e     Timer32_HAL.obj (.text:InitOneShotSWTimer)
                  00004bd4    0000001e     Timer32_HAL.obj (.text:StartOneShotSWTimer)
                  00004bf2    00000002     --HOLE-- [fill = 0]
                  00004bf4    0000001c     msp432p4xx_driverlib.lib : adc14.o (.text:ADC14_getResult)
                  00004c10    0000001c                              : spi.o (.text:SPI_enableModule)
                  00004c2c    0000001c     Timer32_HAL.obj (.text:T32_INT1_IRQHandler)
                  00004c48    0000001c     rtsv7M4_T_le_v4SPD16_eabi.lib : memccpy.c.obj (.text:memccpy)
                  00004c64    0000001a     grlib.a : display.obj (.text:Graphics_clearDisplayOnDisplay)
                  00004c7e    0000001a             : context.obj (.text:Graphics_setBackgroundColor)
                  00004c98    0000001a             : context.obj (.text:Graphics_setFont)
                  00004cb2    0000001a     ADC_HAL.obj (.text:initADC)
                  00004ccc    00000018     rtsv7M4_T_le_v4SPD16_eabi.lib : sprintf.c.obj (.text:_outs)
                  00004ce4    00000018                                   : ll_mul_t2.asm.obj (.text)
                  00004cfc    00000016     msp432p4xx_driverlib.lib : spi.o (.text:EUSCI_A_SPI_enable)
                  00004d12    00000016                              : spi.o (.text:EUSCI_B_SPI_enable)
                  00004d28    00000016     grlib.a : context.obj (.text:Graphics_setForegroundColor)
                  00004d3e    00000016             : display.obj (.text:Graphics_translateColorOnDisplay)
                  00004d54    00000016     rtsv7M4_T_le_v4SPD16_eabi.lib : strchr.c.obj (.text:strchr)
                  00004d6a    00000014     ButtonLED_HAL.obj (.text:LaunchpadLeftButton_pressed)
                  00004d7e    00000014     ButtonLED_HAL.obj (.text:LaunchpadRightButton_pressed)
                  00004d92    00000014     msp432p4xx_driverlib.lib : timer32.o (.text:Timer32_clearInterruptFlag)
                  00004da6    00000014     rtsv7M4_T_le_v4SPD16_eabi.lib : s_copysign.c.obj (.text:copysign)
                  00004dba    00000014                                   : strlen.c.obj (.text:strlen)
                  00004dce    00000012     grlib.a : context.obj (.text:Graphics_clearDisplay)
                  00004de0    00000012     rtsv7M4_T_le_v4SPD16_eabi.lib : copy_zero_init.c.obj (.text:decompress:ZI:__TI_zero_init_nomemset:__TI_zero_init_nomemset)
                  00004df2    00000012                                   : wcslen.c.obj (.text:wcslen)
                  00004e04    00000010     msp432p4xx_driverlib.lib : adc14.o (.text:ADCIsConversionRunning)
                  00004e14    0000000e     graphics_HAL.obj (.text:InitFonts)
                  00004e22    0000000e     msp432p4xx_driverlib.lib : timer32.o (.text:Timer32_getValue)
                  00004e30    0000000e     rtsv7M4_T_le_v4SPD16_eabi.lib : copy_decompress_none.c.obj (.text:decompress:none:__TI_decompress_none)
                  00004e3e    00000002     --HOLE-- [fill = 0]
                  00004e40    0000000c     msp432p4xx_driverlib.lib : adc14.o (.text:ADC14_enableModule)
                  00004e4c    0000000c     startup_msp432p401r_ccs.obj (.text:Reset_Handler)
                  00004e58    0000000c     ButtonLED_HAL.obj (.text:initialize_BoosterpackLED_blue)
                  00004e64    0000000c     ButtonLED_HAL.obj (.text:initialize_BoosterpackLED_green)
                  00004e70    0000000c     ButtonLED_HAL.obj (.text:initialize_BoosterpackLED_red)
                  00004e7c    0000000c     ButtonLED_HAL.obj (.text:initialize_LaunchpadLED1)
                  00004e88    0000000c     ButtonLED_HAL.obj (.text:initialize_LaunchpadLED2_blue)
                  00004e94    0000000c     ButtonLED_HAL.obj (.text:initialize_LaunchpadLED2_green)
                  00004ea0    0000000c     ButtonLED_HAL.obj (.text:initialize_LaunchpadLED2_red)
                  00004eac    0000000c     ADC_HAL.obj (.text:startADC)
                  00004eb8    0000000c     ButtonLED_HAL.obj (.text:toggle_BoosterpackLED_blue)
                  00004ec4    0000000c     ButtonLED_HAL.obj (.text:toggle_BoosterpackLED_green)
                  00004ed0    0000000c     ButtonLED_HAL.obj (.text:toggle_BoosterpackLED_red)
                  00004edc    0000000c     ButtonLED_HAL.obj (.text:turnOff_BoosterpackLED_blue)
                  00004ee8    0000000c     ButtonLED_HAL.obj (.text:turnOff_BoosterpackLED_green)
                  00004ef4    0000000c     ButtonLED_HAL.obj (.text:turnOff_BoosterpackLED_red)
                  00004f00    0000000c     ButtonLED_HAL.obj (.text:turnOff_LaunchpadLED1)
                  00004f0c    0000000c     ButtonLED_HAL.obj (.text:turnOff_LaunchpadLED2_blue)
                  00004f18    0000000c     ButtonLED_HAL.obj (.text:turnOff_LaunchpadLED2_green)
                  00004f24    0000000c     ButtonLED_HAL.obj (.text:turnOff_LaunchpadLED2_red)
                  00004f30    0000000c     ButtonLED_HAL.obj (.text:turnOn_BoosterpackLED_red)
                  00004f3c    0000000c     ButtonLED_HAL.obj (.text:turnOn_LaunchpadLED1)
                  00004f48    0000000c     ButtonLED_HAL.obj (.text:turnOn_LaunchpadLED2_red)
                  00004f54    0000000a     Crystalfontz128x128_ST7735.obj (.text:Crystalfontz128x128_Flush)
                  00004f5e    0000000a     rtsv7M4_T_le_v4SPD16_eabi.lib : sprintf.c.obj (.text:_outc)
                  00004f68    00000008                                   : errno.c.obj (.text:__aeabi_errno_addr)
                  00004f70    00000004                                   : pre_init.c.obj (.text:_system_pre_init)
                  00004f74    00000004                                   : exit.c.obj (.text:abort:abort)

.const     0    00004f78    000008e0     
                  00004f78    00000521     grlib.a : fontcmtt12.obj (.const:.string:g_pucCmtt12Data)
                  00005499    00000101     rtsv7M4_T_le_v4SPD16_eabi.lib : ctype.c.obj (.const:.string:_ctypes_)
                  0000559a    00000002     --HOLE-- [fill = 0]
                  0000559c    000000c8     grlib.a : fontcmtt12.obj (.const:g_sFontCmtt12)
                  00005664    00000080     msp432p4xx_driverlib.lib : adc14.o (.const:_ctlRegs)
                  000056e4    00000030                              : gpio.o (.const:GPIO_PORT_TO_BASE)
                  00005714    00000020     Crystalfontz128x128_ST7735.obj (.const:g_sCrystalfontz128x128_funcs)
                  00005734    0000001c     HAL_MSP_EXP432P401R_Crystalfontz128x128_ST7735.obj (.const:$P$T0$1)
                  00005750    00000019     graphics_HAL.obj (.const:.string:$P$T0$1)
                  00005769    00000019     graphics_HAL.obj (.const:.string:$P$T1$2)
                  00005782    00000019     graphics_HAL.obj (.const:.string:$P$T2$3)
                  0000579b    00000019     graphics_HAL.obj (.const:.string:$P$T3$4)
                  000057b4    00000019     graphics_HAL.obj (.const:.string:$P$T4$5)
                  000057cd    00000019     graphics_HAL.obj (.const:.string:$P$T5$6)
                  000057e6    00000019     graphics_HAL.obj (.const:.string:$P$T6$7)
                  000057ff    00000019     graphics_HAL.obj (.const:.string:$P$T7$8)
                  00005818    00000019     graphics_HAL.obj (.const:.string:$P$T8$9)
                  00005831    0000000a     graphics_HAL.obj (.const:.string:$P$T10$11)
                  0000583b    0000000a     graphics_HAL.obj (.const:.string:$P$T9$10)
                  00005845    00000001     --HOLE-- [fill = 0]
                  00005846    00000008     Crystalfontz128x128_ST7735.obj (.const:$P$T0$1)
                  0000584e    00000002     --HOLE-- [fill = 0]
                  00005850    00000008     msp432p4xx_driverlib.lib : interrupt.o (.const:g_pulEnRegs)

.cinit     0    00005858    00000038     
                  00005858    0000000d     (.cinit..data.load) [load image, compression = lzss]
                  00005865    00000003     --HOLE-- [fill = 0]
                  00005868    0000000c     (__TI_handler_table)
                  00005874    00000004     --HOLE-- [fill = 0]
                  00005878    00000008     (.cinit..bss.load) [load image, compression = zero_init]
                  00005880    00000010     (__TI_cinit_table)

.init_array 
*          0    00000000    00000000     UNINITIALIZED

.binit     0    00000000    00000000     

.bss       0    20000000    0000003a     UNINITIALIZED
                  20000000    00000018     (.common:timer0)
                  20000018    00000018     (.common:timer1)
                  20000030    00000002     (.common:Lcd_ScreenHeigth)
                  20000032    00000002     (.common:Lcd_ScreenWidth)
                  20000034    00000002     (.common:Lcd_TouchTrim)
                  20000036    00000001     (.common:Lcd_FlagRead)
                  20000037    00000001     (.common:Lcd_FontSolid)
                  20000038    00000001     (.common:Lcd_Orientation)
                  20000039    00000001     (.common:Lcd_PenSolid)

.data      0    2000003c    00000015     UNINITIALIZED
                  2000003c    00000010     Crystalfontz128x128_ST7735.obj (.data:g_sCrystalfontz128x128)
                  2000004c    00000004     rtsv7M4_T_le_v4SPD16_eabi.lib : errno.c.obj (.data)
                  20000050    00000001     Lab4_final_main.obj (.data)

.stack     0    2000fe00    00000200     UNINITIALIZED
                  2000fe00    00000004     rtsv7M4_T_le_v4SPD16_eabi.lib : boot_cortex_m.c.obj (.stack)
                  2000fe04    000001fc     --HOLE--

MODULE SUMMARY

       Module                                               code    ro data   rw data
       ------                                               ----    -------   -------
    .\
       graphics_HAL.obj                                     3145    245       0      
       Lab4_final_main.obj                                  848     0         2      
       Timer32_HAL.obj                                      580     0         96     
       ButtonLED_HAL.obj                                    634     0         0      
       system_msp432p401r.obj                               188     0         0      
       ADC_HAL.obj                                          144     0         0      
    +--+----------------------------------------------------+-------+---------+---------+
       Total:                                               5539    245       98     
                                                                                     
    .\LcdDriver\
       Crystalfontz128x128_ST7735.obj                       1670    40        52     
       HAL_MSP_EXP432P401R_Crystalfontz128x128_ST7735.obj   212     28        0      
    +--+----------------------------------------------------+-------+---------+---------+
       Total:                                               1882    68        52     
                                                                                     
    .\ccs\
       startup_msp432p401r_ccs.obj                          14      228       0      
    +--+----------------------------------------------------+-------+---------+---------+
       Total:                                               14      228       0      
                                                                                     
    C:/ti/simplelink_msp432p4_sdk_2_20_00_12/source/ti/devices/msp432p4xx/driverlib/ccs/msp432p4xx_driverlib.lib
       adc14.o                                              960     128       0      
       gpio.o                                               592     48        0      
       spi.o                                                312     0         0      
       timer32.o                                            246     0         0      
       interrupt.o                                          128     8         0      
       wdt_a.o                                              36      0         0      
    +--+----------------------------------------------------+-------+---------+---------+
       Total:                                               2274    184       0      
                                                                                     
    C:/ti/simplelink_msp432p4_sdk_2_20_00_12/source/ti/grlib/lib/ccs/m4f/grlib.a
       string.obj                                           1536    0         0      
       fontcmtt12.obj                                       0       1513      0      
       circle.obj                                           554     0         0      
       context.obj                                          264     0         0      
       line.obj                                             156     0         0      
       display.obj                                          146     0         0      
    +--+----------------------------------------------------+-------+---------+---------+
       Total:                                               2656    1513      0      
                                                                                     
    C:\ti\ccv8\ccsv8\tools\compiler\ti-cgt-arm_18.1.2.LTS\lib\rtsv7M4_T_le_v4SPD16_eabi.lib
       _printfi.c.obj                                       4863    0         0      
       fd_add_t2.asm.obj                                    438     0         0      
       fd_div_t2.asm.obj                                    310     0         0      
       s_scalbn.c.obj                                       272     0         0      
       fd_cmp_t2.asm.obj                                    268     0         0      
       ctype.c.obj                                          0       257       0      
       fd_mul_t2.asm.obj                                    252     0         0      
       memcpy_t2.asm.obj                                    156     0         0      
       ull_div_t2.asm.obj                                   150     0         0      
       memset_t2.asm.obj                                    122     0         0      
       copy_decompress_lzss.c.obj                           104     0         0      
       s_frexp.c.obj                                        100     0         0      
       sprintf.c.obj                                        98      0         0      
       ltoa.c.obj                                           84      0         0      
       atoi.c.obj                                           76      0         0      
       fd_toi_t2.asm.obj                                    72      0         0      
       autoinit.c.obj                                       68      0         0      
       boot_cortex_m.c.obj                                  56      0         0      
       i_tofd_t2.asm.obj                                    46      0         0      
       memccpy.c.obj                                        28      0         0      
       ll_mul_t2.asm.obj                                    24      0         0      
       strchr.c.obj                                         22      0         0      
       s_copysign.c.obj                                     20      0         0      
       strlen.c.obj                                         20      0         0      
       copy_zero_init.c.obj                                 18      0         0      
       wcslen.c.obj                                         18      0         0      
       errno.c.obj                                          8       0         8      
       copy_decompress_none.c.obj                           14      0         0      
       exit.c.obj                                           4       0         0      
       pre_init.c.obj                                       4       0         0      
       div0.asm.obj                                         2       0         0      
    +--+----------------------------------------------------+-------+---------+---------+
       Total:                                               7717    257       8      
                                                                                     
       Stack:                                               0       0         1024   
       Linker Generated:                                    0       49        0      
    +--+----------------------------------------------------+-------+---------+---------+
       Grand Total:                                         20082   2544      1182   


LINKER GENERATED COPY TABLES

__TI_cinit_table @ 00005880 records: 2, size/record: 8, table size: 16
	.data: load addr=00005858, load size=0000000d bytes, run addr=2000003c, run size=00000015 bytes, compression=lzss
	.bss: load addr=00005878, load size=00000008 bytes, run addr=20000000, run size=0000003a bytes, compression=zero_init


LINKER GENERATED HANDLER TABLE

__TI_handler_table @ 00005868 records: 3, size/record: 4, table size: 12
	index: 0, handler: __TI_decompress_lzss
	index: 1, handler: __TI_decompress_none
	index: 2, handler: __TI_zero_init


GLOBAL SYMBOLS: SORTED ALPHABETICALLY BY Name 

address   name                                       
-------   ----                                       
0000181b  ADC14_IRQHandler                           
000033a5  ADC14_configureConversionMemory            
00003255  ADC14_configureMultiSequenceMode           
00004a61  ADC14_enableConversion                     
00004e41  ADC14_enableModule                         
0000488d  ADC14_enableSampleTimer                    
00004bf5  ADC14_getResult                            
0000416d  ADC14_initModule                           
000049b1  ADC14_toggleConversionTrigger              
0000181b  AES256_IRQHandler                          
0000181b  BusFault_Handler                           
00004361  ButtonPushed                               
00004f75  C$$EXIT                                    
0000181b  COMP_E0_IRQHandler                         
0000181b  COMP_E1_IRQHandler                         
0000181b  CS_IRQHandler                              
0000273d  Crystalfontz128x128_Init                   
00002609  Crystalfontz128x128_SetDrawFrame           
000041c1  Crystalfontz128x128_SetOrientation         
0000181b  DMA_ERR_IRQHandler                         
0000181b  DMA_INT0_IRQHandler                        
0000181b  DMA_INT1_IRQHandler                        
0000181b  DMA_INT2_IRQHandler                        
0000181b  DMA_INT3_IRQHandler                        
00002ea9  Debounce                                   
0000181b  DebugMon_Handler                           
0000181b  Default_Handler                            
00004955  DrawBall                                   
000036b3  DrawBottom                                 
00002255  DrawEasyStage                              
00003035  DrawHoles                                  
0000373d  DrawLeft                                   
000037c7  DrawRight                                  
00003851  DrawTop                                    
00003ce5  DrawVxVy                                   
00004b99  DrawWalls                                  
0000181b  EUSCIA0_IRQHandler                         
0000181b  EUSCIA1_IRQHandler                         
0000181b  EUSCIA2_IRQHandler                         
0000181b  EUSCIA3_IRQHandler                         
0000181b  EUSCIB0_IRQHandler                         
0000181b  EUSCIB1_IRQHandler                         
0000181b  EUSCIB2_IRQHandler                         
0000181b  EUSCIB3_IRQHandler                         
00004cfd  EUSCI_A_SPI_enable                         
00004d13  EUSCI_B_SPI_enable                         
0000181b  FLCTL_IRQHandler                           
0000181b  FPU_IRQHandler                             
000048f5  GPIO_getInputPinValue                      
00004069  GPIO_setAsInputPinWithPullUpResistor       
0000462d  GPIO_setAsOutputPin                        
000038dd  GPIO_setAsPeripheralModuleFunctionInputPin 
00003965  GPIO_setAsPeripheralModuleFunctionOutputPin
00004ab1  GPIO_setOutputHighOnPin                    
00004ad9  GPIO_setOutputLowOnPin                     
00004b01  GPIO_toggleOutputOnPin                     
00000fc1  GameOver                                   
00004dcf  Graphics_clearDisplay                      
00004c65  Graphics_clearDisplayOnDisplay             
00004855  Graphics_drawHorizontalLineOnDisplay       
000034e5  Graphics_drawLineH                         
0000400d  Graphics_drawPixel                         
00004a09  Graphics_drawPixelOnDisplay                
00000b43  Graphics_drawString                        
00004443  Graphics_drawStringCentered                
000015f1  Graphics_fillCircle                        
00002cbd  Graphics_getStringWidth                    
000042bd  Graphics_initContext                       
00004c7f  Graphics_setBackgroundColor                
00004c99  Graphics_setFont                           
00004d29  Graphics_setForegroundColor                
00004d3f  Graphics_translateColorOnDisplay           
00004925  HAL_LCD_PortInit                           
000046ad  HAL_LCD_SpiInit                            
000047ad  HAL_LCD_writeCommand                       
00004a35  HAL_LCD_writeData                          
0000181b  HardFault_Handler                          
00004e15  InitFonts                                  
00004565  InitGraphics                               
00004bb7  InitOneShotSWTimer                         
00003b7d  Interrupt_enableInterrupt                  
00004d6b  LaunchpadLeftButton_pressed                
00004d7f  LaunchpadRightButton_pressed               
20000036  Lcd_FlagRead                               
20000037  Lcd_FontSolid                              
20000038  Lcd_Orientation                            
20000039  Lcd_PenSolid                               
20000030  Lcd_ScreenHeigth                           
20000032  Lcd_ScreenWidth                            
20000034  Lcd_TouchTrim                              
0000181b  MemManage_Handler                          
00002db9  ModifyLEDColor                             
00002869  MoveBall                                   
0000181b  NMI_Handler                                
000032fd  OneShotSWTimerExpired                      
0000181b  PCM_IRQHandler                             
0000181b  PORT1_IRQHandler                           
0000181b  PORT2_IRQHandler                           
0000181b  PORT3_IRQHandler                           
0000181b  PORT4_IRQHandler                           
0000181b  PORT5_IRQHandler                           
0000181b  PORT6_IRQHandler                           
0000181b  PSS_IRQHandler                             
0000181b  PendSV_Handler                             
0000181b  RTC_C_IRQHandler                           
00004e4d  Reset_Handler                              
00004c11  SPI_enableModule                           
000031a3  SPI_initMaster                             
0000181b  SVC_Handler                                
00004bd5  StartOneShotSWTimer                        
0000181b  SysTick_Handler                            
00002f79  SystemInit                                 
00004c2d  T32_INT1_IRQHandler                        
00004c2d  T32_INT1_IRQHandler                        
0000181b  T32_INT2_IRQHandler                        
0000181b  T32_INTC_IRQHandler                        
0000181b  TA0_0_IRQHandler                           
0000181b  TA0_N_IRQHandler                           
0000181b  TA1_0_IRQHandler                           
0000181b  TA1_N_IRQHandler                           
0000181b  TA2_0_IRQHandler                           
0000181b  TA2_N_IRQHandler                           
0000181b  TA3_0_IRQHandler                           
0000181b  TA3_N_IRQHandler                           
00004d93  Timer32_clearInterruptFlag                 
00004e23  Timer32_getValue                           
00003d51  Timer32_initModule                         
000048c1  Timer32_setCount                           
000047e5  Timer32_startTimer                         
0000181b  UsageFault_Handler                         
4000480c  WDTCTL_SYM                                 
0000181b  WDT_A_IRQHandler                           
00004b51  WDT_A_holdTimer                            
00004b29  WaitCycles                                 
00001f89  WriteSpeed                                 
20010000  __STACK_END                                
00000200  __STACK_SIZE                               
00005880  __TI_CINIT_Base                            
00005890  __TI_CINIT_Limit                           
00005868  __TI_Handler_Table_Base                    
00005874  __TI_Handler_Table_Limit                   
000045a9  __TI_auto_init_nobinit_nopinit             
00003db9  __TI_decompress_lzss                       
00004e31  __TI_decompress_none                       
ffffffff  __TI_pprof_out_hndl                        
000000e5  __TI_printfi                               
ffffffff  __TI_prof_data_size                        
ffffffff  __TI_prof_data_start                       
00000000  __TI_static_base__                         
00004de1  __TI_zero_init_nomemset                    
000039ed  __aeabi_cdcmpeq                            
000039ed  __aeabi_cdcmple                            
00003a73  __aeabi_cdrcmple                           
000044d5  __aeabi_d2iz                               
00001ddb  __aeabi_dadd                               
000024d1  __aeabi_ddiv                               
00002bc1  __aeabi_dmul                               
00001dd1  __aeabi_dsub                               
00004f69  __aeabi_errno_addr                         
00004983  __aeabi_i2d                                
00001f87  __aeabi_idiv0                              
00001f87  __aeabi_ldiv0                              
00004ce5  __aeabi_lmul                               
00003bfd  __aeabi_memclr                             
00003bfd  __aeabi_memclr4                            
00003bfd  __aeabi_memclr8                            
00003581  __aeabi_memcpy                             
00003581  __aeabi_memcpy4                            
00003581  __aeabi_memcpy8                            
00003bff  __aeabi_memset                             
00003bff  __aeabi_memset4                            
00003bff  __aeabi_memset8                            
0000361d  __aeabi_uldivmod                           
ffffffff  __binit__                                  
ffffffff  __c_args__                                 
UNDEFED   __mpu_init                                 
2000fe00  __stack                                    
0000481d  _c_int00_noargs                            
00005499  _ctypes_                                   
UNDEFED   _system_post_cinit                         
00004f71  _system_pre_init                           
00004f75  abort                                      
000043ad  atoi                                       
ffffffff  binit                                      
00004da7  copysign                                   
00004da7  copysignl                                  
000043f9  drawAccelData                              
2000004c  errno                                      
00003e21  frexp                                      
00003e21  frexpl                                     
2000003c  g_sCrystalfontz128x128                     
00005714  g_sCrystalfontz128x128_funcs               
0000559c  g_sFontCmtt12                              
00004b75  getSampleAccelerometer                     
00004cb3  initADC                                    
0000451d  initAccelerometer                          
0000448d  initButton                                 
00003e85  initHWTimer0                               
00003ee9  initHWTimer1                               
00004215  initialize                                 
00004e59  initialize_BoosterpackLED_blue             
00004e65  initialize_BoosterpackLED_green            
00004e71  initialize_BoosterpackLED_red              
00004e7d  initialize_LaunchpadLED1                   
00004e89  initialize_LaunchpadLED2_blue              
00004e95  initialize_LaunchpadLED2_green             
00004ea1  initialize_LaunchpadLED2_red               
00000000  interruptVectors                           
00002ab1  ldexp                                      
00002ab1  ldexpl                                     
00004269  ltoa                                       
0000181d  main                                       
00003af9  make_5digit_NumString                      
00004c49  memccpy                                    
00003581  memcpy                                     
00003c05  memset                                     
00002ab1  scalbn                                     
00002ab1  scalbnl                                    
0000472d  sprintf                                    
00004ead  startADC                                   
00004117  startHWTimer                               
00004d55  strchr                                     
00004dbb  strlen                                     
20000000  timer0                                     
20000018  timer1                                     
00004eb9  toggle_BoosterpackLED_blue                 
00004ec5  toggle_BoosterpackLED_green                
00004ed1  toggle_BoosterpackLED_red                  
00004edd  turnOff_BoosterpackLED_blue                
00004ee9  turnOff_BoosterpackLED_green               
00004ef5  turnOff_BoosterpackLED_red                 
00004f01  turnOff_LaunchpadLED1                      
00004f0d  turnOff_LaunchpadLED2_blue                 
00004f19  turnOff_LaunchpadLED2_green                
00004f25  turnOff_LaunchpadLED2_red                  
00004f31  turnOn_BoosterpackLED_red                  
00004f3d  turnOn_LaunchpadLED1                       
00004f49  turnOn_LaunchpadLED2_red                   
00004df3  wcslen                                     


GLOBAL SYMBOLS: SORTED BY Symbol Address 

address   name                                       
-------   ----                                       
00000000  __TI_static_base__                         
00000000  interruptVectors                           
000000e5  __TI_printfi                               
00000200  __STACK_SIZE                               
00000b43  Graphics_drawString                        
00000fc1  GameOver                                   
000015f1  Graphics_fillCircle                        
0000181b  ADC14_IRQHandler                           
0000181b  AES256_IRQHandler                          
0000181b  BusFault_Handler                           
0000181b  COMP_E0_IRQHandler                         
0000181b  COMP_E1_IRQHandler                         
0000181b  CS_IRQHandler                              
0000181b  DMA_ERR_IRQHandler                         
0000181b  DMA_INT0_IRQHandler                        
0000181b  DMA_INT1_IRQHandler                        
0000181b  DMA_INT2_IRQHandler                        
0000181b  DMA_INT3_IRQHandler                        
0000181b  DebugMon_Handler                           
0000181b  Default_Handler                            
0000181b  EUSCIA0_IRQHandler                         
0000181b  EUSCIA1_IRQHandler                         
0000181b  EUSCIA2_IRQHandler                         
0000181b  EUSCIA3_IRQHandler                         
0000181b  EUSCIB0_IRQHandler                         
0000181b  EUSCIB1_IRQHandler                         
0000181b  EUSCIB2_IRQHandler                         
0000181b  EUSCIB3_IRQHandler                         
0000181b  FLCTL_IRQHandler                           
0000181b  FPU_IRQHandler                             
0000181b  HardFault_Handler                          
0000181b  MemManage_Handler                          
0000181b  NMI_Handler                                
0000181b  PCM_IRQHandler                             
0000181b  PORT1_IRQHandler                           
0000181b  PORT2_IRQHandler                           
0000181b  PORT3_IRQHandler                           
0000181b  PORT4_IRQHandler                           
0000181b  PORT5_IRQHandler                           
0000181b  PORT6_IRQHandler                           
0000181b  PSS_IRQHandler                             
0000181b  PendSV_Handler                             
0000181b  RTC_C_IRQHandler                           
0000181b  SVC_Handler                                
0000181b  SysTick_Handler                            
0000181b  T32_INT2_IRQHandler                        
0000181b  T32_INTC_IRQHandler                        
0000181b  TA0_0_IRQHandler                           
0000181b  TA0_N_IRQHandler                           
0000181b  TA1_0_IRQHandler                           
0000181b  TA1_N_IRQHandler                           
0000181b  TA2_0_IRQHandler                           
0000181b  TA2_N_IRQHandler                           
0000181b  TA3_0_IRQHandler                           
0000181b  TA3_N_IRQHandler                           
0000181b  UsageFault_Handler                         
0000181b  WDT_A_IRQHandler                           
0000181d  main                                       
00001dd1  __aeabi_dsub                               
00001ddb  __aeabi_dadd                               
00001f87  __aeabi_idiv0                              
00001f87  __aeabi_ldiv0                              
00001f89  WriteSpeed                                 
00002255  DrawEasyStage                              
000024d1  __aeabi_ddiv                               
00002609  Crystalfontz128x128_SetDrawFrame           
0000273d  Crystalfontz128x128_Init                   
00002869  MoveBall                                   
00002ab1  ldexp                                      
00002ab1  ldexpl                                     
00002ab1  scalbn                                     
00002ab1  scalbnl                                    
00002bc1  __aeabi_dmul                               
00002cbd  Graphics_getStringWidth                    
00002db9  ModifyLEDColor                             
00002ea9  Debounce                                   
00002f79  SystemInit                                 
00003035  DrawHoles                                  
000031a3  SPI_initMaster                             
00003255  ADC14_configureMultiSequenceMode           
000032fd  OneShotSWTimerExpired                      
000033a5  ADC14_configureConversionMemory            
000034e5  Graphics_drawLineH                         
00003581  __aeabi_memcpy                             
00003581  __aeabi_memcpy4                            
00003581  __aeabi_memcpy8                            
00003581  memcpy                                     
0000361d  __aeabi_uldivmod                           
000036b3  DrawBottom                                 
0000373d  DrawLeft                                   
000037c7  DrawRight                                  
00003851  DrawTop                                    
000038dd  GPIO_setAsPeripheralModuleFunctionInputPin 
00003965  GPIO_setAsPeripheralModuleFunctionOutputPin
000039ed  __aeabi_cdcmpeq                            
000039ed  __aeabi_cdcmple                            
00003a73  __aeabi_cdrcmple                           
00003af9  make_5digit_NumString                      
00003b7d  Interrupt_enableInterrupt                  
00003bfd  __aeabi_memclr                             
00003bfd  __aeabi_memclr4                            
00003bfd  __aeabi_memclr8                            
00003bff  __aeabi_memset                             
00003bff  __aeabi_memset4                            
00003bff  __aeabi_memset8                            
00003c05  memset                                     
00003ce5  DrawVxVy                                   
00003d51  Timer32_initModule                         
00003db9  __TI_decompress_lzss                       
00003e21  frexp                                      
00003e21  frexpl                                     
00003e85  initHWTimer0                               
00003ee9  initHWTimer1                               
0000400d  Graphics_drawPixel                         
00004069  GPIO_setAsInputPinWithPullUpResistor       
00004117  startHWTimer                               
0000416d  ADC14_initModule                           
000041c1  Crystalfontz128x128_SetOrientation         
00004215  initialize                                 
00004269  ltoa                                       
000042bd  Graphics_initContext                       
00004361  ButtonPushed                               
000043ad  atoi                                       
000043f9  drawAccelData                              
00004443  Graphics_drawStringCentered                
0000448d  initButton                                 
000044d5  __aeabi_d2iz                               
0000451d  initAccelerometer                          
00004565  InitGraphics                               
000045a9  __TI_auto_init_nobinit_nopinit             
0000462d  GPIO_setAsOutputPin                        
000046ad  HAL_LCD_SpiInit                            
0000472d  sprintf                                    
000047ad  HAL_LCD_writeCommand                       
000047e5  Timer32_startTimer                         
0000481d  _c_int00_noargs                            
00004855  Graphics_drawHorizontalLineOnDisplay       
0000488d  ADC14_enableSampleTimer                    
000048c1  Timer32_setCount                           
000048f5  GPIO_getInputPinValue                      
00004925  HAL_LCD_PortInit                           
00004955  DrawBall                                   
00004983  __aeabi_i2d                                
000049b1  ADC14_toggleConversionTrigger              
00004a09  Graphics_drawPixelOnDisplay                
00004a35  HAL_LCD_writeData                          
00004a61  ADC14_enableConversion                     
00004ab1  GPIO_setOutputHighOnPin                    
00004ad9  GPIO_setOutputLowOnPin                     
00004b01  GPIO_toggleOutputOnPin                     
00004b29  WaitCycles                                 
00004b51  WDT_A_holdTimer                            
00004b75  getSampleAccelerometer                     
00004b99  DrawWalls                                  
00004bb7  InitOneShotSWTimer                         
00004bd5  StartOneShotSWTimer                        
00004bf5  ADC14_getResult                            
00004c11  SPI_enableModule                           
00004c2d  T32_INT1_IRQHandler                        
00004c2d  T32_INT1_IRQHandler                        
00004c49  memccpy                                    
00004c65  Graphics_clearDisplayOnDisplay             
00004c7f  Graphics_setBackgroundColor                
00004c99  Graphics_setFont                           
00004cb3  initADC                                    
00004ce5  __aeabi_lmul                               
00004cfd  EUSCI_A_SPI_enable                         
00004d13  EUSCI_B_SPI_enable                         
00004d29  Graphics_setForegroundColor                
00004d3f  Graphics_translateColorOnDisplay           
00004d55  strchr                                     
00004d6b  LaunchpadLeftButton_pressed                
00004d7f  LaunchpadRightButton_pressed               
00004d93  Timer32_clearInterruptFlag                 
00004da7  copysign                                   
00004da7  copysignl                                  
00004dbb  strlen                                     
00004dcf  Graphics_clearDisplay                      
00004de1  __TI_zero_init_nomemset                    
00004df3  wcslen                                     
00004e15  InitFonts                                  
00004e23  Timer32_getValue                           
00004e31  __TI_decompress_none                       
00004e41  ADC14_enableModule                         
00004e4d  Reset_Handler                              
00004e59  initialize_BoosterpackLED_blue             
00004e65  initialize_BoosterpackLED_green            
00004e71  initialize_BoosterpackLED_red              
00004e7d  initialize_LaunchpadLED1                   
00004e89  initialize_LaunchpadLED2_blue              
00004e95  initialize_LaunchpadLED2_green             
00004ea1  initialize_LaunchpadLED2_red               
00004ead  startADC                                   
00004eb9  toggle_BoosterpackLED_blue                 
00004ec5  toggle_BoosterpackLED_green                
00004ed1  toggle_BoosterpackLED_red                  
00004edd  turnOff_BoosterpackLED_blue                
00004ee9  turnOff_BoosterpackLED_green               
00004ef5  turnOff_BoosterpackLED_red                 
00004f01  turnOff_LaunchpadLED1                      
00004f0d  turnOff_LaunchpadLED2_blue                 
00004f19  turnOff_LaunchpadLED2_green                
00004f25  turnOff_LaunchpadLED2_red                  
00004f31  turnOn_BoosterpackLED_red                  
00004f3d  turnOn_LaunchpadLED1                       
00004f49  turnOn_LaunchpadLED2_red                   
00004f69  __aeabi_errno_addr                         
00004f71  _system_pre_init                           
00004f75  C$$EXIT                                    
00004f75  abort                                      
00005499  _ctypes_                                   
0000559c  g_sFontCmtt12                              
00005714  g_sCrystalfontz128x128_funcs               
00005868  __TI_Handler_Table_Base                    
00005874  __TI_Handler_Table_Limit                   
00005880  __TI_CINIT_Base                            
00005890  __TI_CINIT_Limit                           
20000000  timer0                                     
20000018  timer1                                     
20000030  Lcd_ScreenHeigth                           
20000032  Lcd_ScreenWidth                            
20000034  Lcd_TouchTrim                              
20000036  Lcd_FlagRead                               
20000037  Lcd_FontSolid                              
20000038  Lcd_Orientation                            
20000039  Lcd_PenSolid                               
2000003c  g_sCrystalfontz128x128                     
2000004c  errno                                      
2000fe00  __stack                                    
20010000  __STACK_END                                
4000480c  WDTCTL_SYM                                 
ffffffff  __TI_pprof_out_hndl                        
ffffffff  __TI_prof_data_size                        
ffffffff  __TI_prof_data_start                       
ffffffff  __binit__                                  
ffffffff  __c_args__                                 
ffffffff  binit                                      
UNDEFED   __mpu_init                                 
UNDEFED   _system_post_cinit                         

[239 symbols]
