******************************************************************************
                  TI ARM Linker PC v18.1.2                     
******************************************************************************
>> Linked Mon Dec  3 23:16:39 2018

OUTPUT FILE NAME:   <Lab4_final.out>
ENTRY POINT SYMBOL: "_c_int00_noargs"  address: 000052c9


MEMORY CONFIGURATION

         name            origin    length      used     unused   attr    fill
----------------------  --------  ---------  --------  --------  ----  --------
  MAIN                  00000000   00040000  00006478  00039b88  R  X
  INFO                  00200000   00004000  00000000  00004000  R  X
  SRAM_CODE             01000000   00010000  0000024f  0000fdb1  RW X
  SRAM_DATA             20000000   00010000  0000024f  0000fdb1  RW  


SEGMENT ALLOCATION MAP

run origin  load origin   length   init length attrs members
----------  ----------- ---------- ----------- ----- -------
00000000    00000000    00006478   00006478    r-x
  00000000    00000000    000000e4   000000e4    r-- .intvecs
  000000e4    000000e4    0000599c   0000599c    r-x .text
  00005a80    00005a80    000009c0   000009c0    r-- .const
  00006440    00006440    00000038   00000038    r-- .cinit
20000000    20000000    00000051   00000000    rw-
  20000000    20000000    0000003a   00000000    rw- .bss
  2000003c    2000003c    00000015   00000000    rw- .data
2000fe00    2000fe00    00000200   00000000    rw-
  2000fe00    2000fe00    00000200   00000000    rw- .stack


SECTION ALLOCATION MAP

 output                                  attributes/
section   page    origin      length       input sections
--------  ----  ----------  ----------   ----------------
.intvecs   0    00000000    000000e4     
                  00000000    000000e4     startup_msp432p401r_ccs.obj (.intvecs:retain)

.text      0    000000e4    0000599c     
                  000000e4    00000a5e     rtsv7M4_T_le_v4SPD16_eabi.lib : _printfi.c.obj (.text:__TI_printfi)
                  00000b42    0000047e     grlib.a : string.obj (.text:Graphics_drawString)
                  00000fc0    00000460     graphics_HAL.obj (.text:GameOver)
                  00001420    00000386     graphics_HAL.obj (.text:MoveBall)
                  000017a6    00000002     startup_msp432p401r_ccs.obj (.text:Default_Handler)
                  000017a8    00000344     graphics_HAL.obj (.text:WriteSpeed)
                  00001aec    00000318     graphics_HAL.obj (.text:DrawEasyStage)
                  00001e04    000002a4     Lab4_final_main.obj (.text:main)
                  000020a8    00000270     rtsv7M4_T_le_v4SPD16_eabi.lib : _printfi.c.obj (.text:_pconv_a)
                  00002318    0000022a     grlib.a : circle.obj (.text:Graphics_fillCircle)
                  00002542    000001d8     Crystalfontz128x128_ST7735.obj (.text:Crystalfontz128x128_PixelDrawMultiple)
                  0000271a    00000002     rtsv7M4_T_le_v4SPD16_eabi.lib : div0.asm.obj (.text)
                  0000271c    000001d0                                   : _printfi.c.obj (.text:_pconv_g)
                  000028ec    000001b6                                   : fd_add_t2.asm.obj (.text)
                  00002aa2    00000002     --HOLE-- [fill = 0]
                  00002aa4    00000160     msp432p4xx_driverlib.lib : adc14.o (.text:_getIndexForMemRegister)
                  00002c04    0000013c     rtsv7M4_T_le_v4SPD16_eabi.lib : _printfi.c.obj (.text:_pconv_e)
                  00002d40    00000136                                   : fd_div_t2.asm.obj (.text)
                  00002e76    00000002     --HOLE-- [fill = 0]
                  00002e78    00000134     Crystalfontz128x128_ST7735.obj (.text:Crystalfontz128x128_SetDrawFrame)
                  00002fac    0000012c     Crystalfontz128x128_ST7735.obj (.text:Crystalfontz128x128_Init)
                  000030d8    00000120     rtsv7M4_T_le_v4SPD16_eabi.lib : _printfi.c.obj (.text:fcvt)
                  000031f8    00000112     grlib.a : rectangle.obj (.text:Graphics_fillRectangle)
                  0000330a    00000002     --HOLE-- [fill = 0]
                  0000330c    00000110     rtsv7M4_T_le_v4SPD16_eabi.lib : s_scalbn.c.obj (.text:scalbn)
                  0000341c    000000fc                                   : fd_mul_t2.asm.obj (.text)
                  00003518    000000fa     grlib.a : string.obj (.text:Graphics_getStringWidth)
                  00003612    00000002     --HOLE-- [fill = 0]
                  00003614    000000f0     Lab4_final_main.obj (.text:ModifyLEDColor)
                  00003704    000000d0     graphics_HAL.obj (.text:Win)
                  000037d4    000000ce     ButtonLED_HAL.obj (.text:Debounce)
                  000038a2    00000002     --HOLE-- [fill = 0]
                  000038a4    000000bc     system_msp432p401r.obj (.text:SystemInit)
                  00003960    000000ba     graphics_HAL.obj (.text:DrawHoles)
                  00003a1a    00000002     --HOLE-- [fill = 0]
                  00003a1c    000000b1     rtsv7M4_T_le_v4SPD16_eabi.lib : _printfi.c.obj (.text:_ltostr)
                  00003acd    00000001     --HOLE-- [fill = 0]
                  00003ace    000000b0     msp432p4xx_driverlib.lib : spi.o (.text:SPI_initMaster)
                  00003b7e    00000002     --HOLE-- [fill = 0]
                  00003b80    000000a8                              : adc14.o (.text:ADC14_configureMultiSequenceMode)
                  00003c28    000000a8     Timer32_HAL.obj (.text:OneShotSWTimerExpired)
                  00003cd0    000000a4     msp432p4xx_driverlib.lib : adc14.o (.text:ADC14_configureConversionMemory)
                  00003d74    000000a2     grlib.a : rectangle.obj (.text:Graphics_drawRectangle)
                  00003e16    0000009c     Crystalfontz128x128_ST7735.obj (.text:Crystalfontz128x128_RectFill)
                  00003eb2    0000009c     grlib.a : line.obj (.text:Graphics_drawLineH)
                  00003f4e    0000009c             : line.obj (.text:Graphics_drawLineV)
                  00003fea    0000009c     rtsv7M4_T_le_v4SPD16_eabi.lib : memcpy_t2.asm.obj (.text)
                  00004086    00000096                                   : ull_div_t2.asm.obj (.text)
                  0000411c    0000008a     graphics_HAL.obj (.text:DrawBottom)
                  000041a6    0000008a     graphics_HAL.obj (.text:DrawLeft)
                  00004230    0000008a     graphics_HAL.obj (.text:DrawRight)
                  000042ba    0000008a     graphics_HAL.obj (.text:DrawTop)
                  00004344    00000088     msp432p4xx_driverlib.lib : gpio.o (.text:GPIO_setAsPeripheralModuleFunctionInputPin)
                  000043cc    00000088                              : gpio.o (.text:GPIO_setAsPeripheralModuleFunctionOutputPin)
                  00004454    00000086     rtsv7M4_T_le_v4SPD16_eabi.lib : fd_cmp_t2.asm.obj (.text:__aeabi_cdcmple)
                  000044da    00000086                                   : fd_cmp_t2.asm.obj (.text:__aeabi_cdrcmple)
                  00004560    00000082     graphics_HAL.obj (.text:make_5digit_NumString)
                  000045e2    00000002     --HOLE-- [fill = 0]
                  000045e4    00000080     msp432p4xx_driverlib.lib : interrupt.o (.text:Interrupt_enableInterrupt)
                  00004664    0000007a     rtsv7M4_T_le_v4SPD16_eabi.lib : memset_t2.asm.obj (.text)
                  000046de    0000006e                                   : _printfi.c.obj (.text:_mcpy)
                  0000474c    0000006c     graphics_HAL.obj (.text:DrawVxVy)
                  000047b8    00000068     msp432p4xx_driverlib.lib : timer32.o (.text:Timer32_initModule)
                  00004820    00000068     rtsv7M4_T_le_v4SPD16_eabi.lib : copy_decompress_lzss.c.obj (.text:decompress:lzss:__TI_decompress_lzss)
                  00004888    00000064                                   : s_frexp.c.obj (.text:frexp)
                  000048ec    00000064     Timer32_HAL.obj (.text:initHWTimer0)
                  00004950    00000064     Timer32_HAL.obj (.text:initHWTimer1)
                  000049b4    00000060     Crystalfontz128x128_ST7735.obj (.text:Crystalfontz128x128_LineDrawH)
                  00004a14    00000060     Crystalfontz128x128_ST7735.obj (.text:Crystalfontz128x128_LineDrawV)
                  00004a74    0000005a     grlib.a : context.obj (.text:Graphics_drawPixel)
                  00004ace    00000002     --HOLE-- [fill = 0]
                  00004ad0    00000058     msp432p4xx_driverlib.lib : gpio.o (.text:GPIO_setAsInputPinWithPullUpResistor)
                  00004b28    00000056     rtsv7M4_T_le_v4SPD16_eabi.lib : _printfi.c.obj (.text:_pconv_f)
                  00004b7e    00000056     Timer32_HAL.obj (.text:startHWTimer)
                  00004bd4    00000054     msp432p4xx_driverlib.lib : adc14.o (.text:ADC14_initModule)
                  00004c28    00000054     Crystalfontz128x128_ST7735.obj (.text:Crystalfontz128x128_SetOrientation)
                  00004c7c    00000054     Lab4_final_main.obj (.text:initialize)
                  00004cd0    00000054     rtsv7M4_T_le_v4SPD16_eabi.lib : ltoa.c.obj (.text:ltoa)
                  00004d24    00000052     grlib.a : context.obj (.text:Graphics_initContext)
                  00004d76    00000052     rtsv7M4_T_le_v4SPD16_eabi.lib : _printfi.c.obj (.text:_ecpy)
                  00004dc8    0000004c     ButtonLED_HAL.obj (.text:ButtonPushed)
                  00004e14    0000004c     rtsv7M4_T_le_v4SPD16_eabi.lib : atoi.c.obj (.text:atoi)
                  00004e60    0000004a     graphics_HAL.obj (.text:drawAccelData)
                  00004eaa    00000048     grlib.a : string.obj (.text:Graphics_drawStringCentered)
                  00004ef2    00000002     --HOLE-- [fill = 0]
                  00004ef4    00000048     ButtonLED_HAL.obj (.text:initButton)
                  00004f3c    00000048     rtsv7M4_T_le_v4SPD16_eabi.lib : fd_toi_t2.asm.obj (.text)
                  00004f84    00000046     ADC_HAL.obj (.text:initAccelerometer)
                  00004fca    00000002     --HOLE-- [fill = 0]
                  00004fcc    00000044     graphics_HAL.obj (.text:InitGraphics)
                  00005010    00000044     rtsv7M4_T_le_v4SPD16_eabi.lib : autoinit.c.obj (.text:__TI_auto_init_nobinit_nopinit:__TI_auto_init_nobinit_nopinit)
                  00005054    00000042     graphics_HAL.obj (.text:TargetCell)
                  00005096    00000040     Crystalfontz128x128_ST7735.obj (.text:Crystalfontz128x128_PixelDraw)
                  000050d6    00000002     --HOLE-- [fill = 0]
                  000050d8    00000040     msp432p4xx_driverlib.lib : gpio.o (.text:GPIO_setAsOutputPin)
                  00005118    00000040     grlib.a : string.obj (.text:Graphics_getNumberOfLeadingZeros)
                  00005158    00000040     HAL_MSP_EXP432P401R_Crystalfontz128x128_ST7735.obj (.text:HAL_LCD_SpiInit)
                  00005198    00000040     msp432p4xx_driverlib.lib : spi.o (.text:is_A_Module)
                  000051d8    00000040     rtsv7M4_T_le_v4SPD16_eabi.lib : sprintf.c.obj (.text:sprintf)
                  00005218    0000003e                                   : _printfi.c.obj (.text:_fcpy)
                  00005256    00000002     --HOLE-- [fill = 0]
                  00005258    00000038     HAL_MSP_EXP432P401R_Crystalfontz128x128_ST7735.obj (.text:HAL_LCD_writeCommand)
                  00005290    00000038     msp432p4xx_driverlib.lib : timer32.o (.text:Timer32_startTimer)
                  000052c8    00000038     rtsv7M4_T_le_v4SPD16_eabi.lib : boot_cortex_m.c.obj (.text:_c_int00_noargs:_c_int00_noargs)
                  00005300    00000036     grlib.a : display.obj (.text:Graphics_drawHorizontalLineOnDisplay)
                  00005336    00000036             : display.obj (.text:Graphics_drawVerticalLineOnDisplay)
                  0000536c    00000034     msp432p4xx_driverlib.lib : adc14.o (.text:ADC14_enableSampleTimer)
                  000053a0    00000034                              : timer32.o (.text:Timer32_setCount)
                  000053d4    00000030                              : gpio.o (.text:GPIO_getInputPinValue)
                  00005404    00000030     HAL_MSP_EXP432P401R_Crystalfontz128x128_ST7735.obj (.text:HAL_LCD_PortInit)
                  00005434    0000002e     graphics_HAL.obj (.text:DrawBall)
                  00005462    0000002e     rtsv7M4_T_le_v4SPD16_eabi.lib : i_tofd_t2.asm.obj (.text)
                  00005490    0000002c     msp432p4xx_driverlib.lib : adc14.o (.text:ADC14_toggleConversionTrigger)
                  000054bc    0000002c     Crystalfontz128x128_ST7735.obj (.text:Crystalfontz128x128_ClearScreen)
                  000054e8    0000002c     grlib.a : display.obj (.text:Graphics_drawPixelOnDisplay)
                  00005514    0000002c     HAL_MSP_EXP432P401R_Crystalfontz128x128_ST7735.obj (.text:HAL_LCD_writeData)
                  00005540    00000028     msp432p4xx_driverlib.lib : adc14.o (.text:ADC14_enableConversion)
                  00005568    00000028     Crystalfontz128x128_ST7735.obj (.text:Crystalfontz128x128_ColorTranslate)
                  00005590    00000028     msp432p4xx_driverlib.lib : gpio.o (.text:GPIO_setOutputHighOnPin)
                  000055b8    00000028                              : gpio.o (.text:GPIO_setOutputLowOnPin)
                  000055e0    00000028                              : gpio.o (.text:GPIO_toggleOutputOnPin)
                  00005608    00000026     Timer32_HAL.obj (.text:WaitCycles)
                  0000562e    00000002     --HOLE-- [fill = 0]
                  00005630    00000024     msp432p4xx_driverlib.lib : wdt_a.o (.text:WDT_A_holdTimer)
                  00005654    00000024     ADC_HAL.obj (.text:getSampleAccelerometer)
                  00005678    0000001e     graphics_HAL.obj (.text:DrawWalls)
                  00005696    0000001e     grlib.a : display.obj (.text:Graphics_fillRectangleOnDisplay)
                  000056b4    0000001e     Timer32_HAL.obj (.text:InitOneShotSWTimer)
                  000056d2    0000001e     Timer32_HAL.obj (.text:StartOneShotSWTimer)
                  000056f0    0000001c     msp432p4xx_driverlib.lib : adc14.o (.text:ADC14_getResult)
                  0000570c    0000001c                              : spi.o (.text:SPI_enableModule)
                  00005728    0000001c     Timer32_HAL.obj (.text:T32_INT1_IRQHandler)
                  00005744    0000001c     rtsv7M4_T_le_v4SPD16_eabi.lib : memccpy.c.obj (.text:memccpy)
                  00005760    0000001a     grlib.a : display.obj (.text:Graphics_clearDisplayOnDisplay)
                  0000577a    0000001a             : context.obj (.text:Graphics_setBackgroundColor)
                  00005794    0000001a             : context.obj (.text:Graphics_setFont)
                  000057ae    0000001a     ADC_HAL.obj (.text:initADC)
                  000057c8    00000018     rtsv7M4_T_le_v4SPD16_eabi.lib : sprintf.c.obj (.text:_outs)
                  000057e0    00000018                                   : ll_mul_t2.asm.obj (.text)
                  000057f8    00000016     msp432p4xx_driverlib.lib : spi.o (.text:EUSCI_A_SPI_enable)
                  0000580e    00000016                              : spi.o (.text:EUSCI_B_SPI_enable)
                  00005824    00000016     grlib.a : context.obj (.text:Graphics_setForegroundColor)
                  0000583a    00000016             : display.obj (.text:Graphics_translateColorOnDisplay)
                  00005850    00000016     rtsv7M4_T_le_v4SPD16_eabi.lib : strchr.c.obj (.text:strchr)
                  00005866    00000014     ButtonLED_HAL.obj (.text:LaunchpadLeftButton_pressed)
                  0000587a    00000014     ButtonLED_HAL.obj (.text:LaunchpadRightButton_pressed)
                  0000588e    00000014     msp432p4xx_driverlib.lib : timer32.o (.text:Timer32_clearInterruptFlag)
                  000058a2    00000014     rtsv7M4_T_le_v4SPD16_eabi.lib : s_copysign.c.obj (.text:copysign)
                  000058b6    00000014                                   : strlen.c.obj (.text:strlen)
                  000058ca    00000012     grlib.a : context.obj (.text:Graphics_clearDisplay)
                  000058dc    00000012     rtsv7M4_T_le_v4SPD16_eabi.lib : copy_zero_init.c.obj (.text:decompress:ZI:__TI_zero_init_nomemset:__TI_zero_init_nomemset)
                  000058ee    00000012                                   : wcslen.c.obj (.text:wcslen)
                  00005900    00000010     msp432p4xx_driverlib.lib : adc14.o (.text:ADCIsConversionRunning)
                  00005910    0000000e     graphics_HAL.obj (.text:InitFonts)
                  0000591e    0000000e     msp432p4xx_driverlib.lib : timer32.o (.text:Timer32_getValue)
                  0000592c    0000000e     rtsv7M4_T_le_v4SPD16_eabi.lib : copy_decompress_none.c.obj (.text:decompress:none:__TI_decompress_none)
                  0000593a    00000002     --HOLE-- [fill = 0]
                  0000593c    0000000c     msp432p4xx_driverlib.lib : adc14.o (.text:ADC14_enableModule)
                  00005948    0000000c     startup_msp432p401r_ccs.obj (.text:Reset_Handler)
                  00005954    0000000c     ButtonLED_HAL.obj (.text:initialize_BoosterpackLED_blue)
                  00005960    0000000c     ButtonLED_HAL.obj (.text:initialize_BoosterpackLED_green)
                  0000596c    0000000c     ButtonLED_HAL.obj (.text:initialize_BoosterpackLED_red)
                  00005978    0000000c     ButtonLED_HAL.obj (.text:initialize_LaunchpadLED1)
                  00005984    0000000c     ButtonLED_HAL.obj (.text:initialize_LaunchpadLED2_blue)
                  00005990    0000000c     ButtonLED_HAL.obj (.text:initialize_LaunchpadLED2_green)
                  0000599c    0000000c     ButtonLED_HAL.obj (.text:initialize_LaunchpadLED2_red)
                  000059a8    0000000c     ADC_HAL.obj (.text:startADC)
                  000059b4    0000000c     ButtonLED_HAL.obj (.text:toggle_BoosterpackLED_blue)
                  000059c0    0000000c     ButtonLED_HAL.obj (.text:toggle_BoosterpackLED_green)
                  000059cc    0000000c     ButtonLED_HAL.obj (.text:toggle_BoosterpackLED_red)
                  000059d8    0000000c     ButtonLED_HAL.obj (.text:turnOff_BoosterpackLED_blue)
                  000059e4    0000000c     ButtonLED_HAL.obj (.text:turnOff_BoosterpackLED_green)
                  000059f0    0000000c     ButtonLED_HAL.obj (.text:turnOff_BoosterpackLED_red)
                  000059fc    0000000c     ButtonLED_HAL.obj (.text:turnOff_LaunchpadLED1)
                  00005a08    0000000c     ButtonLED_HAL.obj (.text:turnOff_LaunchpadLED2_blue)
                  00005a14    0000000c     ButtonLED_HAL.obj (.text:turnOff_LaunchpadLED2_green)
                  00005a20    0000000c     ButtonLED_HAL.obj (.text:turnOff_LaunchpadLED2_red)
                  00005a2c    0000000c     ButtonLED_HAL.obj (.text:turnOn_BoosterpackLED_green)
                  00005a38    0000000c     ButtonLED_HAL.obj (.text:turnOn_BoosterpackLED_red)
                  00005a44    0000000c     ButtonLED_HAL.obj (.text:turnOn_LaunchpadLED1)
                  00005a50    0000000c     ButtonLED_HAL.obj (.text:turnOn_LaunchpadLED2_red)
                  00005a5c    0000000a     Crystalfontz128x128_ST7735.obj (.text:Crystalfontz128x128_Flush)
                  00005a66    0000000a     rtsv7M4_T_le_v4SPD16_eabi.lib : sprintf.c.obj (.text:_outc)
                  00005a70    00000008                                   : errno.c.obj (.text:__aeabi_errno_addr)
                  00005a78    00000004                                   : pre_init.c.obj (.text:_system_pre_init)
                  00005a7c    00000004                                   : exit.c.obj (.text:abort:abort)

.const     0    00005a80    000009c0     
                  00005a80    00000521     grlib.a : fontcmtt12.obj (.const:.string:g_pucCmtt12Data)
                  00005fa1    00000101     rtsv7M4_T_le_v4SPD16_eabi.lib : ctype.c.obj (.const:.string:_ctypes_)
                  000060a2    00000002     --HOLE-- [fill = 0]
                  000060a4    000000c8     grlib.a : fontcmtt12.obj (.const:g_sFontCmtt12)
                  0000616c    00000080     msp432p4xx_driverlib.lib : adc14.o (.const:_ctlRegs)
                  000061ec    00000030                              : gpio.o (.const:GPIO_PORT_TO_BASE)
                  0000621c    00000020     Crystalfontz128x128_ST7735.obj (.const:g_sCrystalfontz128x128_funcs)
                  0000623c    0000001c     HAL_MSP_EXP432P401R_Crystalfontz128x128_ST7735.obj (.const:$P$T0$1)
                  00006258    00000019     graphics_HAL.obj (.const:.string:$P$T0$1)
                  00006271    00000019     graphics_HAL.obj (.const:.string:$P$T1$2)
                  0000628a    00000019     graphics_HAL.obj (.const:.string:$P$T10$11)
                  000062a3    00000019     graphics_HAL.obj (.const:.string:$P$T11$12)
                  000062bc    00000019     graphics_HAL.obj (.const:.string:$P$T12$13)
                  000062d5    00000019     graphics_HAL.obj (.const:.string:$P$T13$14)
                  000062ee    00000019     graphics_HAL.obj (.const:.string:$P$T14$15)
                  00006307    00000019     graphics_HAL.obj (.const:.string:$P$T15$16)
                  00006320    00000019     graphics_HAL.obj (.const:.string:$P$T16$17)
                  00006339    00000019     graphics_HAL.obj (.const:.string:$P$T17$18)
                  00006352    00000019     graphics_HAL.obj (.const:.string:$P$T2$3)
                  0000636b    00000019     graphics_HAL.obj (.const:.string:$P$T3$4)
                  00006384    00000019     graphics_HAL.obj (.const:.string:$P$T4$5)
                  0000639d    00000019     graphics_HAL.obj (.const:.string:$P$T5$6)
                  000063b6    00000019     graphics_HAL.obj (.const:.string:$P$T6$7)
                  000063cf    00000019     graphics_HAL.obj (.const:.string:$P$T7$8)
                  000063e8    00000019     graphics_HAL.obj (.const:.string:$P$T8$9)
                  00006401    00000019     graphics_HAL.obj (.const:.string:$P$T9$10)
                  0000641a    0000000a     graphics_HAL.obj (.const:.string:$P$T18$19)
                  00006424    0000000a     graphics_HAL.obj (.const:.string:$P$T19$20)
                  0000642e    00000008     Crystalfontz128x128_ST7735.obj (.const:$P$T0$1)
                  00006436    00000002     --HOLE-- [fill = 0]
                  00006438    00000008     msp432p4xx_driverlib.lib : interrupt.o (.const:g_pulEnRegs)

.cinit     0    00006440    00000038     
                  00006440    0000000d     (.cinit..data.load) [load image, compression = lzss]
                  0000644d    00000003     --HOLE-- [fill = 0]
                  00006450    0000000c     (__TI_handler_table)
                  0000645c    00000004     --HOLE-- [fill = 0]
                  00006460    00000008     (.cinit..bss.load) [load image, compression = zero_init]
                  00006468    00000010     (__TI_cinit_table)

.init_array 
*          0    00000000    00000000     UNINITIALIZED

.binit     0    00000000    00000000     

.bss       0    20000000    0000003a     UNINITIALIZED
                  20000000    00000018     (.common:timer0)
                  20000018    00000018     (.common:timer1)
                  20000030    00000002     (.common:Lcd_ScreenHeigth)
                  20000032    00000002     (.common:Lcd_ScreenWidth)
                  20000034    00000002     (.common:Lcd_TouchTrim)
                  20000036    00000001     (.common:Lcd_FlagRead)
                  20000037    00000001     (.common:Lcd_FontSolid)
                  20000038    00000001     (.common:Lcd_Orientation)
                  20000039    00000001     (.common:Lcd_PenSolid)

.data      0    2000003c    00000015     UNINITIALIZED
                  2000003c    00000010     Crystalfontz128x128_ST7735.obj (.data:g_sCrystalfontz128x128)
                  2000004c    00000004     rtsv7M4_T_le_v4SPD16_eabi.lib : errno.c.obj (.data)
                  20000050    00000001     Lab4_final_main.obj (.data)

.stack     0    2000fe00    00000200     UNINITIALIZED
                  2000fe00    00000004     rtsv7M4_T_le_v4SPD16_eabi.lib : boot_cortex_m.c.obj (.stack)
                  2000fe04    000001fc     --HOLE--

MODULE SUMMARY

       Module                                               code    ro data   rw data
       ------                                               ----    -------   -------
    .\
       graphics_HAL.obj                                     5132    470       0      
       Lab4_final_main.obj                                  1000    0         2      
       Timer32_HAL.obj                                      580     0         96     
       ButtonLED_HAL.obj                                    646     0         0      
       system_msp432p401r.obj                               188     0         0      
       ADC_HAL.obj                                          144     0         0      
    +--+----------------------------------------------------+-------+---------+---------+
       Total:                                               7690    470       98     
                                                                                     
    .\LcdDriver\
       Crystalfontz128x128_ST7735.obj                       1670    40        52     
       HAL_MSP_EXP432P401R_Crystalfontz128x128_ST7735.obj   212     28        0      
    +--+----------------------------------------------------+-------+---------+---------+
       Total:                                               1882    68        52     
                                                                                     
    .\ccs\
       startup_msp432p401r_ccs.obj                          14      228       0      
    +--+----------------------------------------------------+-------+---------+---------+
       Total:                                               14      228       0      
                                                                                     
    C:/ti/simplelink_msp432p4_sdk_2_20_00_12/source/ti/devices/msp432p4xx/driverlib/ccs/msp432p4xx_driverlib.lib
       adc14.o                                              960     128       0      
       gpio.o                                               592     48        0      
       spi.o                                                312     0         0      
       timer32.o                                            246     0         0      
       interrupt.o                                          128     8         0      
       wdt_a.o                                              36      0         0      
    +--+----------------------------------------------------+-------+---------+---------+
       Total:                                               2274    184       0      
                                                                                     
    C:/ti/simplelink_msp432p4_sdk_2_20_00_12/source/ti/grlib/lib/ccs/m4f/grlib.a
       string.obj                                           1536    0         0      
       fontcmtt12.obj                                       0       1513      0      
       circle.obj                                           554     0         0      
       rectangle.obj                                        436     0         0      
       line.obj                                             312     0         0      
       context.obj                                          264     0         0      
       display.obj                                          230     0         0      
    +--+----------------------------------------------------+-------+---------+---------+
       Total:                                               3332    1513      0      
                                                                                     
    C:\ti\ccv8\ccsv8\tools\compiler\ti-cgt-arm_18.1.2.LTS\lib\rtsv7M4_T_le_v4SPD16_eabi.lib
       _printfi.c.obj                                       4863    0         0      
       fd_add_t2.asm.obj                                    438     0         0      
       fd_div_t2.asm.obj                                    310     0         0      
       s_scalbn.c.obj                                       272     0         0      
       fd_cmp_t2.asm.obj                                    268     0         0      
       ctype.c.obj                                          0       257       0      
       fd_mul_t2.asm.obj                                    252     0         0      
       memcpy_t2.asm.obj                                    156     0         0      
       ull_div_t2.asm.obj                                   150     0         0      
       memset_t2.asm.obj                                    122     0         0      
       copy_decompress_lzss.c.obj                           104     0         0      
       s_frexp.c.obj                                        100     0         0      
       sprintf.c.obj                                        98      0         0      
       ltoa.c.obj                                           84      0         0      
       atoi.c.obj                                           76      0         0      
       fd_toi_t2.asm.obj                                    72      0         0      
       autoinit.c.obj                                       68      0         0      
       boot_cortex_m.c.obj                                  56      0         0      
       i_tofd_t2.asm.obj                                    46      0         0      
       memccpy.c.obj                                        28      0         0      
       ll_mul_t2.asm.obj                                    24      0         0      
       strchr.c.obj                                         22      0         0      
       s_copysign.c.obj                                     20      0         0      
       strlen.c.obj                                         20      0         0      
       copy_zero_init.c.obj                                 18      0         0      
       wcslen.c.obj                                         18      0         0      
       errno.c.obj                                          8       0         8      
       copy_decompress_none.c.obj                           14      0         0      
       exit.c.obj                                           4       0         0      
       pre_init.c.obj                                       4       0         0      
       div0.asm.obj                                         2       0         0      
    +--+----------------------------------------------------+-------+---------+---------+
       Total:                                               7717    257       8      
                                                                                     
       Stack:                                               0       0         1024   
       Linker Generated:                                    0       49        0      
    +--+----------------------------------------------------+-------+---------+---------+
       Grand Total:                                         22909   2769      1182   


LINKER GENERATED COPY TABLES

__TI_cinit_table @ 00006468 records: 2, size/record: 8, table size: 16
	.data: load addr=00006440, load size=0000000d bytes, run addr=2000003c, run size=00000015 bytes, compression=lzss
	.bss: load addr=00006460, load size=00000008 bytes, run addr=20000000, run size=0000003a bytes, compression=zero_init


LINKER GENERATED HANDLER TABLE

__TI_handler_table @ 00006450 records: 3, size/record: 4, table size: 12
	index: 0, handler: __TI_decompress_lzss
	index: 1, handler: __TI_decompress_none
	index: 2, handler: __TI_zero_init


GLOBAL SYMBOLS: SORTED ALPHABETICALLY BY Name 

address   name                                       
-------   ----                                       
000017a7  ADC14_IRQHandler                           
00003cd1  ADC14_configureConversionMemory            
00003b81  ADC14_configureMultiSequenceMode           
00005541  ADC14_enableConversion                     
0000593d  ADC14_enableModule                         
0000536d  ADC14_enableSampleTimer                    
000056f1  ADC14_getResult                            
00004bd5  ADC14_initModule                           
00005491  ADC14_toggleConversionTrigger              
000017a7  AES256_IRQHandler                          
000017a7  BusFault_Handler                           
00004dc9  ButtonPushed                               
00005a7d  C$$EXIT                                    
000017a7  COMP_E0_IRQHandler                         
000017a7  COMP_E1_IRQHandler                         
000017a7  CS_IRQHandler                              
00002fad  Crystalfontz128x128_Init                   
00002e79  Crystalfontz128x128_SetDrawFrame           
00004c29  Crystalfontz128x128_SetOrientation         
000017a7  DMA_ERR_IRQHandler                         
000017a7  DMA_INT0_IRQHandler                        
000017a7  DMA_INT1_IRQHandler                        
000017a7  DMA_INT2_IRQHandler                        
000017a7  DMA_INT3_IRQHandler                        
000037d5  Debounce                                   
000017a7  DebugMon_Handler                           
000017a7  Default_Handler                            
00005435  DrawBall                                   
0000411d  DrawBottom                                 
00001aed  DrawEasyStage                              
00003961  DrawHoles                                  
000041a7  DrawLeft                                   
00004231  DrawRight                                  
000042bb  DrawTop                                    
0000474d  DrawVxVy                                   
00005679  DrawWalls                                  
000017a7  EUSCIA0_IRQHandler                         
000017a7  EUSCIA1_IRQHandler                         
000017a7  EUSCIA2_IRQHandler                         
000017a7  EUSCIA3_IRQHandler                         
000017a7  EUSCIB0_IRQHandler                         
000017a7  EUSCIB1_IRQHandler                         
000017a7  EUSCIB2_IRQHandler                         
000017a7  EUSCIB3_IRQHandler                         
000057f9  EUSCI_A_SPI_enable                         
0000580f  EUSCI_B_SPI_enable                         
000017a7  FLCTL_IRQHandler                           
000017a7  FPU_IRQHandler                             
000053d5  GPIO_getInputPinValue                      
00004ad1  GPIO_setAsInputPinWithPullUpResistor       
000050d9  GPIO_setAsOutputPin                        
00004345  GPIO_setAsPeripheralModuleFunctionInputPin 
000043cd  GPIO_setAsPeripheralModuleFunctionOutputPin
00005591  GPIO_setOutputHighOnPin                    
000055b9  GPIO_setOutputLowOnPin                     
000055e1  GPIO_toggleOutputOnPin                     
00000fc1  GameOver                                   
000058cb  Graphics_clearDisplay                      
00005761  Graphics_clearDisplayOnDisplay             
00005301  Graphics_drawHorizontalLineOnDisplay       
00003eb3  Graphics_drawLineH                         
00003f4f  Graphics_drawLineV                         
00004a75  Graphics_drawPixel                         
000054e9  Graphics_drawPixelOnDisplay                
00003d75  Graphics_drawRectangle                     
00000b43  Graphics_drawString                        
00004eab  Graphics_drawStringCentered                
00005337  Graphics_drawVerticalLineOnDisplay         
00002319  Graphics_fillCircle                        
000031f9  Graphics_fillRectangle                     
00005697  Graphics_fillRectangleOnDisplay            
00003519  Graphics_getStringWidth                    
00004d25  Graphics_initContext                       
0000577b  Graphics_setBackgroundColor                
00005795  Graphics_setFont                           
00005825  Graphics_setForegroundColor                
0000583b  Graphics_translateColorOnDisplay           
00005405  HAL_LCD_PortInit                           
00005159  HAL_LCD_SpiInit                            
00005259  HAL_LCD_writeCommand                       
00005515  HAL_LCD_writeData                          
000017a7  HardFault_Handler                          
00005911  InitFonts                                  
00004fcd  InitGraphics                               
000056b5  InitOneShotSWTimer                         
000045e5  Interrupt_enableInterrupt                  
00005867  LaunchpadLeftButton_pressed                
0000587b  LaunchpadRightButton_pressed               
20000036  Lcd_FlagRead                               
20000037  Lcd_FontSolid                              
20000038  Lcd_Orientation                            
20000039  Lcd_PenSolid                               
20000030  Lcd_ScreenHeigth                           
20000032  Lcd_ScreenWidth                            
20000034  Lcd_TouchTrim                              
000017a7  MemManage_Handler                          
00003615  ModifyLEDColor                             
00001421  MoveBall                                   
000017a7  NMI_Handler                                
00003c29  OneShotSWTimerExpired                      
000017a7  PCM_IRQHandler                             
000017a7  PORT1_IRQHandler                           
000017a7  PORT2_IRQHandler                           
000017a7  PORT3_IRQHandler                           
000017a7  PORT4_IRQHandler                           
000017a7  PORT5_IRQHandler                           
000017a7  PORT6_IRQHandler                           
000017a7  PSS_IRQHandler                             
000017a7  PendSV_Handler                             
000017a7  RTC_C_IRQHandler                           
00005949  Reset_Handler                              
0000570d  SPI_enableModule                           
00003acf  SPI_initMaster                             
000017a7  SVC_Handler                                
000056d3  StartOneShotSWTimer                        
000017a7  SysTick_Handler                            
000038a5  SystemInit                                 
00005729  T32_INT1_IRQHandler                        
00005729  T32_INT1_IRQHandler                        
000017a7  T32_INT2_IRQHandler                        
000017a7  T32_INTC_IRQHandler                        
000017a7  TA0_0_IRQHandler                           
000017a7  TA0_N_IRQHandler                           
000017a7  TA1_0_IRQHandler                           
000017a7  TA1_N_IRQHandler                           
000017a7  TA2_0_IRQHandler                           
000017a7  TA2_N_IRQHandler                           
000017a7  TA3_0_IRQHandler                           
000017a7  TA3_N_IRQHandler                           
00005055  TargetCell                                 
0000588f  Timer32_clearInterruptFlag                 
0000591f  Timer32_getValue                           
000047b9  Timer32_initModule                         
000053a1  Timer32_setCount                           
00005291  Timer32_startTimer                         
000017a7  UsageFault_Handler                         
4000480c  WDTCTL_SYM                                 
000017a7  WDT_A_IRQHandler                           
00005631  WDT_A_holdTimer                            
00005609  WaitCycles                                 
00003705  Win                                        
000017a9  WriteSpeed                                 
20010000  __STACK_END                                
00000200  __STACK_SIZE                               
00006468  __TI_CINIT_Base                            
00006478  __TI_CINIT_Limit                           
00006450  __TI_Handler_Table_Base                    
0000645c  __TI_Handler_Table_Limit                   
00005011  __TI_auto_init_nobinit_nopinit             
00004821  __TI_decompress_lzss                       
0000592d  __TI_decompress_none                       
ffffffff  __TI_pprof_out_hndl                        
000000e5  __TI_printfi                               
ffffffff  __TI_prof_data_size                        
ffffffff  __TI_prof_data_start                       
00000000  __TI_static_base__                         
000058dd  __TI_zero_init_nomemset                    
00004455  __aeabi_cdcmpeq                            
00004455  __aeabi_cdcmple                            
000044db  __aeabi_cdrcmple                           
00004f3d  __aeabi_d2iz                               
000028f7  __aeabi_dadd                               
00002d41  __aeabi_ddiv                               
0000341d  __aeabi_dmul                               
000028ed  __aeabi_dsub                               
00005a71  __aeabi_errno_addr                         
00005463  __aeabi_i2d                                
0000271b  __aeabi_idiv0                              
0000271b  __aeabi_ldiv0                              
000057e1  __aeabi_lmul                               
00004665  __aeabi_memclr                             
00004665  __aeabi_memclr4                            
00004665  __aeabi_memclr8                            
00003feb  __aeabi_memcpy                             
00003feb  __aeabi_memcpy4                            
00003feb  __aeabi_memcpy8                            
00004667  __aeabi_memset                             
00004667  __aeabi_memset4                            
00004667  __aeabi_memset8                            
00004087  __aeabi_uldivmod                           
ffffffff  __binit__                                  
ffffffff  __c_args__                                 
UNDEFED   __mpu_init                                 
2000fe00  __stack                                    
000052c9  _c_int00_noargs                            
00005fa1  _ctypes_                                   
UNDEFED   _system_post_cinit                         
00005a79  _system_pre_init                           
00005a7d  abort                                      
00004e15  atoi                                       
ffffffff  binit                                      
000058a3  copysign                                   
000058a3  copysignl                                  
00004e61  drawAccelData                              
2000004c  errno                                      
00004889  frexp                                      
00004889  frexpl                                     
2000003c  g_sCrystalfontz128x128                     
0000621c  g_sCrystalfontz128x128_funcs               
000060a4  g_sFontCmtt12                              
00005655  getSampleAccelerometer                     
000057af  initADC                                    
00004f85  initAccelerometer                          
00004ef5  initButton                                 
000048ed  initHWTimer0                               
00004951  initHWTimer1                               
00004c7d  initialize                                 
00005955  initialize_BoosterpackLED_blue             
00005961  initialize_BoosterpackLED_green            
0000596d  initialize_BoosterpackLED_red              
00005979  initialize_LaunchpadLED1                   
00005985  initialize_LaunchpadLED2_blue              
00005991  initialize_LaunchpadLED2_green             
0000599d  initialize_LaunchpadLED2_red               
00000000  interruptVectors                           
0000330d  ldexp                                      
0000330d  ldexpl                                     
00004cd1  ltoa                                       
00001e05  main                                       
00004561  make_5digit_NumString                      
00005745  memccpy                                    
00003feb  memcpy                                     
0000466d  memset                                     
0000330d  scalbn                                     
0000330d  scalbnl                                    
000051d9  sprintf                                    
000059a9  startADC                                   
00004b7f  startHWTimer                               
00005851  strchr                                     
000058b7  strlen                                     
20000000  timer0                                     
20000018  timer1                                     
000059b5  toggle_BoosterpackLED_blue                 
000059c1  toggle_BoosterpackLED_green                
000059cd  toggle_BoosterpackLED_red                  
000059d9  turnOff_BoosterpackLED_blue                
000059e5  turnOff_BoosterpackLED_green               
000059f1  turnOff_BoosterpackLED_red                 
000059fd  turnOff_LaunchpadLED1                      
00005a09  turnOff_LaunchpadLED2_blue                 
00005a15  turnOff_LaunchpadLED2_green                
00005a21  turnOff_LaunchpadLED2_red                  
00005a2d  turnOn_BoosterpackLED_green                
00005a39  turnOn_BoosterpackLED_red                  
00005a45  turnOn_LaunchpadLED1                       
00005a51  turnOn_LaunchpadLED2_red                   
000058ef  wcslen                                     


GLOBAL SYMBOLS: SORTED BY Symbol Address 

address   name                                       
-------   ----                                       
00000000  __TI_static_base__                         
00000000  interruptVectors                           
000000e5  __TI_printfi                               
00000200  __STACK_SIZE                               
00000b43  Graphics_drawString                        
00000fc1  GameOver                                   
00001421  MoveBall                                   
000017a7  ADC14_IRQHandler                           
000017a7  AES256_IRQHandler                          
000017a7  BusFault_Handler                           
000017a7  COMP_E0_IRQHandler                         
000017a7  COMP_E1_IRQHandler                         
000017a7  CS_IRQHandler                              
000017a7  DMA_ERR_IRQHandler                         
000017a7  DMA_INT0_IRQHandler                        
000017a7  DMA_INT1_IRQHandler                        
000017a7  DMA_INT2_IRQHandler                        
000017a7  DMA_INT3_IRQHandler                        
000017a7  DebugMon_Handler                           
000017a7  Default_Handler                            
000017a7  EUSCIA0_IRQHandler                         
000017a7  EUSCIA1_IRQHandler                         
000017a7  EUSCIA2_IRQHandler                         
000017a7  EUSCIA3_IRQHandler                         
000017a7  EUSCIB0_IRQHandler                         
000017a7  EUSCIB1_IRQHandler                         
000017a7  EUSCIB2_IRQHandler                         
000017a7  EUSCIB3_IRQHandler                         
000017a7  FLCTL_IRQHandler                           
000017a7  FPU_IRQHandler                             
000017a7  HardFault_Handler                          
000017a7  MemManage_Handler                          
000017a7  NMI_Handler                                
000017a7  PCM_IRQHandler                             
000017a7  PORT1_IRQHandler                           
000017a7  PORT2_IRQHandler                           
000017a7  PORT3_IRQHandler                           
000017a7  PORT4_IRQHandler                           
000017a7  PORT5_IRQHandler                           
000017a7  PORT6_IRQHandler                           
000017a7  PSS_IRQHandler                             
000017a7  PendSV_Handler                             
000017a7  RTC_C_IRQHandler                           
000017a7  SVC_Handler                                
000017a7  SysTick_Handler                            
000017a7  T32_INT2_IRQHandler                        
000017a7  T32_INTC_IRQHandler                        
000017a7  TA0_0_IRQHandler                           
000017a7  TA0_N_IRQHandler                           
000017a7  TA1_0_IRQHandler                           
000017a7  TA1_N_IRQHandler                           
000017a7  TA2_0_IRQHandler                           
000017a7  TA2_N_IRQHandler                           
000017a7  TA3_0_IRQHandler                           
000017a7  TA3_N_IRQHandler                           
000017a7  UsageFault_Handler                         
000017a7  WDT_A_IRQHandler                           
000017a9  WriteSpeed                                 
00001aed  DrawEasyStage                              
00001e05  main                                       
00002319  Graphics_fillCircle                        
0000271b  __aeabi_idiv0                              
0000271b  __aeabi_ldiv0                              
000028ed  __aeabi_dsub                               
000028f7  __aeabi_dadd                               
00002d41  __aeabi_ddiv                               
00002e79  Crystalfontz128x128_SetDrawFrame           
00002fad  Crystalfontz128x128_Init                   
000031f9  Graphics_fillRectangle                     
0000330d  ldexp                                      
0000330d  ldexpl                                     
0000330d  scalbn                                     
0000330d  scalbnl                                    
0000341d  __aeabi_dmul                               
00003519  Graphics_getStringWidth                    
00003615  ModifyLEDColor                             
00003705  Win                                        
000037d5  Debounce                                   
000038a5  SystemInit                                 
00003961  DrawHoles                                  
00003acf  SPI_initMaster                             
00003b81  ADC14_configureMultiSequenceMode           
00003c29  OneShotSWTimerExpired                      
00003cd1  ADC14_configureConversionMemory            
00003d75  Graphics_drawRectangle                     
00003eb3  Graphics_drawLineH                         
00003f4f  Graphics_drawLineV                         
00003feb  __aeabi_memcpy                             
00003feb  __aeabi_memcpy4                            
00003feb  __aeabi_memcpy8                            
00003feb  memcpy                                     
00004087  __aeabi_uldivmod                           
0000411d  DrawBottom                                 
000041a7  DrawLeft                                   
00004231  DrawRight                                  
000042bb  DrawTop                                    
00004345  GPIO_setAsPeripheralModuleFunctionInputPin 
000043cd  GPIO_setAsPeripheralModuleFunctionOutputPin
00004455  __aeabi_cdcmpeq                            
00004455  __aeabi_cdcmple                            
000044db  __aeabi_cdrcmple                           
00004561  make_5digit_NumString                      
000045e5  Interrupt_enableInterrupt                  
00004665  __aeabi_memclr                             
00004665  __aeabi_memclr4                            
00004665  __aeabi_memclr8                            
00004667  __aeabi_memset                             
00004667  __aeabi_memset4                            
00004667  __aeabi_memset8                            
0000466d  memset                                     
0000474d  DrawVxVy                                   
000047b9  Timer32_initModule                         
00004821  __TI_decompress_lzss                       
00004889  frexp                                      
00004889  frexpl                                     
000048ed  initHWTimer0                               
00004951  initHWTimer1                               
00004a75  Graphics_drawPixel                         
00004ad1  GPIO_setAsInputPinWithPullUpResistor       
00004b7f  startHWTimer                               
00004bd5  ADC14_initModule                           
00004c29  Crystalfontz128x128_SetOrientation         
00004c7d  initialize                                 
00004cd1  ltoa                                       
00004d25  Graphics_initContext                       
00004dc9  ButtonPushed                               
00004e15  atoi                                       
00004e61  drawAccelData                              
00004eab  Graphics_drawStringCentered                
00004ef5  initButton                                 
00004f3d  __aeabi_d2iz                               
00004f85  initAccelerometer                          
00004fcd  InitGraphics                               
00005011  __TI_auto_init_nobinit_nopinit             
00005055  TargetCell                                 
000050d9  GPIO_setAsOutputPin                        
00005159  HAL_LCD_SpiInit                            
000051d9  sprintf                                    
00005259  HAL_LCD_writeCommand                       
00005291  Timer32_startTimer                         
000052c9  _c_int00_noargs                            
00005301  Graphics_drawHorizontalLineOnDisplay       
00005337  Graphics_drawVerticalLineOnDisplay         
0000536d  ADC14_enableSampleTimer                    
000053a1  Timer32_setCount                           
000053d5  GPIO_getInputPinValue                      
00005405  HAL_LCD_PortInit                           
00005435  DrawBall                                   
00005463  __aeabi_i2d                                
00005491  ADC14_toggleConversionTrigger              
000054e9  Graphics_drawPixelOnDisplay                
00005515  HAL_LCD_writeData                          
00005541  ADC14_enableConversion                     
00005591  GPIO_setOutputHighOnPin                    
000055b9  GPIO_setOutputLowOnPin                     
000055e1  GPIO_toggleOutputOnPin                     
00005609  WaitCycles                                 
00005631  WDT_A_holdTimer                            
00005655  getSampleAccelerometer                     
00005679  DrawWalls                                  
00005697  Graphics_fillRectangleOnDisplay            
000056b5  InitOneShotSWTimer                         
000056d3  StartOneShotSWTimer                        
000056f1  ADC14_getResult                            
0000570d  SPI_enableModule                           
00005729  T32_INT1_IRQHandler                        
00005729  T32_INT1_IRQHandler                        
00005745  memccpy                                    
00005761  Graphics_clearDisplayOnDisplay             
0000577b  Graphics_setBackgroundColor                
00005795  Graphics_setFont                           
000057af  initADC                                    
000057e1  __aeabi_lmul                               
000057f9  EUSCI_A_SPI_enable                         
0000580f  EUSCI_B_SPI_enable                         
00005825  Graphics_setForegroundColor                
0000583b  Graphics_translateColorOnDisplay           
00005851  strchr                                     
00005867  LaunchpadLeftButton_pressed                
0000587b  LaunchpadRightButton_pressed               
0000588f  Timer32_clearInterruptFlag                 
000058a3  copysign                                   
000058a3  copysignl                                  
000058b7  strlen                                     
000058cb  Graphics_clearDisplay                      
000058dd  __TI_zero_init_nomemset                    
000058ef  wcslen                                     
00005911  InitFonts                                  
0000591f  Timer32_getValue                           
0000592d  __TI_decompress_none                       
0000593d  ADC14_enableModule                         
00005949  Reset_Handler                              
00005955  initialize_BoosterpackLED_blue             
00005961  initialize_BoosterpackLED_green            
0000596d  initialize_BoosterpackLED_red              
00005979  initialize_LaunchpadLED1                   
00005985  initialize_LaunchpadLED2_blue              
00005991  initialize_LaunchpadLED2_green             
0000599d  initialize_LaunchpadLED2_red               
000059a9  startADC                                   
000059b5  toggle_BoosterpackLED_blue                 
000059c1  toggle_BoosterpackLED_green                
000059cd  toggle_BoosterpackLED_red                  
000059d9  turnOff_BoosterpackLED_blue                
000059e5  turnOff_BoosterpackLED_green               
000059f1  turnOff_BoosterpackLED_red                 
000059fd  turnOff_LaunchpadLED1                      
00005a09  turnOff_LaunchpadLED2_blue                 
00005a15  turnOff_LaunchpadLED2_green                
00005a21  turnOff_LaunchpadLED2_red                  
00005a2d  turnOn_BoosterpackLED_green                
00005a39  turnOn_BoosterpackLED_red                  
00005a45  turnOn_LaunchpadLED1                       
00005a51  turnOn_LaunchpadLED2_red                   
00005a71  __aeabi_errno_addr                         
00005a79  _system_pre_init                           
00005a7d  C$$EXIT                                    
00005a7d  abort                                      
00005fa1  _ctypes_                                   
000060a4  g_sFontCmtt12                              
0000621c  g_sCrystalfontz128x128_funcs               
00006450  __TI_Handler_Table_Base                    
0000645c  __TI_Handler_Table_Limit                   
00006468  __TI_CINIT_Base                            
00006478  __TI_CINIT_Limit                           
20000000  timer0                                     
20000018  timer1                                     
20000030  Lcd_ScreenHeigth                           
20000032  Lcd_ScreenWidth                            
20000034  Lcd_TouchTrim                              
20000036  Lcd_FlagRead                               
20000037  Lcd_FontSolid                              
20000038  Lcd_Orientation                            
20000039  Lcd_PenSolid                               
2000003c  g_sCrystalfontz128x128                     
2000004c  errno                                      
2000fe00  __stack                                    
20010000  __STACK_END                                
4000480c  WDTCTL_SYM                                 
ffffffff  __TI_pprof_out_hndl                        
ffffffff  __TI_prof_data_size                        
ffffffff  __TI_prof_data_start                       
ffffffff  __binit__                                  
ffffffff  __c_args__                                 
ffffffff  binit                                      
UNDEFED   __mpu_init                                 
UNDEFED   _system_post_cinit                         

[247 symbols]
