<?xml version="1.0" encoding="ISO-8859-1" ?>
<link_info>
   <banner>TI ARM Linker PC v18.1.2.LTS</banner>
   <copyright>Copyright (c) 1996-2017 Texas Instruments Incorporated</copyright>
   <link_time>0x5beccf15</link_time>
   <link_errors>0x0</link_errors>
   <output_file>Playground.out</output_file>
   <entry_point>
      <name>_c_int00_noargs</name>
      <address>0x1dbd</address>
   </entry_point>
   <input_file_list>
      <input_file id="fl-2">
         <path>.\</path>
         <kind>object</kind>
         <file>ADC_HAL.obj</file>
         <name>ADC_HAL.obj</name>
      </input_file>
      <input_file id="fl-3">
         <path>.\</path>
         <kind>object</kind>
         <file>ButtonLED_HAL.obj</file>
         <name>ButtonLED_HAL.obj</name>
      </input_file>
      <input_file id="fl-4">
         <path>.\</path>
         <kind>object</kind>
         <file>Timer32_HAL.obj</file>
         <name>Timer32_HAL.obj</name>
      </input_file>
      <input_file id="fl-5">
         <path>.\</path>
         <kind>object</kind>
         <file>graphics_HAL.obj</file>
         <name>graphics_HAL.obj</name>
      </input_file>
      <input_file id="fl-6">
         <path>.\</path>
         <kind>object</kind>
         <file>playground_main.obj</file>
         <name>playground_main.obj</name>
      </input_file>
      <input_file id="fl-7">
         <path>.\</path>
         <kind>object</kind>
         <file>system_msp432p401r.obj</file>
         <name>system_msp432p401r.obj</name>
      </input_file>
      <input_file id="fl-8">
         <path>.\LcdDriver\</path>
         <kind>object</kind>
         <file>Crystalfontz128x128_ST7735.obj</file>
         <name>Crystalfontz128x128_ST7735.obj</name>
      </input_file>
      <input_file id="fl-9">
         <path>.\LcdDriver\</path>
         <kind>object</kind>
         <file>HAL_MSP_EXP432P401R_Crystalfontz128x128_ST7735.obj</file>
         <name>HAL_MSP_EXP432P401R_Crystalfontz128x128_ST7735.obj</name>
      </input_file>
      <input_file id="fl-a">
         <path>.\ccs\</path>
         <kind>object</kind>
         <file>startup_msp432p401r_ccs.obj</file>
         <name>startup_msp432p401r_ccs.obj</name>
      </input_file>
      <input_file id="fl-b">
         <path>.\fonts\</path>
         <kind>object</kind>
         <file>fontcmtt16.obj</file>
         <name>fontcmtt16.obj</name>
      </input_file>
      <input_file id="fl-14">
         <kind>object</kind>
         <file>&lt;internal&gt;</file>
         <name>&lt;internal&gt;</name>
      </input_file>
      <input_file id="fl-15">
         <path>C:\ti\simplelink_msp432p4_sdk_2_20_00_12\source\ti\grlib\lib\ccs\m4f\</path>
         <kind>archive</kind>
         <file>grlib.a</file>
         <name>circle.obj</name>
      </input_file>
      <input_file id="fl-16">
         <path>C:\ti\simplelink_msp432p4_sdk_2_20_00_12\source\ti\grlib\lib\ccs\m4f\</path>
         <kind>archive</kind>
         <file>grlib.a</file>
         <name>context.obj</name>
      </input_file>
      <input_file id="fl-17">
         <path>C:\ti\simplelink_msp432p4_sdk_2_20_00_12\source\ti\grlib\lib\ccs\m4f\</path>
         <kind>archive</kind>
         <file>grlib.a</file>
         <name>display.obj</name>
      </input_file>
      <input_file id="fl-18">
         <path>C:\ti\simplelink_msp432p4_sdk_2_20_00_12\source\ti\grlib\lib\ccs\m4f\</path>
         <kind>archive</kind>
         <file>grlib.a</file>
         <name>fontcmtt12.obj</name>
      </input_file>
      <input_file id="fl-19">
         <path>C:\ti\simplelink_msp432p4_sdk_2_20_00_12\source\ti\grlib\lib\ccs\m4f\</path>
         <kind>archive</kind>
         <file>grlib.a</file>
         <name>line.obj</name>
      </input_file>
      <input_file id="fl-1a">
         <path>C:\ti\simplelink_msp432p4_sdk_2_20_00_12\source\ti\grlib\lib\ccs\m4f\</path>
         <kind>archive</kind>
         <file>grlib.a</file>
         <name>rectangle.obj</name>
      </input_file>
      <input_file id="fl-1b">
         <path>C:\ti\simplelink_msp432p4_sdk_2_20_00_12\source\ti\grlib\lib\ccs\m4f\</path>
         <kind>archive</kind>
         <file>grlib.a</file>
         <name>string.obj</name>
      </input_file>
      <input_file id="fl-1c">
         <path>C:\ti\simplelink_msp432p4_sdk_2_20_00_12\source\ti\devices\msp432p4xx\driverlib\ccs\</path>
         <kind>archive</kind>
         <file>msp432p4xx_driverlib.lib</file>
         <name>adc14.o</name>
      </input_file>
      <input_file id="fl-1d">
         <path>C:\ti\simplelink_msp432p4_sdk_2_20_00_12\source\ti\devices\msp432p4xx\driverlib\ccs\</path>
         <kind>archive</kind>
         <file>msp432p4xx_driverlib.lib</file>
         <name>gpio.o</name>
      </input_file>
      <input_file id="fl-1e">
         <path>C:\ti\simplelink_msp432p4_sdk_2_20_00_12\source\ti\devices\msp432p4xx\driverlib\ccs\</path>
         <kind>archive</kind>
         <file>msp432p4xx_driverlib.lib</file>
         <name>interrupt.o</name>
      </input_file>
      <input_file id="fl-1f">
         <path>C:\ti\simplelink_msp432p4_sdk_2_20_00_12\source\ti\devices\msp432p4xx\driverlib\ccs\</path>
         <kind>archive</kind>
         <file>msp432p4xx_driverlib.lib</file>
         <name>spi.o</name>
      </input_file>
      <input_file id="fl-20">
         <path>C:\ti\simplelink_msp432p4_sdk_2_20_00_12\source\ti\devices\msp432p4xx\driverlib\ccs\</path>
         <kind>archive</kind>
         <file>msp432p4xx_driverlib.lib</file>
         <name>timer32.o</name>
      </input_file>
      <input_file id="fl-21">
         <path>C:\ti\simplelink_msp432p4_sdk_2_20_00_12\source\ti\devices\msp432p4xx\driverlib\ccs\</path>
         <kind>archive</kind>
         <file>msp432p4xx_driverlib.lib</file>
         <name>wdt_a.o</name>
      </input_file>
      <input_file id="fl-22">
         <path>C:\ti\simplelink_msp432p4_sdk_2_20_00_12\source\ti\devices\msp432p4xx\driverlib\ccs\</path>
         <kind>archive</kind>
         <file>msp432p4xx_driverlib.lib</file>
         <name>cpu.o</name>
      </input_file>
      <input_file id="fl-23">
         <path>C:\ti\simplelink_msp432p4_sdk_2_20_00_12\source\ti\devices\msp432p4xx\driverlib\ccs\</path>
         <kind>archive</kind>
         <file>msp432p4xx_driverlib.lib</file>
         <name>sysctl_a.o</name>
      </input_file>
      <input_file id="fl-d9">
         <path>C:\ti\ccsv8\tools\compiler\ti-cgt-arm_18.1.2.LTS\lib\</path>
         <kind>archive</kind>
         <file>rtsv7M4_T_le_v4SPD16_eabi.lib</file>
         <name>ll_mul_t2.asm.obj</name>
      </input_file>
      <input_file id="fl-da">
         <path>C:\ti\ccsv8\tools\compiler\ti-cgt-arm_18.1.2.LTS\lib\</path>
         <kind>archive</kind>
         <file>rtsv7M4_T_le_v4SPD16_eabi.lib</file>
         <name>copy_zero_init.c.obj</name>
      </input_file>
      <input_file id="fl-db">
         <path>C:\ti\ccsv8\tools\compiler\ti-cgt-arm_18.1.2.LTS\lib\</path>
         <kind>archive</kind>
         <file>rtsv7M4_T_le_v4SPD16_eabi.lib</file>
         <name>copy_decompress_none.c.obj</name>
      </input_file>
      <input_file id="fl-dc">
         <path>C:\ti\ccsv8\tools\compiler\ti-cgt-arm_18.1.2.LTS\lib\</path>
         <kind>archive</kind>
         <file>rtsv7M4_T_le_v4SPD16_eabi.lib</file>
         <name>copy_decompress_lzss.c.obj</name>
      </input_file>
      <input_file id="fl-dd">
         <path>C:\ti\ccsv8\tools\compiler\ti-cgt-arm_18.1.2.LTS\lib\</path>
         <kind>archive</kind>
         <file>rtsv7M4_T_le_v4SPD16_eabi.lib</file>
         <name>boot_cortex_m.c.obj</name>
      </input_file>
      <input_file id="fl-de">
         <path>C:\ti\ccsv8\tools\compiler\ti-cgt-arm_18.1.2.LTS\lib\</path>
         <kind>archive</kind>
         <file>rtsv7M4_T_le_v4SPD16_eabi.lib</file>
         <name>exit.c.obj</name>
      </input_file>
      <input_file id="fl-df">
         <path>C:\ti\ccsv8\tools\compiler\ti-cgt-arm_18.1.2.LTS\lib\</path>
         <kind>archive</kind>
         <file>rtsv7M4_T_le_v4SPD16_eabi.lib</file>
         <name>_lock.c.obj</name>
      </input_file>
      <input_file id="fl-e0">
         <path>C:\ti\ccsv8\tools\compiler\ti-cgt-arm_18.1.2.LTS\lib\</path>
         <kind>archive</kind>
         <file>rtsv7M4_T_le_v4SPD16_eabi.lib</file>
         <name>args_main.c.obj</name>
      </input_file>
      <input_file id="fl-e1">
         <path>C:\ti\ccsv8\tools\compiler\ti-cgt-arm_18.1.2.LTS\lib\</path>
         <kind>archive</kind>
         <file>rtsv7M4_T_le_v4SPD16_eabi.lib</file>
         <name>memset_t2.asm.obj</name>
      </input_file>
      <input_file id="fl-e2">
         <path>C:\ti\ccsv8\tools\compiler\ti-cgt-arm_18.1.2.LTS\lib\</path>
         <kind>archive</kind>
         <file>rtsv7M4_T_le_v4SPD16_eabi.lib</file>
         <name>memcpy_t2.asm.obj</name>
      </input_file>
      <input_file id="fl-e3">
         <path>C:\ti\ccsv8\tools\compiler\ti-cgt-arm_18.1.2.LTS\lib\</path>
         <kind>archive</kind>
         <file>rtsv7M4_T_le_v4SPD16_eabi.lib</file>
         <name>autoinit.c.obj</name>
      </input_file>
      <input_file id="fl-e4">
         <path>C:\ti\ccsv8\tools\compiler\ti-cgt-arm_18.1.2.LTS\lib\</path>
         <kind>archive</kind>
         <file>rtsv7M4_T_le_v4SPD16_eabi.lib</file>
         <name>pre_init.c.obj</name>
      </input_file>
      <input_file id="fl-e5">
         <path>C:\ti\ccsv8\tools\compiler\ti-cgt-arm_18.1.2.LTS\lib\</path>
         <kind>archive</kind>
         <file>rtsv7M4_T_le_v4SPD16_eabi.lib</file>
         <name>cpy_tbl.c.obj</name>
      </input_file>
   </input_file_list>
   <object_component_list>
      <object_component id="oc-23">
         <name>.intvecs:retain</name>
         <load_address>0x0</load_address>
         <run_address>0x0</run_address>
         <size>0xe4</size>
         <input_file_ref idref="fl-a"/>
      </object_component>
      <object_component id="oc-397">
         <name>.text:Graphics_drawString</name>
         <load_address>0xe4</load_address>
         <run_address>0xe4</run_address>
         <size>0x47e</size>
         <input_file_ref idref="fl-1b"/>
      </object_component>
      <object_component id="oc-2f8">
         <name>.text:Crystalfontz128x128_PixelDrawMultiple</name>
         <load_address>0x562</load_address>
         <run_address>0x562</run_address>
         <size>0x1d8</size>
         <input_file_ref idref="fl-8"/>
      </object_component>
      <object_component id="oc-6a">
         <name>.text:Default_Handler</name>
         <load_address>0x73a</load_address>
         <run_address>0x73a</run_address>
         <size>0x2</size>
         <input_file_ref idref="fl-a"/>
      </object_component>
      <object_component id="oc-386">
         <name>.text:_getIndexForMemRegister</name>
         <load_address>0x73c</load_address>
         <run_address>0x73c</run_address>
         <size>0x160</size>
         <input_file_ref idref="fl-1c"/>
      </object_component>
      <object_component id="oc-3e9">
         <name>.text:Crystalfontz128x128_SetDrawFrame</name>
         <load_address>0x89c</load_address>
         <run_address>0x89c</run_address>
         <size>0x134</size>
         <input_file_ref idref="fl-8"/>
      </object_component>
      <object_component id="oc-2dc">
         <name>.text:Crystalfontz128x128_Init</name>
         <load_address>0x9d0</load_address>
         <run_address>0x9d0</run_address>
         <size>0x12c</size>
         <input_file_ref idref="fl-8"/>
      </object_component>
      <object_component id="oc-391">
         <name>.text:Graphics_getStringWidth</name>
         <load_address>0xafc</load_address>
         <run_address>0xafc</run_address>
         <size>0xfa</size>
         <input_file_ref idref="fl-1b"/>
      </object_component>
      <object_component id="oc-131">
         <name>.text:ModifyLEDColor</name>
         <load_address>0xbf8</load_address>
         <run_address>0xbf8</run_address>
         <size>0xf0</size>
         <input_file_ref idref="fl-6"/>
      </object_component>
      <object_component id="oc-275">
         <name>.text:Debounce</name>
         <load_address>0xce8</load_address>
         <run_address>0xce8</run_address>
         <size>0xce</size>
         <input_file_ref idref="fl-3"/>
      </object_component>
      <object_component id="oc-ae">
         <name>.text:SystemInit</name>
         <load_address>0xdb8</load_address>
         <run_address>0xdb8</run_address>
         <size>0xbc</size>
         <input_file_ref idref="fl-7"/>
      </object_component>
      <object_component id="oc-46d">
         <name>.text:SPI_initMaster</name>
         <load_address>0xe74</load_address>
         <run_address>0xe74</run_address>
         <size>0xb0</size>
         <input_file_ref idref="fl-1f"/>
      </object_component>
      <object_component id="oc-34a">
         <name>.text:ADC14_configureMultiSequenceMode</name>
         <load_address>0xf24</load_address>
         <run_address>0xf24</run_address>
         <size>0xa8</size>
         <input_file_ref idref="fl-1c"/>
      </object_component>
      <object_component id="oc-f5">
         <name>.text:OneShotSWTimerExpired</name>
         <load_address>0xfcc</load_address>
         <run_address>0xfcc</run_address>
         <size>0xa8</size>
         <input_file_ref idref="fl-4"/>
      </object_component>
      <object_component id="oc-356">
         <name>.text:ADC14_configureConversionMemory</name>
         <load_address>0x1074</load_address>
         <run_address>0x1074</run_address>
         <size>0xa4</size>
         <input_file_ref idref="fl-1c"/>
      </object_component>
      <object_component id="oc-9c">
         <name>.text:main</name>
         <load_address>0x1118</load_address>
         <run_address>0x1118</run_address>
         <size>0xa0</size>
         <input_file_ref idref="fl-6"/>
      </object_component>
      <object_component id="oc-30a">
         <name>.text:Crystalfontz128x128_RectFill</name>
         <load_address>0x11b8</load_address>
         <run_address>0x11b8</run_address>
         <size>0x9c</size>
         <input_file_ref idref="fl-8"/>
      </object_component>
      <object_component id="oc-445">
         <name>.text:Graphics_drawLineH</name>
         <load_address>0x1254</load_address>
         <run_address>0x1254</run_address>
         <size>0x9c</size>
         <input_file_ref idref="fl-19"/>
      </object_component>
      <object_component id="oc-34">
         <name>.text</name>
         <load_address>0x12f0</load_address>
         <run_address>0x12f0</run_address>
         <size>0x9c</size>
         <input_file_ref idref="fl-e2"/>
      </object_component>
      <object_component id="oc-350">
         <name>.text:GPIO_setAsPeripheralModuleFunctionInputPin</name>
         <load_address>0x138c</load_address>
         <run_address>0x138c</run_address>
         <size>0x88</size>
         <input_file_ref idref="fl-1d"/>
      </object_component>
      <object_component id="oc-466">
         <name>.text:GPIO_setAsPeripheralModuleFunctionOutputPin</name>
         <load_address>0x1414</load_address>
         <run_address>0x1414</run_address>
         <size>0x88</size>
         <input_file_ref idref="fl-1d"/>
      </object_component>
      <object_component id="oc-268">
         <name>.text:make_5digit_NumString</name>
         <load_address>0x149c</load_address>
         <run_address>0x149c</run_address>
         <size>0x82</size>
         <input_file_ref idref="fl-5"/>
      </object_component>
      <object_component id="oc-416">
         <name>.text:Interrupt_enableInterrupt</name>
         <load_address>0x1520</load_address>
         <run_address>0x1520</run_address>
         <size>0x80</size>
         <input_file_ref idref="fl-1e"/>
      </object_component>
      <object_component id="oc-410">
         <name>.text:Timer32_initModule</name>
         <load_address>0x15a0</load_address>
         <run_address>0x15a0</run_address>
         <size>0x68</size>
         <input_file_ref idref="fl-20"/>
      </object_component>
      <object_component id="oc-14">
         <name>.text:decompress:lzss:__TI_decompress_lzss</name>
         <load_address>0x1608</load_address>
         <run_address>0x1608</run_address>
         <size>0x68</size>
         <input_file_ref idref="fl-dc"/>
      </object_component>
      <object_component id="oc-101">
         <name>.text:drawAccelData</name>
         <load_address>0x1670</load_address>
         <run_address>0x1670</run_address>
         <size>0x68</size>
         <input_file_ref idref="fl-5"/>
      </object_component>
      <object_component id="oc-221">
         <name>.text:initHWTimer0</name>
         <load_address>0x16d8</load_address>
         <run_address>0x16d8</run_address>
         <size>0x64</size>
         <input_file_ref idref="fl-4"/>
      </object_component>
      <object_component id="oc-227">
         <name>.text:initHWTimer1</name>
         <load_address>0x173c</load_address>
         <run_address>0x173c</run_address>
         <size>0x64</size>
         <input_file_ref idref="fl-4"/>
      </object_component>
      <object_component id="oc-2fe">
         <name>.text:Crystalfontz128x128_LineDrawH</name>
         <load_address>0x17a0</load_address>
         <run_address>0x17a0</run_address>
         <size>0x60</size>
         <input_file_ref idref="fl-8"/>
      </object_component>
      <object_component id="oc-304">
         <name>.text:Crystalfontz128x128_LineDrawV</name>
         <load_address>0x1800</load_address>
         <run_address>0x1800</run_address>
         <size>0x60</size>
         <input_file_ref idref="fl-8"/>
      </object_component>
      <object_component id="oc-240">
         <name>.text:GPIO_setAsInputPinWithPullUpResistor</name>
         <load_address>0x1860</load_address>
         <run_address>0x1860</run_address>
         <size>0x58</size>
         <input_file_ref idref="fl-1d"/>
      </object_component>
      <object_component id="oc-341">
         <name>.text:startHWTimer</name>
         <load_address>0x18b8</load_address>
         <run_address>0x18b8</run_address>
         <size>0x56</size>
         <input_file_ref idref="fl-4"/>
      </object_component>
      <object_component id="oc-363">
         <name>.text:ADC14_initModule</name>
         <load_address>0x1910</load_address>
         <run_address>0x1910</run_address>
         <size>0x54</size>
         <input_file_ref idref="fl-1c"/>
      </object_component>
      <object_component id="oc-2e2">
         <name>.text:Crystalfontz128x128_SetOrientation</name>
         <load_address>0x1964</load_address>
         <run_address>0x1964</run_address>
         <size>0x54</size>
         <input_file_ref idref="fl-8"/>
      </object_component>
      <object_component id="oc-dd">
         <name>.text:initialize</name>
         <load_address>0x19b8</load_address>
         <run_address>0x19b8</run_address>
         <size>0x54</size>
         <input_file_ref idref="fl-6"/>
      </object_component>
      <object_component id="oc-1a4">
         <name>.text:Graphics_initContext</name>
         <load_address>0x1a0c</load_address>
         <run_address>0x1a0c</run_address>
         <size>0x52</size>
         <input_file_ref idref="fl-16"/>
      </object_component>
      <object_component id="oc-107">
         <name>.text:ButtonPushed</name>
         <load_address>0x1a5e</load_address>
         <run_address>0x1a5e</run_address>
         <size>0x4c</size>
         <input_file_ref idref="fl-3"/>
      </object_component>
      <object_component id="oc-26e">
         <name>.text:Graphics_drawStringCentered</name>
         <load_address>0x1aaa</load_address>
         <run_address>0x1aaa</run_address>
         <size>0x48</size>
         <input_file_ref idref="fl-1b"/>
      </object_component>
      <object_component id="oc-e3">
         <name>.text:initButton</name>
         <load_address>0x1af4</load_address>
         <run_address>0x1af4</run_address>
         <size>0x48</size>
         <input_file_ref idref="fl-3"/>
      </object_component>
      <object_component id="oc-22d">
         <name>.text:initAccelerometer</name>
         <load_address>0x1b3c</load_address>
         <run_address>0x1b3c</run_address>
         <size>0x46</size>
         <input_file_ref idref="fl-2"/>
      </object_component>
      <object_component id="oc-d7">
         <name>.text:InitGraphics</name>
         <load_address>0x1b84</load_address>
         <run_address>0x1b84</run_address>
         <size>0x44</size>
         <input_file_ref idref="fl-5"/>
      </object_component>
      <object_component id="oc-159">
         <name>.text:__TI_auto_init_nobinit_nopinit:__TI_auto_init_nobinit_nopinit</name>
         <load_address>0x1bc8</load_address>
         <run_address>0x1bc8</run_address>
         <size>0x44</size>
         <input_file_ref idref="fl-e3"/>
      </object_component>
      <object_component id="oc-2f2">
         <name>.text:Crystalfontz128x128_PixelDraw</name>
         <load_address>0x1c0c</load_address>
         <run_address>0x1c0c</run_address>
         <size>0x40</size>
         <input_file_ref idref="fl-8"/>
      </object_component>
      <object_component id="oc-32f">
         <name>.text:GPIO_setAsOutputPin</name>
         <load_address>0x1c4c</load_address>
         <run_address>0x1c4c</run_address>
         <size>0x40</size>
         <input_file_ref idref="fl-1d"/>
      </object_component>
      <object_component id="oc-43f">
         <name>.text:Graphics_getNumberOfLeadingZeros</name>
         <load_address>0x1c8c</load_address>
         <run_address>0x1c8c</run_address>
         <size>0x40</size>
         <input_file_ref idref="fl-1b"/>
      </object_component>
      <object_component id="oc-3d7">
         <name>.text:HAL_LCD_SpiInit</name>
         <load_address>0x1ccc</load_address>
         <run_address>0x1ccc</run_address>
         <size>0x40</size>
         <input_file_ref idref="fl-9"/>
      </object_component>
      <object_component id="oc-4a3">
         <name>.text:is_A_Module</name>
         <load_address>0x1d0c</load_address>
         <run_address>0x1d0c</run_address>
         <size>0x40</size>
         <input_file_ref idref="fl-1f"/>
      </object_component>
      <object_component id="oc-3dd">
         <name>.text:HAL_LCD_writeCommand</name>
         <load_address>0x1d4c</load_address>
         <run_address>0x1d4c</run_address>
         <size>0x38</size>
         <input_file_ref idref="fl-9"/>
      </object_component>
      <object_component id="oc-422">
         <name>.text:Timer32_startTimer</name>
         <load_address>0x1d84</load_address>
         <run_address>0x1d84</run_address>
         <size>0x38</size>
         <input_file_ref idref="fl-20"/>
      </object_component>
      <object_component id="oc-52">
         <name>.text:_c_int00_noargs:_c_int00_noargs</name>
         <load_address>0x1dbc</load_address>
         <run_address>0x1dbc</run_address>
         <size>0x38</size>
         <input_file_ref idref="fl-dd"/>
      </object_component>
      <object_component id="oc-499">
         <name>.text:Graphics_drawHorizontalLineOnDisplay</name>
         <load_address>0x1df4</load_address>
         <run_address>0x1df4</run_address>
         <size>0x36</size>
         <input_file_ref idref="fl-17"/>
      </object_component>
      <object_component id="oc-369">
         <name>.text:ADC14_enableSampleTimer</name>
         <load_address>0x1e2c</load_address>
         <run_address>0x1e2c</run_address>
         <size>0x34</size>
         <input_file_ref idref="fl-1c"/>
      </object_component>
      <object_component id="oc-41c">
         <name>.text:Timer32_setCount</name>
         <load_address>0x1e60</load_address>
         <run_address>0x1e60</run_address>
         <size>0x34</size>
         <input_file_ref idref="fl-20"/>
      </object_component>
      <object_component id="oc-27c">
         <name>.text:GPIO_getInputPinValue</name>
         <load_address>0x1e94</load_address>
         <run_address>0x1e94</run_address>
         <size>0x30</size>
         <input_file_ref idref="fl-1d"/>
      </object_component>
      <object_component id="oc-3d1">
         <name>.text:HAL_LCD_PortInit</name>
         <load_address>0x1ec4</load_address>
         <run_address>0x1ec4</run_address>
         <size>0x30</size>
         <input_file_ref idref="fl-9"/>
      </object_component>
      <object_component id="oc-376">
         <name>.text:ADC14_toggleConversionTrigger</name>
         <load_address>0x1ef4</load_address>
         <run_address>0x1ef4</run_address>
         <size>0x2c</size>
         <input_file_ref idref="fl-1c"/>
      </object_component>
      <object_component id="oc-31c">
         <name>.text:Crystalfontz128x128_ClearScreen</name>
         <load_address>0x1f20</load_address>
         <run_address>0x1f20</run_address>
         <size>0x2c</size>
         <input_file_ref idref="fl-8"/>
      </object_component>
      <object_component id="oc-44b">
         <name>.text:Graphics_drawPixelOnDisplay</name>
         <load_address>0x1f4c</load_address>
         <run_address>0x1f4c</run_address>
         <size>0x2c</size>
         <input_file_ref idref="fl-17"/>
      </object_component>
      <object_component id="oc-3e3">
         <name>.text:HAL_LCD_writeData</name>
         <load_address>0x1f78</load_address>
         <run_address>0x1f78</run_address>
         <size>0x2c</size>
         <input_file_ref idref="fl-9"/>
      </object_component>
      <object_component id="oc-370">
         <name>.text:ADC14_enableConversion</name>
         <load_address>0x1fa4</load_address>
         <run_address>0x1fa4</run_address>
         <size>0x28</size>
         <input_file_ref idref="fl-1c"/>
      </object_component>
      <object_component id="oc-310">
         <name>.text:Crystalfontz128x128_ColorTranslate</name>
         <load_address>0x1fcc</load_address>
         <run_address>0x1fcc</run_address>
         <size>0x28</size>
         <input_file_ref idref="fl-8"/>
      </object_component>
      <object_component id="oc-283">
         <name>.text:GPIO_setOutputHighOnPin</name>
         <load_address>0x1ff4</load_address>
         <run_address>0x1ff4</run_address>
         <size>0x28</size>
         <input_file_ref idref="fl-1d"/>
      </object_component>
      <object_component id="oc-28a">
         <name>.text:GPIO_setOutputLowOnPin</name>
         <load_address>0x201c</load_address>
         <run_address>0x201c</run_address>
         <size>0x28</size>
         <input_file_ref idref="fl-1d"/>
      </object_component>
      <object_component id="oc-3a3">
         <name>.text:GPIO_toggleOutputOnPin</name>
         <load_address>0x2044</load_address>
         <run_address>0x2044</run_address>
         <size>0x28</size>
         <input_file_ref idref="fl-1d"/>
      </object_component>
      <object_component id="oc-24d">
         <name>.text:WaitCycles</name>
         <load_address>0x206c</load_address>
         <run_address>0x206c</run_address>
         <size>0x26</size>
         <input_file_ref idref="fl-4"/>
      </object_component>
      <object_component id="oc-1d3">
         <name>.text:WDT_A_holdTimer</name>
         <load_address>0x2094</load_address>
         <run_address>0x2094</run_address>
         <size>0x24</size>
         <input_file_ref idref="fl-21"/>
      </object_component>
      <object_component id="oc-fb">
         <name>.text:getSampleAccelerometer</name>
         <load_address>0x20b8</load_address>
         <run_address>0x20b8</run_address>
         <size>0x24</size>
         <input_file_ref idref="fl-2"/>
      </object_component>
      <object_component id="oc-e9">
         <name>.text:InitOneShotSWTimer</name>
         <load_address>0x20dc</load_address>
         <run_address>0x20dc</run_address>
         <size>0x1e</size>
         <input_file_ref idref="fl-4"/>
      </object_component>
      <object_component id="oc-ef">
         <name>.text:StartOneShotSWTimer</name>
         <load_address>0x20fa</load_address>
         <run_address>0x20fa</run_address>
         <size>0x1e</size>
         <input_file_ref idref="fl-4"/>
      </object_component>
      <object_component id="oc-261">
         <name>.text:ADC14_getResult</name>
         <load_address>0x2118</load_address>
         <run_address>0x2118</run_address>
         <size>0x1c</size>
         <input_file_ref idref="fl-1c"/>
      </object_component>
      <object_component id="oc-473">
         <name>.text:SPI_enableModule</name>
         <load_address>0x2134</load_address>
         <run_address>0x2134</run_address>
         <size>0x1c</size>
         <input_file_ref idref="fl-1f"/>
      </object_component>
      <object_component id="oc-70">
         <name>.text:T32_INT1_IRQHandler</name>
         <load_address>0x2150</load_address>
         <run_address>0x2150</run_address>
         <size>0x1c</size>
         <input_file_ref idref="fl-4"/>
      </object_component>
      <object_component id="oc-2e9">
         <name>.text:Graphics_clearDisplayOnDisplay</name>
         <load_address>0x216c</load_address>
         <run_address>0x216c</run_address>
         <size>0x1a</size>
         <input_file_ref idref="fl-17"/>
      </object_component>
      <object_component id="oc-1b0">
         <name>.text:Graphics_setBackgroundColor</name>
         <load_address>0x2186</load_address>
         <run_address>0x2186</run_address>
         <size>0x1a</size>
         <input_file_ref idref="fl-16"/>
      </object_component>
      <object_component id="oc-1b6">
         <name>.text:Graphics_setFont</name>
         <load_address>0x21a0</load_address>
         <run_address>0x21a0</run_address>
         <size>0x1a</size>
         <input_file_ref idref="fl-16"/>
      </object_component>
      <object_component id="oc-233">
         <name>.text:initADC</name>
         <load_address>0x21ba</load_address>
         <run_address>0x21ba</run_address>
         <size>0x1a</size>
         <input_file_ref idref="fl-2"/>
      </object_component>
      <object_component id="oc-25b">
         <name>.text</name>
         <load_address>0x21d4</load_address>
         <run_address>0x21d4</run_address>
         <size>0x18</size>
         <input_file_ref idref="fl-d9"/>
      </object_component>
      <object_component id="oc-4ab">
         <name>.text:EUSCI_A_SPI_enable</name>
         <load_address>0x21ec</load_address>
         <run_address>0x21ec</run_address>
         <size>0x16</size>
         <input_file_ref idref="fl-1f"/>
      </object_component>
      <object_component id="oc-4b1">
         <name>.text:EUSCI_B_SPI_enable</name>
         <load_address>0x2202</load_address>
         <run_address>0x2202</run_address>
         <size>0x16</size>
         <input_file_ref idref="fl-1f"/>
      </object_component>
      <object_component id="oc-1aa">
         <name>.text:Graphics_setForegroundColor</name>
         <load_address>0x2218</load_address>
         <run_address>0x2218</run_address>
         <size>0x16</size>
         <input_file_ref idref="fl-16"/>
      </object_component>
      <object_component id="oc-2d3">
         <name>.text:Graphics_translateColorOnDisplay</name>
         <load_address>0x222e</load_address>
         <run_address>0x222e</run_address>
         <size>0x16</size>
         <input_file_ref idref="fl-17"/>
      </object_component>
      <object_component id="oc-10d">
         <name>.text:LaunchpadLeftButton_pressed</name>
         <load_address>0x2244</load_address>
         <run_address>0x2244</run_address>
         <size>0x14</size>
         <input_file_ref idref="fl-3"/>
      </object_component>
      <object_component id="oc-11f">
         <name>.text:LaunchpadRightButton_pressed</name>
         <load_address>0x2258</load_address>
         <run_address>0x2258</run_address>
         <size>0x14</size>
         <input_file_ref idref="fl-3"/>
      </object_component>
      <object_component id="oc-b6">
         <name>.text:Timer32_clearInterruptFlag</name>
         <load_address>0x226c</load_address>
         <run_address>0x226c</run_address>
         <size>0x14</size>
         <input_file_ref idref="fl-20"/>
      </object_component>
      <object_component id="oc-1c2">
         <name>.text:Graphics_clearDisplay</name>
         <load_address>0x2280</load_address>
         <run_address>0x2280</run_address>
         <size>0x12</size>
         <input_file_ref idref="fl-16"/>
      </object_component>
      <object_component id="oc-40">
         <name>.text:decompress:ZI:__TI_zero_init_nomemset:__TI_zero_init_nomemset</name>
         <load_address>0x2292</load_address>
         <run_address>0x2292</run_address>
         <size>0x12</size>
         <input_file_ref idref="fl-da"/>
      </object_component>
      <object_component id="oc-429">
         <name>.text:ADCIsConversionRunning</name>
         <load_address>0x22a4</load_address>
         <run_address>0x22a4</run_address>
         <size>0x10</size>
         <input_file_ref idref="fl-1c"/>
      </object_component>
      <object_component id="oc-1bc">
         <name>.text:InitFonts</name>
         <load_address>0x22b4</load_address>
         <run_address>0x22b4</run_address>
         <size>0xe</size>
         <input_file_ref idref="fl-5"/>
      </object_component>
      <object_component id="oc-254">
         <name>.text:Timer32_getValue</name>
         <load_address>0x22c2</load_address>
         <run_address>0x22c2</run_address>
         <size>0xe</size>
         <input_file_ref idref="fl-20"/>
      </object_component>
      <object_component id="oc-1a">
         <name>.text:decompress:none:__TI_decompress_none</name>
         <load_address>0x22d0</load_address>
         <run_address>0x22d0</run_address>
         <size>0xe</size>
         <input_file_ref idref="fl-db"/>
      </object_component>
      <object_component id="oc-35d">
         <name>.text:ADC14_enableModule</name>
         <load_address>0x22e0</load_address>
         <run_address>0x22e0</run_address>
         <size>0xc</size>
         <input_file_ref idref="fl-1c"/>
      </object_component>
      <object_component id="oc-64">
         <name>.text:Reset_Handler</name>
         <load_address>0x22ec</load_address>
         <run_address>0x22ec</run_address>
         <size>0xc</size>
         <input_file_ref idref="fl-a"/>
      </object_component>
      <object_component id="oc-1e5">
         <name>.text:initialize_BoosterpackLED_blue</name>
         <load_address>0x22f8</load_address>
         <run_address>0x22f8</run_address>
         <size>0xc</size>
         <input_file_ref idref="fl-3"/>
      </object_component>
      <object_component id="oc-1df">
         <name>.text:initialize_BoosterpackLED_green</name>
         <load_address>0x2304</load_address>
         <run_address>0x2304</run_address>
         <size>0xc</size>
         <input_file_ref idref="fl-3"/>
      </object_component>
      <object_component id="oc-1d9">
         <name>.text:initialize_BoosterpackLED_red</name>
         <load_address>0x2310</load_address>
         <run_address>0x2310</run_address>
         <size>0xc</size>
         <input_file_ref idref="fl-3"/>
      </object_component>
      <object_component id="oc-1eb">
         <name>.text:initialize_LaunchpadLED1</name>
         <load_address>0x231c</load_address>
         <run_address>0x231c</run_address>
         <size>0xc</size>
         <input_file_ref idref="fl-3"/>
      </object_component>
      <object_component id="oc-1f7">
         <name>.text:initialize_LaunchpadLED2_blue</name>
         <load_address>0x2328</load_address>
         <run_address>0x2328</run_address>
         <size>0xc</size>
         <input_file_ref idref="fl-3"/>
      </object_component>
      <object_component id="oc-1fd">
         <name>.text:initialize_LaunchpadLED2_green</name>
         <load_address>0x2334</load_address>
         <run_address>0x2334</run_address>
         <size>0xc</size>
         <input_file_ref idref="fl-3"/>
      </object_component>
      <object_component id="oc-1f1">
         <name>.text:initialize_LaunchpadLED2_red</name>
         <load_address>0x2340</load_address>
         <run_address>0x2340</run_address>
         <size>0xc</size>
         <input_file_ref idref="fl-3"/>
      </object_component>
      <object_component id="oc-239">
         <name>.text:startADC</name>
         <load_address>0x234c</load_address>
         <run_address>0x234c</run_address>
         <size>0xc</size>
         <input_file_ref idref="fl-2"/>
      </object_component>
      <object_component id="oc-2a0">
         <name>.text:toggle_BoosterpackLED_blue</name>
         <load_address>0x2358</load_address>
         <run_address>0x2358</run_address>
         <size>0xc</size>
         <input_file_ref idref="fl-3"/>
      </object_component>
      <object_component id="oc-29a">
         <name>.text:toggle_BoosterpackLED_green</name>
         <load_address>0x2364</load_address>
         <run_address>0x2364</run_address>
         <size>0xc</size>
         <input_file_ref idref="fl-3"/>
      </object_component>
      <object_component id="oc-294">
         <name>.text:toggle_BoosterpackLED_red</name>
         <load_address>0x2370</load_address>
         <run_address>0x2370</run_address>
         <size>0xc</size>
         <input_file_ref idref="fl-3"/>
      </object_component>
      <object_component id="oc-20f">
         <name>.text:turnOff_BoosterpackLED_blue</name>
         <load_address>0x237c</load_address>
         <run_address>0x237c</run_address>
         <size>0xc</size>
         <input_file_ref idref="fl-3"/>
      </object_component>
      <object_component id="oc-209">
         <name>.text:turnOff_BoosterpackLED_green</name>
         <load_address>0x2388</load_address>
         <run_address>0x2388</run_address>
         <size>0xc</size>
         <input_file_ref idref="fl-3"/>
      </object_component>
      <object_component id="oc-119">
         <name>.text:turnOff_LaunchpadLED1</name>
         <load_address>0x2394</load_address>
         <run_address>0x2394</run_address>
         <size>0xc</size>
         <input_file_ref idref="fl-3"/>
      </object_component>
      <object_component id="oc-215">
         <name>.text:turnOff_LaunchpadLED2_blue</name>
         <load_address>0x23a0</load_address>
         <run_address>0x23a0</run_address>
         <size>0xc</size>
         <input_file_ref idref="fl-3"/>
      </object_component>
      <object_component id="oc-21b">
         <name>.text:turnOff_LaunchpadLED2_green</name>
         <load_address>0x23ac</load_address>
         <run_address>0x23ac</run_address>
         <size>0xc</size>
         <input_file_ref idref="fl-3"/>
      </object_component>
      <object_component id="oc-12b">
         <name>.text:turnOff_LaunchpadLED2_red</name>
         <load_address>0x23b8</load_address>
         <run_address>0x23b8</run_address>
         <size>0xc</size>
         <input_file_ref idref="fl-3"/>
      </object_component>
      <object_component id="oc-203">
         <name>.text:turnOn_BoosterpackLED_red</name>
         <load_address>0x23c4</load_address>
         <run_address>0x23c4</run_address>
         <size>0xc</size>
         <input_file_ref idref="fl-3"/>
      </object_component>
      <object_component id="oc-113">
         <name>.text:turnOn_LaunchpadLED1</name>
         <load_address>0x23d0</load_address>
         <run_address>0x23d0</run_address>
         <size>0xc</size>
         <input_file_ref idref="fl-3"/>
      </object_component>
      <object_component id="oc-125">
         <name>.text:turnOn_LaunchpadLED2_red</name>
         <load_address>0x23dc</load_address>
         <run_address>0x23dc</run_address>
         <size>0xc</size>
         <input_file_ref idref="fl-3"/>
      </object_component>
      <object_component id="oc-316">
         <name>.text:Crystalfontz128x128_Flush</name>
         <load_address>0x23e8</load_address>
         <run_address>0x23e8</run_address>
         <size>0xa</size>
         <input_file_ref idref="fl-8"/>
      </object_component>
      <object_component id="oc-96">
         <name>.text:_system_pre_init</name>
         <load_address>0x23f2</load_address>
         <run_address>0x23f2</run_address>
         <size>0x4</size>
         <input_file_ref idref="fl-e4"/>
      </object_component>
      <object_component id="oc-14d">
         <name>.text:abort:abort</name>
         <load_address>0x23f6</load_address>
         <run_address>0x23f6</run_address>
         <size>0x4</size>
         <input_file_ref idref="fl-de"/>
      </object_component>
      <object_component id="oc-326">
         <name>.const:.string:g_pucCmtt12Data</name>
         <load_address>0x23fc</load_address>
         <run_address>0x23fc</run_address>
         <size>0x521</size>
         <input_file_ref idref="fl-18"/>
      </object_component>
      <object_component id="oc-1ce">
         <name>.const:g_sFontCmtt12</name>
         <load_address>0x2920</load_address>
         <run_address>0x2920</run_address>
         <size>0xc8</size>
         <input_file_ref idref="fl-18"/>
      </object_component>
      <object_component id="oc-38c">
         <name>.const:_ctlRegs</name>
         <load_address>0x29e8</load_address>
         <run_address>0x29e8</run_address>
         <size>0x80</size>
         <input_file_ref idref="fl-1c"/>
      </object_component>
      <object_component id="oc-37d">
         <name>.const:GPIO_PORT_TO_BASE</name>
         <load_address>0x2a68</load_address>
         <run_address>0x2a68</run_address>
         <size>0x30</size>
         <input_file_ref idref="fl-1d"/>
      </object_component>
      <object_component id="oc-1cb">
         <name>.const:g_sCrystalfontz128x128_funcs</name>
         <load_address>0x2a98</load_address>
         <run_address>0x2a98</run_address>
         <size>0x20</size>
         <input_file_ref idref="fl-8"/>
      </object_component>
      <object_component id="oc-479">
         <name>.const:$P$T0$1</name>
         <load_address>0x2ab8</load_address>
         <run_address>0x2ab8</run_address>
         <size>0x1c</size>
         <input_file_ref idref="fl-9"/>
      </object_component>
      <object_component id="oc-400">
         <name>.const:$P$T0$1</name>
         <load_address>0x2ad4</load_address>
         <run_address>0x2ad4</run_address>
         <size>0x8</size>
         <input_file_ref idref="fl-8"/>
      </object_component>
      <object_component id="oc-488">
         <name>.const:g_pulEnRegs</name>
         <load_address>0x2adc</load_address>
         <run_address>0x2adc</run_address>
         <size>0x8</size>
         <input_file_ref idref="fl-1e"/>
      </object_component>
      <object_component id="oc-4f9">
         <name>.cinit..data.load</name>
         <load_address>0x2ae8</load_address>
         <run_address>0x2ae8</run_address>
         <size>0xd</size>
      </object_component>
      <object_component id="oc-4f7">
         <name>__TI_handler_table</name>
         <load_address>0x2af8</load_address>
         <run_address>0x2af8</run_address>
         <size>0xc</size>
      </object_component>
      <object_component id="oc-4fa">
         <name>.cinit..bss.load</name>
         <load_address>0x2b08</load_address>
         <run_address>0x2b08</run_address>
         <size>0x8</size>
      </object_component>
      <object_component id="oc-4f8">
         <name>__TI_cinit_table</name>
         <load_address>0x2b10</load_address>
         <run_address>0x2b10</run_address>
         <size>0x10</size>
      </object_component>
      <object_component id="oc-4cc">
         <name>.binit</name>
         <load_address>0x0</load_address>
         <run_address>0x0</run_address>
         <size>0x0</size>
      </object_component>
      <object_component id="oc-2a6">
         <name>.data</name>
         <load_address>0x2000004c</load_address>
         <run_address>0x2000004c</run_address>
         <size>0x1</size>
         <input_file_ref idref="fl-6"/>
      </object_component>
      <object_component id="oc-1c8">
         <name>.data:g_sCrystalfontz128x128</name>
         <load_address>0x2000003c</load_address>
         <run_address>0x2000003c</run_address>
         <size>0x10</size>
         <input_file_ref idref="fl-8"/>
      </object_component>
      <object_component id="oc-bc">
         <name>.common:timer0</name>
         <uninitialized>true</uninitialized>
         <run_address>0x20000000</run_address>
         <size>0x18</size>
      </object_component>
      <object_component id="oc-348">
         <name>.common:timer1</name>
         <uninitialized>true</uninitialized>
         <run_address>0x20000018</run_address>
         <size>0x18</size>
      </object_component>
      <object_component id="oc-3f6">
         <name>.common:Lcd_Orientation</name>
         <uninitialized>true</uninitialized>
         <run_address>0x20000038</run_address>
         <size>0x1</size>
      </object_component>
      <object_component id="oc-3ef">
         <name>.common:Lcd_ScreenWidth</name>
         <uninitialized>true</uninitialized>
         <run_address>0x20000032</run_address>
         <size>0x2</size>
      </object_component>
      <object_component id="oc-3f0">
         <name>.common:Lcd_ScreenHeigth</name>
         <uninitialized>true</uninitialized>
         <run_address>0x20000030</run_address>
         <size>0x2</size>
      </object_component>
      <object_component id="oc-3f1">
         <name>.common:Lcd_PenSolid</name>
         <uninitialized>true</uninitialized>
         <run_address>0x20000039</run_address>
         <size>0x1</size>
      </object_component>
      <object_component id="oc-3f2">
         <name>.common:Lcd_FontSolid</name>
         <uninitialized>true</uninitialized>
         <run_address>0x20000037</run_address>
         <size>0x1</size>
      </object_component>
      <object_component id="oc-3f3">
         <name>.common:Lcd_FlagRead</name>
         <uninitialized>true</uninitialized>
         <run_address>0x20000036</run_address>
         <size>0x1</size>
      </object_component>
      <object_component id="oc-3f4">
         <name>.common:Lcd_TouchTrim</name>
         <uninitialized>true</uninitialized>
         <run_address>0x20000034</run_address>
         <size>0x2</size>
      </object_component>
      <object_component id="oc-26">
         <name>.stack</name>
         <uninitialized>true</uninitialized>
         <run_address>0x2000fe00</run_address>
         <size>0x4</size>
         <input_file_ref idref="fl-dd"/>
      </object_component>
      <object_component id="oc-4fb">
         <name>.stack</name>
         <uninitialized>true</uninitialized>
         <run_address>0x2000fe00</run_address>
         <size>0x0</size>
      </object_component>
      <object_component id="oc-1a3">
         <name>.debug_info</name>
         <load_address>0x0</load_address>
         <run_address>0x0</run_address>
         <size>0x893</size>
         <input_file_ref idref="fl-2"/>
      </object_component>
      <object_component id="oc-234">
         <name>.debug_info</name>
         <load_address>0x893</load_address>
         <run_address>0x893</run_address>
         <size>0x144</size>
         <input_file_ref idref="fl-2"/>
      </object_component>
      <object_component id="oc-23a">
         <name>.debug_info</name>
         <load_address>0x9d7</load_address>
         <run_address>0x9d7</run_address>
         <size>0x139</size>
         <input_file_ref idref="fl-2"/>
      </object_component>
      <object_component id="oc-22e">
         <name>.debug_info</name>
         <load_address>0xb10</load_address>
         <run_address>0xb10</run_address>
         <size>0x205</size>
         <input_file_ref idref="fl-2"/>
      </object_component>
      <object_component id="oc-fc">
         <name>.debug_info</name>
         <load_address>0xd15</load_address>
         <run_address>0xd15</run_address>
         <size>0x19d</size>
         <input_file_ref idref="fl-2"/>
      </object_component>
      <object_component id="oc-c2">
         <name>.debug_info</name>
         <load_address>0xeb2</load_address>
         <run_address>0xeb2</run_address>
         <size>0x26b</size>
         <input_file_ref idref="fl-2"/>
      </object_component>
      <object_component id="oc-199">
         <name>.debug_info</name>
         <load_address>0x111d</load_address>
         <run_address>0x111d</run_address>
         <size>0x1055</size>
         <input_file_ref idref="fl-2"/>
      </object_component>
      <object_component id="oc-194">
         <name>.debug_info</name>
         <load_address>0x2172</load_address>
         <run_address>0x2172</run_address>
         <size>0x37e2</size>
         <input_file_ref idref="fl-2"/>
      </object_component>
      <object_component id="oc-138">
         <name>.debug_info</name>
         <load_address>0x5954</load_address>
         <run_address>0x5954</run_address>
         <size>0x8b</size>
         <input_file_ref idref="fl-2"/>
      </object_component>
      <object_component id="oc-19e">
         <name>.debug_info</name>
         <load_address>0x59df</load_address>
         <run_address>0x59df</run_address>
         <size>0x297</size>
         <input_file_ref idref="fl-2"/>
      </object_component>
      <object_component id="oc-248">
         <name>.debug_info</name>
         <load_address>0x5c76</load_address>
         <run_address>0x5c76</run_address>
         <size>0xef</size>
         <input_file_ref idref="fl-2"/>
      </object_component>
      <object_component id="oc-18d">
         <name>.debug_info</name>
         <load_address>0x5d65</load_address>
         <run_address>0x5d65</run_address>
         <size>0xbb</size>
         <input_file_ref idref="fl-2"/>
      </object_component>
      <object_component id="oc-47d">
         <name>.debug_info</name>
         <load_address>0x5e20</load_address>
         <run_address>0x5e20</run_address>
         <size>0x131</size>
         <input_file_ref idref="fl-2"/>
      </object_component>
      <object_component id="oc-247">
         <name>.debug_info</name>
         <load_address>0x5f51</load_address>
         <run_address>0x5f51</run_address>
         <size>0x7ab</size>
         <input_file_ref idref="fl-3"/>
      </object_component>
      <object_component id="oc-1ec">
         <name>.debug_info</name>
         <load_address>0x66fc</load_address>
         <run_address>0x66fc</run_address>
         <size>0x144</size>
         <input_file_ref idref="fl-3"/>
      </object_component>
      <object_component id="oc-1f2">
         <name>.debug_info</name>
         <load_address>0x6840</load_address>
         <run_address>0x6840</run_address>
         <size>0x14c</size>
         <input_file_ref idref="fl-3"/>
      </object_component>
      <object_component id="oc-1fe">
         <name>.debug_info</name>
         <load_address>0x698c</load_address>
         <run_address>0x698c</run_address>
         <size>0x150</size>
         <input_file_ref idref="fl-3"/>
      </object_component>
      <object_component id="oc-1f8">
         <name>.debug_info</name>
         <load_address>0x6adc</load_address>
         <run_address>0x6adc</run_address>
         <size>0x14e</size>
         <input_file_ref idref="fl-3"/>
      </object_component>
      <object_component id="oc-1da">
         <name>.debug_info</name>
         <load_address>0x6c2a</load_address>
         <run_address>0x6c2a</run_address>
         <size>0x14e</size>
         <input_file_ref idref="fl-3"/>
      </object_component>
      <object_component id="oc-1e0">
         <name>.debug_info</name>
         <load_address>0x6d78</load_address>
         <run_address>0x6d78</run_address>
         <size>0x152</size>
         <input_file_ref idref="fl-3"/>
      </object_component>
      <object_component id="oc-1e6">
         <name>.debug_info</name>
         <load_address>0x6eca</load_address>
         <run_address>0x6eca</run_address>
         <size>0x150</size>
         <input_file_ref idref="fl-3"/>
      </object_component>
      <object_component id="oc-114">
         <name>.debug_info</name>
         <load_address>0x701a</load_address>
         <run_address>0x701a</run_address>
         <size>0x140</size>
         <input_file_ref idref="fl-3"/>
      </object_component>
      <object_component id="oc-126">
         <name>.debug_info</name>
         <load_address>0x715a</load_address>
         <run_address>0x715a</run_address>
         <size>0x148</size>
         <input_file_ref idref="fl-3"/>
      </object_component>
      <object_component id="oc-204">
         <name>.debug_info</name>
         <load_address>0x72a2</load_address>
         <run_address>0x72a2</run_address>
         <size>0x14a</size>
         <input_file_ref idref="fl-3"/>
      </object_component>
      <object_component id="oc-11a">
         <name>.debug_info</name>
         <load_address>0x73ec</load_address>
         <run_address>0x73ec</run_address>
         <size>0x141</size>
         <input_file_ref idref="fl-3"/>
      </object_component>
      <object_component id="oc-12c">
         <name>.debug_info</name>
         <load_address>0x752d</load_address>
         <run_address>0x752d</run_address>
         <size>0x149</size>
         <input_file_ref idref="fl-3"/>
      </object_component>
      <object_component id="oc-21c">
         <name>.debug_info</name>
         <load_address>0x7676</load_address>
         <run_address>0x7676</run_address>
         <size>0x14d</size>
         <input_file_ref idref="fl-3"/>
      </object_component>
      <object_component id="oc-216">
         <name>.debug_info</name>
         <load_address>0x77c3</load_address>
         <run_address>0x77c3</run_address>
         <size>0x14b</size>
         <input_file_ref idref="fl-3"/>
      </object_component>
      <object_component id="oc-20a">
         <name>.debug_info</name>
         <load_address>0x790e</load_address>
         <run_address>0x790e</run_address>
         <size>0x14f</size>
         <input_file_ref idref="fl-3"/>
      </object_component>
      <object_component id="oc-210">
         <name>.debug_info</name>
         <load_address>0x7a5d</load_address>
         <run_address>0x7a5d</run_address>
         <size>0x14d</size>
         <input_file_ref idref="fl-3"/>
      </object_component>
      <object_component id="oc-295">
         <name>.debug_info</name>
         <load_address>0x7baa</load_address>
         <run_address>0x7baa</run_address>
         <size>0x149</size>
         <input_file_ref idref="fl-3"/>
      </object_component>
      <object_component id="oc-29b">
         <name>.debug_info</name>
         <load_address>0x7cf3</load_address>
         <run_address>0x7cf3</run_address>
         <size>0x14d</size>
         <input_file_ref idref="fl-3"/>
      </object_component>
      <object_component id="oc-2a1">
         <name>.debug_info</name>
         <load_address>0x7e40</load_address>
         <run_address>0x7e40</run_address>
         <size>0x14b</size>
         <input_file_ref idref="fl-3"/>
      </object_component>
      <object_component id="oc-10e">
         <name>.debug_info</name>
         <load_address>0x7f8b</load_address>
         <run_address>0x7f8b</run_address>
         <size>0x150</size>
         <input_file_ref idref="fl-3"/>
      </object_component>
      <object_component id="oc-120">
         <name>.debug_info</name>
         <load_address>0x80db</load_address>
         <run_address>0x80db</run_address>
         <size>0x152</size>
         <input_file_ref idref="fl-3"/>
      </object_component>
      <object_component id="oc-276">
         <name>.debug_info</name>
         <load_address>0x822d</load_address>
         <run_address>0x822d</run_address>
         <size>0x228</size>
         <input_file_ref idref="fl-3"/>
      </object_component>
      <object_component id="oc-108">
         <name>.debug_info</name>
         <load_address>0x8455</load_address>
         <run_address>0x8455</run_address>
         <size>0x1a7</size>
         <input_file_ref idref="fl-3"/>
      </object_component>
      <object_component id="oc-e4">
         <name>.debug_info</name>
         <load_address>0x85fc</load_address>
         <run_address>0x85fc</run_address>
         <size>0x201</size>
         <input_file_ref idref="fl-3"/>
      </object_component>
      <object_component id="oc-142">
         <name>.debug_info</name>
         <load_address>0x87fd</load_address>
         <run_address>0x87fd</run_address>
         <size>0xfe</size>
         <input_file_ref idref="fl-3"/>
      </object_component>
      <object_component id="oc-147">
         <name>.debug_info</name>
         <load_address>0x88fb</load_address>
         <run_address>0x88fb</run_address>
         <size>0x115</size>
         <input_file_ref idref="fl-3"/>
      </object_component>
      <object_component id="oc-bd">
         <name>.debug_info</name>
         <load_address>0x8a10</load_address>
         <run_address>0x8a10</run_address>
         <size>0x6ed</size>
         <input_file_ref idref="fl-4"/>
      </object_component>
      <object_component id="oc-71">
         <name>.debug_info</name>
         <load_address>0x90fd</load_address>
         <run_address>0x90fd</run_address>
         <size>0x13b</size>
         <input_file_ref idref="fl-4"/>
      </object_component>
      <object_component id="oc-342">
         <name>.debug_info</name>
         <load_address>0x9238</load_address>
         <run_address>0x9238</run_address>
         <size>0x1b1</size>
         <input_file_ref idref="fl-4"/>
      </object_component>
      <object_component id="oc-222">
         <name>.debug_info</name>
         <load_address>0x93e9</load_address>
         <run_address>0x93e9</run_address>
         <size>0x11f</size>
         <input_file_ref idref="fl-4"/>
      </object_component>
      <object_component id="oc-228">
         <name>.debug_info</name>
         <load_address>0x9508</load_address>
         <run_address>0x9508</run_address>
         <size>0x11f</size>
         <input_file_ref idref="fl-4"/>
      </object_component>
      <object_component id="oc-24e">
         <name>.debug_info</name>
         <load_address>0x9627</load_address>
         <run_address>0x9627</run_address>
         <size>0x1a0</size>
         <input_file_ref idref="fl-4"/>
      </object_component>
      <object_component id="oc-ea">
         <name>.debug_info</name>
         <load_address>0x97c7</load_address>
         <run_address>0x97c7</run_address>
         <size>0x1c6</size>
         <input_file_ref idref="fl-4"/>
      </object_component>
      <object_component id="oc-f0">
         <name>.debug_info</name>
         <load_address>0x998d</load_address>
         <run_address>0x998d</run_address>
         <size>0x158</size>
         <input_file_ref idref="fl-4"/>
      </object_component>
      <object_component id="oc-f6">
         <name>.debug_info</name>
         <load_address>0x9ae5</load_address>
         <run_address>0x9ae5</run_address>
         <size>0x261</size>
         <input_file_ref idref="fl-4"/>
      </object_component>
      <object_component id="oc-1d2">
         <name>.debug_info</name>
         <load_address>0x9d46</load_address>
         <run_address>0x9d46</run_address>
         <size>0xb79</size>
         <input_file_ref idref="fl-5"/>
      </object_component>
      <object_component id="oc-269">
         <name>.debug_info</name>
         <load_address>0xa8bf</load_address>
         <run_address>0xa8bf</run_address>
         <size>0x16b</size>
         <input_file_ref idref="fl-5"/>
      </object_component>
      <object_component id="oc-1bd">
         <name>.debug_info</name>
         <load_address>0xaa2a</load_address>
         <run_address>0xaa2a</run_address>
         <size>0x152</size>
         <input_file_ref idref="fl-5"/>
      </object_component>
      <object_component id="oc-d8">
         <name>.debug_info</name>
         <load_address>0xab7c</load_address>
         <run_address>0xab7c</run_address>
         <size>0x1f7</size>
         <input_file_ref idref="fl-5"/>
      </object_component>
      <object_component id="oc-102">
         <name>.debug_info</name>
         <load_address>0xad73</load_address>
         <run_address>0xad73</run_address>
         <size>0x26e</size>
         <input_file_ref idref="fl-5"/>
      </object_component>
      <object_component id="oc-13d">
         <name>.debug_info</name>
         <load_address>0xafe1</load_address>
         <run_address>0xafe1</run_address>
         <size>0x439</size>
         <input_file_ref idref="fl-5"/>
      </object_component>
      <object_component id="oc-14c">
         <name>.debug_info</name>
         <load_address>0xb41a</load_address>
         <run_address>0xb41a</run_address>
         <size>0xe3e</size>
         <input_file_ref idref="fl-6"/>
      </object_component>
      <object_component id="oc-9d">
         <name>.debug_info</name>
         <load_address>0xc258</load_address>
         <run_address>0xc258</run_address>
         <size>0x3f4</size>
         <input_file_ref idref="fl-6"/>
      </object_component>
      <object_component id="oc-de">
         <name>.debug_info</name>
         <load_address>0xc64c</load_address>
         <run_address>0xc64c</run_address>
         <size>0x363</size>
         <input_file_ref idref="fl-6"/>
      </object_component>
      <object_component id="oc-132">
         <name>.debug_info</name>
         <load_address>0xc9af</load_address>
         <run_address>0xc9af</run_address>
         <size>0x2be</size>
         <input_file_ref idref="fl-6"/>
      </object_component>
      <object_component id="oc-2a8">
         <name>.debug_info</name>
         <load_address>0xcc6d</load_address>
         <run_address>0xcc6d</run_address>
         <size>0x51</size>
         <input_file_ref idref="fl-6"/>
      </object_component>
      <object_component id="oc-b0">
         <name>.debug_info</name>
         <load_address>0xccbe</load_address>
         <run_address>0xccbe</run_address>
         <size>0x120</size>
         <input_file_ref idref="fl-7"/>
      </object_component>
      <object_component id="oc-2f">
         <name>.debug_info</name>
         <load_address>0xcdde</load_address>
         <run_address>0xcdde</run_address>
         <size>0x84</size>
         <input_file_ref idref="fl-7"/>
      </object_component>
      <object_component id="oc-324">
         <name>.debug_info</name>
         <load_address>0xce62</load_address>
         <run_address>0xce62</run_address>
         <size>0x91e</size>
         <input_file_ref idref="fl-8"/>
      </object_component>
      <object_component id="oc-1c9">
         <name>.debug_info</name>
         <load_address>0xd780</load_address>
         <run_address>0xd780</run_address>
         <size>0x102</size>
         <input_file_ref idref="fl-8"/>
      </object_component>
      <object_component id="oc-1cc">
         <name>.debug_info</name>
         <load_address>0xd882</load_address>
         <run_address>0xd882</run_address>
         <size>0x10e</size>
         <input_file_ref idref="fl-8"/>
      </object_component>
      <object_component id="oc-401">
         <name>.debug_info</name>
         <load_address>0xd990</load_address>
         <run_address>0xd990</run_address>
         <size>0xe3</size>
         <input_file_ref idref="fl-8"/>
      </object_component>
      <object_component id="oc-2dd">
         <name>.debug_info</name>
         <load_address>0xda73</load_address>
         <run_address>0xda73</run_address>
         <size>0x3d5</size>
         <input_file_ref idref="fl-8"/>
      </object_component>
      <object_component id="oc-3ea">
         <name>.debug_info</name>
         <load_address>0xde48</load_address>
         <run_address>0xde48</run_address>
         <size>0x2e1</size>
         <input_file_ref idref="fl-8"/>
      </object_component>
      <object_component id="oc-2e3">
         <name>.debug_info</name>
         <load_address>0xe129</load_address>
         <run_address>0xe129</run_address>
         <size>0x23d</size>
         <input_file_ref idref="fl-8"/>
      </object_component>
      <object_component id="oc-2f3">
         <name>.debug_info</name>
         <load_address>0xe366</load_address>
         <run_address>0xe366</run_address>
         <size>0x282</size>
         <input_file_ref idref="fl-8"/>
      </object_component>
      <object_component id="oc-2f9">
         <name>.debug_info</name>
         <load_address>0xe5e8</load_address>
         <run_address>0xe5e8</run_address>
         <size>0x3e5</size>
         <input_file_ref idref="fl-8"/>
      </object_component>
      <object_component id="oc-2ff">
         <name>.debug_info</name>
         <load_address>0xe9cd</load_address>
         <run_address>0xe9cd</run_address>
         <size>0x29d</size>
         <input_file_ref idref="fl-8"/>
      </object_component>
      <object_component id="oc-305">
         <name>.debug_info</name>
         <load_address>0xec6a</load_address>
         <run_address>0xec6a</run_address>
         <size>0x29d</size>
         <input_file_ref idref="fl-8"/>
      </object_component>
      <object_component id="oc-30b">
         <name>.debug_info</name>
         <load_address>0xef07</load_address>
         <run_address>0xef07</run_address>
         <size>0x2ce</size>
         <input_file_ref idref="fl-8"/>
      </object_component>
      <object_component id="oc-311">
         <name>.debug_info</name>
         <load_address>0xf1d5</load_address>
         <run_address>0xf1d5</run_address>
         <size>0x1eb</size>
         <input_file_ref idref="fl-8"/>
      </object_component>
      <object_component id="oc-317">
         <name>.debug_info</name>
         <load_address>0xf3c0</load_address>
         <run_address>0xf3c0</run_address>
         <size>0x1a6</size>
         <input_file_ref idref="fl-8"/>
      </object_component>
      <object_component id="oc-31d">
         <name>.debug_info</name>
         <load_address>0xf566</load_address>
         <run_address>0xf566</run_address>
         <size>0x216</size>
         <input_file_ref idref="fl-8"/>
      </object_component>
      <object_component id="oc-406">
         <name>.debug_info</name>
         <load_address>0xf77c</load_address>
         <run_address>0xf77c</run_address>
         <size>0x37e2</size>
         <input_file_ref idref="fl-8"/>
      </object_component>
      <object_component id="oc-4ba">
         <name>.debug_info</name>
         <load_address>0x12f5e</load_address>
         <run_address>0x12f5e</run_address>
         <size>0x864</size>
         <input_file_ref idref="fl-9"/>
      </object_component>
      <object_component id="oc-47a">
         <name>.debug_info</name>
         <load_address>0x137c2</load_address>
         <run_address>0x137c2</run_address>
         <size>0xf6</size>
         <input_file_ref idref="fl-9"/>
      </object_component>
      <object_component id="oc-3d2">
         <name>.debug_info</name>
         <load_address>0x138b8</load_address>
         <run_address>0x138b8</run_address>
         <size>0x24d</size>
         <input_file_ref idref="fl-9"/>
      </object_component>
      <object_component id="oc-3d8">
         <name>.debug_info</name>
         <load_address>0x13b05</load_address>
         <run_address>0x13b05</run_address>
         <size>0x216</size>
         <input_file_ref idref="fl-9"/>
      </object_component>
      <object_component id="oc-3de">
         <name>.debug_info</name>
         <load_address>0x13d1b</load_address>
         <run_address>0x13d1b</run_address>
         <size>0x20d</size>
         <input_file_ref idref="fl-9"/>
      </object_component>
      <object_component id="oc-3e4">
         <name>.debug_info</name>
         <load_address>0x13f28</load_address>
         <run_address>0x13f28</run_address>
         <size>0x1c0</size>
         <input_file_ref idref="fl-9"/>
      </object_component>
      <object_component id="oc-78">
         <name>.debug_info</name>
         <load_address>0x140e8</load_address>
         <run_address>0x140e8</run_address>
         <size>0x2c0</size>
         <input_file_ref idref="fl-a"/>
      </object_component>
      <object_component id="oc-24">
         <name>.debug_info</name>
         <load_address>0x143a8</load_address>
         <run_address>0x143a8</run_address>
         <size>0xec</size>
         <input_file_ref idref="fl-a"/>
      </object_component>
      <object_component id="oc-65">
         <name>.debug_info</name>
         <load_address>0x14494</load_address>
         <run_address>0x14494</run_address>
         <size>0x14f</size>
         <input_file_ref idref="fl-a"/>
      </object_component>
      <object_component id="oc-6b">
         <name>.debug_info</name>
         <load_address>0x145e3</load_address>
         <run_address>0x145e3</run_address>
         <size>0x137</size>
         <input_file_ref idref="fl-a"/>
      </object_component>
      <object_component id="oc-2d2">
         <name>.debug_info</name>
         <load_address>0x1471a</load_address>
         <run_address>0x1471a</run_address>
         <size>0x55d</size>
         <input_file_ref idref="fl-16"/>
      </object_component>
      <object_component id="oc-1a5">
         <name>.debug_info</name>
         <load_address>0x14c77</load_address>
         <run_address>0x14c77</run_address>
         <size>0x1eb</size>
         <input_file_ref idref="fl-16"/>
      </object_component>
      <object_component id="oc-1b1">
         <name>.debug_info</name>
         <load_address>0x14e62</load_address>
         <run_address>0x14e62</run_address>
         <size>0x1ff</size>
         <input_file_ref idref="fl-16"/>
      </object_component>
      <object_component id="oc-1b7">
         <name>.debug_info</name>
         <load_address>0x15061</load_address>
         <run_address>0x15061</run_address>
         <size>0x1cc</size>
         <input_file_ref idref="fl-16"/>
      </object_component>
      <object_component id="oc-1ab">
         <name>.debug_info</name>
         <load_address>0x1522d</load_address>
         <run_address>0x1522d</run_address>
         <size>0x1f2</size>
         <input_file_ref idref="fl-16"/>
      </object_component>
      <object_component id="oc-1c3">
         <name>.debug_info</name>
         <load_address>0x1541f</load_address>
         <run_address>0x1541f</run_address>
         <size>0x1bf</size>
         <input_file_ref idref="fl-16"/>
      </object_component>
      <object_component id="oc-3d0">
         <name>.debug_info</name>
         <load_address>0x155de</load_address>
         <run_address>0x155de</run_address>
         <size>0x3f7</size>
         <input_file_ref idref="fl-17"/>
      </object_component>
      <object_component id="oc-44d">
         <name>.debug_info</name>
         <load_address>0x159d5</load_address>
         <run_address>0x159d5</run_address>
         <size>0x1ff</size>
         <input_file_ref idref="fl-17"/>
      </object_component>
      <object_component id="oc-49b">
         <name>.debug_info</name>
         <load_address>0x15bd4</load_address>
         <run_address>0x15bd4</run_address>
         <size>0x21d</size>
         <input_file_ref idref="fl-17"/>
      </object_component>
      <object_component id="oc-2d6">
         <name>.debug_info</name>
         <load_address>0x15df1</load_address>
         <run_address>0x15df1</run_address>
         <size>0x1df</size>
         <input_file_ref idref="fl-17"/>
      </object_component>
      <object_component id="oc-2ec">
         <name>.debug_info</name>
         <load_address>0x15fd0</load_address>
         <run_address>0x15fd0</run_address>
         <size>0x1d7</size>
         <input_file_ref idref="fl-17"/>
      </object_component>
      <object_component id="oc-32b">
         <name>.debug_info</name>
         <load_address>0x161a7</load_address>
         <run_address>0x161a7</run_address>
         <size>0x276</size>
         <input_file_ref idref="fl-18"/>
      </object_component>
      <object_component id="oc-327">
         <name>.debug_info</name>
         <load_address>0x1641d</load_address>
         <run_address>0x1641d</run_address>
         <size>0x128</size>
         <input_file_ref idref="fl-18"/>
      </object_component>
      <object_component id="oc-1cf">
         <name>.debug_info</name>
         <load_address>0x16545</load_address>
         <run_address>0x16545</run_address>
         <size>0x125</size>
         <input_file_ref idref="fl-18"/>
      </object_component>
      <object_component id="oc-4a0">
         <name>.debug_info</name>
         <load_address>0x1666a</load_address>
         <run_address>0x1666a</run_address>
         <size>0x537</size>
         <input_file_ref idref="fl-19"/>
      </object_component>
      <object_component id="oc-446">
         <name>.debug_info</name>
         <load_address>0x16ba1</load_address>
         <run_address>0x16ba1</run_address>
         <size>0x212</size>
         <input_file_ref idref="fl-19"/>
      </object_component>
      <object_component id="oc-39e">
         <name>.debug_info</name>
         <load_address>0x16db3</load_address>
         <run_address>0x16db3</run_address>
         <size>0x4b6</size>
         <input_file_ref idref="fl-1b"/>
      </object_component>
      <object_component id="oc-440">
         <name>.debug_info</name>
         <load_address>0x17269</load_address>
         <run_address>0x17269</run_address>
         <size>0x1c1</size>
         <input_file_ref idref="fl-1b"/>
      </object_component>
      <object_component id="oc-392">
         <name>.debug_info</name>
         <load_address>0x1742a</load_address>
         <run_address>0x1742a</run_address>
         <size>0x28a</size>
         <input_file_ref idref="fl-1b"/>
      </object_component>
      <object_component id="oc-398">
         <name>.debug_info</name>
         <load_address>0x176b4</load_address>
         <run_address>0x176b4</run_address>
         <size>0x426</size>
         <input_file_ref idref="fl-1b"/>
      </object_component>
      <object_component id="oc-26f">
         <name>.debug_info</name>
         <load_address>0x17ada</load_address>
         <run_address>0x17ada</run_address>
         <size>0x26a</size>
         <input_file_ref idref="fl-1b"/>
      </object_component>
      <object_component id="oc-432">
         <name>.debug_info</name>
         <load_address>0x17d44</load_address>
         <run_address>0x17d44</run_address>
         <size>0x702</size>
         <input_file_ref idref="fl-1c"/>
      </object_component>
      <object_component id="oc-38d">
         <name>.debug_info</name>
         <load_address>0x18446</load_address>
         <run_address>0x18446</run_address>
         <size>0x120</size>
         <input_file_ref idref="fl-1c"/>
      </object_component>
      <object_component id="oc-389">
         <name>.debug_info</name>
         <load_address>0x18566</load_address>
         <run_address>0x18566</run_address>
         <size>0x1d5</size>
         <input_file_ref idref="fl-1c"/>
      </object_component>
      <object_component id="oc-42c">
         <name>.debug_info</name>
         <load_address>0x1873b</load_address>
         <run_address>0x1873b</run_address>
         <size>0x1b4</size>
         <input_file_ref idref="fl-1c"/>
      </object_component>
      <object_component id="oc-360">
         <name>.debug_info</name>
         <load_address>0x188ef</load_address>
         <run_address>0x188ef</run_address>
         <size>0x1a9</size>
         <input_file_ref idref="fl-1c"/>
      </object_component>
      <object_component id="oc-36c">
         <name>.debug_info</name>
         <load_address>0x18a98</load_address>
         <run_address>0x18a98</run_address>
         <size>0x22f</size>
         <input_file_ref idref="fl-1c"/>
      </object_component>
      <object_component id="oc-366">
         <name>.debug_info</name>
         <load_address>0x18cc7</load_address>
         <run_address>0x18cc7</run_address>
         <size>0x2f6</size>
         <input_file_ref idref="fl-1c"/>
      </object_component>
      <object_component id="oc-34d">
         <name>.debug_info</name>
         <load_address>0x18fbd</load_address>
         <run_address>0x18fbd</run_address>
         <size>0x2e4</size>
         <input_file_ref idref="fl-1c"/>
      </object_component>
      <object_component id="oc-373">
         <name>.debug_info</name>
         <load_address>0x192a1</load_address>
         <run_address>0x192a1</run_address>
         <size>0x1d5</size>
         <input_file_ref idref="fl-1c"/>
      </object_component>
      <object_component id="oc-379">
         <name>.debug_info</name>
         <load_address>0x19476</load_address>
         <run_address>0x19476</run_address>
         <size>0x1c6</size>
         <input_file_ref idref="fl-1c"/>
      </object_component>
      <object_component id="oc-359">
         <name>.debug_info</name>
         <load_address>0x1963c</load_address>
         <run_address>0x1963c</run_address>
         <size>0x357</size>
         <input_file_ref idref="fl-1c"/>
      </object_component>
      <object_component id="oc-265">
         <name>.debug_info</name>
         <load_address>0x19993</load_address>
         <run_address>0x19993</run_address>
         <size>0x20b</size>
         <input_file_ref idref="fl-1c"/>
      </object_component>
      <object_component id="oc-491">
         <name>.debug_info</name>
         <load_address>0x19b9e</load_address>
         <run_address>0x19b9e</run_address>
         <size>0x431a</size>
         <input_file_ref idref="fl-1c"/>
      </object_component>
      <object_component id="oc-43a">
         <name>.debug_info</name>
         <load_address>0x1deb8</load_address>
         <run_address>0x1deb8</run_address>
         <size>0x6fd</size>
         <input_file_ref idref="fl-1d"/>
      </object_component>
      <object_component id="oc-37e">
         <name>.debug_info</name>
         <load_address>0x1e5b5</load_address>
         <run_address>0x1e5b5</run_address>
         <size>0x131</size>
         <input_file_ref idref="fl-1d"/>
      </object_component>
      <object_component id="oc-333">
         <name>.debug_info</name>
         <load_address>0x1e6e6</load_address>
         <run_address>0x1e6e6</run_address>
         <size>0x24e</size>
         <input_file_ref idref="fl-1d"/>
      </object_component>
      <object_component id="oc-46a">
         <name>.debug_info</name>
         <load_address>0x1e934</load_address>
         <run_address>0x1e934</run_address>
         <size>0x2a1</size>
         <input_file_ref idref="fl-1d"/>
      </object_component>
      <object_component id="oc-354">
         <name>.debug_info</name>
         <load_address>0x1ebd5</load_address>
         <run_address>0x1ebd5</run_address>
         <size>0x29f</size>
         <input_file_ref idref="fl-1d"/>
      </object_component>
      <object_component id="oc-287">
         <name>.debug_info</name>
         <load_address>0x1ee74</load_address>
         <run_address>0x1ee74</run_address>
         <size>0x256</size>
         <input_file_ref idref="fl-1d"/>
      </object_component>
      <object_component id="oc-28e">
         <name>.debug_info</name>
         <load_address>0x1f0ca</load_address>
         <run_address>0x1f0ca</run_address>
         <size>0x254</size>
         <input_file_ref idref="fl-1d"/>
      </object_component>
      <object_component id="oc-3a7">
         <name>.debug_info</name>
         <load_address>0x1f31e</load_address>
         <run_address>0x1f31e</run_address>
         <size>0x254</size>
         <input_file_ref idref="fl-1d"/>
      </object_component>
      <object_component id="oc-244">
         <name>.debug_info</name>
         <load_address>0x1f572</load_address>
         <run_address>0x1f572</run_address>
         <size>0x270</size>
         <input_file_ref idref="fl-1d"/>
      </object_component>
[...]
      </symbol>
      <symbol id="sm-1d4">
         <name>startHWTimer</name>
         <value>0x18b9</value>
         <object_component_ref idref="oc-341"/>
      </symbol>
      <symbol id="sm-1d5">
         <name>T32_INT1_IRQHandler</name>
         <value>0x2151</value>
         <object_component_ref idref="oc-70"/>
      </symbol>
      <symbol id="sm-1d6">
         <name>OneShotSWTimerExpired</name>
         <value>0xfcd</value>
         <object_component_ref idref="oc-f5"/>
      </symbol>
      <symbol id="sm-1d7">
         <name>initHWTimer1</name>
         <value>0x173d</value>
         <object_component_ref idref="oc-227"/>
      </symbol>
      <symbol id="sm-1d8">
         <name>initHWTimer0</name>
         <value>0x16d9</value>
         <object_component_ref idref="oc-221"/>
      </symbol>
      <symbol id="sm-207">
         <name>drawAccelData</name>
         <value>0x1671</value>
         <object_component_ref idref="oc-101"/>
      </symbol>
      <symbol id="sm-208">
         <name>InitFonts</name>
         <value>0x22b5</value>
         <object_component_ref idref="oc-1bc"/>
      </symbol>
      <symbol id="sm-209">
         <name>make_5digit_NumString</name>
         <value>0x149d</value>
         <object_component_ref idref="oc-268"/>
      </symbol>
      <symbol id="sm-20a">
         <name>InitGraphics</name>
         <value>0x1b85</value>
         <object_component_ref idref="oc-d7"/>
      </symbol>
      <symbol id="sm-245">
         <name>initialize</name>
         <value>0x19b9</value>
         <object_component_ref idref="oc-dd"/>
      </symbol>
      <symbol id="sm-246">
         <name>main</name>
         <value>0x1119</value>
         <object_component_ref idref="oc-9c"/>
      </symbol>
      <symbol id="sm-247">
         <name>ModifyLEDColor</name>
         <value>0xbf9</value>
         <object_component_ref idref="oc-131"/>
      </symbol>
      <symbol id="sm-264">
         <name>SystemInit</name>
         <value>0xdb9</value>
         <object_component_ref idref="oc-ae"/>
      </symbol>
      <symbol id="sm-318">
         <name>Lcd_Orientation</name>
         <value>0x20000038</value>
      </symbol>
      <symbol id="sm-319">
         <name>Lcd_ScreenWidth</name>
         <value>0x20000032</value>
      </symbol>
      <symbol id="sm-31a">
         <name>Lcd_ScreenHeigth</name>
         <value>0x20000030</value>
      </symbol>
      <symbol id="sm-31b">
         <name>Lcd_PenSolid</name>
         <value>0x20000039</value>
      </symbol>
      <symbol id="sm-31c">
         <name>Lcd_FontSolid</name>
         <value>0x20000037</value>
      </symbol>
      <symbol id="sm-31d">
         <name>Lcd_FlagRead</name>
         <value>0x20000036</value>
      </symbol>
      <symbol id="sm-31e">
         <name>Lcd_TouchTrim</name>
         <value>0x20000034</value>
      </symbol>
      <symbol id="sm-31f">
         <name>Crystalfontz128x128_SetDrawFrame</name>
         <value>0x89d</value>
         <object_component_ref idref="oc-3e9"/>
      </symbol>
      <symbol id="sm-320">
         <name>Crystalfontz128x128_SetOrientation</name>
         <value>0x1965</value>
         <object_component_ref idref="oc-2e2"/>
      </symbol>
      <symbol id="sm-321">
         <name>g_sCrystalfontz128x128_funcs</name>
         <value>0x2a98</value>
         <object_component_ref idref="oc-1cb"/>
      </symbol>
      <symbol id="sm-322">
         <name>g_sCrystalfontz128x128</name>
         <value>0x2000003c</value>
         <object_component_ref idref="oc-1c8"/>
      </symbol>
      <symbol id="sm-323">
         <name>Crystalfontz128x128_Init</name>
         <value>0x9d1</value>
         <object_component_ref idref="oc-2dc"/>
      </symbol>
      <symbol id="sm-35c">
         <name>HAL_LCD_writeData</name>
         <value>0x1f79</value>
         <object_component_ref idref="oc-3e3"/>
      </symbol>
      <symbol id="sm-35d">
         <name>HAL_LCD_SpiInit</name>
         <value>0x1ccd</value>
         <object_component_ref idref="oc-3d7"/>
      </symbol>
      <symbol id="sm-35e">
         <name>HAL_LCD_PortInit</name>
         <value>0x1ec5</value>
         <object_component_ref idref="oc-3d1"/>
      </symbol>
      <symbol id="sm-35f">
         <name>HAL_LCD_writeCommand</name>
         <value>0x1d4d</value>
         <object_component_ref idref="oc-3dd"/>
      </symbol>
      <symbol id="sm-37b">
         <name>Reset_Handler</name>
         <value>0x22ed</value>
         <object_component_ref idref="oc-64"/>
      </symbol>
      <symbol id="sm-37c">
         <name>Default_Handler</name>
         <value>0x73b</value>
         <object_component_ref idref="oc-6a"/>
      </symbol>
      <symbol id="sm-37d">
         <name>interruptVectors</name>
         <value>0x0</value>
         <object_component_ref idref="oc-23"/>
      </symbol>
      <symbol id="sm-3ac">
         <name>Graphics_setBackgroundColor</name>
         <value>0x2187</value>
         <object_component_ref idref="oc-1b0"/>
      </symbol>
      <symbol id="sm-3ad">
         <name>Graphics_setFont</name>
         <value>0x21a1</value>
         <object_component_ref idref="oc-1b6"/>
      </symbol>
      <symbol id="sm-3ae">
         <name>Graphics_initContext</name>
         <value>0x1a0d</value>
         <object_component_ref idref="oc-1a4"/>
      </symbol>
      <symbol id="sm-3af">
         <name>Graphics_setForegroundColor</name>
         <value>0x2219</value>
         <object_component_ref idref="oc-1aa"/>
      </symbol>
      <symbol id="sm-3b0">
         <name>Graphics_clearDisplay</name>
         <value>0x2281</value>
         <object_component_ref idref="oc-1c2"/>
      </symbol>
      <symbol id="sm-3d5">
         <name>Graphics_clearDisplayOnDisplay</name>
         <value>0x216d</value>
         <object_component_ref idref="oc-2e9"/>
      </symbol>
      <symbol id="sm-3d6">
         <name>Graphics_drawPixelOnDisplay</name>
         <value>0x1f4d</value>
         <object_component_ref idref="oc-44b"/>
      </symbol>
      <symbol id="sm-3d7">
         <name>Graphics_translateColorOnDisplay</name>
         <value>0x222f</value>
         <object_component_ref idref="oc-2d3"/>
      </symbol>
      <symbol id="sm-3d8">
         <name>Graphics_drawHorizontalLineOnDisplay</name>
         <value>0x1df5</value>
         <object_component_ref idref="oc-499"/>
      </symbol>
      <symbol id="sm-3ea">
         <name>g_sFontCmtt12</name>
         <value>0x2920</value>
         <object_component_ref idref="oc-1ce"/>
      </symbol>
      <symbol id="sm-3fd">
         <name>Graphics_drawLineH</name>
         <value>0x1255</value>
         <object_component_ref idref="oc-445"/>
      </symbol>
      <symbol id="sm-456">
         <name>Graphics_drawStringCentered</name>
         <value>0x1aab</value>
         <object_component_ref idref="oc-26e"/>
      </symbol>
      <symbol id="sm-457">
         <name>Graphics_drawString</name>
         <value>0xe5</value>
         <object_component_ref idref="oc-397"/>
      </symbol>
      <symbol id="sm-458">
         <name>Graphics_getStringWidth</name>
         <value>0xafd</value>
         <object_component_ref idref="oc-391"/>
      </symbol>
      <symbol id="sm-519">
         <name>ADC14_enableSampleTimer</name>
         <value>0x1e2d</value>
         <object_component_ref idref="oc-369"/>
      </symbol>
      <symbol id="sm-51a">
         <name>ADC14_enableConversion</name>
         <value>0x1fa5</value>
         <object_component_ref idref="oc-370"/>
      </symbol>
      <symbol id="sm-51b">
         <name>ADC14_toggleConversionTrigger</name>
         <value>0x1ef5</value>
         <object_component_ref idref="oc-376"/>
      </symbol>
      <symbol id="sm-51c">
         <name>ADC14_initModule</name>
         <value>0x1911</value>
         <object_component_ref idref="oc-363"/>
      </symbol>
      <symbol id="sm-51d">
         <name>ADC14_configureMultiSequenceMode</name>
         <value>0xf25</value>
         <object_component_ref idref="oc-34a"/>
      </symbol>
      <symbol id="sm-51e">
         <name>ADC14_configureConversionMemory</name>
         <value>0x1075</value>
         <object_component_ref idref="oc-356"/>
      </symbol>
      <symbol id="sm-51f">
         <name>ADC14_enableModule</name>
         <value>0x22e1</value>
         <object_component_ref idref="oc-35d"/>
      </symbol>
      <symbol id="sm-520">
         <name>ADC14_getResult</name>
         <value>0x2119</value>
         <object_component_ref idref="oc-261"/>
      </symbol>
      <symbol id="sm-588">
         <name>GPIO_setOutputHighOnPin</name>
         <value>0x1ff5</value>
         <object_component_ref idref="oc-283"/>
      </symbol>
      <symbol id="sm-589">
         <name>GPIO_setAsInputPinWithPullUpResistor</name>
         <value>0x1861</value>
         <object_component_ref idref="oc-240"/>
      </symbol>
      <symbol id="sm-58a">
         <name>GPIO_setAsOutputPin</name>
         <value>0x1c4d</value>
         <object_component_ref idref="oc-32f"/>
      </symbol>
      <symbol id="sm-58b">
         <name>GPIO_setOutputLowOnPin</name>
         <value>0x201d</value>
         <object_component_ref idref="oc-28a"/>
      </symbol>
      <symbol id="sm-58c">
         <name>GPIO_toggleOutputOnPin</name>
         <value>0x2045</value>
         <object_component_ref idref="oc-3a3"/>
      </symbol>
      <symbol id="sm-58d">
         <name>GPIO_setAsPeripheralModuleFunctionOutputPin</name>
         <value>0x1415</value>
         <object_component_ref idref="oc-466"/>
      </symbol>
      <symbol id="sm-58e">
         <name>GPIO_getInputPinValue</name>
         <value>0x1e95</value>
         <object_component_ref idref="oc-27c"/>
      </symbol>
      <symbol id="sm-58f">
         <name>GPIO_setAsPeripheralModuleFunctionInputPin</name>
         <value>0x138d</value>
         <object_component_ref idref="oc-350"/>
      </symbol>
      <symbol id="sm-5ac">
         <name>Interrupt_enableInterrupt</name>
         <value>0x1521</value>
         <object_component_ref idref="oc-416"/>
      </symbol>
      <symbol id="sm-5e6">
         <name>EUSCI_B_SPI_enable</name>
         <value>0x2203</value>
         <object_component_ref idref="oc-4b1"/>
      </symbol>
      <symbol id="sm-5e7">
         <name>SPI_enableModule</name>
         <value>0x2135</value>
         <object_component_ref idref="oc-473"/>
      </symbol>
      <symbol id="sm-5e8">
         <name>EUSCI_A_SPI_enable</name>
         <value>0x21ed</value>
         <object_component_ref idref="oc-4ab"/>
      </symbol>
      <symbol id="sm-5e9">
         <name>SPI_initMaster</name>
         <value>0xe75</value>
         <object_component_ref idref="oc-46d"/>
      </symbol>
      <symbol id="sm-622">
         <name>Timer32_startTimer</name>
         <value>0x1d85</value>
         <object_component_ref idref="oc-422"/>
      </symbol>
      <symbol id="sm-623">
         <name>Timer32_setCount</name>
         <value>0x1e61</value>
         <object_component_ref idref="oc-41c"/>
      </symbol>
      <symbol id="sm-624">
         <name>Timer32_getValue</name>
         <value>0x22c3</value>
         <object_component_ref idref="oc-254"/>
      </symbol>
      <symbol id="sm-625">
         <name>Timer32_initModule</name>
         <value>0x15a1</value>
         <object_component_ref idref="oc-410"/>
      </symbol>
      <symbol id="sm-626">
         <name>Timer32_clearInterruptFlag</name>
         <value>0x226d</value>
         <object_component_ref idref="oc-b6"/>
      </symbol>
      <symbol id="sm-632">
         <name>WDT_A_holdTimer</name>
         <value>0x2095</value>
         <object_component_ref idref="oc-1d3"/>
      </symbol>
      <symbol id="sm-63d">
         <name>__aeabi_lmul</name>
         <value>0x21d5</value>
         <object_component_ref idref="oc-25b"/>
      </symbol>
      <symbol id="sm-656">
         <name>__TI_zero_init_nomemset</name>
         <value>0x2293</value>
         <object_component_ref idref="oc-40"/>
      </symbol>
      <symbol id="sm-66d">
         <name>__TI_decompress_none</name>
         <value>0x22d1</value>
         <object_component_ref idref="oc-1a"/>
      </symbol>
      <symbol id="sm-690">
         <name>__TI_decompress_lzss</name>
         <value>0x1609</value>
         <object_component_ref idref="oc-14"/>
      </symbol>
      <symbol id="sm-6a3">
         <name>__stack</name>
         <value>0x2000fe00</value>
         <object_component_ref idref="oc-26"/>
      </symbol>
      <symbol id="sm-6a4">
         <name>_c_int00_noargs</name>
         <value>0x1dbd</value>
         <object_component_ref idref="oc-52"/>
      </symbol>
      <symbol id="sm-6af">
         <name>C$$EXIT</name>
         <value>0x23f7</value>
         <object_component_ref idref="oc-14d"/>
      </symbol>
      <symbol id="sm-6b0">
         <name>abort</name>
         <value>0x23f7</value>
         <object_component_ref idref="oc-14d"/>
      </symbol>
      <symbol id="sm-6ce">
         <name>memcpy</name>
         <value>0x12f1</value>
         <object_component_ref idref="oc-34"/>
      </symbol>
      <symbol id="sm-6cf">
         <name>__aeabi_memcpy</name>
         <value>0x12f1</value>
         <object_component_ref idref="oc-34"/>
      </symbol>
      <symbol id="sm-6d0">
         <name>__aeabi_memcpy8</name>
         <value>0x12f1</value>
         <object_component_ref idref="oc-34"/>
      </symbol>
      <symbol id="sm-6d1">
         <name>__aeabi_memcpy4</name>
         <value>0x12f1</value>
         <object_component_ref idref="oc-34"/>
      </symbol>
      <symbol id="sm-6f9">
         <name>__TI_auto_init_nobinit_nopinit</name>
         <value>0x1bc9</value>
         <object_component_ref idref="oc-159"/>
      </symbol>
      <symbol id="sm-703">
         <name>_system_pre_init</name>
         <value>0x23f3</value>
         <object_component_ref idref="oc-96"/>
      </symbol>
      <symbol id="sm-705">
         <name>__TI_static_base__</name>
         <value>0x0</value>
      </symbol>
      <symbol id="sm-708">
         <name>__mpu_init</name>
         <value>0x0</value>
      </symbol>
      <symbol id="sm-709">
         <name>_system_post_cinit</name>
         <value>0x0</value>
      </symbol>
      <symbol id="sm-70a">
         <name>NMI_Handler</name>
         <value>0x73b</value>
      </symbol>
      <symbol id="sm-70b">
         <name>HardFault_Handler</name>
         <value>0x73b</value>
      </symbol>
      <symbol id="sm-70c">
         <name>MemManage_Handler</name>
         <value>0x73b</value>
      </symbol>
      <symbol id="sm-70d">
         <name>BusFault_Handler</name>
         <value>0x73b</value>
      </symbol>
      <symbol id="sm-70e">
         <name>UsageFault_Handler</name>
         <value>0x73b</value>
      </symbol>
      <symbol id="sm-70f">
         <name>SVC_Handler</name>
         <value>0x73b</value>
      </symbol>
      <symbol id="sm-710">
         <name>DebugMon_Handler</name>
         <value>0x73b</value>
      </symbol>
      <symbol id="sm-711">
         <name>PendSV_Handler</name>
         <value>0x73b</value>
      </symbol>
      <symbol id="sm-712">
         <name>SysTick_Handler</name>
         <value>0x73b</value>
      </symbol>
      <symbol id="sm-713">
         <name>PSS_IRQHandler</name>
         <value>0x73b</value>
      </symbol>
      <symbol id="sm-714">
         <name>CS_IRQHandler</name>
         <value>0x73b</value>
      </symbol>
      <symbol id="sm-715">
         <name>PCM_IRQHandler</name>
         <value>0x73b</value>
      </symbol>
      <symbol id="sm-716">
         <name>WDT_A_IRQHandler</name>
         <value>0x73b</value>
      </symbol>
      <symbol id="sm-717">
         <name>FPU_IRQHandler</name>
         <value>0x73b</value>
      </symbol>
      <symbol id="sm-718">
         <name>FLCTL_IRQHandler</name>
         <value>0x73b</value>
      </symbol>
      <symbol id="sm-719">
         <name>COMP_E0_IRQHandler</name>
         <value>0x73b</value>
      </symbol>
      <symbol id="sm-71a">
         <name>COMP_E1_IRQHandler</name>
         <value>0x73b</value>
      </symbol>
      <symbol id="sm-71b">
         <name>TA0_0_IRQHandler</name>
         <value>0x73b</value>
      </symbol>
      <symbol id="sm-71c">
         <name>TA0_N_IRQHandler</name>
         <value>0x73b</value>
      </symbol>
      <symbol id="sm-71d">
         <name>TA1_0_IRQHandler</name>
         <value>0x73b</value>
      </symbol>
      <symbol id="sm-71e">
         <name>TA1_N_IRQHandler</name>
         <value>0x73b</value>
      </symbol>
      <symbol id="sm-71f">
         <name>TA2_0_IRQHandler</name>
         <value>0x73b</value>
      </symbol>
      <symbol id="sm-720">
         <name>TA2_N_IRQHandler</name>
         <value>0x73b</value>
      </symbol>
      <symbol id="sm-721">
         <name>TA3_0_IRQHandler</name>
         <value>0x73b</value>
      </symbol>
      <symbol id="sm-722">
         <name>TA3_N_IRQHandler</name>
         <value>0x73b</value>
      </symbol>
      <symbol id="sm-723">
         <name>EUSCIA0_IRQHandler</name>
         <value>0x73b</value>
      </symbol>
      <symbol id="sm-724">
         <name>EUSCIA1_IRQHandler</name>
         <value>0x73b</value>
      </symbol>
      <symbol id="sm-725">
         <name>EUSCIA2_IRQHandler</name>
         <value>0x73b</value>
      </symbol>
      <symbol id="sm-726">
         <name>EUSCIA3_IRQHandler</name>
         <value>0x73b</value>
      </symbol>
      <symbol id="sm-727">
         <name>EUSCIB0_IRQHandler</name>
         <value>0x73b</value>
      </symbol>
      <symbol id="sm-728">
         <name>EUSCIB1_IRQHandler</name>
         <value>0x73b</value>
      </symbol>
      <symbol id="sm-729">
         <name>EUSCIB2_IRQHandler</name>
         <value>0x73b</value>
      </symbol>
      <symbol id="sm-72a">
         <name>EUSCIB3_IRQHandler</name>
         <value>0x73b</value>
      </symbol>
      <symbol id="sm-72b">
         <name>ADC14_IRQHandler</name>
         <value>0x73b</value>
      </symbol>
      <symbol id="sm-72c">
         <name>T32_INT1_IRQHandler</name>
         <value>0x2151</value>
      </symbol>
      <symbol id="sm-72d">
         <name>T32_INT2_IRQHandler</name>
         <value>0x73b</value>
      </symbol>
      <symbol id="sm-72e">
         <name>T32_INTC_IRQHandler</name>
         <value>0x73b</value>
      </symbol>
      <symbol id="sm-72f">
         <name>AES256_IRQHandler</name>
         <value>0x73b</value>
      </symbol>
      <symbol id="sm-730">
         <name>RTC_C_IRQHandler</name>
         <value>0x73b</value>
      </symbol>
      <symbol id="sm-731">
         <name>DMA_ERR_IRQHandler</name>
         <value>0x73b</value>
      </symbol>
      <symbol id="sm-732">
         <name>DMA_INT3_IRQHandler</name>
         <value>0x73b</value>
      </symbol>
      <symbol id="sm-733">
         <name>DMA_INT2_IRQHandler</name>
         <value>0x73b</value>
      </symbol>
      <symbol id="sm-734">
         <name>DMA_INT1_IRQHandler</name>
         <value>0x73b</value>
      </symbol>
      <symbol id="sm-735">
         <name>DMA_INT0_IRQHandler</name>
         <value>0x73b</value>
      </symbol>
      <symbol id="sm-736">
         <name>PORT1_IRQHandler</name>
         <value>0x73b</value>
      </symbol>
      <symbol id="sm-737">
         <name>PORT2_IRQHandler</name>
         <value>0x73b</value>
      </symbol>
      <symbol id="sm-738">
         <name>PORT3_IRQHandler</name>
         <value>0x73b</value>
      </symbol>
      <symbol id="sm-739">
         <name>PORT4_IRQHandler</name>
         <value>0x73b</value>
      </symbol>
      <symbol id="sm-73a">
         <name>PORT5_IRQHandler</name>
         <value>0x73b</value>
      </symbol>
      <symbol id="sm-73b">
         <name>PORT6_IRQHandler</name>
         <value>0x73b</value>
      </symbol>
   </symbol_table>
   <title>Link successful</title>
</link_info>
